Archive member included because of file (symbol)

C:\Documents and Settings\nlv14991\My Documents\lpcxpresso_3.5\workspace\CMSISv1p30_LPC17xx\Debug\libCMSISv1p30_LPC17xx.a(system_LPC17xx.o)
                              ./cr_startup_lpc17.o (SystemInit)
C:\Documents and Settings\nlv14991\My Documents\lpcxpresso_3.5\workspace\FreeRTOS_Library\Debug\libFreeRTOS_Library.a(queue.o)
                              ./main.o (xQueueGenericReceive)
C:\Documents and Settings\nlv14991\My Documents\lpcxpresso_3.5\workspace\FreeRTOS_Library\Debug\libFreeRTOS_Library.a(tasks.o)
                              C:\Documents and Settings\nlv14991\My Documents\lpcxpresso_3.5\workspace\FreeRTOS_Library\Debug\libFreeRTOS_Library.a(queue.o) (vTaskSuspendAll)
C:\Documents and Settings\nlv14991\My Documents\lpcxpresso_3.5\workspace\FreeRTOS_Library\Debug\libFreeRTOS_Library.a(heap_2.o)
                              C:\Documents and Settings\nlv14991\My Documents\lpcxpresso_3.5\workspace\FreeRTOS_Library\Debug\libFreeRTOS_Library.a(queue.o) (vPortFree)
C:\Documents and Settings\nlv14991\My Documents\lpcxpresso_3.5\workspace\FreeRTOS_Library\Debug\libFreeRTOS_Library.a(port.o)
                              C:\Documents and Settings\nlv14991\My Documents\lpcxpresso_3.5\workspace\FreeRTOS_Library\Debug\libFreeRTOS_Library.a(tasks.o) (pxPortInitialiseStack)
C:\Documents and Settings\nlv14991\My Documents\lpcxpresso_3.5\workspace\FreeRTOS_Library\Debug\libFreeRTOS_Library.a(consoleprint.o)
                              ./main.o (consoleprint)
C:\Documents and Settings\nlv14991\My Documents\lpcxpresso_3.5\workspace\FreeRTOS_Library\Debug\libFreeRTOS_Library.a(list.o)
                              C:\Documents and Settings\nlv14991\My Documents\lpcxpresso_3.5\workspace\FreeRTOS_Library\Debug\libFreeRTOS_Library.a(queue.o) (vListInitialise)
c:/nxp/lpcxpresso_3.5/tools/bin/../lib/gcc/arm-none-eabi/4.3.3/../../../../arm-none-eabi/lib/thumb2\libcr_semihost.a(cr__write.o)
                              C:\Documents and Settings\nlv14991\My Documents\lpcxpresso_3.5\workspace\FreeRTOS_Library\Debug\libFreeRTOS_Library.a(consoleprint.o) (__write)
c:/nxp/lpcxpresso_3.5/tools/bin/../lib/gcc/arm-none-eabi/4.3.3/../../../../arm-none-eabi/lib/thumb2\libcr_c.a(fpprintf.o)
                              ./main.o (sprintf)
c:/nxp/lpcxpresso_3.5/tools/bin/../lib/gcc/arm-none-eabi/4.3.3/../../../../arm-none-eabi/lib/thumb2\libcr_c.a(memcmp.o)
                              C:\Documents and Settings\nlv14991\My Documents\lpcxpresso_3.5\workspace\FreeRTOS_Library\Debug\libFreeRTOS_Library.a(tasks.o) (memcmp)
c:/nxp/lpcxpresso_3.5/tools/bin/../lib/gcc/arm-none-eabi/4.3.3/../../../../arm-none-eabi/lib/thumb2\libcr_c.a(memcpy.o)
                              C:\Documents and Settings\nlv14991\My Documents\lpcxpresso_3.5\workspace\FreeRTOS_Library\Debug\libFreeRTOS_Library.a(queue.o) (memcpy)
c:/nxp/lpcxpresso_3.5/tools/bin/../lib/gcc/arm-none-eabi/4.3.3/../../../../arm-none-eabi/lib/thumb2\libcr_c.a(memset.o)
                              C:\Documents and Settings\nlv14991\My Documents\lpcxpresso_3.5\workspace\FreeRTOS_Library\Debug\libFreeRTOS_Library.a(tasks.o) (memset)
c:/nxp/lpcxpresso_3.5/tools/bin/../lib/gcc/arm-none-eabi/4.3.3/../../../../arm-none-eabi/lib/thumb2\libcr_c.a(printf.o)
                              c:/nxp/lpcxpresso_3.5/tools/bin/../lib/gcc/arm-none-eabi/4.3.3/../../../../arm-none-eabi/lib/thumb2\libcr_c.a(fpprintf.o) (__vfprintf)
c:/nxp/lpcxpresso_3.5/tools/bin/../lib/gcc/arm-none-eabi/4.3.3/../../../../arm-none-eabi/lib/thumb2\libcr_c.a(stdio.o)
                              c:/nxp/lpcxpresso_3.5/tools/bin/../lib/gcc/arm-none-eabi/4.3.3/../../../../arm-none-eabi/lib/thumb2\libcr_c.a(fpprintf.o) (__Ciob)
c:/nxp/lpcxpresso_3.5/tools/bin/../lib/gcc/arm-none-eabi/4.3.3/../../../../arm-none-eabi/lib/thumb2\libcr_c.a(stdlib.o)
                              ./main.o (rand)
c:/nxp/lpcxpresso_3.5/tools/bin/../lib/gcc/arm-none-eabi/4.3.3/../../../../arm-none-eabi/lib/thumb2\libcr_c.a(strcpy.o)
                              c:/nxp/lpcxpresso_3.5/tools/bin/../lib/gcc/arm-none-eabi/4.3.3/../../../../arm-none-eabi/lib/thumb2\libcr_c.a(fpprintf.o) (strcpy)
c:/nxp/lpcxpresso_3.5/tools/bin/../lib/gcc/arm-none-eabi/4.3.3/../../../../arm-none-eabi/lib/thumb2\libcr_c.a(strlen.o)
                              C:\Documents and Settings\nlv14991\My Documents\lpcxpresso_3.5\workspace\FreeRTOS_Library\Debug\libFreeRTOS_Library.a(consoleprint.o) (strlen)
c:/nxp/lpcxpresso_3.5/tools/bin/../lib/gcc/arm-none-eabi/4.3.3/../../../../arm-none-eabi/lib/thumb2\libcr_c.a(strncpy.o)
                              C:\Documents and Settings\nlv14991\My Documents\lpcxpresso_3.5\workspace\FreeRTOS_Library\Debug\libFreeRTOS_Library.a(tasks.o) (strncpy)
c:/nxp/lpcxpresso_3.5/tools/bin/../lib/gcc/arm-none-eabi/4.3.3/../../../../arm-none-eabi/lib/thumb2\libcr_c.a(__fillbuf.o)
[...]
Memory Configuration

Name             Origin             Length             Attributes
MFlash512        0x00000000         0x00080000         xr
RamLoc32         0x10000000         0x00008000         xrw
RamAHB32         0x2007c000         0x00008000         xrw
CANAccFilterRAM  0x40038000         0x00000800         xrw
*default*        0x00000000         0xffffffff

Linker script and memory map

LOAD ./cr_startup_lpc17.o
LOAD ./main.o
LOAD C:\Documents and Settings\nlv14991\My Documents\lpcxpresso_3.5\workspace\CMSISv1p30_LPC17xx\Debug\libCMSISv1p30_LPC17xx.a
LOAD C:\Documents and Settings\nlv14991\My Documents\lpcxpresso_3.5\workspace\FreeRTOS_Library\Debug\libFreeRTOS_Library.a
START GROUP
LOAD c:/nxp/lpcxpresso_3.5/tools/bin/../lib/gcc/arm-none-eabi/4.3.3/../../../../arm-none-eabi/lib/thumb2\libcr_semihost.a
LOAD c:/nxp/lpcxpresso_3.5/tools/bin/../lib/gcc/arm-none-eabi/4.3.3/../../../../arm-none-eabi/lib/thumb2\libcr_c.a
LOAD c:/nxp/lpcxpresso_3.5/tools/bin/../lib/gcc/arm-none-eabi/4.3.3/thumb2\libcr_eabihelpers.a
END GROUP
                0x00080000                __top_MFlash512 = 0x80000
                0x10008000                __top_RamLoc32 = 0x10008000
                0x20084000                __top_RamAHB32 = 0x20084000
                0x40038800                __top_CANAccFilterRAM = 0x40038800

.text           0x00000000     0x5644
 *(.isr_vector)
 .isr_vector    0x00000000       0xc4 ./cr_startup_lpc17.o
                0x00000000                g_pfnVectors
 *(.text*)
 .text.Reset_Handler
                0x000000c4       0x78 ./cr_startup_lpc17.o
                0x000000c4                Reset_Handler
                0x000000c4                ResetISR
 .text.NMI_Handler
                0x0000013c        0x8 ./cr_startup_lpc17.o
                0x0000013c                NMI_Handler
 .text.HardFault_Handler
                0x00000144        0x8 ./cr_startup_lpc17.o
                0x00000144                HardFault_Handler
 .text.MemManage_Handler
                0x0000014c        0x8 ./cr_startup_lpc17.o
                0x0000014c                MemManage_Handler
 .text.BusFault_Handler
                0x00000154        0x8 ./cr_startup_lpc17.o
                0x00000154                BusFault_Handler
 .text.UsageFault_Handler
                0x0000015c        0x8 ./cr_startup_lpc17.o
                0x0000015c                UsageFault_Handler
 .text.DebugMon_Handler
                0x00000164        0x8 ./cr_startup_lpc17.o
                0x00000164                DebugMon_Handler
 .text.IntDefaultHandler
                0x0000016c        0x8 ./cr_startup_lpc17.o
                0x0000016c                TIMER2_IRQHandler
                0x0000016c                RIT_IRQHandler
                0x0000016c                I2C0_IRQHandler
                0x0000016c                PWM1_IRQHandler
                0x0000016c                I2C1_IRQHandler
                0x0000016c                EINT2_IRQHandler
                0x0000016c                UART1_IRQHandler
                0x0000016c                EINT3_IRQHandler
                0x0000016c                TIMER3_IRQHandler
                0x0000016c                UART0_IRQHandler
                0x0000016c                PLL0_IRQHandler
                0x0000016c                CAN_IRQHandler
                0x0000016c                PLL1_IRQHandler
                0x0000016c                SSP0_IRQHandler
                0x0000016c                I2S_IRQHandler
                0x0000016c                I2C2_IRQHandler
                0x0000016c                RTC_IRQHandler
                0x0000016c                TIMER0_IRQHandler
                0x0000016c                SPI_IRQHandler
                0x0000016c                EINT1_IRQHandler
                0x0000016c                TIMER1_IRQHandler
                0x0000016c                UART2_IRQHandler
                0x0000016c                ADC_IRQHandler
                0x0000016c                SSP1_IRQHandler
                0x0000016c                USB_IRQHandler
                0x0000016c                BOD_IRQHandler
                0x0000016c                WDT_IRQHandler
                0x0000016c                QEI_IRQHandler
                0x0000016c                EINT0_IRQHandler
                0x0000016c                DMA_IRQHandler
                0x0000016c                UART3_IRQHandler
                0x0000016c                MCPWM_IRQHandler
                0x0000016c                ENET_IRQHandler
 .text.main     0x00000174       0xa4 ./main.o
                0x00000174                main
 .text.prvNewPrintString
                0x00000218       0x6c ./main.o
 .text.prvPrintTask
                0x00000284       0x28 ./main.o
 .text.vApplicationMallocFailedHook
                0x000002ac        0x8 ./main.o
                0x000002ac                vApplicationMallocFailedHook
 .text.vApplicationStackOverflowHook
                0x000002b4        0xc ./main.o
                0x000002b4                vApplicationStackOverflowHook
 .text.vApplicationIdleHook
                0x000002c0        0xc ./main.o
                0x000002c0                vApplicationIdleHook
 .text.vApplicationTickHook
                0x000002cc        0xc ./main.o
                0x000002cc                vApplicationTickHook
 .text.SystemInit
                0x000002d8      0x214 C:\Documents and Settings\nlv14991\My Documents\lpcxpresso_3.5\workspace\CMSISv1p30_LPC17xx\Debug\libCMSISv1p30_LPC17xx.a(system_LPC17xx.o)
                0x000002d8                SystemInit
 .text          0x000004ec      0x4e8 C:\Documents and Settings\nlv14991\My Documents\lpcxpresso_3.5\workspace\FreeRTOS_Library\Debug\libFreeRTOS_Library.a(queue.o)
                0x000007b4                xQueueGenericSendFromISR
                0x00000948                xQueueCreate
                0x0000050c                vQueueDelete
                0x00000810                xQueueGenericSend
                0x0000055c                xQueueReceiveFromISR
                0x000009bc                xQueueCreateCountingSemaphore
                0x000004fc                xQueueIsQueueFullFromISR
                0x00000520                uxQueueMessagesWaiting
                0x00000630                xQueueGenericReceive
                0x000004ec                uxQueueMessagesWaitingFromISR
                0x000004f0                xQueueIsQueueEmptyFromISR
                0x000008fc                xQueueCreateMutex
 .text          0x000009d4      0xc34 C:\Documents and Settings\nlv14991\My Documents\lpcxpresso_3.5\workspace\FreeRTOS_Library\Debug\libFreeRTOS_Library.a(tasks.o)
                0x00000cbc                uxTaskPriorityGet
                0x00001120                vTaskPrioritySet
                0x0000134c                vTaskEndScheduler
                0x00000ce0                vTaskPlaceOnEventList
                0x000013d4                xTaskGenericCreate
                0x000009d4                xTaskIsTaskSuspended
                0x00000bb4                xTaskResumeFromISR
                0x00000ca4                xTaskGetTickCount
                0x00000b30                xTaskRemoveFromEventList
                0x000012d0                vTaskDelete
                0x00000c30                xTaskCheckForTimeOut
                0x00000a00                vTaskSuspendAll
                0x00000a50                vTaskPriorityDisinherit
                0x00000aa4                vTaskPriorityInherit
                0x0000104c                vTaskResume
                0x00000d5c                vTaskSwitchContext
                0x000010c4                vTaskSuspend
                0x00000a14                uxTaskGetNumberOfTasks
                0x00000e4c                vTaskIncrementTick
                0x0000122c                vTaskDelayUntil
                0x00000a44                xTaskGetCurrentTaskHandle
                0x00000f54                xTaskResumeAll
                0x000015b4                vTaskStartScheduler
                0x00000a34                vTaskMissedYield
                0x000011d0                vTaskDelay
                0x00000a20                vTaskSetTimeOutState
 .text          0x00001608      0x140 C:\Documents and Settings\nlv14991\My Documents\lpcxpresso_3.5\workspace\FreeRTOS_Library\Debug\libFreeRTOS_Library.a(heap_2.o)
                0x00001608                xPortGetFreeHeapSize
                0x00001618                vPortFree
                0x00001654                pvPortMalloc
                0x00001614                vPortInitialiseBlocks
 .text          0x00001748      0x154 C:\Documents and Settings\nlv14991\My Documents\lpcxpresso_3.5\workspace\FreeRTOS_Library\Debug\libFreeRTOS_Library.a(port.o)
                0x000017c8                vPortExitCritical
                0x00001820                xPortStartScheduler
                0x00001870                xPortSysTickHandler
                0x000017e4                xPortPendSVHandler
                0x00001798                vPortEndScheduler
                0x0000178c                vPortStartFirstTask
                0x0000176c                vPortSVCHandler
                0x0000179c                vPortYieldFromISR
                0x00001748                pxPortInitialiseStack
                0x000017ac                vPortEnterCritical
 .text          0x0000189c       0x18 C:\Documents and Settings\nlv14991\My Documents\lpcxpresso_3.5\workspace\FreeRTOS_Library\Debug\libFreeRTOS_Library.a(consoleprint.o)
                0x0000189c                consoleprint
 .text          0x000018b4       0xa8 C:\Documents and Settings\nlv14991\My Documents\lpcxpresso_3.5\workspace\FreeRTOS_Library\Debug\libFreeRTOS_Library.a(list.o)
                0x000018d4                vListInsertEnd
                0x00001934                vListRemove
                0x000018cc                vListInitialiseItem
                0x000018b4                vListInitialise
                0x000018f4                vListInsert
 .text          0x0000195c       0x20 c:/nxp/lpcxpresso_3.5/tools/bin/../lib/gcc/arm-none-eabi/4.3.3/../../../../arm-none-eabi/lib/thumb2\libcr_semihost.a(cr__write.o)
                0x0000195c                __write
 .text.fp_round
                0x0000197c       0x68 c:/nxp/lpcxpresso_3.5/tools/bin/../lib/gcc/arm-none-eabi/4.3.3/../../../../arm-none-eabi/lib/thumb2\libcr_c.a(fpprintf.o)
 .text.sprintf  0x000019e4       0x70 c:/nxp/lpcxpresso_3.5/tools/bin/../lib/gcc/arm-none-eabi/4.3.3/../../../../arm-none-eabi/lib/thumb2\libcr_c.a(fpprintf.o)
                0x000019e4                sprintf
 *fill*         0x00001a54        0x4 00
 .text.fp_display
                0x00001a58      0xc68 c:/nxp/lpcxpresso_3.5/tools/bin/../lib/gcc/arm-none-eabi/4.3.3/../../../../arm-none-eabi/lib/thumb2\libcr_c.a(fpprintf.o)
 .text.memcmp   0x000026c0       0x4c c:/nxp/lpcxpresso_3.5/tools/bin/../lib/gcc/arm-none-eabi/4.3.3/../../../../arm-none-eabi/lib/thumb2\libcr_c.a(memcmp.o)
                0x000026c0                memcmp
 .text.memcpy   0x0000270c       0x3c c:/nxp/lpcxpresso_3.5/tools/bin/../lib/gcc/arm-none-eabi/4.3.3/../../../../arm-none-eabi/lib/thumb2\libcr_c.a(memcpy.o)
                0x0000270c                memcpy
 .text.memset   0x00002748       0x50 c:/nxp/lpcxpresso_3.5/tools/bin/../lib/gcc/arm-none-eabi/4.3.3/../../../../arm-none-eabi/lib/thumb2\libcr_c.a(memset.o)
                0x00002748                memset
 .text.__vfprintf
                0x00002798     0x10fc c:/nxp/lpcxpresso_3.5/tools/bin/../lib/gcc/arm-none-eabi/4.3.3/../../../../arm-none-eabi/lib/thumb2\libcr_c.a(printf.o)
                0x00002798                __vfprintf
 .text.rand     0x00003894       0x48 c:/nxp/lpcxpresso_3.5/tools/bin/../lib/gcc/arm-none-eabi/4.3.3/../../../../arm-none-eabi/lib/thumb2\libcr_c.a(stdlib.o)
                0x00003894                rand
 .text.srand    0x000038dc       0x4c c:/nxp/lpcxpresso_3.5/tools/bin/../lib/gcc/arm-none-eabi/4.3.3/../../../../arm-none-eabi/lib/thumb2\libcr_c.a(stdlib.o)
                0x000038dc                srand
 .text._exit_init
                0x00003928       0x10 c:/nxp/lpcxpresso_3.5/tools/bin/../lib/gcc/arm-none-eabi/4.3.3/../../../../arm-none-eabi/lib/thumb2\libcr_c.a(stdlib.o)
                0x00003928                _exit_init
 .text.exit     0x00003938       0x38 c:/nxp/lpcxpresso_3.5/tools/bin/../lib/gcc/arm-none-eabi/4.3.3/../../../../arm-none-eabi/lib/thumb2\libcr_c.a(stdlib.o)
                0x00003938                exit
 .text.strcpy   0x00003970       0x60 c:/nxp/lpcxpresso_3.5/tools/bin/../lib/gcc/arm-none-eabi/4.3.3/../../../../arm-none-eabi/lib/thumb2\libcr_c.a(strcpy.o)
                0x00003970                strcpy
 .text.strlen   0x000039d0       0x58 c:/nxp/lpcxpresso_3.5/tools/bin/../lib/gcc/arm-none-eabi/4.3.3/../../../../arm-none-eabi/lib/thumb2\libcr_c.a(strlen.o)
                0x000039d0                strlen
 .text.strncpy  0x00003a28       0x78 c:/nxp/lpcxpresso_3.5/tools/bin/../lib/gcc/arm-none-eabi/4.3.3/../../../../arm-none-eabi/lib/thumb2\libcr_c.a(strncpy.o)
                0x00003a28                strncpy
 .text._deferredlazyseek
                0x00003aa0       0x44 c:/nxp/lpcxpresso_3.5/tools/bin/../lib/gcc/arm-none-eabi/4.3.3/../../../../arm-none-eabi/lib/thumb2\libcr_c.a(_deferredlazyseek.o)
                0x00003aa0                _deferredlazyseek
 .text.__flsbuf
                0x00003ae4      0x19c c:/nxp/lpcxpresso_3.5/tools/bin/../lib/gcc/arm-none-eabi/4.3.3/../../../../arm-none-eabi/lib/thumb2\libcr_c.a(_deferredlazyseek.o)
                0x00003ae4                __flsbuf
 .text._fflush  0x00003c80       0x60 c:/nxp/lpcxpresso_3.5/tools/bin/../lib/gcc/arm-none-eabi/4.3.3/../../../../arm-none-eabi/lib/thumb2\libcr_c.a(_fflush.o)
                0x00003c80                _fflush
 .text._frexpl  0x00003ce0       0x54 c:/nxp/lpcxpresso_3.5/tools/bin/../lib/gcc/arm-none-eabi/4.3.3/../../../../arm-none-eabi/lib/thumb2\libcr_c.a(_frexpl.o)
                0x00003ce0                _frexpl
 .text._ldexpl  0x00003d34       0x50 c:/nxp/lpcxpresso_3.5/tools/bin/../lib/gcc/arm-none-eabi/4.3.3/../../../../arm-none-eabi/lib/thumb2\libcr_c.a(_ldexpl.o)
                0x00003d34                _ldexpl
 .text._Cwritebuf
                0x00003d84       0xa0 c:/nxp/lpcxpresso_3.5/tools/bin/../lib/gcc/arm-none-eabi/4.3.3/../../../../arm-none-eabi/lib/thumb2\libcr_c.a(_writebuf.o)
                0x00003d84                _Cwritebuf
 .text.free     0x00003e24        0xc c:/nxp/lpcxpresso_3.5/tools/bin/../lib/gcc/arm-none-eabi/4.3.3/../../../../arm-none-eabi/lib/thumb2\libcr_c.a(alloc.o)
                0x00003e24                free
 .text.malloc   0x00003e30       0xe8 c:/nxp/lpcxpresso_3.5/tools/bin/../lib/gcc/arm-none-eabi/4.3.3/../../../../arm-none-eabi/lib/thumb2\libcr_c.a(alloc.o)
                0x00003e30                malloc
 .text._Csys_alloc
                0x00003f18       0x30 c:/nxp/lpcxpresso_3.5/tools/bin/../lib/gcc/arm-none-eabi/4.3.3/../../../../arm-none-eabi/lib/thumb2\libcr_c.a(alloc.o)
                0x00003f18                _Csys_alloc
 .text.calloc   0x00003f48       0x68 c:/nxp/lpcxpresso_3.5/tools/bin/../lib/gcc/arm-none-eabi/4.3.3/../../../../arm-none-eabi/lib/thumb2\libcr_c.a(alloc.o)
                0x00003f48                calloc
 .text          0x00003fb0      0x36c c:/nxp/lpcxpresso_3.5/tools/bin/../lib/gcc/arm-none-eabi/4.3.3/../../../../arm-none-eabi/lib/thumb2\libcr_c.a(ctype.o)
                0x00003fb0                _start_module_ctype
                0x00004084                islower
                0x00004174                tolower
                0x000040d4                ispunct
                0x000040fc                isspace
                0x00004310                _end_module_ctype
                0x0000414c                isxdigit
                0x0000428c                _ctype_init
                0x00004124                isupper
                0x00003fe4                isalpha
                0x0000405c                isgraph
                0x00003fbc                isalnum
                0x000040ac                isprint
                0x000041ec                _set_ctype_8859
                0x00004034                isdigit
                0x0000400c                iscntrl
                0x000041b0                toupper
 .text._Csysdie
                0x0000431c       0x3c c:/nxp/lpcxpresso_3.5/tools/bin/../lib/gcc/arm-none-eabi/4.3.3/../../../../arm-none-eabi/lib/thumb2\libcr_c.a(error.o)
                0x0000431c                _Csysdie
 .text.fseek    0x00004358      0x110 c:/nxp/lpcxpresso_3.5/tools/bin/../lib/gcc/arm-none-eabi/4.3.3/../../../../arm-none-eabi/lib/thumb2\libcr_c.a(fseek.o)
                0x00004358                fseek
 .text.ftell    0x00004468       0x54 c:/nxp/lpcxpresso_3.5/tools/bin/../lib/gcc/arm-none-eabi/4.3.3/../../../../arm-none-eabi/lib/thumb2\libcr_c.a(ftell.o)
                0x00004468                ftell
 .text._terminateio
                0x000044bc       0x44 c:/nxp/lpcxpresso_3.5/tools/bin/../lib/gcc/arm-none-eabi/4.3.3/../../../../arm-none-eabi/lib/thumb2\libcr_c.a(initio.o)
                0x000044bc                _terminateio
 .text._initio  0x00004500       0xc0 c:/nxp/lpcxpresso_3.5/tools/bin/../lib/gcc/arm-none-eabi/4.3.3/../../../../arm-none-eabi/lib/thumb2\libcr_c.a(initio.o)
                0x00004500                _initio
 .text.setvbuf  0x000045c0       0x50 c:/nxp/lpcxpresso_3.5/tools/bin/../lib/gcc/arm-none-eabi/4.3.3/../../../../arm-none-eabi/lib/thumb2\libcr_c.a(setvbuf.o)
                0x000045c0                setvbuf
 .text._init_alloc
                0x00004610       0x18 c:/nxp/lpcxpresso_3.5/tools/bin/../lib/gcc/arm-none-eabi/4.3.3/../../../../arm-none-eabi/lib/thumb2\libcr_c.a(__init_alloc.o)
                0x00004610                _init_alloc
 .text._fdopen  0x00004628       0x70 c:/nxp/lpcxpresso_3.5/tools/bin/../lib/gcc/arm-none-eabi/4.3.3/../../../../arm-none-eabi/lib/thumb2\libcr_c.a(_fdopen.o)
                0x00004628                _fdopen
 .text.fclose   0x00004698       0x80 c:/nxp/lpcxpresso_3.5/tools/bin/../lib/gcc/arm-none-eabi/4.3.3/../../../../arm-none-eabi/lib/thumb2\libcr_c.a(fclose.o)
                0x00004698                fclose
 .text.fflush   0x00004718       0x34 c:/nxp/lpcxpresso_3.5/tools/bin/../lib/gcc/arm-none-eabi/4.3.3/../../../../arm-none-eabi/lib/thumb2\libcr_c.a(fflush.o)
                0x00004718                fflush
 .text.remove   0x0000474c        0xc c:/nxp/lpcxpresso_3.5/tools/bin/../lib/gcc/arm-none-eabi/4.3.3/../../../../arm-none-eabi/lib/thumb2\libcr_c.a(remove.o)
                0x0000474c                remove
 .text._do_fflush
                0x00004758       0x48 c:/nxp/lpcxpresso_3.5/tools/bin/../lib/gcc/arm-none-eabi/4.3.3/../../../../arm-none-eabi/lib/thumb2\libcr_c.a(_do_fflush.o)
                0x00004758                _do_fflush
 .text.__aeabi_dmul
                0x000047a0      0x178 c:/nxp/lpcxpresso_3.5/tools/bin/../lib/gcc/arm-none-eabi/4.3.3/thumb2\libcr_eabihelpers.a(double.o)
                0x000047a0                __aeabi_dmul
 .text.__aeabi_ddiv
                0x00004918      0x20c c:/nxp/lpcxpresso_3.5/tools/bin/../lib/gcc/arm-none-eabi/4.3.3/thumb2\libcr_eabihelpers.a(double.o)
                0x00004918                __aeabi_ddiv
 .text.__aeabi_dsub
                0x00004b24      0x230 c:/nxp/lpcxpresso_3.5/tools/bin/../lib/gcc/arm-none-eabi/4.3.3/thumb2\libcr_eabihelpers.a(double.o)
                0x00004b24                __aeabi_dsub
 .text.__aeabi_dadd
                0x00004d54      0x160 c:/nxp/lpcxpresso_3.5/tools/bin/../lib/gcc/arm-none-eabi/4.3.3/thumb2\libcr_eabihelpers.a(double.o)
                0x00004d54                __aeabi_dadd
 .text.__aeabi_d2iz
                0x00004eb4       0x50 c:/nxp/lpcxpresso_3.5/tools/bin/../lib/gcc/arm-none-eabi/4.3.3/thumb2\libcr_eabihelpers.a(double.o)
                0x00004eb4                __aeabi_d2iz
 .text.__aeabi_dcmpeq
                0x00004f04       0x4c c:/nxp/lpcxpresso_3.5/tools/bin/../lib/gcc/arm-none-eabi/4.3.3/thumb2\libcr_eabihelpers.a(double.o)
                0x00004f04                __aeabi_dcmpeq
 .text.__aeabi_dcmplt
                0x00004f50       0x74 c:/nxp/lpcxpresso_3.5/tools/bin/../lib/gcc/arm-none-eabi/4.3.3/thumb2\libcr_eabihelpers.a(double.o)
                0x00004f50                __aeabi_dcmplt
 .text.__aeabi_dcmple
                0x00004fc4       0x7c c:/nxp/lpcxpresso_3.5/tools/bin/../lib/gcc/arm-none-eabi/4.3.3/thumb2\libcr_eabihelpers.a(double.o)
                0x00004fc4                __aeabi_dcmple
 .text.__aeabi_dcmpge
                0x00005040       0x80 c:/nxp/lpcxpresso_3.5/tools/bin/../lib/gcc/arm-none-eabi/4.3.3/thumb2\libcr_eabihelpers.a(double.o)
                0x00005040                __aeabi_dcmpge
 .text.__aeabi_i2d
                0x000050c0       0x50 c:/nxp/lpcxpresso_3.5/tools/bin/../lib/gcc/arm-none-eabi/4.3.3/thumb2\libcr_eabihelpers.a(double.o)
                0x000050c0                __aeabi_i2d
 .text          0x00005110       0x54 c:/nxp/lpcxpresso_3.5/tools/bin/../lib/gcc/arm-none-eabi/4.3.3/../../../../arm-none-eabi/lib/thumb2\libcr_semihost.a(_cr__main.o)
                0x00005110                __main
 .text          0x00005164       0x24 c:/nxp/lpcxpresso_3.5/tools/bin/../lib/gcc/arm-none-eabi/4.3.3/../../../../arm-none-eabi/lib/thumb2\libcr_semihost.a(_cr_sbrk.o)
                0x00005164                _sbrk
 .text          0x00005188      0x13c c:/nxp/lpcxpresso_3.5/tools/bin/../lib/gcc/arm-none-eabi/4.3.3/../../../../arm-none-eabi/lib/thumb2\libcr_semihost.a(cr_sys.o)
                0x000051ec                _Csys_read_
                0x00005254                _Csyscall2
                0x00005188                _Csyscall0
                0x000051ac                _Csys_tmpnam_
                0x000051a4                _Csys_open
                0x0000520c                _Csyscall3
                0x00005274                _Csyscall1
 .text          0x000052c4       0x14 c:/nxp/lpcxpresso_3.5/tools/bin/../lib/gcc/arm-none-eabi/4.3.3/../../../../arm-none-eabi/lib/thumb2\libcr_semihost.a(cr__close.o)
                0x000052c4                __close
 .text          0x000052d8       0x10 c:/nxp/lpcxpresso_3.5/tools/bin/../lib/gcc/arm-none-eabi/4.3.3/../../../../arm-none-eabi/lib/thumb2\libcr_semihost.a(cr__exit.o)
                0x000052d8                __exit
 .text          0x000052e8       0x24 c:/nxp/lpcxpresso_3.5/tools/bin/../lib/gcc/arm-none-eabi/4.3.3/../../../../arm-none-eabi/lib/thumb2\libcr_semihost.a(cr__open.o)
                0x000052e8                __open
 .text          0x0000530c       0x24 c:/nxp/lpcxpresso_3.5/tools/bin/../lib/gcc/arm-none-eabi/4.3.3/../../../../arm-none-eabi/lib/thumb2\libcr_semihost.a(cr__read.o)
                0x0000530c                __read
 .text          0x00005330       0x10 c:/nxp/lpcxpresso_3.5/tools/bin/../lib/gcc/arm-none-eabi/4.3.3/../../../../arm-none-eabi/lib/thumb2\libcr_semihost.a(cr__readc.o)
                0x00005330                __readc
 .text          0x00005340       0x20 c:/nxp/lpcxpresso_3.5/tools/bin/../lib/gcc/arm-none-eabi/4.3.3/../../../../arm-none-eabi/lib/thumb2\libcr_semihost.a(cr__unlink.o)
                0x00005340                __unlink
 .text          0x00005360       0x40 c:/nxp/lpcxpresso_3.5/tools/bin/../lib/gcc/arm-none-eabi/4.3.3/../../../../arm-none-eabi/lib/thumb2\libcr_semihost.a(cr_stubs.o)
                0x00005384                _stub_istty
                0x00005378                _stub_clock
                0x00005360                _stub_read
                0x0000536c                _stub_tmpnam
                0x00005392                _stub_seek
                0x0000537e                _stub_time
 *(.rodata*)
 .rodata        0x000053a0       0x7c ./main.o
 .rodata        0x0000541c       0x14 C:\Documents and Settings\nlv14991\My Documents\lpcxpresso_3.5\workspace\FreeRTOS_Library\Debug\libFreeRTOS_Library.a(tasks.o)
 .rodata.str1.4
                0x00005430        0x5 C:\Documents and Settings\nlv14991\My Documents\lpcxpresso_3.5\workspace\FreeRTOS_Library\Debug\libFreeRTOS_Library.a(tasks.o)
                                  0x8 (size before relaxing)
 *fill*         0x00005435        0x3 00
 .rodata.str1.4
                0x00005438       0x43 c:/nxp/lpcxpresso_3.5/tools/bin/../lib/gcc/arm-none-eabi/4.3.3/../../../../arm-none-eabi/lib/thumb2\libcr_c.a(fpprintf.o)
                                 0x48 (size before relaxing)
 *fill*         0x0000547b        0x1 00
 .rodata.str1.4
                0x0000547c       0x3a c:/nxp/lpcxpresso_3.5/tools/bin/../lib/gcc/arm-none-eabi/4.3.3/../../../../arm-none-eabi/lib/thumb2\libcr_c.a(printf.o)
                                 0x4c (size before relaxing)
 *fill*         0x000054b6        0x2 00
 .rodata.str1.4
                0x000054b8       0x63 c:/nxp/lpcxpresso_3.5/tools/bin/../lib/gcc/arm-none-eabi/4.3.3/../../../../arm-none-eabi/lib/thumb2\libcr_c.a(alloc.o)
                                 0x64 (size before relaxing)
 *fill*         0x0000551b        0x1 00
 .rodata.str1.4
                0x0000551c      0x109 c:/nxp/lpcxpresso_3.5/tools/bin/../lib/gcc/arm-none-eabi/4.3.3/../../../../arm-none-eabi/lib/thumb2\libcr_c.a(error.o)
                                0x110 (size before relaxing)
 *fill*         0x00005625        0x3 00
 .rodata.str1.4
                0x00005628        0x8 c:/nxp/lpcxpresso_3.5/tools/bin/../lib/gcc/arm-none-eabi/4.3.3/../../../../arm-none-eabi/lib/thumb2\libcr_c.a(initio.o)
 .rodata.__huge_vall
                0x00005630        0x8 c:/nxp/lpcxpresso_3.5/tools/bin/../lib/gcc/arm-none-eabi/4.3.3/../../../../arm-none-eabi/lib/thumb2\libcr_c.a(_hugeval.o)
                0x00005630                __huge_vall
 .rodata.str1.1
                0x00005638        0xc c:/nxp/lpcxpresso_3.5/tools/bin/../lib/gcc/arm-none-eabi/4.3.3/../../../../arm-none-eabi/lib/thumb2\libcr_semihost.a(cr_sys.o)

.glue_7         0x00005644        0x0
 .glue_7        0x00000000        0x0 linker stubs

.glue_7t        0x00005644        0x0
 .glue_7t       0x00000000        0x0 linker stubs

.vfp11_veneer   0x00005644        0x0
 .vfp11_veneer  0x00000000        0x0 linker stubs

.v4_bx          0x00005644        0x0
 .v4_bx         0x00000000        0x0 linker stubs

.ARM.extab
 *(.ARM.extab* .gnu.linkonce.armextab.*)
                0x00005644                __exidx_start = .

.ARM.exidx
 *(.ARM.exidx* .gnu.linkonce.armexidx.*)
                0x00005644                __exidx_end = .
                0x00005644                _etext = .

.data           0x10000000      0x2ec load address 0x00005644
                0x10000000                _data = .
 *(vtable)
 *(.data*)
 .data          0x10000000        0x4 C:\Documents and Settings\nlv14991\My Documents\lpcxpresso_3.5\workspace\FreeRTOS_Library\Debug\libFreeRTOS_Library.a(port.o)
 .data._random_number_seed
                0x10000004       0xdc c:/nxp/lpcxpresso_3.5/tools/bin/../lib/gcc/arm-none-eabi/4.3.3/../../../../arm-none-eabi/lib/thumb2\libcr_c.a(stdlib.o)
 .data._random_j
                0x100000e0        0x4 c:/nxp/lpcxpresso_3.5/tools/bin/../lib/gcc/arm-none-eabi/4.3.3/../../../../arm-none-eabi/lib/thumb2\libcr_c.a(stdlib.o)
 .data._random_k
                0x100000e4        0x4 c:/nxp/lpcxpresso_3.5/tools/bin/../lib/gcc/arm-none-eabi/4.3.3/../../../../arm-none-eabi/lib/thumb2\libcr_c.a(stdlib.o)
 .data          0x100000e8      0x204 c:/nxp/lpcxpresso_3.5/tools/bin/../lib/gcc/arm-none-eabi/4.3.3/../../../../arm-none-eabi/lib/thumb2\libcr_c.a(ctype.o)
                0x100000e8                __ctype
                0x100002ec                _edata = .

.bss            0x100002f0     0x2cc8 load address 0x00005930
                0x100002f0                _bss = .
 *(.bss*)
 .bss           0x100002f0       0x50 ./main.o
 .bss           0x10000340      0x100 C:\Documents and Settings\nlv14991\My Documents\lpcxpresso_3.5\workspace\FreeRTOS_Library\Debug\libFreeRTOS_Library.a(tasks.o)
                0x1000037c                pxCurrentTCB
 .bss           0x10000440     0x2818 C:\Documents and Settings\nlv14991\My Documents\lpcxpresso_3.5\workspace\FreeRTOS_Library\Debug\libFreeRTOS_Library.a(heap_2.o)
 .bss.sys_message
                0x10002c58       0x3c c:/nxp/lpcxpresso_3.5/tools/bin/../lib/gcc/arm-none-eabi/4.3.3/../../../../arm-none-eabi/lib/thumb2\libcr_c.a(alloc.o)
 .bss           0x10002c94        0x4 c:/nxp/lpcxpresso_3.5/tools/bin/../lib/gcc/arm-none-eabi/4.3.3/../../../../arm-none-eabi/lib/thumb2\libcr_semihost.a(cr_sys.o)
 *(COMMON)
 COMMON         0x10002c98        0x4 ./main.o
                0x10002c98                xMutex
 COMMON         0x10002c9c      0x280 c:/nxp/lpcxpresso_3.5/tools/bin/../lib/gcc/arm-none-eabi/4.3.3/../../../../arm-none-eabi/lib/thumb2\libcr_c.a(stdio.o)
                0x10002c9c                __Ciob
 COMMON         0x10002f1c       0x88 c:/nxp/lpcxpresso_3.5/tools/bin/../lib/gcc/arm-none-eabi/4.3.3/../../../../arm-none-eabi/lib/thumb2\libcr_c.a(stdlib.o)
                0x10002f1c                _exitvector
                0x10002fa0                _number_of_exit_functions
 COMMON         0x10002fa4        0x4 c:/nxp/lpcxpresso_3.5/tools/bin/../lib/gcc/arm-none-eabi/4.3.3/../../../../arm-none-eabi/lib/thumb2\libcr_c.a(initio.o)
                0x10002fa4                _extra
 COMMON         0x10002fa8        0x8 c:/nxp/lpcxpresso_3.5/tools/bin/../lib/gcc/arm-none-eabi/4.3.3/../../../../arm-none-eabi/lib/thumb2\libcr_c.a(__init_alloc.o)
                0x10002fa8                __heaps
                0x10002fac                __end_of_heap
 COMMON         0x10002fb0        0x8 c:/nxp/lpcxpresso_3.5/tools/bin/../lib/gcc/arm-none-eabi/4.3.3/../../../../arm-none-eabi/lib/thumb2\libcr_semihost.a(_cr__main.o)
                0x10002fb0                errno
                0x10002fb4                _error_recursion
                0x10002fb8                _ebss = .

.cr_heap        0x10002fb8        0x0 load address 0x00005930
                0x10002fb8                end = .
                0x10002fb8                _pvHeapStart = .
                0x10008000                _vRamTop = __top_RamLoc32
                0x10008000                _vStackTop = (_vRamTop - 0x0)
OUTPUT(Example15.axf elf32-littlearm)

.debug_abbrev   0x00000000      0xb37
 .debug_abbrev  0x00000000       0xdf ./cr_startup_lpc17.o
 .debug_abbrev  0x000000df      0x10c ./main.o
 .debug_abbrev  0x000001eb       0xc6 C:\Documents and Settings\nlv14991\My Documents\lpcxpresso_3.5\workspace\CMSISv1p30_LPC17xx\Debug\libCMSISv1p30_LPC17xx.a(system_LPC17xx.o)
 .debug_abbrev  0x000002b1      0x1bf C:\Documents and Settings\nlv14991\My Documents\lpcxpresso_3.5\workspace\FreeRTOS_Library\Debug\libFreeRTOS_Library.a(queue.o)
 .debug_abbrev  0x00000470      0x279 C:\Documents and Settings\nlv14991\My Documents\lpcxpresso_3.5\workspace\FreeRTOS_Library\Debug\libFreeRTOS_Library.a(tasks.o)
 .debug_abbrev  0x000006e9      0x1a3 C:\Documents and Settings\nlv14991\My Documents\lpcxpresso_3.5\workspace\FreeRTOS_Library\Debug\libFreeRTOS_Library.a(heap_2.o)
 .debug_abbrev  0x0000088c      0x148 C:\Documents and Settings\nlv14991\My Documents\lpcxpresso_3.5\workspace\FreeRTOS_Library\Debug\libFreeRTOS_Library.a(port.o)
 .debug_abbrev  0x000009d4       0x77 C:\Documents and Settings\nlv14991\My Documents\lpcxpresso_3.5\workspace\FreeRTOS_Library\Debug\libFreeRTOS_Library.a(consoleprint.o)
 .debug_abbrev  0x00000a4b       0xec C:\Documents and Settings\nlv14991\My Documents\lpcxpresso_3.5\workspace\FreeRTOS_Library\Debug\libFreeRTOS_Library.a(list.o)

.debug_info     0x00000000     0x24a2
 .debug_info    0x00000000      0x1f4 ./cr_startup_lpc17.o
 .debug_info    0x000001f4      0x1f5 ./main.o
 .debug_info    0x000003e9      0x334 C:\Documents and Settings\nlv14991\My Documents\lpcxpresso_3.5\workspace\CMSISv1p30_LPC17xx\Debug\libCMSISv1p30_LPC17xx.a(system_LPC17xx.o)
 .debug_info    0x0000071d      0x7ee C:\Documents and Settings\nlv14991\My Documents\lpcxpresso_3.5\workspace\FreeRTOS_Library\Debug\libFreeRTOS_Library.a(queue.o)
 .debug_info    0x00000f0b      0xd72 C:\Documents and Settings\nlv14991\My Documents\lpcxpresso_3.5\workspace\FreeRTOS_Library\Debug\libFreeRTOS_Library.a(tasks.o)
 .debug_info    0x00001c7d      0x2c6 C:\Documents and Settings\nlv14991\My Documents\lpcxpresso_3.5\workspace\FreeRTOS_Library\Debug\libFreeRTOS_Library.a(heap_2.o)
 .debug_info    0x00001f43      0x202 C:\Documents and Settings\nlv14991\My Documents\lpcxpresso_3.5\workspace\FreeRTOS_Library\Debug\libFreeRTOS_Library.a(port.o)
 .debug_info    0x00002145       0xa4 C:\Documents and Settings\nlv14991\My Documents\lpcxpresso_3.5\workspace\FreeRTOS_Library\Debug\libFreeRTOS_Library.a(consoleprint.o)
 .debug_info    0x000021e9      0x2b9 C:\Documents and Settings\nlv14991\My Documents\lpcxpresso_3.5\workspace\FreeRTOS_Library\Debug\libFreeRTOS_Library.a(list.o)

.debug_line     0x00000000     0x285f
 .debug_line    0x00000000      0x366 ./cr_startup_lpc17.o
 .debug_line    0x00000366      0x51c ./main.o
 .debug_line    0x00000882      0x312 C:\Documents and Settings\nlv14991\My Documents\lpcxpresso_3.5\workspace\CMSISv1p30_LPC17xx\Debug\libCMSISv1p30_LPC17xx.a(system_LPC17xx.o)
 .debug_line    0x00000b94      0x5d5 C:\Documents and Settings\nlv14991\My Documents\lpcxpresso_3.5\workspace\FreeRTOS_Library\Debug\libFreeRTOS_Library.a(queue.o)
 .debug_line    0x00001169      0x693 C:\Documents and Settings\nlv14991\My Documents\lpcxpresso_3.5\workspace\FreeRTOS_Library\Debug\libFreeRTOS_Library.a(tasks.o)
 .debug_line    0x000017fc      0x4b3 C:\Documents and Settings\nlv14991\My Documents\lpcxpresso_3.5\workspace\FreeRTOS_Library\Debug\libFreeRTOS_Library.a(heap_2.o)
 .debug_line    0x00001caf      0x4a8 C:\Documents and Settings\nlv14991\My Documents\lpcxpresso_3.5\workspace\FreeRTOS_Library\Debug\libFreeRTOS_Library.a(port.o)
 .debug_line    0x00002157      0x26c C:\Documents and Settings\nlv14991\My Documents\lpcxpresso_3.5\workspace\FreeRTOS_Library\Debug\libFreeRTOS_Library.a(consoleprint.o)
 .debug_line    0x000023c3      0x49c C:\Documents and Settings\nlv14991\My Documents\lpcxpresso_3.5\workspace\FreeRTOS_Library\Debug\libFreeRTOS_Library.a(list.o)

.debug_macinfo  0x00000000    0x3f11d
 .debug_macinfo
                0x00000000     0x267e ./cr_startup_lpc17.o
 .debug_macinfo
                0x0000267e     0x94b2 ./main.o
 .debug_macinfo
                0x0000bb30     0x6dce C:\Documents and Settings\nlv14991\My Documents\lpcxpresso_3.5\workspace\CMSISv1p30_LPC17xx\Debug\libCMSISv1p30_LPC17xx.a(system_LPC17xx.o)
 .debug_macinfo
                0x000128fe     0x8e75 C:\Documents and Settings\nlv14991\My Documents\lpcxpresso_3.5\workspace\FreeRTOS_Library\Debug\libFreeRTOS_Library.a(queue.o)
 .debug_macinfo
                0x0001b773     0x9148 C:\Documents and Settings\nlv14991\My Documents\lpcxpresso_3.5\workspace\FreeRTOS_Library\Debug\libFreeRTOS_Library.a(tasks.o)
 .debug_macinfo
                0x000248bb     0x8956 C:\Documents and Settings\nlv14991\My Documents\lpcxpresso_3.5\workspace\FreeRTOS_Library\Debug\libFreeRTOS_Library.a(heap_2.o)
 .debug_macinfo
                0x0002d211     0x8793 C:\Documents and Settings\nlv14991\My Documents\lpcxpresso_3.5\workspace\FreeRTOS_Library\Debug\libFreeRTOS_Library.a(port.o)
 .debug_macinfo
                0x000359a4     0x14fd C:\Documents and Settings\nlv14991\My Documents\lpcxpresso_3.5\workspace\FreeRTOS_Library\Debug\libFreeRTOS_Library.a(consoleprint.o)
 .debug_macinfo
                0x00036ea1     0x827c C:\Documents and Settings\nlv14991\My Documents\lpcxpresso_3.5\workspace\FreeRTOS_Library\Debug\libFreeRTOS_Library.a(list.o)

.debug_frame    0x00000000      0x848
 .debug_frame   0x00000000      0x120 ./cr_startup_lpc17.o
 .debug_frame   0x00000120       0xd4 ./main.o
 .debug_frame   0x000001f4       0x40 C:\Documents and Settings\nlv14991\My Documents\lpcxpresso_3.5\workspace\CMSISv1p30_LPC17xx\Debug\libCMSISv1p30_LPC17xx.a(system_LPC17xx.o)
 .debug_frame   0x00000234      0x198 C:\Documents and Settings\nlv14991\My Documents\lpcxpresso_3.5\workspace\FreeRTOS_Library\Debug\libFreeRTOS_Library.a(queue.o)
 .debug_frame   0x000003cc      0x2c0 C:\Documents and Settings\nlv14991\My Documents\lpcxpresso_3.5\workspace\FreeRTOS_Library\Debug\libFreeRTOS_Library.a(tasks.o)
 .debug_frame   0x0000068c       0x6c C:\Documents and Settings\nlv14991\My Documents\lpcxpresso_3.5\workspace\FreeRTOS_Library\Debug\libFreeRTOS_Library.a(heap_2.o)
 .debug_frame   0x000006f8       0xc0 C:\Documents and Settings\nlv14991\My Documents\lpcxpresso_3.5\workspace\FreeRTOS_Library\Debug\libFreeRTOS_Library.a(port.o)
 .debug_frame   0x000007b8       0x28 C:\Documents and Settings\nlv14991\My Documents\lpcxpresso_3.5\workspace\FreeRTOS_Library\Debug\libFreeRTOS_Library.a(consoleprint.o)
 .debug_frame   0x000007e0       0x68 C:\Documents and Settings\nlv14991\My Documents\lpcxpresso_3.5\workspace\FreeRTOS_Library\Debug\libFreeRTOS_Library.a(list.o)

.debug_loc      0x00000000     0x165d
 .debug_loc     0x00000000      0x1e5 ./cr_startup_lpc17.o
 .debug_loc     0x000001e5      0x15d ./main.o
 .debug_loc     0x00000342       0x56 C:\Documents and Settings\nlv14991\My Documents\lpcxpresso_3.5\workspace\CMSISv1p30_LPC17xx\Debug\libCMSISv1p30_LPC17xx.a(system_LPC17xx.o)
 .debug_loc     0x00000398      0x6d5 C:\Documents and Settings\nlv14991\My Documents\lpcxpresso_3.5\workspace\FreeRTOS_Library\Debug\libFreeRTOS_Library.a(queue.o)
 .debug_loc     0x00000a6d      0x927 C:\Documents and Settings\nlv14991\My Documents\lpcxpresso_3.5\workspace\FreeRTOS_Library\Debug\libFreeRTOS_Library.a(tasks.o)
 .debug_loc     0x00001394      0x1c2 C:\Documents and Settings\nlv14991\My Documents\lpcxpresso_3.5\workspace\FreeRTOS_Library\Debug\libFreeRTOS_Library.a(heap_2.o)
 .debug_loc     0x00001556       0x6f C:\Documents and Settings\nlv14991\My Documents\lpcxpresso_3.5\workspace\FreeRTOS_Library\Debug\libFreeRTOS_Library.a(port.o)
 .debug_loc     0x000015c5       0x3d C:\Documents and Settings\nlv14991\My Documents\lpcxpresso_3.5\workspace\FreeRTOS_Library\Debug\libFreeRTOS_Library.a(consoleprint.o)
 .debug_loc     0x00001602       0x5b C:\Documents and Settings\nlv14991\My Documents\lpcxpresso_3.5\workspace\FreeRTOS_Library\Debug\libFreeRTOS_Library.a(list.o)

.debug_pubnames
                0x00000000      0x792
 .debug_pubnames
                0x00000000       0xec ./cr_startup_lpc17.o
 .debug_pubnames
                0x000000ec       0x9b ./main.o
 .debug_pubnames
                0x00000187       0x4f C:\Documents and Settings\nlv14991\My Documents\lpcxpresso_3.5\workspace\CMSISv1p30_LPC17xx\Debug\libCMSISv1p30_LPC17xx.a(system_LPC17xx.o)
 .debug_pubnames
                0x000001d6      0x149 C:\Documents and Settings\nlv14991\My Documents\lpcxpresso_3.5\workspace\FreeRTOS_Library\Debug\libFreeRTOS_Library.a(queue.o)
 .debug_pubnames
                0x0000031f      0x26e C:\Documents and Settings\nlv14991\My Documents\lpcxpresso_3.5\workspace\FreeRTOS_Library\Debug\libFreeRTOS_Library.a(tasks.o)
 .debug_pubnames
                0x0000058d       0x64 C:\Documents and Settings\nlv14991\My Documents\lpcxpresso_3.5\workspace\FreeRTOS_Library\Debug\libFreeRTOS_Library.a(heap_2.o)
 .debug_pubnames
                0x000005f1      0x10d C:\Documents and Settings\nlv14991\My Documents\lpcxpresso_3.5\workspace\FreeRTOS_Library\Debug\libFreeRTOS_Library.a(port.o)
 .debug_pubnames
                0x000006fe       0x23 C:\Documents and Settings\nlv14991\My Documents\lpcxpresso_3.5\workspace\FreeRTOS_Library\Debug\libFreeRTOS_Library.a(consoleprint.o)
 .debug_pubnames
                0x00000721       0x71 C:\Documents and Settings\nlv14991\My Documents\lpcxpresso_3.5\workspace\FreeRTOS_Library\Debug\libFreeRTOS_Library.a(list.o)

.debug_aranges  0x00000000      0x1a8
 .debug_aranges
                0x00000000       0x70 ./cr_startup_lpc17.o
 .debug_aranges
                0x00000070       0x50 ./main.o
 .debug_aranges
                0x000000c0       0x28 C:\Documents and Settings\nlv14991\My Documents\lpcxpresso_3.5\workspace\CMSISv1p30_LPC17xx\Debug\libCMSISv1p30_LPC17xx.a(system_LPC17xx.o)
 .debug_aranges
                0x000000e8       0x20 C:\Documents and Settings\nlv14991\My Documents\lpcxpresso_3.5\workspace\FreeRTOS_Library\Debug\libFreeRTOS_Library.a(queue.o)
 .debug_aranges
                0x00000108       0x20 C:\Documents and Settings\nlv14991\My Documents\lpcxpresso_3.5\workspace\FreeRTOS_Library\Debug\libFreeRTOS_Library.a(tasks.o)
 .debug_aranges
                0x00000128       0x20 C:\Documents and Settings\nlv14991\My Documents\lpcxpresso_3.5\workspace\FreeRTOS_Library\Debug\libFreeRTOS_Library.a(heap_2.o)
 .debug_aranges
                0x00000148       0x20 C:\Documents and Settings\nlv14991\My Documents\lpcxpresso_3.5\workspace\FreeRTOS_Library\Debug\libFreeRTOS_Library.a(port.o)
 .debug_aranges
                0x00000168       0x20 C:\Documents and Settings\nlv14991\My Documents\lpcxpresso_3.5\workspace\FreeRTOS_Library\Debug\libFreeRTOS_Library.a(consoleprint.o)
 .debug_aranges
                0x00000188       0x20 C:\Documents and Settings\nlv14991\My Documents\lpcxpresso_3.5\workspace\FreeRTOS_Library\Debug\libFreeRTOS_Library.a(list.o)

.debug_ranges   0x00000000      0x120
 .debug_ranges  0x00000000       0x68 ./cr_startup_lpc17.o
 .debug_ranges  0x00000068       0x48 ./main.o
 .debug_ranges  0x000000b0       0x20 C:\Documents and Settings\nlv14991\My Documents\lpcxpresso_3.5\workspace\CMSISv1p30_LPC17xx\Debug\libCMSISv1p30_LPC17xx.a(system_LPC17xx.o)
 .debug_ranges  0x000000d0       0x50 C:\Documents and Settings\nlv14991\My Documents\lpcxpresso_3.5\workspace\FreeRTOS_Library\Debug\libFreeRTOS_Library.a(tasks.o)

.debug_str      0x00000000     0x1227
 .debug_str     0x00000000      0x1c0 ./cr_startup_lpc17.o
                                0x1f4 (size before relaxing)
 .debug_str     0x000001c0      0x111 ./main.o
                                0x206 (size before relaxing)
 .debug_str     0x000002d1      0x1d6 C:\Documents and Settings\nlv14991\My Documents\lpcxpresso_3.5\workspace\CMSISv1p30_LPC17xx\Debug\libCMSISv1p30_LPC17xx.a(system_LPC17xx.o)
                                0x268 (size before relaxing)
 .debug_str     0x000004a7      0x437 C:\Documents and Settings\nlv14991\My Documents\lpcxpresso_3.5\workspace\FreeRTOS_Library\Debug\libFreeRTOS_Library.a(queue.o)
                                0x50c (size before relaxing)
 .debug_str     0x000008de      0x616 C:\Documents and Settings\nlv14991\My Documents\lpcxpresso_3.5\workspace\FreeRTOS_Library\Debug\libFreeRTOS_Library.a(tasks.o)
                                0x83d (size before relaxing)
 .debug_str     0x00000ef4      0x150 C:\Documents and Settings\nlv14991\My Documents\lpcxpresso_3.5\workspace\FreeRTOS_Library\Debug\libFreeRTOS_Library.a(heap_2.o)
                                0x25b (size before relaxing)
 .debug_str     0x00001044      0x11a C:\Documents and Settings\nlv14991\My Documents\lpcxpresso_3.5\workspace\FreeRTOS_Library\Debug\libFreeRTOS_Library.a(port.o)
                                0x244 (size before relaxing)
 .debug_str     0x0000115e       0x37 C:\Documents and Settings\nlv14991\My Documents\lpcxpresso_3.5\workspace\FreeRTOS_Library\Debug\libFreeRTOS_Library.a(consoleprint.o)
                                 0xe5 (size before relaxing)
 .debug_str     0x00001195       0x92 C:\Documents and Settings\nlv14991\My Documents\lpcxpresso_3.5\workspace\FreeRTOS_Library\Debug\libFreeRTOS_Library.a(list.o)
                                0x23f (size before relaxing)

.comment        0x00000000      0x8bc
 .comment       0x00000000       0x2b ./cr_startup_lpc17.o
 .comment       0x0000002b       0x2b ./main.o
 .comment       0x00000056       0x2b C:\Documents and Settings\nlv14991\My Documents\lpcxpresso_3.5\workspace\CMSISv1p30_LPC17xx\Debug\libCMSISv1p30_LPC17xx.a(system_LPC17xx.o)
 .comment       0x00000081       0x2b C:\Documents and Settings\nlv14991\My Documents\lpcxpresso_3.5\workspace\FreeRTOS_Library\Debug\libFreeRTOS_Library.a(queue.o)
 .comment       0x000000ac       0x2b C:\Documents and Settings\nlv14991\My Documents\lpcxpresso_3.5\workspace\FreeRTOS_Library\Debug\libFreeRTOS_Library.a(tasks.o)
 .comment       0x000000d7       0x2b C:\Documents and Settings\nlv14991\My Documents\lpcxpresso_3.5\workspace\FreeRTOS_Library\Debug\libFreeRTOS_Library.a(heap_2.o)
 .comment       0x00000102       0x2b C:\Documents and Settings\nlv14991\My Documents\lpcxpresso_3.5\workspace\FreeRTOS_Library\Debug\libFreeRTOS_Library.a(port.o)
 .comment       0x0000012d       0x2b C:\Documents and Settings\nlv14991\My Documents\lpcxpresso_3.5\workspace\FreeRTOS_Library\Debug\libFreeRTOS_Library.a(consoleprint.o)
 .comment       0x00000158       0x2b C:\Documents and Settings\nlv14991\My Documents\lpcxpresso_3.5\workspace\FreeRTOS_Library\Debug\libFreeRTOS_Library.a(list.o)
 .comment       0x00000183       0x2b c:/nxp/lpcxpresso_3.5/tools/bin/../lib/gcc/arm-none-eabi/4.3.3/../../../../arm-none-eabi/lib/thumb2\libcr_semihost.a(cr__write.o)
 .comment       0x000001ae       0x2b c:/nxp/lpcxpresso_3.5/tools/bin/../lib/gcc/arm-none-eabi/4.3.3/../../../../arm-none-eabi/lib/thumb2\libcr_c.a(fpprintf.o)
 .comment       0x000001d9       0x2b c:/nxp/lpcxpresso_3.5/tools/bin/../lib/gcc/arm-none-eabi/4.3.3/../../../../arm-none-eabi/lib/thumb2\libcr_c.a(memcmp.o)
 .comment       0x00000204       0x2b c:/nxp/lpcxpresso_3.5/tools/bin/../lib/gcc/arm-none-eabi/4.3.3/../../../../arm-none-eabi/lib/thumb2\libcr_c.a(memcpy.o)
 .comment       0x0000022f       0x2b c:/nxp/lpcxpresso_3.5/tools/bin/../lib/gcc/arm-none-eabi/4.3.3/../../../../arm-none-eabi/lib/thumb2\libcr_c.a(memset.o)
 .comment       0x0000025a       0x2b c:/nxp/lpcxpresso_3.5/tools/bin/../lib/gcc/arm-none-eabi/4.3.3/../../../../arm-none-eabi/lib/thumb2\libcr_c.a(printf.o)
 .comment       0x00000285       0x2b c:/nxp/lpcxpresso_3.5/tools/bin/../lib/gcc/arm-none-eabi/4.3.3/../../../../arm-none-eabi/lib/thumb2\libcr_c.a(stdio.o)
 .comment       0x000002b0       0x2b c:/nxp/lpcxpresso_3.5/tools/bin/../lib/gcc/arm-none-eabi/4.3.3/../../../../arm-none-eabi/lib/thumb2\libcr_c.a(stdlib.o)
 .comment       0x000002db       0x2b c:/nxp/lpcxpresso_3.5/tools/bin/../lib/gcc/arm-none-eabi/4.3.3/../../../../arm-none-eabi/lib/thumb2\libcr_c.a(strcpy.o)
 .comment       0x00000306       0x2b c:/nxp/lpcxpresso_3.5/tools/bin/../lib/gcc/arm-none-eabi/4.3.3/../../../../arm-none-eabi/lib/thumb2\libcr_c.a(strlen.o)
 .comment       0x00000331       0x2b c:/nxp/lpcxpresso_3.5/tools/bin/../lib/gcc/arm-none-eabi/4.3.3/../../../../arm-none-eabi/lib/thumb2\libcr_c.a(strncpy.o)
 .comment       0x0000035c       0x2b c:/nxp/lpcxpresso_3.5/tools/bin/../lib/gcc/arm-none-eabi/4.3.3/../../../../arm-none-eabi/lib/thumb2\libcr_c.a(__fillbuf.o)
 .comment       0x00000387       0x2b c:/nxp/lpcxpresso_3.5/tools/bin/../lib/gcc/arm-none-eabi/4.3.3/../../../../arm-none-eabi/lib/thumb2\libcr_c.a(_deferredlazyseek.o)
 .comment       0x000003b2       0x2b c:/nxp/lpcxpresso_3.5/tools/bin/../lib/gcc/arm-none-eabi/4.3.3/../../../../arm-none-eabi/lib/thumb2\libcr_c.a(_fflush.o)
 .comment       0x000003dd       0x2b c:/nxp/lpcxpresso_3.5/tools/bin/../lib/gcc/arm-none-eabi/4.3.3/../../../../arm-none-eabi/lib/thumb2\libcr_c.a(_frexpl.o)
 .comment       0x00000408       0x2b c:/nxp/lpcxpresso_3.5/tools/bin/../lib/gcc/arm-none-eabi/4.3.3/../../../../arm-none-eabi/lib/thumb2\libcr_c.a(_ldexpl.o)
 .comment       0x00000433       0x2b c:/nxp/lpcxpresso_3.5/tools/bin/../lib/gcc/arm-none-eabi/4.3.3/../../../../arm-none-eabi/lib/thumb2\libcr_c.a(_writebuf.o)
 .comment       0x0000045e       0x2b c:/nxp/lpcxpresso_3.5/tools/bin/../lib/gcc/arm-none-eabi/4.3.3/../../../../arm-none-eabi/lib/thumb2\libcr_c.a(alloc.o)
 .comment       0x00000489       0x2b c:/nxp/lpcxpresso_3.5/tools/bin/../lib/gcc/arm-none-eabi/4.3.3/../../../../arm-none-eabi/lib/thumb2\libcr_c.a(ctype.o)
 .comment       0x000004b4       0x2b c:/nxp/lpcxpresso_3.5/tools/bin/../lib/gcc/arm-none-eabi/4.3.3/../../../../arm-none-eabi/lib/thumb2\libcr_c.a(error.o)
 .comment       0x000004df       0x2b c:/nxp/lpcxpresso_3.5/tools/bin/../lib/gcc/arm-none-eabi/4.3.3/../../../../arm-none-eabi/lib/thumb2\libcr_c.a(fputs.o)
 .comment       0x0000050a       0x2b c:/nxp/lpcxpresso_3.5/tools/bin/../lib/gcc/arm-none-eabi/4.3.3/../../../../arm-none-eabi/lib/thumb2\libcr_c.a(fseek.o)
 .comment       0x00000535       0x2b c:/nxp/lpcxpresso_3.5/tools/bin/../lib/gcc/arm-none-eabi/4.3.3/../../../../arm-none-eabi/lib/thumb2\libcr_c.a(ftell.o)
 .comment       0x00000560       0x2b c:/nxp/lpcxpresso_3.5/tools/bin/../lib/gcc/arm-none-eabi/4.3.3/../../../../arm-none-eabi/lib/thumb2\libcr_c.a(initio.o)
 .comment       0x0000058b       0x2b c:/nxp/lpcxpresso_3.5/tools/bin/../lib/gcc/arm-none-eabi/4.3.3/../../../../arm-none-eabi/lib/thumb2\libcr_c.a(raise.o)
 .comment       0x000005b6       0x2b c:/nxp/lpcxpresso_3.5/tools/bin/../lib/gcc/arm-none-eabi/4.3.3/../../../../arm-none-eabi/lib/thumb2\libcr_c.a(setvbuf.o)
 .comment       0x000005e1       0x2b c:/nxp/lpcxpresso_3.5/tools/bin/../lib/gcc/arm-none-eabi/4.3.3/../../../../arm-none-eabi/lib/thumb2\libcr_c.a(__init_alloc.o)
 .comment       0x0000060c       0x2b c:/nxp/lpcxpresso_3.5/tools/bin/../lib/gcc/arm-none-eabi/4.3.3/../../../../arm-none-eabi/lib/thumb2\libcr_c.a(_fdopen.o)
 .comment       0x00000637       0x2b c:/nxp/lpcxpresso_3.5/tools/bin/../lib/gcc/arm-none-eabi/4.3.3/../../../../arm-none-eabi/lib/thumb2\libcr_c.a(_hugeval.o)
 .comment       0x00000662       0x2b c:/nxp/lpcxpresso_3.5/tools/bin/../lib/gcc/arm-none-eabi/4.3.3/../../../../arm-none-eabi/lib/thumb2\libcr_c.a(fclose.o)
 .comment       0x0000068d       0x2b c:/nxp/lpcxpresso_3.5/tools/bin/../lib/gcc/arm-none-eabi/4.3.3/../../../../arm-none-eabi/lib/thumb2\libcr_c.a(fflush.o)
 .comment       0x000006b8       0x2b c:/nxp/lpcxpresso_3.5/tools/bin/../lib/gcc/arm-none-eabi/4.3.3/../../../../arm-none-eabi/lib/thumb2\libcr_c.a(remove.o)
 .comment       0x000006e3       0x2b c:/nxp/lpcxpresso_3.5/tools/bin/../lib/gcc/arm-none-eabi/4.3.3/../../../../arm-none-eabi/lib/thumb2\libcr_c.a(_do_fflush.o)
 .comment       0x0000070e       0x2b c:/nxp/lpcxpresso_3.5/tools/bin/../lib/gcc/arm-none-eabi/4.3.3/thumb2\libcr_eabihelpers.a(double.o)
 .comment       0x00000739       0x2b c:/nxp/lpcxpresso_3.5/tools/bin/../lib/gcc/arm-none-eabi/4.3.3/../../../../arm-none-eabi/lib/thumb2\libcr_semihost.a(_cr__main.o)
 .comment       0x00000764       0x2b c:/nxp/lpcxpresso_3.5/tools/bin/../lib/gcc/arm-none-eabi/4.3.3/../../../../arm-none-eabi/lib/thumb2\libcr_semihost.a(_cr_sbrk.o)
 .comment       0x0000078f       0x2b c:/nxp/lpcxpresso_3.5/tools/bin/../lib/gcc/arm-none-eabi/4.3.3/../../../../arm-none-eabi/lib/thumb2\libcr_semihost.a(cr_sys.o)
 .comment       0x000007ba       0x2b c:/nxp/lpcxpresso_3.5/tools/bin/../lib/gcc/arm-none-eabi/4.3.3/../../../../arm-none-eabi/lib/thumb2\libcr_semihost.a(cr__close.o)
 .comment       0x000007e5       0x2b c:/nxp/lpcxpresso_3.5/tools/bin/../lib/gcc/arm-none-eabi/4.3.3/../../../../arm-none-eabi/lib/thumb2\libcr_semihost.a(cr__exit.o)
 .comment       0x00000810       0x2b c:/nxp/lpcxpresso_3.5/tools/bin/../lib/gcc/arm-none-eabi/4.3.3/../../../../arm-none-eabi/lib/thumb2\libcr_semihost.a(cr__open.o)
 .comment       0x0000083b       0x2b c:/nxp/lpcxpresso_3.5/tools/bin/../lib/gcc/arm-none-eabi/4.3.3/../../../../arm-none-eabi/lib/thumb2\libcr_semihost.a(cr__read.o)
 .comment       0x00000866       0x2b c:/nxp/lpcxpresso_3.5/tools/bin/../lib/gcc/arm-none-eabi/4.3.3/../../../../arm-none-eabi/lib/thumb2\libcr_semihost.a(cr__readc.o)
 .comment       0x00000891       0x2b c:/nxp/lpcxpresso_3.5/tools/bin/../lib/gcc/arm-none-eabi/4.3.3/../../../../arm-none-eabi/lib/thumb2\libcr_semihost.a(cr__unlink.o)

.ARM.attributes
                0x00000000       0x2f
 .ARM.attributes
                0x00000000       0x31 ./cr_startup_lpc17.o
 .ARM.attributes
                0x00000031       0x31 ./main.o
 .ARM.attributes
                0x00000062       0x31 C:\Documents and Settings\nlv14991\My Documents\lpcxpresso_3.5\workspace\CMSISv1p30_LPC17xx\Debug\libCMSISv1p30_LPC17xx.a(system_LPC17xx.o)
 .ARM.attributes
                0x00000093       0x31 C:\Documents and Settings\nlv14991\My Documents\lpcxpresso_3.5\workspace\FreeRTOS_Library\Debug\libFreeRTOS_Library.a(queue.o)
 .ARM.attributes
                0x000000c4       0x31 C:\Documents and Settings\nlv14991\My Documents\lpcxpresso_3.5\workspace\FreeRTOS_Library\Debug\libFreeRTOS_Library.a(tasks.o)
 .ARM.attributes
                0x000000f5       0x31 C:\Documents and Settings\nlv14991\My Documents\lpcxpresso_3.5\workspace\FreeRTOS_Library\Debug\libFreeRTOS_Library.a(heap_2.o)
 .ARM.attributes
                0x00000126       0x31 C:\Documents and Settings\nlv14991\My Documents\lpcxpresso_3.5\workspace\FreeRTOS_Library\Debug\libFreeRTOS_Library.a(port.o)
 .ARM.attributes
                0x00000157       0x31 C:\Documents and Settings\nlv14991\My Documents\lpcxpresso_3.5\workspace\FreeRTOS_Library\Debug\libFreeRTOS_Library.a(consoleprint.o)
 .ARM.attributes
                0x00000188       0x31 C:\Documents and Settings\nlv14991\My Documents\lpcxpresso_3.5\workspace\FreeRTOS_Library\Debug\libFreeRTOS_Library.a(list.o)
 .ARM.attributes
                0x000001b9       0x31 c:/nxp/lpcxpresso_3.5/tools/bin/../lib/gcc/arm-none-eabi/4.3.3/../../../../arm-none-eabi/lib/thumb2\libcr_semihost.a(cr__write.o)
 .ARM.attributes
                0x000001ea       0x31 c:/nxp/lpcxpresso_3.5/tools/bin/../lib/gcc/arm-none-eabi/4.3.3/../../../../arm-none-eabi/lib/thumb2\libcr_c.a(fpprintf.o)
 .ARM.attributes
                0x0000021b       0x31 c:/nxp/lpcxpresso_3.5/tools/bin/../lib/gcc/arm-none-eabi/4.3.3/../../../../arm-none-eabi/lib/thumb2\libcr_c.a(memcmp.o)
 .ARM.attributes
                0x0000024c       0x31 c:/nxp/lpcxpresso_3.5/tools/bin/../lib/gcc/arm-none-eabi/4.3.3/../../../../arm-none-eabi/lib/thumb2\libcr_c.a(memcpy.o)
 .ARM.attributes
                0x0000027d       0x31 c:/nxp/lpcxpresso_3.5/tools/bin/../lib/gcc/arm-none-eabi/4.3.3/../../../../arm-none-eabi/lib/thumb2\libcr_c.a(memset.o)
 .ARM.attributes
                0x000002ae       0x31 c:/nxp/lpcxpresso_3.5/tools/bin/../lib/gcc/arm-none-eabi/4.3.3/../../../../arm-none-eabi/lib/thumb2\libcr_c.a(printf.o)
 .ARM.attributes
                0x000002df       0x31 c:/nxp/lpcxpresso_3.5/tools/bin/../lib/gcc/arm-none-eabi/4.3.3/../../../../arm-none-eabi/lib/thumb2\libcr_c.a(stdio.o)
 .ARM.attributes
                0x00000310       0x31 c:/nxp/lpcxpresso_3.5/tools/bin/../lib/gcc/arm-none-eabi/4.3.3/../../../../arm-none-eabi/lib/thumb2\libcr_c.a(stdlib.o)
 .ARM.attributes
                0x00000341       0x31 c:/nxp/lpcxpresso_3.5/tools/bin/../lib/gcc/arm-none-eabi/4.3.3/../../../../arm-none-eabi/lib/thumb2\libcr_c.a(strcpy.o)
 .ARM.attributes
                0x00000372       0x31 c:/nxp/lpcxpresso_3.5/tools/bin/../lib/gcc/arm-none-eabi/4.3.3/../../../../arm-none-eabi/lib/thumb2\libcr_c.a(strlen.o)
 .ARM.attributes
                0x000003a3       0x31 c:/nxp/lpcxpresso_3.5/tools/bin/../lib/gcc/arm-none-eabi/4.3.3/../../../../arm-none-eabi/lib/thumb2\libcr_c.a(strncpy.o)
 .ARM.attributes
                0x000003d4       0x31 c:/nxp/lpcxpresso_3.5/tools/bin/../lib/gcc/arm-none-eabi/4.3.3/../../../../arm-none-eabi/lib/thumb2\libcr_c.a(__fillbuf.o)
 .ARM.attributes
                0x00000405       0x31 c:/nxp/lpcxpresso_3.5/tools/bin/../lib/gcc/arm-none-eabi/4.3.3/../../../../arm-none-eabi/lib/thumb2\libcr_c.a(_deferredlazyseek.o)
 .ARM.attributes
                0x00000436       0x31 c:/nxp/lpcxpresso_3.5/tools/bin/../lib/gcc/arm-none-eabi/4.3.3/../../../../arm-none-eabi/lib/thumb2\libcr_c.a(_fflush.o)
 .ARM.attributes
                0x00000467       0x31 c:/nxp/lpcxpresso_3.5/tools/bin/../lib/gcc/arm-none-eabi/4.3.3/../../../../arm-none-eabi/lib/thumb2\libcr_c.a(_frexpl.o)
 .ARM.attributes
                0x00000498       0x31 c:/nxp/lpcxpresso_3.5/tools/bin/../lib/gcc/arm-none-eabi/4.3.3/../../../../arm-none-eabi/lib/thumb2\libcr_c.a(_ldexpl.o)
 .ARM.attributes
                0x000004c9       0x31 c:/nxp/lpcxpresso_3.5/tools/bin/../lib/gcc/arm-none-eabi/4.3.3/../../../../arm-none-eabi/lib/thumb2\libcr_c.a(_writebuf.o)
 .ARM.attributes
                0x000004fa       0x31 c:/nxp/lpcxpresso_3.5/tools/bin/../lib/gcc/arm-none-eabi/4.3.3/../../../../arm-none-eabi/lib/thumb2\libcr_c.a(alloc.o)
 .ARM.attributes
                0x0000052b       0x31 c:/nxp/lpcxpresso_3.5/tools/bin/../lib/gcc/arm-none-eabi/4.3.3/../../../../arm-none-eabi/lib/thumb2\libcr_c.a(ctype.o)
 .ARM.attributes
                0x0000055c       0x31 c:/nxp/lpcxpresso_3.5/tools/bin/../lib/gcc/arm-none-eabi/4.3.3/../../../../arm-none-eabi/lib/thumb2\libcr_c.a(error.o)
 .ARM.attributes
                0x0000058d       0x31 c:/nxp/lpcxpresso_3.5/tools/bin/../lib/gcc/arm-none-eabi/4.3.3/../../../../arm-none-eabi/lib/thumb2\libcr_c.a(fputs.o)
 .ARM.attributes
                0x000005be       0x31 c:/nxp/lpcxpresso_3.5/tools/bin/../lib/gcc/arm-none-eabi/4.3.3/../../../../arm-none-eabi/lib/thumb2\libcr_c.a(fseek.o)
 .ARM.attributes
                0x000005ef       0x31 c:/nxp/lpcxpresso_3.5/tools/bin/../lib/gcc/arm-none-eabi/4.3.3/../../../../arm-none-eabi/lib/thumb2\libcr_c.a(ftell.o)
 .ARM.attributes
                0x00000620       0x31 c:/nxp/lpcxpresso_3.5/tools/bin/../lib/gcc/arm-none-eabi/4.3.3/../../../../arm-none-eabi/lib/thumb2\libcr_c.a(initio.o)
 .ARM.attributes
                0x00000651       0x31 c:/nxp/lpcxpresso_3.5/tools/bin/../lib/gcc/arm-none-eabi/4.3.3/../../../../arm-none-eabi/lib/thumb2\libcr_c.a(raise.o)
 .ARM.attributes
                0x00000682       0x31 c:/nxp/lpcxpresso_3.5/tools/bin/../lib/gcc/arm-none-eabi/4.3.3/../../../../arm-none-eabi/lib/thumb2\libcr_c.a(setvbuf.o)
 .ARM.attributes
                0x000006b3       0x31 c:/nxp/lpcxpresso_3.5/tools/bin/../lib/gcc/arm-none-eabi/4.3.3/../../../../arm-none-eabi/lib/thumb2\libcr_c.a(__init_alloc.o)
 .ARM.attributes
                0x000006e4       0x31 c:/nxp/lpcxpresso_3.5/tools/bin/../lib/gcc/arm-none-eabi/4.3.3/../../../../arm-none-eabi/lib/thumb2\libcr_c.a(_fdopen.o)
 .ARM.attributes
                0x00000715       0x31 c:/nxp/lpcxpresso_3.5/tools/bin/../lib/gcc/arm-none-eabi/4.3.3/../../../../arm-none-eabi/lib/thumb2\libcr_c.a(_hugeval.o)
 .ARM.attributes
                0x00000746       0x31 c:/nxp/lpcxpresso_3.5/tools/bin/../lib/gcc/arm-none-eabi/4.3.3/../../../../arm-none-eabi/lib/thumb2\libcr_c.a(fclose.o)
 .ARM.attributes
                0x00000777       0x31 c:/nxp/lpcxpresso_3.5/tools/bin/../lib/gcc/arm-none-eabi/4.3.3/../../../../arm-none-eabi/lib/thumb2\libcr_c.a(fflush.o)
 .ARM.attributes
                0x000007a8       0x31 c:/nxp/lpcxpresso_3.5/tools/bin/../lib/gcc/arm-none-eabi/4.3.3/../../../../arm-none-eabi/lib/thumb2\libcr_c.a(remove.o)
 .ARM.attributes
                0x000007d9       0x31 c:/nxp/lpcxpresso_3.5/tools/bin/../lib/gcc/arm-none-eabi/4.3.3/../../../../arm-none-eabi/lib/thumb2\libcr_c.a(_do_fflush.o)
 .ARM.attributes
                0x0000080a       0x31 c:/nxp/lpcxpresso_3.5/tools/bin/../lib/gcc/arm-none-eabi/4.3.3/thumb2\libcr_eabihelpers.a(double.o)
 .ARM.attributes
                0x0000083b       0x31 c:/nxp/lpcxpresso_3.5/tools/bin/../lib/gcc/arm-none-eabi/4.3.3/../../../../arm-none-eabi/lib/thumb2\libcr_semihost.a(_cr__main.o)
 .ARM.attributes
                0x0000086c       0x31 c:/nxp/lpcxpresso_3.5/tools/bin/../lib/gcc/arm-none-eabi/4.3.3/../../../../arm-none-eabi/lib/thumb2\libcr_semihost.a(_cr_sbrk.o)
 .ARM.attributes
                0x0000089d       0x31 c:/nxp/lpcxpresso_3.5/tools/bin/../lib/gcc/arm-none-eabi/4.3.3/../../../../arm-none-eabi/lib/thumb2\libcr_semihost.a(cr_sys.o)
 .ARM.attributes
                0x000008ce       0x31 c:/nxp/lpcxpresso_3.5/tools/bin/../lib/gcc/arm-none-eabi/4.3.3/../../../../arm-none-eabi/lib/thumb2\libcr_semihost.a(cr__close.o)
 .ARM.attributes
                0x000008ff       0x31 c:/nxp/lpcxpresso_3.5/tools/bin/../lib/gcc/arm-none-eabi/4.3.3/../../../../arm-none-eabi/lib/thumb2\libcr_semihost.a(cr__exit.o)
 .ARM.attributes
                0x00000930       0x31 c:/nxp/lpcxpresso_3.5/tools/bin/../lib/gcc/arm-none-eabi/4.3.3/../../../../arm-none-eabi/lib/thumb2\libcr_semihost.a(cr__open.o)
 .ARM.attributes
                0x00000961       0x31 c:/nxp/lpcxpresso_3.5/tools/bin/../lib/gcc/arm-none-eabi/4.3.3/../../../../arm-none-eabi/lib/thumb2\libcr_semihost.a(cr__read.o)
 .ARM.attributes
                0x00000992       0x31 c:/nxp/lpcxpresso_3.5/tools/bin/../lib/gcc/arm-none-eabi/4.3.3/../../../../arm-none-eabi/lib/thumb2\libcr_semihost.a(cr__readc.o)
 .ARM.attributes
                0x000009c3       0x31 c:/nxp/lpcxpresso_3.5/tools/bin/../lib/gcc/arm-none-eabi/4.3.3/../../../../arm-none-eabi/lib/thumb2\libcr_semihost.a(cr__unlink.o)
 .ARM.attributes
                0x000009f4       0x21 c:/nxp/lpcxpresso_3.5/tools/bin/../lib/gcc/arm-none-eabi/4.3.3/../../../../arm-none-eabi/lib/thumb2\libcr_semihost.a(cr_stubs.o)
