Archive member included because of file (symbol)

C:\Documents and Settings\nlv14991\My Documents\lpcxpresso_3.5\workspace\CMSISv1p30_LPC17xx\Debug\libCMSISv1p30_LPC17xx.a(system_LPC17xx.o)
                              ./cr_startup_lpc17.o (SystemInit)
C:\Documents and Settings\nlv14991\My Documents\lpcxpresso_3.5\workspace\FreeRTOS_Library\Debug\libFreeRTOS_Library.a(queue.o)
                              ./main.o (uxQueueMessagesWaiting)
C:\Documents and Settings\nlv14991\My Documents\lpcxpresso_3.5\workspace\FreeRTOS_Library\Debug\libFreeRTOS_Library.a(tasks.o)
                              C:\Documents and Settings\nlv14991\My Documents\lpcxpresso_3.5\workspace\FreeRTOS_Library\Debug\libFreeRTOS_Library.a(queue.o) (vTaskSuspendAll)
C:\Documents and Settings\nlv14991\My Documents\lpcxpresso_3.5\workspace\FreeRTOS_Library\Debug\libFreeRTOS_Library.a(heap_2.o)
                              C:\Documents and Settings\nlv14991\My Documents\lpcxpresso_3.5\workspace\FreeRTOS_Library\Debug\libFreeRTOS_Library.a(queue.o) (vPortFree)
C:\Documents and Settings\nlv14991\My Documents\lpcxpresso_3.5\workspace\FreeRTOS_Library\Debug\libFreeRTOS_Library.a(port.o)
                              C:\Documents and Settings\nlv14991\My Documents\lpcxpresso_3.5\workspace\FreeRTOS_Library\Debug\libFreeRTOS_Library.a(tasks.o) (pxPortInitialiseStack)
C:\Documents and Settings\nlv14991\My Documents\lpcxpresso_3.5\workspace\FreeRTOS_Library\Debug\libFreeRTOS_Library.a(basic_io.o)
                              ./main.o (vPrintStringAndNumber)
C:\Documents and Settings\nlv14991\My Documents\lpcxpresso_3.5\workspace\FreeRTOS_Library\Debug\libFreeRTOS_Library.a(consoleprint.o)
                              C:\Documents and Settings\nlv14991\My Documents\lpcxpresso_3.5\workspace\FreeRTOS_Library\Debug\libFreeRTOS_Library.a(basic_io.o) (consoleprint)
C:\Documents and Settings\nlv14991\My Documents\lpcxpresso_3.5\workspace\FreeRTOS_Library\Debug\libFreeRTOS_Library.a(list.o)
                              C:\Documents and Settings\nlv14991\My Documents\lpcxpresso_3.5\workspace\FreeRTOS_Library\Debug\libFreeRTOS_Library.a(queue.o) (vListInitialise)
c:/nxp/lpcxpresso_3.5/tools/bin/../lib/gcc/arm-none-eabi/4.3.3/../../../../arm-none-eabi/lib/thumb2\libcr_semihost.a(cr__write.o)
                              C:\Documents and Settings\nlv14991\My Documents\lpcxpresso_3.5\workspace\FreeRTOS_Library\Debug\libFreeRTOS_Library.a(consoleprint.o) (__write)
c:/nxp/lpcxpresso_3.5/tools/bin/../lib/gcc/arm-none-eabi/4.3.3/../../../../arm-none-eabi/lib/thumb2\libcr_c.a(fpprintf.o)
                              C:\Documents and Settings\nlv14991\My Documents\lpcxpresso_3.5\workspace\FreeRTOS_Library\Debug\libFreeRTOS_Library.a(basic_io.o) (sprintf)
c:/nxp/lpcxpresso_3.5/tools/bin/../lib/gcc/arm-none-eabi/4.3.3/../../../../arm-none-eabi/lib/thumb2\libcr_c.a(memcmp.o)
                              C:\Documents and Settings\nlv14991\My Documents\lpcxpresso_3.5\workspace\FreeRTOS_Library\Debug\libFreeRTOS_Library.a(tasks.o) (memcmp)
c:/nxp/lpcxpresso_3.5/tools/bin/../lib/gcc/arm-none-eabi/4.3.3/../../../../arm-none-eabi/lib/thumb2\libcr_c.a(memcpy.o)
                              C:\Documents and Settings\nlv14991\My Documents\lpcxpresso_3.5\workspace\FreeRTOS_Library\Debug\libFreeRTOS_Library.a(queue.o) (memcpy)
c:/nxp/lpcxpresso_3.5/tools/bin/../lib/gcc/arm-none-eabi/4.3.3/../../../../arm-none-eabi/lib/thumb2\libcr_c.a(memset.o)
                              C:\Documents and Settings\nlv14991\My Documents\lpcxpresso_3.5\workspace\FreeRTOS_Library\Debug\libFreeRTOS_Library.a(tasks.o) (memset)
c:/nxp/lpcxpresso_3.5/tools/bin/../lib/gcc/arm-none-eabi/4.3.3/../../../../arm-none-eabi/lib/thumb2\libcr_c.a(printf.o)
                              c:/nxp/lpcxpresso_3.5/tools/bin/../lib/gcc/arm-none-eabi/4.3.3/../../../../arm-none-eabi/lib/thumb2\libcr_c.a(fpprintf.o) (__vfprintf)
c:/nxp/lpcxpresso_3.5/tools/bin/../lib/gcc/arm-none-eabi/4.3.3/../../../../arm-none-eabi/lib/thumb2\libcr_c.a(stdio.o)
                              c:/nxp/lpcxpresso_3.5/tools/bin/../lib/gcc/arm-none-eabi/4.3.3/../../../../arm-none-eabi/lib/thumb2\libcr_c.a(fpprintf.o) (__Ciob)
c:/nxp/lpcxpresso_3.5/tools/bin/../lib/gcc/arm-none-eabi/4.3.3/../../../../arm-none-eabi/lib/thumb2\libcr_c.a(strcpy.o)
                              C:\Documents and Settings\nlv14991\My Documents\lpcxpresso_3.5\workspace\FreeRTOS_Library\Debug\libFreeRTOS_Library.a(basic_io.o) (strcpy)
c:/nxp/lpcxpresso_3.5/tools/bin/../lib/gcc/arm-none-eabi/4.3.3/../../../../arm-none-eabi/lib/thumb2\libcr_c.a(strlen.o)
                              C:\Documents and Settings\nlv14991\My Documents\lpcxpresso_3.5\workspace\FreeRTOS_Library\Debug\libFreeRTOS_Library.a(consoleprint.o) (strlen)
c:/nxp/lpcxpresso_3.5/tools/bin/../lib/gcc/arm-none-eabi/4.3.3/../../../../arm-none-eabi/lib/thumb2\libcr_c.a(strncpy.o)
[...]
Memory Configuration

Name             Origin             Length             Attributes
MFlash512        0x00000000         0x00080000         xr
RamLoc32         0x10000000         0x00008000         xrw
RamAHB32         0x2007c000         0x00008000         xrw
CANAccFilterRAM  0x40038000         0x00000800         xrw
*default*        0x00000000         0xffffffff

Linker script and memory map

LOAD ./cr_startup_lpc17.o
LOAD ./main.o
LOAD C:\Documents and Settings\nlv14991\My Documents\lpcxpresso_3.5\workspace\CMSISv1p30_LPC17xx\Debug\libCMSISv1p30_LPC17xx.a
LOAD C:\Documents and Settings\nlv14991\My Documents\lpcxpresso_3.5\workspace\FreeRTOS_Library\Debug\libFreeRTOS_Library.a
START GROUP
LOAD c:/nxp/lpcxpresso_3.5/tools/bin/../lib/gcc/arm-none-eabi/4.3.3/../../../../arm-none-eabi/lib/thumb2\libcr_semihost.a
LOAD c:/nxp/lpcxpresso_3.5/tools/bin/../lib/gcc/arm-none-eabi/4.3.3/../../../../arm-none-eabi/lib/thumb2\libcr_c.a
LOAD c:/nxp/lpcxpresso_3.5/tools/bin/../lib/gcc/arm-none-eabi/4.3.3/thumb2\libcr_eabihelpers.a
END GROUP
                0x00080000                __top_MFlash512 = 0x80000
                0x10008000                __top_RamLoc32 = 0x10008000
                0x20084000                __top_RamAHB32 = 0x20084000
                0x40038800                __top_CANAccFilterRAM = 0x40038800

.text           0x00000000     0x56ac
 *(.isr_vector)
 .isr_vector    0x00000000       0xc4 ./cr_startup_lpc17.o
                0x00000000                g_pfnVectors
 *(.text*)
 .text.Reset_Handler
                0x000000c4       0x78 ./cr_startup_lpc17.o
                0x000000c4                Reset_Handler
                0x000000c4                ResetISR
 .text.NMI_Handler
                0x0000013c        0x8 ./cr_startup_lpc17.o
                0x0000013c                NMI_Handler
 .text.HardFault_Handler
                0x00000144        0x8 ./cr_startup_lpc17.o
                0x00000144                HardFault_Handler
 .text.MemManage_Handler
                0x0000014c        0x8 ./cr_startup_lpc17.o
                0x0000014c                MemManage_Handler
 .text.BusFault_Handler
                0x00000154        0x8 ./cr_startup_lpc17.o
                0x00000154                BusFault_Handler
 .text.UsageFault_Handler
                0x0000015c        0x8 ./cr_startup_lpc17.o
                0x0000015c                UsageFault_Handler
 .text.DebugMon_Handler
                0x00000164        0x8 ./cr_startup_lpc17.o
                0x00000164                DebugMon_Handler
 .text.IntDefaultHandler
                0x0000016c        0x8 ./cr_startup_lpc17.o
                0x0000016c                TIMER2_IRQHandler
                0x0000016c                RIT_IRQHandler
                0x0000016c                I2C0_IRQHandler
                0x0000016c                PWM1_IRQHandler
                0x0000016c                I2C1_IRQHandler
                0x0000016c                EINT2_IRQHandler
                0x0000016c                UART1_IRQHandler
                0x0000016c                EINT3_IRQHandler
                0x0000016c                TIMER3_IRQHandler
                0x0000016c                UART0_IRQHandler
                0x0000016c                PLL0_IRQHandler
                0x0000016c                CAN_IRQHandler
                0x0000016c                PLL1_IRQHandler
                0x0000016c                SSP0_IRQHandler
                0x0000016c                I2S_IRQHandler
                0x0000016c                I2C2_IRQHandler
                0x0000016c                RTC_IRQHandler
                0x0000016c                TIMER0_IRQHandler
                0x0000016c                SPI_IRQHandler
                0x0000016c                EINT1_IRQHandler
                0x0000016c                TIMER1_IRQHandler
                0x0000016c                UART2_IRQHandler
                0x0000016c                ADC_IRQHandler
                0x0000016c                SSP1_IRQHandler
                0x0000016c                USB_IRQHandler
                0x0000016c                BOD_IRQHandler
                0x0000016c                WDT_IRQHandler
                0x0000016c                QEI_IRQHandler
                0x0000016c                EINT0_IRQHandler
                0x0000016c                DMA_IRQHandler
                0x0000016c                UART3_IRQHandler
                0x0000016c                MCPWM_IRQHandler
                0x0000016c                ENET_IRQHandler
 .text.main     0x00000174       0xd4 ./main.o
                0x00000174                main
 .text.vSenderTask
                0x00000248       0x44 ./main.o
 .text.vReceiverTask
                0x0000028c       0x8c ./main.o
 .text.vApplicationMallocFailedHook
                0x00000318        0x8 ./main.o
                0x00000318                vApplicationMallocFailedHook
 .text.vApplicationStackOverflowHook
                0x00000320        0xc ./main.o
                0x00000320                vApplicationStackOverflowHook
 .text.vApplicationIdleHook
                0x0000032c        0xc ./main.o
                0x0000032c                vApplicationIdleHook
 .text.vApplicationTickHook
                0x00000338        0xc ./main.o
                0x00000338                vApplicationTickHook
 .text.SystemInit
                0x00000344      0x214 C:\Documents and Settings\nlv14991\My Documents\lpcxpresso_3.5\workspace\CMSISv1p30_LPC17xx\Debug\libCMSISv1p30_LPC17xx.a(system_LPC17xx.o)
                0x00000344                SystemInit
 .text          0x00000558      0x4e8 C:\Documents and Settings\nlv14991\My Documents\lpcxpresso_3.5\workspace\FreeRTOS_Library\Debug\libFreeRTOS_Library.a(queue.o)
                0x00000820                xQueueGenericSendFromISR
                0x000009b4                xQueueCreate
                0x00000578                vQueueDelete
                0x0000087c                xQueueGenericSend
                0x000005c8                xQueueReceiveFromISR
                0x00000a28                xQueueCreateCountingSemaphore
                0x00000568                xQueueIsQueueFullFromISR
                0x0000069c                xQueueGenericReceive
                0x0000058c                uxQueueMessagesWaiting
                0x00000558                uxQueueMessagesWaitingFromISR
                0x0000055c                xQueueIsQueueEmptyFromISR
                0x00000968                xQueueCreateMutex
 .text          0x00000a40      0xc34 C:\Documents and Settings\nlv14991\My Documents\lpcxpresso_3.5\workspace\FreeRTOS_Library\Debug\libFreeRTOS_Library.a(tasks.o)
                0x00000d28                uxTaskPriorityGet
                0x0000118c                vTaskPrioritySet
                0x000013b8                vTaskEndScheduler
                0x00000d4c                vTaskPlaceOnEventList
                0x00001440                xTaskGenericCreate
                0x00000a40                xTaskIsTaskSuspended
                0x00000c20                xTaskResumeFromISR
                0x00000d10                xTaskGetTickCount
                0x00000b9c                xTaskRemoveFromEventList
                0x0000133c                vTaskDelete
                0x00000c9c                xTaskCheckForTimeOut
                0x00000a6c                vTaskSuspendAll
                0x00000abc                vTaskPriorityDisinherit
                0x00000b10                vTaskPriorityInherit
                0x000010b8                vTaskResume
                0x00000dc8                vTaskSwitchContext
                0x00001130                vTaskSuspend
                0x00000a80                uxTaskGetNumberOfTasks
                0x00000eb8                vTaskIncrementTick
                0x00001298                vTaskDelayUntil
                0x00000ab0                xTaskGetCurrentTaskHandle
                0x00000fc0                xTaskResumeAll
                0x00001620                vTaskStartScheduler
                0x00000aa0                vTaskMissedYield
                0x0000123c                vTaskDelay
                0x00000a8c                vTaskSetTimeOutState
 .text          0x00001674      0x140 C:\Documents and Settings\nlv14991\My Documents\lpcxpresso_3.5\workspace\FreeRTOS_Library\Debug\libFreeRTOS_Library.a(heap_2.o)
                0x00001674                xPortGetFreeHeapSize
                0x00001684                vPortFree
                0x000016c0                pvPortMalloc
                0x00001680                vPortInitialiseBlocks
 .text          0x000017b4      0x154 C:\Documents and Settings\nlv14991\My Documents\lpcxpresso_3.5\workspace\FreeRTOS_Library\Debug\libFreeRTOS_Library.a(port.o)
                0x00001834                vPortExitCritical
                0x0000188c                xPortStartScheduler
                0x000018dc                xPortSysTickHandler
                0x00001850                xPortPendSVHandler
                0x00001804                vPortEndScheduler
                0x000017f8                vPortStartFirstTask
                0x000017d8                vPortSVCHandler
                0x00001808                vPortYieldFromISR
                0x000017b4                pxPortInitialiseStack
                0x00001818                vPortEnterCritical
 .text          0x00001908       0x54 C:\Documents and Settings\nlv14991\My Documents\lpcxpresso_3.5\workspace\FreeRTOS_Library\Debug\libFreeRTOS_Library.a(basic_io.o)
                0x00001938                vPrintString
                0x00001908                vPrintStringAndNumber
 .text          0x0000195c       0x18 C:\Documents and Settings\nlv14991\My Documents\lpcxpresso_3.5\workspace\FreeRTOS_Library\Debug\libFreeRTOS_Library.a(consoleprint.o)
                0x0000195c                consoleprint
 .text          0x00001974       0xa8 C:\Documents and Settings\nlv14991\My Documents\lpcxpresso_3.5\workspace\FreeRTOS_Library\Debug\libFreeRTOS_Library.a(list.o)
                0x00001994                vListInsertEnd
                0x000019f4                vListRemove
                0x0000198c                vListInitialiseItem
                0x00001974                vListInitialise
                0x000019b4                vListInsert
 .text          0x00001a1c       0x20 c:/nxp/lpcxpresso_3.5/tools/bin/../lib/gcc/arm-none-eabi/4.3.3/../../../../arm-none-eabi/lib/thumb2\libcr_semihost.a(cr__write.o)
                0x00001a1c                __write
 .text.fp_round
                0x00001a3c       0x68 c:/nxp/lpcxpresso_3.5/tools/bin/../lib/gcc/arm-none-eabi/4.3.3/../../../../arm-none-eabi/lib/thumb2\libcr_c.a(fpprintf.o)
 .text.sprintf  0x00001aa4       0x70 c:/nxp/lpcxpresso_3.5/tools/bin/../lib/gcc/arm-none-eabi/4.3.3/../../../../arm-none-eabi/lib/thumb2\libcr_c.a(fpprintf.o)
                0x00001aa4                sprintf
 *fill*         0x00001b14        0x4 00
 .text.fp_display
                0x00001b18      0xc68 c:/nxp/lpcxpresso_3.5/tools/bin/../lib/gcc/arm-none-eabi/4.3.3/../../../../arm-none-eabi/lib/thumb2\libcr_c.a(fpprintf.o)
 .text.memcmp   0x00002780       0x4c c:/nxp/lpcxpresso_3.5/tools/bin/../lib/gcc/arm-none-eabi/4.3.3/../../../../arm-none-eabi/lib/thumb2\libcr_c.a(memcmp.o)
                0x00002780                memcmp
 .text.memcpy   0x000027cc       0x3c c:/nxp/lpcxpresso_3.5/tools/bin/../lib/gcc/arm-none-eabi/4.3.3/../../../../arm-none-eabi/lib/thumb2\libcr_c.a(memcpy.o)
                0x000027cc                memcpy
 .text.memset   0x00002808       0x50 c:/nxp/lpcxpresso_3.5/tools/bin/../lib/gcc/arm-none-eabi/4.3.3/../../../../arm-none-eabi/lib/thumb2\libcr_c.a(memset.o)
                0x00002808                memset
 .text.__vfprintf
                0x00002858     0x10fc c:/nxp/lpcxpresso_3.5/tools/bin/../lib/gcc/arm-none-eabi/4.3.3/../../../../arm-none-eabi/lib/thumb2\libcr_c.a(printf.o)
                0x00002858                __vfprintf
 .text.strcpy   0x00003954       0x60 c:/nxp/lpcxpresso_3.5/tools/bin/../lib/gcc/arm-none-eabi/4.3.3/../../../../arm-none-eabi/lib/thumb2\libcr_c.a(strcpy.o)
                0x00003954                strcpy
 .text.strlen   0x000039b4       0x58 c:/nxp/lpcxpresso_3.5/tools/bin/../lib/gcc/arm-none-eabi/4.3.3/../../../../arm-none-eabi/lib/thumb2\libcr_c.a(strlen.o)
                0x000039b4                strlen
 .text.strncpy  0x00003a0c       0x78 c:/nxp/lpcxpresso_3.5/tools/bin/../lib/gcc/arm-none-eabi/4.3.3/../../../../arm-none-eabi/lib/thumb2\libcr_c.a(strncpy.o)
                0x00003a0c                strncpy
 .text._deferredlazyseek
                0x00003a84       0x44 c:/nxp/lpcxpresso_3.5/tools/bin/../lib/gcc/arm-none-eabi/4.3.3/../../../../arm-none-eabi/lib/thumb2\libcr_c.a(_deferredlazyseek.o)
                0x00003a84                _deferredlazyseek
 .text.__flsbuf
                0x00003ac8      0x19c c:/nxp/lpcxpresso_3.5/tools/bin/../lib/gcc/arm-none-eabi/4.3.3/../../../../arm-none-eabi/lib/thumb2\libcr_c.a(_deferredlazyseek.o)
                0x00003ac8                __flsbuf
 .text._fflush  0x00003c64       0x60 c:/nxp/lpcxpresso_3.5/tools/bin/../lib/gcc/arm-none-eabi/4.3.3/../../../../arm-none-eabi/lib/thumb2\libcr_c.a(_fflush.o)
                0x00003c64                _fflush
 .text._frexpl  0x00003cc4       0x54 c:/nxp/lpcxpresso_3.5/tools/bin/../lib/gcc/arm-none-eabi/4.3.3/../../../../arm-none-eabi/lib/thumb2\libcr_c.a(_frexpl.o)
                0x00003cc4                _frexpl
 .text._ldexpl  0x00003d18       0x50 c:/nxp/lpcxpresso_3.5/tools/bin/../lib/gcc/arm-none-eabi/4.3.3/../../../../arm-none-eabi/lib/thumb2\libcr_c.a(_ldexpl.o)
                0x00003d18                _ldexpl
 .text._Cwritebuf
                0x00003d68       0xa0 c:/nxp/lpcxpresso_3.5/tools/bin/../lib/gcc/arm-none-eabi/4.3.3/../../../../arm-none-eabi/lib/thumb2\libcr_c.a(_writebuf.o)
                0x00003d68                _Cwritebuf
 .text.free     0x00003e08        0xc c:/nxp/lpcxpresso_3.5/tools/bin/../lib/gcc/arm-none-eabi/4.3.3/../../../../arm-none-eabi/lib/thumb2\libcr_c.a(alloc.o)
                0x00003e08                free
 .text.malloc   0x00003e14       0xe8 c:/nxp/lpcxpresso_3.5/tools/bin/../lib/gcc/arm-none-eabi/4.3.3/../../../../arm-none-eabi/lib/thumb2\libcr_c.a(alloc.o)
                0x00003e14                malloc
 .text._Csys_alloc
                0x00003efc       0x30 c:/nxp/lpcxpresso_3.5/tools/bin/../lib/gcc/arm-none-eabi/4.3.3/../../../../arm-none-eabi/lib/thumb2\libcr_c.a(alloc.o)
                0x00003efc                _Csys_alloc
 .text.calloc   0x00003f2c       0x68 c:/nxp/lpcxpresso_3.5/tools/bin/../lib/gcc/arm-none-eabi/4.3.3/../../../../arm-none-eabi/lib/thumb2\libcr_c.a(alloc.o)
                0x00003f2c                calloc
 .text          0x00003f94      0x36c c:/nxp/lpcxpresso_3.5/tools/bin/../lib/gcc/arm-none-eabi/4.3.3/../../../../arm-none-eabi/lib/thumb2\libcr_c.a(ctype.o)
                0x00003f94                _start_module_ctype
                0x00004068                islower
                0x00004158                tolower
                0x000040b8                ispunct
                0x000040e0                isspace
                0x000042f4                _end_module_ctype
                0x00004130                isxdigit
                0x00004270                _ctype_init
                0x00004108                isupper
                0x00003fc8                isalpha
                0x00004040                isgraph
                0x00003fa0                isalnum
                0x00004090                isprint
                0x000041d0                _set_ctype_8859
                0x00004018                isdigit
                0x00003ff0                iscntrl
                0x00004194                toupper
 .text._Csysdie
                0x00004300       0x3c c:/nxp/lpcxpresso_3.5/tools/bin/../lib/gcc/arm-none-eabi/4.3.3/../../../../arm-none-eabi/lib/thumb2\libcr_c.a(error.o)
                0x00004300                _Csysdie
 .text.fseek    0x0000433c      0x110 c:/nxp/lpcxpresso_3.5/tools/bin/../lib/gcc/arm-none-eabi/4.3.3/../../../../arm-none-eabi/lib/thumb2\libcr_c.a(fseek.o)
                0x0000433c                fseek
 .text.ftell    0x0000444c       0x54 c:/nxp/lpcxpresso_3.5/tools/bin/../lib/gcc/arm-none-eabi/4.3.3/../../../../arm-none-eabi/lib/thumb2\libcr_c.a(ftell.o)
                0x0000444c                ftell
 .text._exit_init
                0x000044a0       0x10 c:/nxp/lpcxpresso_3.5/tools/bin/../lib/gcc/arm-none-eabi/4.3.3/../../../../arm-none-eabi/lib/thumb2\libcr_c.a(stdlib.o)
                0x000044a0                _exit_init
 .text.exit     0x000044b0       0x38 c:/nxp/lpcxpresso_3.5/tools/bin/../lib/gcc/arm-none-eabi/4.3.3/../../../../arm-none-eabi/lib/thumb2\libcr_c.a(stdlib.o)
                0x000044b0                exit
 .text._init_alloc
                0x000044e8       0x18 c:/nxp/lpcxpresso_3.5/tools/bin/../lib/gcc/arm-none-eabi/4.3.3/../../../../arm-none-eabi/lib/thumb2\libcr_c.a(__init_alloc.o)
                0x000044e8                _init_alloc
 .text._terminateio
                0x00004500       0x44 c:/nxp/lpcxpresso_3.5/tools/bin/../lib/gcc/arm-none-eabi/4.3.3/../../../../arm-none-eabi/lib/thumb2\libcr_c.a(initio.o)
                0x00004500                _terminateio
 .text._initio  0x00004544       0xc0 c:/nxp/lpcxpresso_3.5/tools/bin/../lib/gcc/arm-none-eabi/4.3.3/../../../../arm-none-eabi/lib/thumb2\libcr_c.a(initio.o)
                0x00004544                _initio
 .text.setvbuf  0x00004604       0x50 c:/nxp/lpcxpresso_3.5/tools/bin/../lib/gcc/arm-none-eabi/4.3.3/../../../../arm-none-eabi/lib/thumb2\libcr_c.a(setvbuf.o)
                0x00004604                setvbuf
 .text._fdopen  0x00004654       0x70 c:/nxp/lpcxpresso_3.5/tools/bin/../lib/gcc/arm-none-eabi/4.3.3/../../../../arm-none-eabi/lib/thumb2\libcr_c.a(_fdopen.o)
                0x00004654                _fdopen
 .text.fclose   0x000046c4       0x80 c:/nxp/lpcxpresso_3.5/tools/bin/../lib/gcc/arm-none-eabi/4.3.3/../../../../arm-none-eabi/lib/thumb2\libcr_c.a(fclose.o)
                0x000046c4                fclose
 .text.fflush   0x00004744       0x34 c:/nxp/lpcxpresso_3.5/tools/bin/../lib/gcc/arm-none-eabi/4.3.3/../../../../arm-none-eabi/lib/thumb2\libcr_c.a(fflush.o)
                0x00004744                fflush
 .text.remove   0x00004778        0xc c:/nxp/lpcxpresso_3.5/tools/bin/../lib/gcc/arm-none-eabi/4.3.3/../../../../arm-none-eabi/lib/thumb2\libcr_c.a(remove.o)
                0x00004778                remove
 .text._do_fflush
                0x00004784       0x48 c:/nxp/lpcxpresso_3.5/tools/bin/../lib/gcc/arm-none-eabi/4.3.3/../../../../arm-none-eabi/lib/thumb2\libcr_c.a(_do_fflush.o)
                0x00004784                _do_fflush
 .text.__aeabi_dmul
                0x000047cc      0x178 c:/nxp/lpcxpresso_3.5/tools/bin/../lib/gcc/arm-none-eabi/4.3.3/thumb2\libcr_eabihelpers.a(double.o)
                0x000047cc                __aeabi_dmul
 .text.__aeabi_ddiv
                0x00004944      0x20c c:/nxp/lpcxpresso_3.5/tools/bin/../lib/gcc/arm-none-eabi/4.3.3/thumb2\libcr_eabihelpers.a(double.o)
                0x00004944                __aeabi_ddiv
 .text.__aeabi_dsub
                0x00004b50      0x230 c:/nxp/lpcxpresso_3.5/tools/bin/../lib/gcc/arm-none-eabi/4.3.3/thumb2\libcr_eabihelpers.a(double.o)
                0x00004b50                __aeabi_dsub
 .text.__aeabi_dadd
                0x00004d80      0x160 c:/nxp/lpcxpresso_3.5/tools/bin/../lib/gcc/arm-none-eabi/4.3.3/thumb2\libcr_eabihelpers.a(double.o)
                0x00004d80                __aeabi_dadd
 .text.__aeabi_d2iz
                0x00004ee0       0x50 c:/nxp/lpcxpresso_3.5/tools/bin/../lib/gcc/arm-none-eabi/4.3.3/thumb2\libcr_eabihelpers.a(double.o)
                0x00004ee0                __aeabi_d2iz
 .text.__aeabi_dcmpeq
                0x00004f30       0x4c c:/nxp/lpcxpresso_3.5/tools/bin/../lib/gcc/arm-none-eabi/4.3.3/thumb2\libcr_eabihelpers.a(double.o)
                0x00004f30                __aeabi_dcmpeq
 .text.__aeabi_dcmplt
                0x00004f7c       0x74 c:/nxp/lpcxpresso_3.5/tools/bin/../lib/gcc/arm-none-eabi/4.3.3/thumb2\libcr_eabihelpers.a(double.o)
                0x00004f7c                __aeabi_dcmplt
 .text.__aeabi_dcmple
                0x00004ff0       0x7c c:/nxp/lpcxpresso_3.5/tools/bin/../lib/gcc/arm-none-eabi/4.3.3/thumb2\libcr_eabihelpers.a(double.o)
                0x00004ff0                __aeabi_dcmple
 .text.__aeabi_dcmpge
                0x0000506c       0x80 c:/nxp/lpcxpresso_3.5/tools/bin/../lib/gcc/arm-none-eabi/4.3.3/thumb2\libcr_eabihelpers.a(double.o)
                0x0000506c                __aeabi_dcmpge
 .text.__aeabi_i2d
                0x000050ec       0x50 c:/nxp/lpcxpresso_3.5/tools/bin/../lib/gcc/arm-none-eabi/4.3.3/thumb2\libcr_eabihelpers.a(double.o)
                0x000050ec                __aeabi_i2d
 .text          0x0000513c       0x54 c:/nxp/lpcxpresso_3.5/tools/bin/../lib/gcc/arm-none-eabi/4.3.3/../../../../arm-none-eabi/lib/thumb2\libcr_semihost.a(_cr__main.o)
                0x0000513c                __main
 .text          0x00005190       0x24 c:/nxp/lpcxpresso_3.5/tools/bin/../lib/gcc/arm-none-eabi/4.3.3/../../../../arm-none-eabi/lib/thumb2\libcr_semihost.a(_cr_sbrk.o)
                0x00005190                _sbrk
 .text          0x000051b4      0x13c c:/nxp/lpcxpresso_3.5/tools/bin/../lib/gcc/arm-none-eabi/4.3.3/../../../../arm-none-eabi/lib/thumb2\libcr_semihost.a(cr_sys.o)
                0x00005218                _Csys_read_
                0x00005280                _Csyscall2
                0x000051b4                _Csyscall0
                0x000051d8                _Csys_tmpnam_
                0x000051d0                _Csys_open
                0x00005238                _Csyscall3
                0x000052a0                _Csyscall1
 .text          0x000052f0       0x14 c:/nxp/lpcxpresso_3.5/tools/bin/../lib/gcc/arm-none-eabi/4.3.3/../../../../arm-none-eabi/lib/thumb2\libcr_semihost.a(cr__close.o)
                0x000052f0                __close
 .text          0x00005304       0x10 c:/nxp/lpcxpresso_3.5/tools/bin/../lib/gcc/arm-none-eabi/4.3.3/../../../../arm-none-eabi/lib/thumb2\libcr_semihost.a(cr__exit.o)
                0x00005304                __exit
 .text          0x00005314       0x24 c:/nxp/lpcxpresso_3.5/tools/bin/../lib/gcc/arm-none-eabi/4.3.3/../../../../arm-none-eabi/lib/thumb2\libcr_semihost.a(cr__open.o)
                0x00005314                __open
 .text          0x00005338       0x24 c:/nxp/lpcxpresso_3.5/tools/bin/../lib/gcc/arm-none-eabi/4.3.3/../../../../arm-none-eabi/lib/thumb2\libcr_semihost.a(cr__read.o)
                0x00005338                __read
 .text          0x0000535c       0x10 c:/nxp/lpcxpresso_3.5/tools/bin/../lib/gcc/arm-none-eabi/4.3.3/../../../../arm-none-eabi/lib/thumb2\libcr_semihost.a(cr__readc.o)
                0x0000535c                __readc
 .text          0x0000536c       0x20 c:/nxp/lpcxpresso_3.5/tools/bin/../lib/gcc/arm-none-eabi/4.3.3/../../../../arm-none-eabi/lib/thumb2\libcr_semihost.a(cr__unlink.o)
                0x0000536c                __unlink
 *fill*         0x0000538c        0x4 00
 .text          0x00005390       0x40 c:/nxp/lpcxpresso_3.5/tools/bin/../lib/gcc/arm-none-eabi/4.3.3/../../../../arm-none-eabi/lib/thumb2\libcr_semihost.a(cr_stubs.o)
                0x000053b4                _stub_istty
                0x000053a8                _stub_clock
                0x00005390                _stub_read
                0x0000539c                _stub_tmpnam
                0x000053c2                _stub_seek
                0x000053ae                _stub_time
 *(.rodata*)
 .rodata        0x000053d0       0xac ./main.o
 .rodata        0x0000547c       0x14 C:\Documents and Settings\nlv14991\My Documents\lpcxpresso_3.5\workspace\FreeRTOS_Library\Debug\libFreeRTOS_Library.a(tasks.o)
 .rodata.str1.4
                0x00005490        0x5 C:\Documents and Settings\nlv14991\My Documents\lpcxpresso_3.5\workspace\FreeRTOS_Library\Debug\libFreeRTOS_Library.a(tasks.o)
                                  0x8 (size before relaxing)
 *fill*         0x00005495        0x3 00
 .rodata.str1.4
                0x00005498        0x8 C:\Documents and Settings\nlv14991\My Documents\lpcxpresso_3.5\workspace\FreeRTOS_Library\Debug\libFreeRTOS_Library.a(basic_io.o)
 .rodata.str1.4
                0x000054a0       0x43 c:/nxp/lpcxpresso_3.5/tools/bin/../lib/gcc/arm-none-eabi/4.3.3/../../../../arm-none-eabi/lib/thumb2\libcr_c.a(fpprintf.o)
                                 0x48 (size before relaxing)
 *fill*         0x000054e3        0x1 00
 .rodata.str1.4
                0x000054e4       0x3a c:/nxp/lpcxpresso_3.5/tools/bin/../lib/gcc/arm-none-eabi/4.3.3/../../../../arm-none-eabi/lib/thumb2\libcr_c.a(printf.o)
                                 0x4c (size before relaxing)
 *fill*         0x0000551e        0x2 00
 .rodata.str1.4
                0x00005520       0x63 c:/nxp/lpcxpresso_3.5/tools/bin/../lib/gcc/arm-none-eabi/4.3.3/../../../../arm-none-eabi/lib/thumb2\libcr_c.a(alloc.o)
                                 0x64 (size before relaxing)
 *fill*         0x00005583        0x1 00
 .rodata.str1.4
                0x00005584      0x109 c:/nxp/lpcxpresso_3.5/tools/bin/../lib/gcc/arm-none-eabi/4.3.3/../../../../arm-none-eabi/lib/thumb2\libcr_c.a(error.o)
                                0x110 (size before relaxing)
 *fill*         0x0000568d        0x3 00
 .rodata.__huge_vall
                0x00005690        0x8 c:/nxp/lpcxpresso_3.5/tools/bin/../lib/gcc/arm-none-eabi/4.3.3/../../../../arm-none-eabi/lib/thumb2\libcr_c.a(_hugeval.o)
                0x00005690                __huge_vall
 .rodata.str1.4
                0x00005698        0x8 c:/nxp/lpcxpresso_3.5/tools/bin/../lib/gcc/arm-none-eabi/4.3.3/../../../../arm-none-eabi/lib/thumb2\libcr_c.a(initio.o)
 .rodata.str1.1
                0x000056a0        0xc c:/nxp/lpcxpresso_3.5/tools/bin/../lib/gcc/arm-none-eabi/4.3.3/../../../../arm-none-eabi/lib/thumb2\libcr_semihost.a(cr_sys.o)

.glue_7         0x000056ac        0x0
 .glue_7        0x00000000        0x0 linker stubs

.glue_7t        0x000056ac        0x0
 .glue_7t       0x00000000        0x0 linker stubs

.vfp11_veneer   0x000056ac        0x0
 .vfp11_veneer  0x00000000        0x0 linker stubs

.v4_bx          0x000056ac        0x0
 .v4_bx         0x00000000        0x0 linker stubs

.ARM.extab
 *(.ARM.extab* .gnu.linkonce.armextab.*)
                0x000056ac                __exidx_start = .

.ARM.exidx
 *(.ARM.exidx* .gnu.linkonce.armexidx.*)
                0x000056ac                __exidx_end = .
                0x000056ac                _etext = .

.data           0x10000000      0x208 load address 0x000056ac
                0x10000000                _data = .
 *(vtable)
 *(.data*)
 .data          0x10000000        0x4 C:\Documents and Settings\nlv14991\My Documents\lpcxpresso_3.5\workspace\FreeRTOS_Library\Debug\libFreeRTOS_Library.a(port.o)
 .data          0x10000004      0x204 c:/nxp/lpcxpresso_3.5/tools/bin/../lib/gcc/arm-none-eabi/4.3.3/../../../../arm-none-eabi/lib/thumb2\libcr_c.a(ctype.o)
                0x10000004                __ctype
                0x10000208                _edata = .

.bss            0x10000208     0x2cac load address 0x000058b4
                0x10000208                _bss = .
 *(.bss*)
 .bss           0x10000208      0x100 C:\Documents and Settings\nlv14991\My Documents\lpcxpresso_3.5\workspace\FreeRTOS_Library\Debug\libFreeRTOS_Library.a(tasks.o)
                0x10000244                pxCurrentTCB
 .bss           0x10000308     0x2818 C:\Documents and Settings\nlv14991\My Documents\lpcxpresso_3.5\workspace\FreeRTOS_Library\Debug\libFreeRTOS_Library.a(heap_2.o)
 .bss           0x10002b20       0x32 C:\Documents and Settings\nlv14991\My Documents\lpcxpresso_3.5\workspace\FreeRTOS_Library\Debug\libFreeRTOS_Library.a(basic_io.o)
 .bss.sys_message
                0x10002b52       0x3c c:/nxp/lpcxpresso_3.5/tools/bin/../lib/gcc/arm-none-eabi/4.3.3/../../../../arm-none-eabi/lib/thumb2\libcr_c.a(alloc.o)
 *fill*         0x10002b8e        0x2 00
 .bss           0x10002b90        0x4 c:/nxp/lpcxpresso_3.5/tools/bin/../lib/gcc/arm-none-eabi/4.3.3/../../../../arm-none-eabi/lib/thumb2\libcr_semihost.a(cr_sys.o)
 *(COMMON)
 COMMON         0x10002b94        0x4 ./main.o
                0x10002b94                xQueue
 COMMON         0x10002b98      0x280 c:/nxp/lpcxpresso_3.5/tools/bin/../lib/gcc/arm-none-eabi/4.3.3/../../../../arm-none-eabi/lib/thumb2\libcr_c.a(stdio.o)
                0x10002b98                __Ciob
 COMMON         0x10002e18       0x88 c:/nxp/lpcxpresso_3.5/tools/bin/../lib/gcc/arm-none-eabi/4.3.3/../../../../arm-none-eabi/lib/thumb2\libcr_c.a(stdlib.o)
                0x10002e18                _exitvector
                0x10002e9c                _number_of_exit_functions
 COMMON         0x10002ea0        0x8 c:/nxp/lpcxpresso_3.5/tools/bin/../lib/gcc/arm-none-eabi/4.3.3/../../../../arm-none-eabi/lib/thumb2\libcr_c.a(__init_alloc.o)
                0x10002ea0                __heaps
                0x10002ea4                __end_of_heap
 COMMON         0x10002ea8        0x4 c:/nxp/lpcxpresso_3.5/tools/bin/../lib/gcc/arm-none-eabi/4.3.3/../../../../arm-none-eabi/lib/thumb2\libcr_c.a(initio.o)
                0x10002ea8                _extra
 COMMON         0x10002eac        0x8 c:/nxp/lpcxpresso_3.5/tools/bin/../lib/gcc/arm-none-eabi/4.3.3/../../../../arm-none-eabi/lib/thumb2\libcr_semihost.a(_cr__main.o)
                0x10002eac                errno
                0x10002eb0                _error_recursion
                0x10002eb4                _ebss = .

.cr_heap        0x10002eb4        0x0 load address 0x000058b4
                0x10002eb4                end = .
                0x10002eb4                _pvHeapStart = .
                0x10008000                _vRamTop = __top_RamLoc32
                0x10008000                _vStackTop = (_vRamTop - 0x0)
OUTPUT(Example11.axf elf32-littlearm)

.debug_abbrev   0x00000000      0xbf7
 .debug_abbrev  0x00000000       0xdf ./cr_startup_lpc17.o
 .debug_abbrev  0x000000df      0x128 ./main.o
 .debug_abbrev  0x00000207       0xc6 C:\Documents and Settings\nlv14991\My Documents\lpcxpresso_3.5\workspace\CMSISv1p30_LPC17xx\Debug\libCMSISv1p30_LPC17xx.a(system_LPC17xx.o)
 .debug_abbrev  0x000002cd      0x1bf C:\Documents and Settings\nlv14991\My Documents\lpcxpresso_3.5\workspace\FreeRTOS_Library\Debug\libFreeRTOS_Library.a(queue.o)
 .debug_abbrev  0x0000048c      0x279 C:\Documents and Settings\nlv14991\My Documents\lpcxpresso_3.5\workspace\FreeRTOS_Library\Debug\libFreeRTOS_Library.a(tasks.o)
 .debug_abbrev  0x00000705      0x1a3 C:\Documents and Settings\nlv14991\My Documents\lpcxpresso_3.5\workspace\FreeRTOS_Library\Debug\libFreeRTOS_Library.a(heap_2.o)
 .debug_abbrev  0x000008a8      0x148 C:\Documents and Settings\nlv14991\My Documents\lpcxpresso_3.5\workspace\FreeRTOS_Library\Debug\libFreeRTOS_Library.a(port.o)
 .debug_abbrev  0x000009f0       0xa4 C:\Documents and Settings\nlv14991\My Documents\lpcxpresso_3.5\workspace\FreeRTOS_Library\Debug\libFreeRTOS_Library.a(basic_io.o)
 .debug_abbrev  0x00000a94       0x77 C:\Documents and Settings\nlv14991\My Documents\lpcxpresso_3.5\workspace\FreeRTOS_Library\Debug\libFreeRTOS_Library.a(consoleprint.o)
 .debug_abbrev  0x00000b0b       0xec C:\Documents and Settings\nlv14991\My Documents\lpcxpresso_3.5\workspace\FreeRTOS_Library\Debug\libFreeRTOS_Library.a(list.o)

.debug_info     0x00000000     0x260f
 .debug_info    0x00000000      0x1f4 ./cr_startup_lpc17.o
 .debug_info    0x000001f4      0x241 ./main.o
 .debug_info    0x00000435      0x334 C:\Documents and Settings\nlv14991\My Documents\lpcxpresso_3.5\workspace\CMSISv1p30_LPC17xx\Debug\libCMSISv1p30_LPC17xx.a(system_LPC17xx.o)
 .debug_info    0x00000769      0x7ee C:\Documents and Settings\nlv14991\My Documents\lpcxpresso_3.5\workspace\FreeRTOS_Library\Debug\libFreeRTOS_Library.a(queue.o)
 .debug_info    0x00000f57      0xd72 C:\Documents and Settings\nlv14991\My Documents\lpcxpresso_3.5\workspace\FreeRTOS_Library\Debug\libFreeRTOS_Library.a(tasks.o)
 .debug_info    0x00001cc9      0x2c6 C:\Documents and Settings\nlv14991\My Documents\lpcxpresso_3.5\workspace\FreeRTOS_Library\Debug\libFreeRTOS_Library.a(heap_2.o)
 .debug_info    0x00001f8f      0x202 C:\Documents and Settings\nlv14991\My Documents\lpcxpresso_3.5\workspace\FreeRTOS_Library\Debug\libFreeRTOS_Library.a(port.o)
 .debug_info    0x00002191      0x121 C:\Documents and Settings\nlv14991\My Documents\lpcxpresso_3.5\workspace\FreeRTOS_Library\Debug\libFreeRTOS_Library.a(basic_io.o)
 .debug_info    0x000022b2       0xa4 C:\Documents and Settings\nlv14991\My Documents\lpcxpresso_3.5\workspace\FreeRTOS_Library\Debug\libFreeRTOS_Library.a(consoleprint.o)
 .debug_info    0x00002356      0x2b9 C:\Documents and Settings\nlv14991\My Documents\lpcxpresso_3.5\workspace\FreeRTOS_Library\Debug\libFreeRTOS_Library.a(list.o)

.debug_line     0x00000000     0x2d47
 .debug_line    0x00000000      0x366 ./cr_startup_lpc17.o
 .debug_line    0x00000366      0x560 ./main.o
 .debug_line    0x000008c6      0x312 C:\Documents and Settings\nlv14991\My Documents\lpcxpresso_3.5\workspace\CMSISv1p30_LPC17xx\Debug\libCMSISv1p30_LPC17xx.a(system_LPC17xx.o)
 .debug_line    0x00000bd8      0x5d5 C:\Documents and Settings\nlv14991\My Documents\lpcxpresso_3.5\workspace\FreeRTOS_Library\Debug\libFreeRTOS_Library.a(queue.o)
 .debug_line    0x000011ad      0x693 C:\Documents and Settings\nlv14991\My Documents\lpcxpresso_3.5\workspace\FreeRTOS_Library\Debug\libFreeRTOS_Library.a(tasks.o)
 .debug_line    0x00001840      0x4b3 C:\Documents and Settings\nlv14991\My Documents\lpcxpresso_3.5\workspace\FreeRTOS_Library\Debug\libFreeRTOS_Library.a(heap_2.o)
 .debug_line    0x00001cf3      0x4a8 C:\Documents and Settings\nlv14991\My Documents\lpcxpresso_3.5\workspace\FreeRTOS_Library\Debug\libFreeRTOS_Library.a(port.o)
 .debug_line    0x0000219b      0x4a4 C:\Documents and Settings\nlv14991\My Documents\lpcxpresso_3.5\workspace\FreeRTOS_Library\Debug\libFreeRTOS_Library.a(basic_io.o)
 .debug_line    0x0000263f      0x26c C:\Documents and Settings\nlv14991\My Documents\lpcxpresso_3.5\workspace\FreeRTOS_Library\Debug\libFreeRTOS_Library.a(consoleprint.o)
 .debug_line    0x000028ab      0x49c C:\Documents and Settings\nlv14991\My Documents\lpcxpresso_3.5\workspace\FreeRTOS_Library\Debug\libFreeRTOS_Library.a(list.o)

.debug_macinfo  0x00000000    0x4707c
 .debug_macinfo
                0x00000000     0x267e ./cr_startup_lpc17.o
 .debug_macinfo
                0x0000267e     0x8c31 ./main.o
 .debug_macinfo
                0x0000b2af     0x6dce C:\Documents and Settings\nlv14991\My Documents\lpcxpresso_3.5\workspace\CMSISv1p30_LPC17xx\Debug\libCMSISv1p30_LPC17xx.a(system_LPC17xx.o)
 .debug_macinfo
                0x0001207d     0x8e75 C:\Documents and Settings\nlv14991\My Documents\lpcxpresso_3.5\workspace\FreeRTOS_Library\Debug\libFreeRTOS_Library.a(queue.o)
 .debug_macinfo
                0x0001aef2     0x9148 C:\Documents and Settings\nlv14991\My Documents\lpcxpresso_3.5\workspace\FreeRTOS_Library\Debug\libFreeRTOS_Library.a(tasks.o)
 .debug_macinfo
                0x0002403a     0x8956 C:\Documents and Settings\nlv14991\My Documents\lpcxpresso_3.5\workspace\FreeRTOS_Library\Debug\libFreeRTOS_Library.a(heap_2.o)
 .debug_macinfo
                0x0002c990     0x8793 C:\Documents and Settings\nlv14991\My Documents\lpcxpresso_3.5\workspace\FreeRTOS_Library\Debug\libFreeRTOS_Library.a(port.o)
 .debug_macinfo
                0x00035123     0x87e0 C:\Documents and Settings\nlv14991\My Documents\lpcxpresso_3.5\workspace\FreeRTOS_Library\Debug\libFreeRTOS_Library.a(basic_io.o)
 .debug_macinfo
                0x0003d903     0x14fd C:\Documents and Settings\nlv14991\My Documents\lpcxpresso_3.5\workspace\FreeRTOS_Library\Debug\libFreeRTOS_Library.a(consoleprint.o)
 .debug_macinfo
                0x0003ee00     0x827c C:\Documents and Settings\nlv14991\My Documents\lpcxpresso_3.5\workspace\FreeRTOS_Library\Debug\libFreeRTOS_Library.a(list.o)

.debug_frame    0x00000000      0x890
 .debug_frame   0x00000000      0x120 ./cr_startup_lpc17.o
 .debug_frame   0x00000120       0xd4 ./main.o
 .debug_frame   0x000001f4       0x40 C:\Documents and Settings\nlv14991\My Documents\lpcxpresso_3.5\workspace\CMSISv1p30_LPC17xx\Debug\libCMSISv1p30_LPC17xx.a(system_LPC17xx.o)
 .debug_frame   0x00000234      0x198 C:\Documents and Settings\nlv14991\My Documents\lpcxpresso_3.5\workspace\FreeRTOS_Library\Debug\libFreeRTOS_Library.a(queue.o)
 .debug_frame   0x000003cc      0x2c0 C:\Documents and Settings\nlv14991\My Documents\lpcxpresso_3.5\workspace\FreeRTOS_Library\Debug\libFreeRTOS_Library.a(tasks.o)
 .debug_frame   0x0000068c       0x6c C:\Documents and Settings\nlv14991\My Documents\lpcxpresso_3.5\workspace\FreeRTOS_Library\Debug\libFreeRTOS_Library.a(heap_2.o)
 .debug_frame   0x000006f8       0xc0 C:\Documents and Settings\nlv14991\My Documents\lpcxpresso_3.5\workspace\FreeRTOS_Library\Debug\libFreeRTOS_Library.a(port.o)
 .debug_frame   0x000007b8       0x48 C:\Documents and Settings\nlv14991\My Documents\lpcxpresso_3.5\workspace\FreeRTOS_Library\Debug\libFreeRTOS_Library.a(basic_io.o)
 .debug_frame   0x00000800       0x28 C:\Documents and Settings\nlv14991\My Documents\lpcxpresso_3.5\workspace\FreeRTOS_Library\Debug\libFreeRTOS_Library.a(consoleprint.o)
 .debug_frame   0x00000828       0x68 C:\Documents and Settings\nlv14991\My Documents\lpcxpresso_3.5\workspace\FreeRTOS_Library\Debug\libFreeRTOS_Library.a(list.o)

.debug_loc      0x00000000     0x16f5
 .debug_loc     0x00000000      0x1e5 ./cr_startup_lpc17.o
 .debug_loc     0x000001e5      0x15d ./main.o
 .debug_loc     0x00000342       0x56 C:\Documents and Settings\nlv14991\My Documents\lpcxpresso_3.5\workspace\CMSISv1p30_LPC17xx\Debug\libCMSISv1p30_LPC17xx.a(system_LPC17xx.o)
 .debug_loc     0x00000398      0x6d5 C:\Documents and Settings\nlv14991\My Documents\lpcxpresso_3.5\workspace\FreeRTOS_Library\Debug\libFreeRTOS_Library.a(queue.o)
 .debug_loc     0x00000a6d      0x927 C:\Documents and Settings\nlv14991\My Documents\lpcxpresso_3.5\workspace\FreeRTOS_Library\Debug\libFreeRTOS_Library.a(tasks.o)
 .debug_loc     0x00001394      0x1c2 C:\Documents and Settings\nlv14991\My Documents\lpcxpresso_3.5\workspace\FreeRTOS_Library\Debug\libFreeRTOS_Library.a(heap_2.o)
 .debug_loc     0x00001556       0x6f C:\Documents and Settings\nlv14991\My Documents\lpcxpresso_3.5\workspace\FreeRTOS_Library\Debug\libFreeRTOS_Library.a(port.o)
 .debug_loc     0x000015c5       0x98 C:\Documents and Settings\nlv14991\My Documents\lpcxpresso_3.5\workspace\FreeRTOS_Library\Debug\libFreeRTOS_Library.a(basic_io.o)
 .debug_loc     0x0000165d       0x3d C:\Documents and Settings\nlv14991\My Documents\lpcxpresso_3.5\workspace\FreeRTOS_Library\Debug\libFreeRTOS_Library.a(consoleprint.o)
 .debug_loc     0x0000169a       0x5b C:\Documents and Settings\nlv14991\My Documents\lpcxpresso_3.5\workspace\FreeRTOS_Library\Debug\libFreeRTOS_Library.a(list.o)

.debug_pubnames
                0x00000000      0x7cf
 .debug_pubnames
                0x00000000       0xec ./cr_startup_lpc17.o
 .debug_pubnames
                0x000000ec       0x9b ./main.o
 .debug_pubnames
                0x00000187       0x4f C:\Documents and Settings\nlv14991\My Documents\lpcxpresso_3.5\workspace\CMSISv1p30_LPC17xx\Debug\libCMSISv1p30_LPC17xx.a(system_LPC17xx.o)
 .debug_pubnames
                0x000001d6      0x149 C:\Documents and Settings\nlv14991\My Documents\lpcxpresso_3.5\workspace\FreeRTOS_Library\Debug\libFreeRTOS_Library.a(queue.o)
 .debug_pubnames
                0x0000031f      0x26e C:\Documents and Settings\nlv14991\My Documents\lpcxpresso_3.5\workspace\FreeRTOS_Library\Debug\libFreeRTOS_Library.a(tasks.o)
 .debug_pubnames
                0x0000058d       0x64 C:\Documents and Settings\nlv14991\My Documents\lpcxpresso_3.5\workspace\FreeRTOS_Library\Debug\libFreeRTOS_Library.a(heap_2.o)
 .debug_pubnames
                0x000005f1      0x10d C:\Documents and Settings\nlv14991\My Documents\lpcxpresso_3.5\workspace\FreeRTOS_Library\Debug\libFreeRTOS_Library.a(port.o)
 .debug_pubnames
                0x000006fe       0x3d C:\Documents and Settings\nlv14991\My Documents\lpcxpresso_3.5\workspace\FreeRTOS_Library\Debug\libFreeRTOS_Library.a(basic_io.o)
 .debug_pubnames
                0x0000073b       0x23 C:\Documents and Settings\nlv14991\My Documents\lpcxpresso_3.5\workspace\FreeRTOS_Library\Debug\libFreeRTOS_Library.a(consoleprint.o)
 .debug_pubnames
                0x0000075e       0x71 C:\Documents and Settings\nlv14991\My Documents\lpcxpresso_3.5\workspace\FreeRTOS_Library\Debug\libFreeRTOS_Library.a(list.o)

.debug_aranges  0x00000000      0x1c8
 .debug_aranges
                0x00000000       0x70 ./cr_startup_lpc17.o
 .debug_aranges
                0x00000070       0x50 ./main.o
 .debug_aranges
                0x000000c0       0x28 C:\Documents and Settings\nlv14991\My Documents\lpcxpresso_3.5\workspace\CMSISv1p30_LPC17xx\Debug\libCMSISv1p30_LPC17xx.a(system_LPC17xx.o)
 .debug_aranges
                0x000000e8       0x20 C:\Documents and Settings\nlv14991\My Documents\lpcxpresso_3.5\workspace\FreeRTOS_Library\Debug\libFreeRTOS_Library.a(queue.o)
 .debug_aranges
                0x00000108       0x20 C:\Documents and Settings\nlv14991\My Documents\lpcxpresso_3.5\workspace\FreeRTOS_Library\Debug\libFreeRTOS_Library.a(tasks.o)
 .debug_aranges
                0x00000128       0x20 C:\Documents and Settings\nlv14991\My Documents\lpcxpresso_3.5\workspace\FreeRTOS_Library\Debug\libFreeRTOS_Library.a(heap_2.o)
 .debug_aranges
                0x00000148       0x20 C:\Documents and Settings\nlv14991\My Documents\lpcxpresso_3.5\workspace\FreeRTOS_Library\Debug\libFreeRTOS_Library.a(port.o)
 .debug_aranges
                0x00000168       0x20 C:\Documents and Settings\nlv14991\My Documents\lpcxpresso_3.5\workspace\FreeRTOS_Library\Debug\libFreeRTOS_Library.a(basic_io.o)
 .debug_aranges
                0x00000188       0x20 C:\Documents and Settings\nlv14991\My Documents\lpcxpresso_3.5\workspace\FreeRTOS_Library\Debug\libFreeRTOS_Library.a(consoleprint.o)
 .debug_aranges
                0x000001a8       0x20 C:\Documents and Settings\nlv14991\My Documents\lpcxpresso_3.5\workspace\FreeRTOS_Library\Debug\libFreeRTOS_Library.a(list.o)

.debug_ranges   0x00000000      0x120
 .debug_ranges  0x00000000       0x68 ./cr_startup_lpc17.o
 .debug_ranges  0x00000068       0x48 ./main.o
 .debug_ranges  0x000000b0       0x20 C:\Documents and Settings\nlv14991\My Documents\lpcxpresso_3.5\workspace\CMSISv1p30_LPC17xx\Debug\libCMSISv1p30_LPC17xx.a(system_LPC17xx.o)
 .debug_ranges  0x000000d0       0x50 C:\Documents and Settings\nlv14991\My Documents\lpcxpresso_3.5\workspace\FreeRTOS_Library\Debug\libFreeRTOS_Library.a(tasks.o)

.debug_str      0x00000000     0x127e
 .debug_str     0x00000000      0x1c0 ./cr_startup_lpc17.o
                                0x1f4 (size before relaxing)
 .debug_str     0x000001c0      0x121 ./main.o
                                0x225 (size before relaxing)
 .debug_str     0x000002e1      0x1d6 C:\Documents and Settings\nlv14991\My Documents\lpcxpresso_3.5\workspace\CMSISv1p30_LPC17xx\Debug\libCMSISv1p30_LPC17xx.a(system_LPC17xx.o)
                                0x268 (size before relaxing)
 .debug_str     0x000004b7      0x42a C:\Documents and Settings\nlv14991\My Documents\lpcxpresso_3.5\workspace\FreeRTOS_Library\Debug\libFreeRTOS_Library.a(queue.o)
                                0x50c (size before relaxing)
 .debug_str     0x000008e1      0x616 C:\Documents and Settings\nlv14991\My Documents\lpcxpresso_3.5\workspace\FreeRTOS_Library\Debug\libFreeRTOS_Library.a(tasks.o)
                                0x83d (size before relaxing)
 .debug_str     0x00000ef7      0x150 C:\Documents and Settings\nlv14991\My Documents\lpcxpresso_3.5\workspace\FreeRTOS_Library\Debug\libFreeRTOS_Library.a(heap_2.o)
                                0x25b (size before relaxing)
 .debug_str     0x00001047      0x11a C:\Documents and Settings\nlv14991\My Documents\lpcxpresso_3.5\workspace\FreeRTOS_Library\Debug\libFreeRTOS_Library.a(port.o)
                                0x244 (size before relaxing)
 .debug_str     0x00001161       0x54 C:\Documents and Settings\nlv14991\My Documents\lpcxpresso_3.5\workspace\FreeRTOS_Library\Debug\libFreeRTOS_Library.a(basic_io.o)
                                0x15d (size before relaxing)
 .debug_str     0x000011b5       0x37 C:\Documents and Settings\nlv14991\My Documents\lpcxpresso_3.5\workspace\FreeRTOS_Library\Debug\libFreeRTOS_Library.a(consoleprint.o)
                                 0xe5 (size before relaxing)
 .debug_str     0x000011ec       0x92 C:\Documents and Settings\nlv14991\My Documents\lpcxpresso_3.5\workspace\FreeRTOS_Library\Debug\libFreeRTOS_Library.a(list.o)
                                0x23f (size before relaxing)

.comment        0x00000000      0x8e7
 .comment       0x00000000       0x2b ./cr_startup_lpc17.o
 .comment       0x0000002b       0x2b ./main.o
 .comment       0x00000056       0x2b C:\Documents and Settings\nlv14991\My Documents\lpcxpresso_3.5\workspace\CMSISv1p30_LPC17xx\Debug\libCMSISv1p30_LPC17xx.a(system_LPC17xx.o)
 .comment       0x00000081       0x2b C:\Documents and Settings\nlv14991\My Documents\lpcxpresso_3.5\workspace\FreeRTOS_Library\Debug\libFreeRTOS_Library.a(queue.o)
 .comment       0x000000ac       0x2b C:\Documents and Settings\nlv14991\My Documents\lpcxpresso_3.5\workspace\FreeRTOS_Library\Debug\libFreeRTOS_Library.a(tasks.o)
 .comment       0x000000d7       0x2b C:\Documents and Settings\nlv14991\My Documents\lpcxpresso_3.5\workspace\FreeRTOS_Library\Debug\libFreeRTOS_Library.a(heap_2.o)
 .comment       0x00000102       0x2b C:\Documents and Settings\nlv14991\My Documents\lpcxpresso_3.5\workspace\FreeRTOS_Library\Debug\libFreeRTOS_Library.a(port.o)
 .comment       0x0000012d       0x2b C:\Documents and Settings\nlv14991\My Documents\lpcxpresso_3.5\workspace\FreeRTOS_Library\Debug\libFreeRTOS_Library.a(basic_io.o)
 .comment       0x00000158       0x2b C:\Documents and Settings\nlv14991\My Documents\lpcxpresso_3.5\workspace\FreeRTOS_Library\Debug\libFreeRTOS_Library.a(consoleprint.o)
 .comment       0x00000183       0x2b C:\Documents and Settings\nlv14991\My Documents\lpcxpresso_3.5\workspace\FreeRTOS_Library\Debug\libFreeRTOS_Library.a(list.o)
 .comment       0x000001ae       0x2b c:/nxp/lpcxpresso_3.5/tools/bin/../lib/gcc/arm-none-eabi/4.3.3/../../../../arm-none-eabi/lib/thumb2\libcr_semihost.a(cr__write.o)
 .comment       0x000001d9       0x2b c:/nxp/lpcxpresso_3.5/tools/bin/../lib/gcc/arm-none-eabi/4.3.3/../../../../arm-none-eabi/lib/thumb2\libcr_c.a(fpprintf.o)
 .comment       0x00000204       0x2b c:/nxp/lpcxpresso_3.5/tools/bin/../lib/gcc/arm-none-eabi/4.3.3/../../../../arm-none-eabi/lib/thumb2\libcr_c.a(memcmp.o)
 .comment       0x0000022f       0x2b c:/nxp/lpcxpresso_3.5/tools/bin/../lib/gcc/arm-none-eabi/4.3.3/../../../../arm-none-eabi/lib/thumb2\libcr_c.a(memcpy.o)
 .comment       0x0000025a       0x2b c:/nxp/lpcxpresso_3.5/tools/bin/../lib/gcc/arm-none-eabi/4.3.3/../../../../arm-none-eabi/lib/thumb2\libcr_c.a(memset.o)
 .comment       0x00000285       0x2b c:/nxp/lpcxpresso_3.5/tools/bin/../lib/gcc/arm-none-eabi/4.3.3/../../../../arm-none-eabi/lib/thumb2\libcr_c.a(printf.o)
 .comment       0x000002b0       0x2b c:/nxp/lpcxpresso_3.5/tools/bin/../lib/gcc/arm-none-eabi/4.3.3/../../../../arm-none-eabi/lib/thumb2\libcr_c.a(stdio.o)
 .comment       0x000002db       0x2b c:/nxp/lpcxpresso_3.5/tools/bin/../lib/gcc/arm-none-eabi/4.3.3/../../../../arm-none-eabi/lib/thumb2\libcr_c.a(strcpy.o)
 .comment       0x00000306       0x2b c:/nxp/lpcxpresso_3.5/tools/bin/../lib/gcc/arm-none-eabi/4.3.3/../../../../arm-none-eabi/lib/thumb2\libcr_c.a(strlen.o)
 .comment       0x00000331       0x2b c:/nxp/lpcxpresso_3.5/tools/bin/../lib/gcc/arm-none-eabi/4.3.3/../../../../arm-none-eabi/lib/thumb2\libcr_c.a(strncpy.o)
 .comment       0x0000035c       0x2b c:/nxp/lpcxpresso_3.5/tools/bin/../lib/gcc/arm-none-eabi/4.3.3/../../../../arm-none-eabi/lib/thumb2\libcr_c.a(__fillbuf.o)
 .comment       0x00000387       0x2b c:/nxp/lpcxpresso_3.5/tools/bin/../lib/gcc/arm-none-eabi/4.3.3/../../../../arm-none-eabi/lib/thumb2\libcr_c.a(_deferredlazyseek.o)
 .comment       0x000003b2       0x2b c:/nxp/lpcxpresso_3.5/tools/bin/../lib/gcc/arm-none-eabi/4.3.3/../../../../arm-none-eabi/lib/thumb2\libcr_c.a(_fflush.o)
 .comment       0x000003dd       0x2b c:/nxp/lpcxpresso_3.5/tools/bin/../lib/gcc/arm-none-eabi/4.3.3/../../../../arm-none-eabi/lib/thumb2\libcr_c.a(_frexpl.o)
 .comment       0x00000408       0x2b c:/nxp/lpcxpresso_3.5/tools/bin/../lib/gcc/arm-none-eabi/4.3.3/../../../../arm-none-eabi/lib/thumb2\libcr_c.a(_ldexpl.o)
 .comment       0x00000433       0x2b c:/nxp/lpcxpresso_3.5/tools/bin/../lib/gcc/arm-none-eabi/4.3.3/../../../../arm-none-eabi/lib/thumb2\libcr_c.a(_writebuf.o)
 .comment       0x0000045e       0x2b c:/nxp/lpcxpresso_3.5/tools/bin/../lib/gcc/arm-none-eabi/4.3.3/../../../../arm-none-eabi/lib/thumb2\libcr_c.a(alloc.o)
 .comment       0x00000489       0x2b c:/nxp/lpcxpresso_3.5/tools/bin/../lib/gcc/arm-none-eabi/4.3.3/../../../../arm-none-eabi/lib/thumb2\libcr_c.a(ctype.o)
 .comment       0x000004b4       0x2b c:/nxp/lpcxpresso_3.5/tools/bin/../lib/gcc/arm-none-eabi/4.3.3/../../../../arm-none-eabi/lib/thumb2\libcr_c.a(error.o)
 .comment       0x000004df       0x2b c:/nxp/lpcxpresso_3.5/tools/bin/../lib/gcc/arm-none-eabi/4.3.3/../../../../arm-none-eabi/lib/thumb2\libcr_c.a(fputs.o)
 .comment       0x0000050a       0x2b c:/nxp/lpcxpresso_3.5/tools/bin/../lib/gcc/arm-none-eabi/4.3.3/../../../../arm-none-eabi/lib/thumb2\libcr_c.a(fseek.o)
 .comment       0x00000535       0x2b c:/nxp/lpcxpresso_3.5/tools/bin/../lib/gcc/arm-none-eabi/4.3.3/../../../../arm-none-eabi/lib/thumb2\libcr_c.a(ftell.o)
 .comment       0x00000560       0x2b c:/nxp/lpcxpresso_3.5/tools/bin/../lib/gcc/arm-none-eabi/4.3.3/../../../../arm-none-eabi/lib/thumb2\libcr_c.a(stdlib.o)
 .comment       0x0000058b       0x2b c:/nxp/lpcxpresso_3.5/tools/bin/../lib/gcc/arm-none-eabi/4.3.3/../../../../arm-none-eabi/lib/thumb2\libcr_c.a(__init_alloc.o)
 .comment       0x000005b6       0x2b c:/nxp/lpcxpresso_3.5/tools/bin/../lib/gcc/arm-none-eabi/4.3.3/../../../../arm-none-eabi/lib/thumb2\libcr_c.a(_hugeval.o)
 .comment       0x000005e1       0x2b c:/nxp/lpcxpresso_3.5/tools/bin/../lib/gcc/arm-none-eabi/4.3.3/../../../../arm-none-eabi/lib/thumb2\libcr_c.a(initio.o)
 .comment       0x0000060c       0x2b c:/nxp/lpcxpresso_3.5/tools/bin/../lib/gcc/arm-none-eabi/4.3.3/../../../../arm-none-eabi/lib/thumb2\libcr_c.a(raise.o)
 .comment       0x00000637       0x2b c:/nxp/lpcxpresso_3.5/tools/bin/../lib/gcc/arm-none-eabi/4.3.3/../../../../arm-none-eabi/lib/thumb2\libcr_c.a(setvbuf.o)
 .comment       0x00000662       0x2b c:/nxp/lpcxpresso_3.5/tools/bin/../lib/gcc/arm-none-eabi/4.3.3/../../../../arm-none-eabi/lib/thumb2\libcr_c.a(_fdopen.o)
 .comment       0x0000068d       0x2b c:/nxp/lpcxpresso_3.5/tools/bin/../lib/gcc/arm-none-eabi/4.3.3/../../../../arm-none-eabi/lib/thumb2\libcr_c.a(fclose.o)
 .comment       0x000006b8       0x2b c:/nxp/lpcxpresso_3.5/tools/bin/../lib/gcc/arm-none-eabi/4.3.3/../../../../arm-none-eabi/lib/thumb2\libcr_c.a(fflush.o)
 .comment       0x000006e3       0x2b c:/nxp/lpcxpresso_3.5/tools/bin/../lib/gcc/arm-none-eabi/4.3.3/../../../../arm-none-eabi/lib/thumb2\libcr_c.a(remove.o)
 .comment       0x0000070e       0x2b c:/nxp/lpcxpresso_3.5/tools/bin/../lib/gcc/arm-none-eabi/4.3.3/../../../../arm-none-eabi/lib/thumb2\libcr_c.a(_do_fflush.o)
 .comment       0x00000739       0x2b c:/nxp/lpcxpresso_3.5/tools/bin/../lib/gcc/arm-none-eabi/4.3.3/thumb2\libcr_eabihelpers.a(double.o)
 .comment       0x00000764       0x2b c:/nxp/lpcxpresso_3.5/tools/bin/../lib/gcc/arm-none-eabi/4.3.3/../../../../arm-none-eabi/lib/thumb2\libcr_semihost.a(_cr__main.o)
 .comment       0x0000078f       0x2b c:/nxp/lpcxpresso_3.5/tools/bin/../lib/gcc/arm-none-eabi/4.3.3/../../../../arm-none-eabi/lib/thumb2\libcr_semihost.a(_cr_sbrk.o)
 .comment       0x000007ba       0x2b c:/nxp/lpcxpresso_3.5/tools/bin/../lib/gcc/arm-none-eabi/4.3.3/../../../../arm-none-eabi/lib/thumb2\libcr_semihost.a(cr_sys.o)
 .comment       0x000007e5       0x2b c:/nxp/lpcxpresso_3.5/tools/bin/../lib/gcc/arm-none-eabi/4.3.3/../../../../arm-none-eabi/lib/thumb2\libcr_semihost.a(cr__close.o)
 .comment       0x00000810       0x2b c:/nxp/lpcxpresso_3.5/tools/bin/../lib/gcc/arm-none-eabi/4.3.3/../../../../arm-none-eabi/lib/thumb2\libcr_semihost.a(cr__exit.o)
 .comment       0x0000083b       0x2b c:/nxp/lpcxpresso_3.5/tools/bin/../lib/gcc/arm-none-eabi/4.3.3/../../../../arm-none-eabi/lib/thumb2\libcr_semihost.a(cr__open.o)
 .comment       0x00000866       0x2b c:/nxp/lpcxpresso_3.5/tools/bin/../lib/gcc/arm-none-eabi/4.3.3/../../../../arm-none-eabi/lib/thumb2\libcr_semihost.a(cr__read.o)
 .comment       0x00000891       0x2b c:/nxp/lpcxpresso_3.5/tools/bin/../lib/gcc/arm-none-eabi/4.3.3/../../../../arm-none-eabi/lib/thumb2\libcr_semihost.a(cr__readc.o)
 .comment       0x000008bc       0x2b c:/nxp/lpcxpresso_3.5/tools/bin/../lib/gcc/arm-none-eabi/4.3.3/../../../../arm-none-eabi/lib/thumb2\libcr_semihost.a(cr__unlink.o)

.ARM.attributes
                0x00000000       0x2f
 .ARM.attributes
                0x00000000       0x31 ./cr_startup_lpc17.o
 .ARM.attributes
                0x00000031       0x31 ./main.o
 .ARM.attributes
                0x00000062       0x31 C:\Documents and Settings\nlv14991\My Documents\lpcxpresso_3.5\workspace\CMSISv1p30_LPC17xx\Debug\libCMSISv1p30_LPC17xx.a(system_LPC17xx.o)
 .ARM.attributes
                0x00000093       0x31 C:\Documents and Settings\nlv14991\My Documents\lpcxpresso_3.5\workspace\FreeRTOS_Library\Debug\libFreeRTOS_Library.a(queue.o)
 .ARM.attributes
                0x000000c4       0x31 C:\Documents and Settings\nlv14991\My Documents\lpcxpresso_3.5\workspace\FreeRTOS_Library\Debug\libFreeRTOS_Library.a(tasks.o)
 .ARM.attributes
                0x000000f5       0x31 C:\Documents and Settings\nlv14991\My Documents\lpcxpresso_3.5\workspace\FreeRTOS_Library\Debug\libFreeRTOS_Library.a(heap_2.o)
 .ARM.attributes
                0x00000126       0x31 C:\Documents and Settings\nlv14991\My Documents\lpcxpresso_3.5\workspace\FreeRTOS_Library\Debug\libFreeRTOS_Library.a(port.o)
 .ARM.attributes
                0x00000157       0x31 C:\Documents and Settings\nlv14991\My Documents\lpcxpresso_3.5\workspace\FreeRTOS_Library\Debug\libFreeRTOS_Library.a(basic_io.o)
 .ARM.attributes
                0x00000188       0x31 C:\Documents and Settings\nlv14991\My Documents\lpcxpresso_3.5\workspace\FreeRTOS_Library\Debug\libFreeRTOS_Library.a(consoleprint.o)
 .ARM.attributes
                0x000001b9       0x31 C:\Documents and Settings\nlv14991\My Documents\lpcxpresso_3.5\workspace\FreeRTOS_Library\Debug\libFreeRTOS_Library.a(list.o)
 .ARM.attributes
                0x000001ea       0x31 c:/nxp/lpcxpresso_3.5/tools/bin/../lib/gcc/arm-none-eabi/4.3.3/../../../../arm-none-eabi/lib/thumb2\libcr_semihost.a(cr__write.o)
 .ARM.attributes
                0x0000021b       0x31 c:/nxp/lpcxpresso_3.5/tools/bin/../lib/gcc/arm-none-eabi/4.3.3/../../../../arm-none-eabi/lib/thumb2\libcr_c.a(fpprintf.o)
 .ARM.attributes
                0x0000024c       0x31 c:/nxp/lpcxpresso_3.5/tools/bin/../lib/gcc/arm-none-eabi/4.3.3/../../../../arm-none-eabi/lib/thumb2\libcr_c.a(memcmp.o)
 .ARM.attributes
                0x0000027d       0x31 c:/nxp/lpcxpresso_3.5/tools/bin/../lib/gcc/arm-none-eabi/4.3.3/../../../../arm-none-eabi/lib/thumb2\libcr_c.a(memcpy.o)
 .ARM.attributes
                0x000002ae       0x31 c:/nxp/lpcxpresso_3.5/tools/bin/../lib/gcc/arm-none-eabi/4.3.3/../../../../arm-none-eabi/lib/thumb2\libcr_c.a(memset.o)
 .ARM.attributes
                0x000002df       0x31 c:/nxp/lpcxpresso_3.5/tools/bin/../lib/gcc/arm-none-eabi/4.3.3/../../../../arm-none-eabi/lib/thumb2\libcr_c.a(printf.o)
 .ARM.attributes
                0x00000310       0x31 c:/nxp/lpcxpresso_3.5/tools/bin/../lib/gcc/arm-none-eabi/4.3.3/../../../../arm-none-eabi/lib/thumb2\libcr_c.a(stdio.o)
 .ARM.attributes
                0x00000341       0x31 c:/nxp/lpcxpresso_3.5/tools/bin/../lib/gcc/arm-none-eabi/4.3.3/../../../../arm-none-eabi/lib/thumb2\libcr_c.a(strcpy.o)
 .ARM.attributes
                0x00000372       0x31 c:/nxp/lpcxpresso_3.5/tools/bin/../lib/gcc/arm-none-eabi/4.3.3/../../../../arm-none-eabi/lib/thumb2\libcr_c.a(strlen.o)
 .ARM.attributes
                0x000003a3       0x31 c:/nxp/lpcxpresso_3.5/tools/bin/../lib/gcc/arm-none-eabi/4.3.3/../../../../arm-none-eabi/lib/thumb2\libcr_c.a(strncpy.o)
 .ARM.attributes
                0x000003d4       0x31 c:/nxp/lpcxpresso_3.5/tools/bin/../lib/gcc/arm-none-eabi/4.3.3/../../../../arm-none-eabi/lib/thumb2\libcr_c.a(__fillbuf.o)
 .ARM.attributes
                0x00000405       0x31 c:/nxp/lpcxpresso_3.5/tools/bin/../lib/gcc/arm-none-eabi/4.3.3/../../../../arm-none-eabi/lib/thumb2\libcr_c.a(_deferredlazyseek.o)
 .ARM.attributes
                0x00000436       0x31 c:/nxp/lpcxpresso_3.5/tools/bin/../lib/gcc/arm-none-eabi/4.3.3/../../../../arm-none-eabi/lib/thumb2\libcr_c.a(_fflush.o)
 .ARM.attributes
                0x00000467       0x31 c:/nxp/lpcxpresso_3.5/tools/bin/../lib/gcc/arm-none-eabi/4.3.3/../../../../arm-none-eabi/lib/thumb2\libcr_c.a(_frexpl.o)
 .ARM.attributes
                0x00000498       0x31 c:/nxp/lpcxpresso_3.5/tools/bin/../lib/gcc/arm-none-eabi/4.3.3/../../../../arm-none-eabi/lib/thumb2\libcr_c.a(_ldexpl.o)
 .ARM.attributes
                0x000004c9       0x31 c:/nxp/lpcxpresso_3.5/tools/bin/../lib/gcc/arm-none-eabi/4.3.3/../../../../arm-none-eabi/lib/thumb2\libcr_c.a(_writebuf.o)
 .ARM.attributes
                0x000004fa       0x31 c:/nxp/lpcxpresso_3.5/tools/bin/../lib/gcc/arm-none-eabi/4.3.3/../../../../arm-none-eabi/lib/thumb2\libcr_c.a(alloc.o)
 .ARM.attributes
                0x0000052b       0x31 c:/nxp/lpcxpresso_3.5/tools/bin/../lib/gcc/arm-none-eabi/4.3.3/../../../../arm-none-eabi/lib/thumb2\libcr_c.a(ctype.o)
 .ARM.attributes
                0x0000055c       0x31 c:/nxp/lpcxpresso_3.5/tools/bin/../lib/gcc/arm-none-eabi/4.3.3/../../../../arm-none-eabi/lib/thumb2\libcr_c.a(error.o)
 .ARM.attributes
                0x0000058d       0x31 c:/nxp/lpcxpresso_3.5/tools/bin/../lib/gcc/arm-none-eabi/4.3.3/../../../../arm-none-eabi/lib/thumb2\libcr_c.a(fputs.o)
 .ARM.attributes
                0x000005be       0x31 c:/nxp/lpcxpresso_3.5/tools/bin/../lib/gcc/arm-none-eabi/4.3.3/../../../../arm-none-eabi/lib/thumb2\libcr_c.a(fseek.o)
 .ARM.attributes
                0x000005ef       0x31 c:/nxp/lpcxpresso_3.5/tools/bin/../lib/gcc/arm-none-eabi/4.3.3/../../../../arm-none-eabi/lib/thumb2\libcr_c.a(ftell.o)
 .ARM.attributes
                0x00000620       0x31 c:/nxp/lpcxpresso_3.5/tools/bin/../lib/gcc/arm-none-eabi/4.3.3/../../../../arm-none-eabi/lib/thumb2\libcr_c.a(stdlib.o)
 .ARM.attributes
                0x00000651       0x31 c:/nxp/lpcxpresso_3.5/tools/bin/../lib/gcc/arm-none-eabi/4.3.3/../../../../arm-none-eabi/lib/thumb2\libcr_c.a(__init_alloc.o)
 .ARM.attributes
                0x00000682       0x31 c:/nxp/lpcxpresso_3.5/tools/bin/../lib/gcc/arm-none-eabi/4.3.3/../../../../arm-none-eabi/lib/thumb2\libcr_c.a(_hugeval.o)
 .ARM.attributes
                0x000006b3       0x31 c:/nxp/lpcxpresso_3.5/tools/bin/../lib/gcc/arm-none-eabi/4.3.3/../../../../arm-none-eabi/lib/thumb2\libcr_c.a(initio.o)
 .ARM.attributes
                0x000006e4       0x31 c:/nxp/lpcxpresso_3.5/tools/bin/../lib/gcc/arm-none-eabi/4.3.3/../../../../arm-none-eabi/lib/thumb2\libcr_c.a(raise.o)
 .ARM.attributes
                0x00000715       0x31 c:/nxp/lpcxpresso_3.5/tools/bin/../lib/gcc/arm-none-eabi/4.3.3/../../../../arm-none-eabi/lib/thumb2\libcr_c.a(setvbuf.o)
 .ARM.attributes
                0x00000746       0x31 c:/nxp/lpcxpresso_3.5/tools/bin/../lib/gcc/arm-none-eabi/4.3.3/../../../../arm-none-eabi/lib/thumb2\libcr_c.a(_fdopen.o)
 .ARM.attributes
                0x00000777       0x31 c:/nxp/lpcxpresso_3.5/tools/bin/../lib/gcc/arm-none-eabi/4.3.3/../../../../arm-none-eabi/lib/thumb2\libcr_c.a(fclose.o)
 .ARM.attributes
                0x000007a8       0x31 c:/nxp/lpcxpresso_3.5/tools/bin/../lib/gcc/arm-none-eabi/4.3.3/../../../../arm-none-eabi/lib/thumb2\libcr_c.a(fflush.o)
 .ARM.attributes
                0x000007d9       0x31 c:/nxp/lpcxpresso_3.5/tools/bin/../lib/gcc/arm-none-eabi/4.3.3/../../../../arm-none-eabi/lib/thumb2\libcr_c.a(remove.o)
 .ARM.attributes
                0x0000080a       0x31 c:/nxp/lpcxpresso_3.5/tools/bin/../lib/gcc/arm-none-eabi/4.3.3/../../../../arm-none-eabi/lib/thumb2\libcr_c.a(_do_fflush.o)
 .ARM.attributes
                0x0000083b       0x31 c:/nxp/lpcxpresso_3.5/tools/bin/../lib/gcc/arm-none-eabi/4.3.3/thumb2\libcr_eabihelpers.a(double.o)
 .ARM.attributes
                0x0000086c       0x31 c:/nxp/lpcxpresso_3.5/tools/bin/../lib/gcc/arm-none-eabi/4.3.3/../../../../arm-none-eabi/lib/thumb2\libcr_semihost.a(_cr__main.o)
 .ARM.attributes
                0x0000089d       0x31 c:/nxp/lpcxpresso_3.5/tools/bin/../lib/gcc/arm-none-eabi/4.3.3/../../../../arm-none-eabi/lib/thumb2\libcr_semihost.a(_cr_sbrk.o)
 .ARM.attributes
                0x000008ce       0x31 c:/nxp/lpcxpresso_3.5/tools/bin/../lib/gcc/arm-none-eabi/4.3.3/../../../../arm-none-eabi/lib/thumb2\libcr_semihost.a(cr_sys.o)
 .ARM.attributes
                0x000008ff       0x31 c:/nxp/lpcxpresso_3.5/tools/bin/../lib/gcc/arm-none-eabi/4.3.3/../../../../arm-none-eabi/lib/thumb2\libcr_semihost.a(cr__close.o)
 .ARM.attributes
                0x00000930       0x31 c:/nxp/lpcxpresso_3.5/tools/bin/../lib/gcc/arm-none-eabi/4.3.3/../../../../arm-none-eabi/lib/thumb2\libcr_semihost.a(cr__exit.o)
 .ARM.attributes
                0x00000961       0x31 c:/nxp/lpcxpresso_3.5/tools/bin/../lib/gcc/arm-none-eabi/4.3.3/../../../../arm-none-eabi/lib/thumb2\libcr_semihost.a(cr__open.o)
 .ARM.attributes
                0x00000992       0x31 c:/nxp/lpcxpresso_3.5/tools/bin/../lib/gcc/arm-none-eabi/4.3.3/../../../../arm-none-eabi/lib/thumb2\libcr_semihost.a(cr__read.o)
 .ARM.attributes
                0x000009c3       0x31 c:/nxp/lpcxpresso_3.5/tools/bin/../lib/gcc/arm-none-eabi/4.3.3/../../../../arm-none-eabi/lib/thumb2\libcr_semihost.a(cr__readc.o)
 .ARM.attributes
                0x000009f4       0x31 c:/nxp/lpcxpresso_3.5/tools/bin/../lib/gcc/arm-none-eabi/4.3.3/../../../../arm-none-eabi/lib/thumb2\libcr_semihost.a(cr__unlink.o)
 .ARM.attributes
                0x00000a25       0x21 c:/nxp/lpcxpresso_3.5/tools/bin/../lib/gcc/arm-none-eabi/4.3.3/../../../../arm-none-eabi/lib/thumb2\libcr_semihost.a(cr_stubs.o)
