Archive member included because of file (symbol)

/home/nlv14991/workspaceLPC/STE-LPC1768-/CMSISv1p30_LPC17xx/Debug/libCMSISv1p30_LPC17xx.a(system_LPC17xx.o)
                              ./cr_startup_lpc17.o (SystemInit)
/home/nlv14991/workspaceLPC/STE-LPC1768-/FreeRTOS_Library/Debug/libFreeRTOS_Library.a(queue.o)
                              ./webserver/uIP_Task.o (xQueueCreate)
/home/nlv14991/workspaceLPC/STE-LPC1768-/FreeRTOS_Library/Debug/libFreeRTOS_Library.a(tasks.o)
                              ./main.o (xTaskGenericCreate)
/home/nlv14991/workspaceLPC/STE-LPC1768-/FreeRTOS_Library/Debug/libFreeRTOS_Library.a(heap_2.o)
                              /home/nlv14991/workspaceLPC/STE-LPC1768-/FreeRTOS_Library/Debug/libFreeRTOS_Library.a(queue.o) (pvPortMalloc)
/home/nlv14991/workspaceLPC/STE-LPC1768-/FreeRTOS_Library/Debug/libFreeRTOS_Library.a(port.o)
                              /home/nlv14991/workspaceLPC/STE-LPC1768-/FreeRTOS_Library/Debug/libFreeRTOS_Library.a(tasks.o) (pxPortInitialiseStack)
/home/nlv14991/workspaceLPC/STE-LPC1768-/FreeRTOS_Library/Debug/libFreeRTOS_Library.a(list.o)
                              /home/nlv14991/workspaceLPC/STE-LPC1768-/FreeRTOS_Library/Debug/libFreeRTOS_Library.a(queue.o) (vListInitialise)
/usr/local/lpcxpresso_4.2.3_255/lpcxpresso/tools/bin/../lib/gcc/arm-none-eabi/4.5.1/../../../../arm-none-eabi/lib/thumb2/libcr_c.a(fpprintf.o)
                              ./cr_startup_lpc17.o (sprintf)
/usr/local/lpcxpresso_4.2.3_255/lpcxpresso/tools/bin/../lib/gcc/arm-none-eabi/4.5.1/../../../../arm-none-eabi/lib/thumb2/libcr_c.a(memcmp.o)
                              /home/nlv14991/workspaceLPC/STE-LPC1768-/FreeRTOS_Library/Debug/libFreeRTOS_Library.a(tasks.o) (memcmp)
/usr/local/lpcxpresso_4.2.3_255/lpcxpresso/tools/bin/../lib/gcc/arm-none-eabi/4.5.1/../../../../arm-none-eabi/lib/thumb2/libcr_c.a(printf.o)
                              /usr/local/lpcxpresso_4.2.3_255/lpcxpresso/tools/bin/../lib/gcc/arm-none-eabi/4.5.1/../../../../arm-none-eabi/lib/thumb2/libcr_c.a(fpprintf.o) (__vfprintf)
/usr/local/lpcxpresso_4.2.3_255/lpcxpresso/tools/bin/../lib/gcc/arm-none-eabi/4.5.1/../../../../arm-none-eabi/lib/thumb2/libcr_c.a(scanf.o)
                              ./webserver/uIP_Task.o (sscanf)
/usr/local/lpcxpresso_4.2.3_255/lpcxpresso/tools/bin/../lib/gcc/arm-none-eabi/4.5.1/../../../../arm-none-eabi/lib/thumb2/libcr_c.a(stdio.o)
                              /usr/local/lpcxpresso_4.2.3_255/lpcxpresso/tools/bin/../lib/gcc/arm-none-eabi/4.5.1/../../../../arm-none-eabi/lib/thumb2/libcr_c.a(fpprintf.o) (__Ciob)
/usr/local/lpcxpresso_4.2.3_255/lpcxpresso/tools/bin/../lib/gcc/arm-none-eabi/4.5.1/../../../../arm-none-eabi/lib/thumb2/libcr_c.a(strcat.o)
                              ./webserver/httpd-cgi.o (strcat)
/usr/local/lpcxpresso_4.2.3_255/lpcxpresso/tools/bin/../lib/gcc/arm-none-eabi/4.5.1/../../../../arm-none-eabi/lib/thumb2/libcr_c.a(strchr.o)
                              ./webserver/httpd-cgi.o (strchr)
/usr/local/lpcxpresso_4.2.3_255/lpcxpresso/tools/bin/../lib/gcc/arm-none-eabi/4.5.1/../../../../arm-none-eabi/lib/thumb2/libcr_c.a(strcmp.o)
                              ./uip_ftp/Connections.o (strcmp)
/usr/local/lpcxpresso_4.2.3_255/lpcxpresso/tools/bin/../lib/gcc/arm-none-eabi/4.5.1/../../../../arm-none-eabi/lib/thumb2/libcr_c.a(strcpy.o)
                              ./webserver/httpd.o (strcpy)
/usr/local/lpcxpresso_4.2.3_255/lpcxpresso/tools/bin/../lib/gcc/arm-none-eabi/4.5.1/../../../../arm-none-eabi/lib/thumb2/libcr_c.a(strlen.o)
                              ./cr_startup_lpc17.o (strlen)
/usr/local/lpcxpresso_4.2.3_255/lpcxpresso/tools/bin/../lib/gcc/arm-none-eabi/4.5.1/../../../../arm-none-eabi/lib/thumb2/libcr_c.a(strncmp.o)
                              ./webserver/httpd-cgi.o (strncmp)
/usr/local/lpcxpresso_4.2.3_255/lpcxpresso/tools/bin/../lib/gcc/arm-none-eabi/4.5.1/../../../../arm-none-eabi/lib/thumb2/libcr_c.a(strncpy.o)
                              ./webserver/httpd.o (strncpy)
/usr/local/lpcxpresso_4.2.3_255/lpcxpresso/tools/bin/../lib/gcc/arm-none-eabi/4.5.1/../../../../arm-none-eabi/lib/thumb2/libcr_c.a(strrchr.o)
                              ./webserver/httpd.o (strrchr)
/usr/local/lpcxpresso_4.2.3_255/lpcxpresso/tools/bin/../lib/gcc/arm-none-eabi/4.5.1/../../../../arm-none-eabi/lib/thumb2/libcr_c.a(strstr.o)
                              ./webserver/uIP_Task.o (strstr)
/usr/local/lpcxpresso_4.2.3_255/lpcxpresso/tools/bin/../lib/gcc/arm-none-eabi/4.5.1/../../../../arm-none-eabi/lib/thumb2/libcr_c.a(ungetc.o)
                              /usr/local/lpcxpresso_4.2.3_255/lpcxpresso/tools/bin/../lib/gcc/arm-none-eabi/4.5.1/../../../../arm-none-eabi/lib/thumb2/libcr_c.a(scanf.o) (ungetc)
/usr/local/lpcxpresso_4.2.3_255/lpcxpresso/tools/bin/../lib/gcc/arm-none-eabi/4.5.1/../../../../arm-none-eabi/lib/thumb2/libcr_c.a(memcpy.o)
                              ./webserver/httpd.o (memcpy)
[...]
Memory Configuration

Name             Origin             Length             Attributes
MFlash512        0x00000000         0x00080000         xr
RamLoc32         0x10000000         0x00008000         xrw
RamAHB32         0x2007c000         0x00008000         xrw
*default*        0x00000000         0xffffffff

Linker script and memory map

LOAD ./LedBlinky.o
LOAD ./cr_startup_lpc17.o
LOAD ./lcd_i2c.o
LOAD ./main.o
LOAD ./uart_fullmodem_test.o
LOAD ./webserver/emac.o
LOAD ./webserver/http-strings.o
LOAD ./webserver/httpd-cgi.o
LOAD ./webserver/httpd-fs.o
LOAD ./webserver/httpd.o
LOAD ./webserver/psock.o
LOAD ./webserver/timer.o
LOAD ./webserver/uIP_Task.o
LOAD ./webserver/uip.o
LOAD ./webserver/uip_arp.o
LOAD ./uip_ftp/Connections.o
LOAD ./uip_ftp/FTPD.o
LOAD ./uip_ftp/FTP_Strings.o
LOAD ./uip_ftp/ftp_main.o
LOAD ./driver_source/lpc17xx_adc.o
LOAD ./driver_source/lpc17xx_can.o
LOAD ./driver_source/lpc17xx_clkpwr.o
LOAD ./driver_source/lpc17xx_dac.o
LOAD ./driver_source/lpc17xx_emac.o
LOAD ./driver_source/lpc17xx_gpdma.o
LOAD ./driver_source/lpc17xx_gpio.o
LOAD ./driver_source/lpc17xx_i2c.o
LOAD ./driver_source/lpc17xx_i2s.o
LOAD ./driver_source/lpc17xx_libcfg_default.o
LOAD ./driver_source/lpc17xx_mcpwm.o
LOAD ./driver_source/lpc17xx_nvic.o
LOAD ./driver_source/lpc17xx_pinsel.o
LOAD ./driver_source/lpc17xx_pwm.o
LOAD ./driver_source/lpc17xx_qei.o
LOAD ./driver_source/lpc17xx_rit.o
LOAD ./driver_source/lpc17xx_rtc.o
LOAD ./driver_source/lpc17xx_sd.o
LOAD ./driver_source/lpc17xx_spi.o
LOAD ./driver_source/lpc17xx_ssp.o
LOAD ./driver_source/lpc17xx_timer.o
LOAD ./driver_source/lpc17xx_uart.o
LOAD ./driver_source/lpc17xx_wdt.o
LOAD ./UsbHost/Uart/usbhost_uart.o
LOAD ./UsbHost/MassStorage/usbhost_ms.o
LOAD ./UsbHost/Main/usbhost_main.o
LOAD ./UsbHost/Host/usb_ms_diskio.o
LOAD ./UsbHost/Host/usbhost_lpc17xx.o
LOAD ./LPCUSB/USB_CDC.o
LOAD ./LPCUSB/usbcontrol.o
LOAD ./LPCUSB/usbhw_lpc.o
LOAD ./LPCUSB/usbinit.o
LOAD ./LPCUSB/usbstdreq.o
LOAD ./FatFs/option/cc932.o
LOAD ./FatFs/option/syncobj.o
LOAD ./FatFs/option/syscall.o
LOAD ./FatFs/diskio.o
LOAD ./FatFs/ff.o
LOAD /home/nlv14991/workspaceLPC/STE-LPC1768-/CMSISv1p30_LPC17xx/Debug/libCMSISv1p30_LPC17xx.a
LOAD /home/nlv14991/workspaceLPC/STE-LPC1768-/FreeRTOS_Library/Debug/libFreeRTOS_Library.a
START GROUP
LOAD /usr/local/lpcxpresso_4.2.3_255/lpcxpresso/tools/bin/../lib/gcc/arm-none-eabi/4.5.1/../../../../arm-none-eabi/lib/thumb2/libcr_nohost.a
LOAD /usr/local/lpcxpresso_4.2.3_255/lpcxpresso/tools/bin/../lib/gcc/arm-none-eabi/4.5.1/../../../../arm-none-eabi/lib/thumb2/libcr_c.a
LOAD /usr/local/lpcxpresso_4.2.3_255/lpcxpresso/tools/bin/../lib/gcc/arm-none-eabi/4.5.1/thumb2/libcr_eabihelpers.a
END GROUP
                0x00080000                __top_MFlash512 = 0x80000
                0x10008000                __top_RamLoc32 = 0x10008000
                0x20084000                __top_RamAHB32 = 0x20084000

.text           0x00000000    0x28ec0
 FILL mask 0xff
 *(.isr_vector)
 .isr_vector    0x00000000       0xc4 ./cr_startup_lpc17.o
                0x00000000                g_pfnVectors
                0x000000c4                . = ALIGN (0x4)
                0x000000c4                __section_table_start = .
                0x000000c4                __data_section_table = .
                0x000000c4        0x4 LONG 0x28ec0 LOADADDR (.data)
                0x000000c8        0x4 LONG 0x10000000 ADDR (.data)
                0x000000cc        0x4 LONG 0xa4 SIZEOF (.data)
                0x000000d0        0x4 LONG 0x28ec0 LOADADDR (.data_RAM2)
                0x000000d4        0x4 LONG 0x2007c000 ADDR (.data_RAM2)
                0x000000d8        0x4 LONG 0x0 SIZEOF (.data_RAM2)
                0x000000dc                __data_section_table_end = .
                0x000000dc                __bss_section_table = .
                0x000000dc        0x4 LONG 0x100000a8 ADDR (.bss)
                0x000000e0        0x4 LONG 0x6118 SIZEOF (.bss)
                0x000000e4        0x4 LONG 0x2007c000 ADDR (.bss_RAM2)
                0x000000e8        0x4 LONG 0x0 SIZEOF (.bss_RAM2)
                0x000000ec                __bss_section_table_end = .
                0x000000ec                __section_table_end = .
 *(.after_vectors*)
 *(.text*)
 .text.SysTick_Handler
                0x000000ec       0x10 ./LedBlinky.o
                0x000000ec                SysTick_Handler
 .text.vLEDTask
                0x000000fc       0xa4 ./LedBlinky.o
                0x000000fc                vLEDTask
 .text.NMI_Handler
                0x000001a0        0x4 ./cr_startup_lpc17.o
                0x000001a0                NMI_Handler
 .text.HardFault_Handler
                0x000001a4       0x14 ./cr_startup_lpc17.o
                0x000001a4                HardFault_Handler
 .text.MemManage_Handler
                0x000001b8        0x4 ./cr_startup_lpc17.o
                0x000001b8                MemManage_Handler
 .text.BusFault_Handler
                0x000001bc        0x4 ./cr_startup_lpc17.o
                0x000001bc                BusFault_Handler
 .text.UsageFault_Handler
                0x000001c0        0x4 ./cr_startup_lpc17.o
                0x000001c0                UsageFault_Handler
 .text.DebugMon_Handler
                0x000001c4        0x4 ./cr_startup_lpc17.o
                0x000001c4                DebugMon_Handler
 .text.Reset_Handler
                0x000001c8       0xbc ./cr_startup_lpc17.o
                0x000001c8                Reset_Handler
                0x000001c8                ResetISR
 .text.hard_fault_handler_c
                0x00000284       0x84 ./cr_startup_lpc17.o
                0x00000284                hard_fault_handler_c
 .text.IntDefaultHandler
                0x00000308       0x18 ./cr_startup_lpc17.o
                0x00000308                TIMER2_IRQHandler
                0x00000308                RIT_IRQHandler
                0x00000308                PWM1_IRQHandler
                0x00000308                EINT2_IRQHandler
                0x00000308                EINT3_IRQHandler
                0x00000308                TIMER3_IRQHandler
                0x00000308                PLL0_IRQHandler
                0x00000308                CAN_IRQHandler
                0x00000308                PLL1_IRQHandler
                0x00000308                RTC_IRQHandler
                0x00000308                TIMER0_IRQHandler
                0x00000308                EINT1_IRQHandler
                0x00000308                TIMER1_IRQHandler
                0x00000308                ADC_IRQHandler
                0x00000308                BOD_IRQHandler
                0x00000308                WDT_IRQHandler
                0x00000308                QEI_IRQHandler
                0x00000308                EINT0_IRQHandler
                0x00000308                MCPWM_IRQHandler
 .text.LCD_Init
                0x00000320       0xc8 ./lcd_i2c.o
                0x00000320                LCD_Init
 .text.LCD_ClearScreen
                0x000003e8       0xd4 ./lcd_i2c.o
                0x000003e8                LCD_ClearScreen
 .text.LCD_PrintText
                0x000004bc      0x120 ./lcd_i2c.o
                0x000004bc                LCD_PrintText
 .text.main     0x000005dc       0xc0 ./main.o
                0x000005dc                main
 .text.vSoftwareInterruptHandler
                0x0000069c       0x54 ./main.o
                0x0000069c                vSoftwareInterruptHandler
 .text.vApplicationMallocFailedHook
                0x000006f0        0x4 ./main.o
                0x000006f0                vApplicationMallocFailedHook
 .text.vApplicationStackOverflowHook
                0x000006f4       0x10 ./main.o
                0x000006f4                vApplicationStackOverflowHook
 .text.vApplicationIdleHook
                0x00000704        0x4 ./main.o
                0x00000704                vApplicationIdleHook
 .text.vApplicationTickHook
                0x00000708        0x4 ./main.o
                0x00000708                vApplicationTickHook
 .text.UART1_IntErr
                0x0000070c       0x24 ./uart_fullmodem_test.o
                0x0000070c                UART1_IntErr
 .text.UART1_IntTransmit
                0x00000730       0xd4 ./uart_fullmodem_test.o
                0x00000730                UART1_IntTransmit
 .text.UART1_IntReceive
                0x00000804       0xa4 ./uart_fullmodem_test.o
                0x00000804                UART1_IntReceive
 .text.entry    0x000008a8      0x610 ./uart_fullmodem_test.o
                0x000008a8                entry
 .text.vUARTTask
                0x00000eb8        0x4 ./uart_fullmodem_test.o
                0x00000eb8                vUARTTask
 .text.lEMACInit
                0x00000ebc      0x988 ./webserver/emac.o
                0x00000ebc                lEMACInit
 .text.ulGetEMACRxData
                0x00001844      0x228 ./webserver/emac.o
                0x00001844                ulGetEMACRxData
 .text.vSendEMACTxData
                0x00001a6c      0x234 ./webserver/emac.o
                0x00001a6c                vSendEMACTxData
 .text.vEMAC_ISR
                0x00001ca0       0xfc ./webserver/emac.o
                0x00001ca0                vEMAC_ISR
 .text.nullfunction
                0x00001d9c        0x8 ./webserver/httpd-cgi.o
 .text.lcd_io   0x00001da4       0x4c ./webserver/httpd-cgi.o
 .text.led_io   0x00001df0       0x4c ./webserver/httpd-cgi.o
 .text.run_time
                0x00001e3c       0x4c ./webserver/httpd-cgi.o
 .text.rtos_stats
                0x00001e88       0x48 ./webserver/httpd-cgi.o
 .text.net_stats
                0x00001ed0       0x4c ./webserver/httpd-cgi.o
 .text.tcp_stats
                0x00001f1c       0x5c ./webserver/httpd-cgi.o
 .text.generate_lcd_txt
                0x00001f78       0x24 ./webserver/httpd-cgi.o
 .text.generate_io_state
                0x00001f9c       0x3c ./webserver/httpd-cgi.o
 .text.generate_runtime_stats
                0x00001fd8       0x3c ./webserver/httpd-cgi.o
 .text.generate_rtos_stats
                0x00002014       0x44 ./webserver/httpd-cgi.o
 .text.generate_net_stats
                0x00002058       0x30 ./webserver/httpd-cgi.o
 .text.generate_tcp_stats
                0x00002088       0xd4 ./webserver/httpd-cgi.o
 .text.file_stats
                0x0000215c       0x54 ./webserver/httpd-cgi.o
 .text.generate_file_stats
                0x000021b0       0x28 ./webserver/httpd-cgi.o
 .text.httpd_cgi
                0x000021d8       0x48 ./webserver/httpd-cgi.o
                0x000021d8                httpd_cgi
 .text.httpd_fs_open
                0x00002220       0x70 ./webserver/httpd-fs.o
                0x00002220                httpd_fs_open
 .text.httpd_fs_count
                0x00002290       0x60 ./webserver/httpd-fs.o
                0x00002290                httpd_fs_count
 .text.handle_input
                0x000022f0      0x118 ./webserver/httpd.o
 .text.send_headers
                0x00002408      0x214 ./webserver/httpd.o
 .text.generate_part_of_file
                0x0000261c       0x3c ./webserver/httpd.o
 .text.handle_output
                0x00002658      0x320 ./webserver/httpd.o
 .text.httpd_appcall
                0x00002978       0xa4 ./webserver/httpd.o
                0x00002978                httpd_appcall
 .text.networkd_appcall
                0x00002a1c       0x1c ./webserver/httpd.o
                0x00002a1c                networkd_appcall
 .text.httpd_init
                0x00002a38        0x8 ./webserver/httpd.o
                0x00002a38                httpd_init
 .text.psock_send
                0x00002a40       0xc8 ./webserver/psock.o
                0x00002a40                psock_send
 .text.psock_generator_send
                0x00002b08      0x130 ./webserver/psock.o
                0x00002b08                psock_generator_send
 .text.psock_datalen
                0x00002c38        0xc ./webserver/psock.o
                0x00002c38                psock_datalen
 .text.psock_readto
                0x00002c44      0x188 ./webserver/psock.o
                0x00002c44                psock_readto
 .text.psock_init
                0x00002dcc       0x18 ./webserver/psock.o
                0x00002dcc                psock_init
 .text.psock_sink_receive
                0x00002de4       0x9c ./webserver/psock.o
                0x00002de4                psock_sink_receive
 .text.timer_set
                0x00002e80       0x10 ./webserver/timer.o
                0x00002e80                timer_set
 .text.timer_reset
                0x00002e90        0xc ./webserver/timer.o
                0x00002e90                timer_reset
 .text.timer_expired
                0x00002e9c       0x18 ./webserver/timer.o
                0x00002e9c                timer_expired
 .text.clock_time
                0x00002eb4        0x4 ./webserver/uIP_Task.o
                0x00002eb4                clock_time
 .text.vuIP_Task
                0x00002eb8      0x414 ./webserver/uIP_Task.o
                0x00002eb8                vuIP_Task
 .text.vApplicationProcessFormInput
                0x000032cc      0x168 ./webserver/uIP_Task.o
                0x000032cc                vApplicationProcessFormInput
 .text.uip_add_rcv_nxt
                0x00003434       0xa0 ./webserver/uip.o
 .text.uip_add32
                0x000034d4       0x64 ./webserver/uip.o
                0x000034d4                uip_add32
 .text.uip_tcpchksum
                0x00003538      0x1e8 ./webserver/uip.o
                0x00003538                uip_tcpchksum
 .text.uip_init
                0x00003720       0x64 ./webserver/uip.o
                0x00003720                uip_init
 .text.uip_connect
                0x00003784      0x384 ./webserver/uip.o
                0x00003784                uip_connect
 .text.uip_unlisten
                0x00003b08       0xac ./webserver/uip.o
                0x00003b08                uip_unlisten
 .text.uip_listen
                0x00003bb4       0xa4 ./webserver/uip.o
                0x00003bb4                uip_listen
 .text.uip_process
                0x00003c58     0x1ac0 ./webserver/uip.o
                0x00003c58                uip_process
 .text.htons    0x00005718        0xc ./webserver/uip.o
                0x00005718                htons
 .text.uip_send
                0x00005724       0x30 ./webserver/uip.o
                0x00005724                uip_send
 .text.uip_arp_update
                0x00005754      0x32c ./webserver/uip_arp.o
 .text.uip_arp_timer
                0x00005a80       0x64 ./webserver/uip_arp.o
                0x00005a80                uip_arp_timer
 .text.uip_arp_ipin
                0x00005ae4       0x68 ./webserver/uip_arp.o
                0x00005ae4                uip_arp_ipin
 .text.uip_arp_arpin
                0x00005b4c      0x150 ./webserver/uip_arp.o
                0x00005b4c                uip_arp_arpin
 .text.uip_arp_out
                0x00005c9c      0x2c0 ./webserver/uip_arp.o
                0x00005c9c                uip_arp_out
 .text.Append_part_of_file
                0x00005f5c       0x68 ./uip_ftp/Connections.o
 .text.Generate_part_of_file
                0x00005fc4       0x74 ./uip_ftp/Connections.o
 .text.Generate_list_data
                0x00006038      0x14c ./uip_ftp/Connections.o
 .text.Generate_help_data
                0x00006184       0x68 ./uip_ftp/Connections.o
 .text.Send_257_response
                0x000061ec       0x20 ./uip_ftp/Connections.o
 .text.Cmd_help
                0x0000620c       0xcc ./uip_ftp/Connections.o
                0x0000620c                Cmd_help
 .text.Cmd_stru
                0x000062d8       0x8c ./uip_ftp/Connections.o
                0x000062d8                Cmd_stru
 .text.Cmd_mode
                0x00006364       0x8c ./uip_ftp/Connections.o
                0x00006364                Cmd_mode
 .text.Cmd_abor
                0x000063f0       0x5c ./uip_ftp/Connections.o
                0x000063f0                Cmd_abor
 .text.Cmd_type
                0x0000644c       0xa0 ./uip_ftp/Connections.o
                0x0000644c                Cmd_type
 .text.Cmd_noop
                0x000064ec       0x4c ./uip_ftp/Connections.o
                0x000064ec                Cmd_noop
 .text.Cmd_quit
                0x00006538       0x58 ./uip_ftp/Connections.o
                0x00006538                Cmd_quit
 .text.Cmd_user
                0x00006590       0x8c ./uip_ftp/Connections.o
                0x00006590                Cmd_user
 .text.Cmd_ukwn
                0x0000661c       0x48 ./uip_ftp/Connections.o
                0x0000661c                Cmd_ukwn
 .text.Cmd_cdup
                0x00006664      0x108 ./uip_ftp/Connections.o
                0x00006664                Cmd_cdup
 .text.Cmd_pwd  0x0000676c       0x70 ./uip_ftp/Connections.o
                0x0000676c                Cmd_pwd
 .text.Cmd_cwd  0x000067dc      0x194 ./uip_ftp/Connections.o
                0x000067dc                Cmd_cwd
 .text.Cmd_rmd  0x00006970      0x314 ./uip_ftp/Connections.o
                0x00006970                Cmd_rmd
 .text.Cmd_dele
                0x00006c84      0x314 ./uip_ftp/Connections.o
                0x00006c84                Cmd_dele
 .text.Cmd_mkd  0x00006f98      0x228 ./uip_ftp/Connections.o
                0x00006f98                Cmd_mkd
 .text.Send_PASV_response
                0x000071c0       0x8c ./uip_ftp/Connections.o
 .text.Cmd_stor
                0x0000724c      0x1cc ./uip_ftp/Connections.o
                0x0000724c                Cmd_stor
 .text.Cmd_retr
                0x00007418      0x254 ./uip_ftp/Connections.o
                0x00007418                Cmd_retr
 .text.Cmd_list
                0x0000766c      0x258 ./uip_ftp/Connections.o
                0x0000766c                Cmd_list
 .text.Cmd_port
                0x000078c4      0x190 ./uip_ftp/Connections.o
                0x000078c4                Cmd_port
 .text.Cmd_pasv
                0x00007a54       0x84 ./uip_ftp/Connections.o
                0x00007a54                Cmd_pasv
 .text.handle_cmd_input
                0x00007ad8      0x128 ./uip_ftp/Connections.o
                0x00007ad8                handle_cmd_input
 .text.handle_cmd_output
                0x00007c00      0x11c ./uip_ftp/Connections.o
                0x00007c00                handle_cmd_output
 .text.CloseFile
                0x00007d1c       0x1c ./uip_ftp/Connections.o
                0x00007d1c                CloseFile
 .text.handle_data_connection
                0x00007d38      0x1dc ./uip_ftp/Connections.o
                0x00007d38                handle_data_connection
 .text.ftpd_appcall
                0x00007f14      0x494 ./uip_ftp/FTPD.o
                0x00007f14                ftpd_appcall
 .text.ftpd_init
                0x000083a8       0x28 ./uip_ftp/FTPD.o
                0x000083a8                ftpd_init
 .text.appdata_init
                0x000083d0       0x78 ./uip_ftp/ftp_main.o
                0x000083d0                appdata_init
 .text.CLKPWR_SetPCLKDiv
                0x00008448       0x5c ./driver_source/lpc17xx_clkpwr.o
                0x00008448                CLKPWR_SetPCLKDiv
 .text.CLKPWR_GetPCLK
                0x000084a4       0x44 ./driver_source/lpc17xx_clkpwr.o
                0x000084a4                CLKPWR_GetPCLK
 .text.CLKPWR_ConfigPPWR
                0x000084e8       0x4c ./driver_source/lpc17xx_clkpwr.o
                0x000084e8                CLKPWR_ConfigPPWR
 .text.GPDMA_IntHandler
                0x00008534      0x2c0 ./driver_source/lpc17xx_gpdma.o
                0x00008534                GPDMA_IntHandler
 .text.GPIO_SetDir
                0x000087f4       0x28 ./driver_source/lpc17xx_gpio.o
                0x000087f4                GPIO_SetDir
 .text.GPIO_SetValue
                0x0000881c       0x18 ./driver_source/lpc17xx_gpio.o
                0x0000881c                GPIO_SetValue
 .text.GPIO_ClearValue
                0x00008834       0x18 ./driver_source/lpc17xx_gpio.o
                0x00008834                GPIO_ClearValue
 .text.GPIO_ReadValue
                0x0000884c       0x1c ./driver_source/lpc17xx_gpio.o
                0x0000884c                GPIO_ReadValue
 .text.I2C_MasterHandler
                0x00008868      0x264 ./driver_source/lpc17xx_i2c.o
                0x00008868                I2C_MasterHandler
 .text.I2C_Init
                0x00008acc      0x104 ./driver_source/lpc17xx_i2c.o
                0x00008acc                I2C_Init
 .text.I2C_Cmd  0x00008bd0       0x64 ./driver_source/lpc17xx_i2c.o
                0x00008bd0                I2C_Cmd
 .text.I2C_MasterTransferData
                0x00008c34      0x328 ./driver_source/lpc17xx_i2c.o
                0x00008c34                I2C_MasterTransferData
 .text.I2C0_StdIntHandler
                0x00008f5c       0x18 ./driver_source/lpc17xx_i2c.o
                0x00008f5c                I2C0_StdIntHandler
 .text.I2C1_StdIntHandler
                0x00008f74       0x18 ./driver_source/lpc17xx_i2c.o
                0x00008f74                I2C1_StdIntHandler
 .text.I2C2_StdIntHandler
                0x00008f8c       0x18 ./driver_source/lpc17xx_i2c.o
                0x00008f8c                I2C2_StdIntHandler
 .text.I2S_IntHandler
                0x00008fa4       0x5c ./driver_source/lpc17xx_i2s.o
                0x00008fa4                I2S_IntHandler
 .text.check_failed
                0x00009000        0x4 ./driver_source/lpc17xx_libcfg_default.o
                0x00009000                check_failed
 .text.PINSEL_ConfigPin
                0x00009004       0xa4 ./driver_source/lpc17xx_pinsel.o
                0x00009004                PINSEL_ConfigPin
 .text.RTC_Init
                0x000090a8       0x38 ./driver_source/lpc17xx_rtc.o
                0x000090a8                RTC_Init
 .text.RTC_ResetClockTickCounter
                0x000090e0       0x34 ./driver_source/lpc17xx_rtc.o
                0x000090e0                RTC_ResetClockTickCounter
 .text.RTC_Cmd  0x00009114       0x4c ./driver_source/lpc17xx_rtc.o
                0x00009114                RTC_Cmd
 .text.RTC_SetTime
                0x00009160      0x144 ./driver_source/lpc17xx_rtc.o
                0x00009160                RTC_SetTime
 .text.RTC_GetFullTime
                0x000092a4       0x70 ./driver_source/lpc17xx_rtc.o
                0x000092a4                RTC_GetFullTime
 .text.RTC_CalibCounterCmd
                0x00009314       0x50 ./driver_source/lpc17xx_rtc.o
                0x00009314                RTC_CalibCounterCmd
 .text.LPC17xx_SD_SendCmd
                0x00009364      0x1d0 ./driver_source/lpc17xx_sd.o
 .text.LPC17xx_SD_WirteDataBlock
                0x00009534      0x12c ./driver_source/lpc17xx_sd.o
 .text.MMC_disk_initialize
                0x00009660      0x1b4 ./driver_source/lpc17xx_sd.o
                0x00009660                MMC_disk_initialize
 .text.MMC_disk_ioctl
                0x00009814      0x69c ./driver_source/lpc17xx_sd.o
                0x00009814                MMC_disk_ioctl
 .text.MMC_disk_read
                0x00009eb0      0x388 ./driver_source/lpc17xx_sd.o
                0x00009eb0                MMC_disk_read
 .text.MMC_disk_status
                0x0000a238       0x14 ./driver_source/lpc17xx_sd.o
                0x0000a238                MMC_disk_status
 .text.MMC_disk_write
                0x0000a24c      0x21c ./driver_source/lpc17xx_sd.o
                0x0000a24c                MMC_disk_write
 .text.SPI_IntHandler
                0x0000a468       0xe8 ./driver_source/lpc17xx_spi.o
                0x0000a468                SPI_IntHandler
 .text.SPI_Init
                0x0000a550      0x100 ./driver_source/lpc17xx_spi.o
                0x0000a550                SPI_Init
 .text.SPI_ConfigStructInit
                0x0000a650       0x20 ./driver_source/lpc17xx_spi.o
                0x0000a650                SPI_ConfigStructInit
 .text.SPI_SendData
                0x0000a670       0x24 ./driver_source/lpc17xx_spi.o
                0x0000a670                SPI_SendData
 .text.SPI_ReceiveData
                0x0000a694       0x24 ./driver_source/lpc17xx_spi.o
                0x0000a694                SPI_ReceiveData
 .text.SSP0_StdIntHandler
                0x0000a6b8       0x18 ./driver_source/lpc17xx_ssp.o
                0x0000a6b8                SSP0_StdIntHandler
 .text.SSP1_StdIntHandler
                0x0000a6d0       0x18 ./driver_source/lpc17xx_ssp.o
                0x0000a6d0                SSP1_StdIntHandler
 .text.uart_set_divisors
                0x0000a6e8      0x65c ./driver_source/lpc17xx_uart.o
                0x0000a6e8                uart_set_divisors
 .text.UART_GenIntHandler
                0x0000ad44      0x114 ./driver_source/lpc17xx_uart.o
                0x0000ad44                UART_GenIntHandler
 .text.UART_DeInit
                0x0000ae58       0xd4 ./driver_source/lpc17xx_uart.o
                0x0000ae58                UART_DeInit
 .text.UART_Init
                0x0000af2c      0x234 ./driver_source/lpc17xx_uart.o
                0x0000af2c                UART_Init
 .text.UART_ConfigStructInit
                0x0000b160       0x14 ./driver_source/lpc17xx_uart.o
                0x0000b160                UART_ConfigStructInit
 .text.UART_IntConfig
                0x0000b174      0x13c ./driver_source/lpc17xx_uart.o
                0x0000b174                UART_IntConfig
 .text.UART_CheckBusy
                0x0000b2b0       0x10 ./driver_source/lpc17xx_uart.o
                0x0000b2b0                UART_CheckBusy
 .text.UART_FIFOConfig
                0x0000b2c0       0xf8 ./driver_source/lpc17xx_uart.o
                0x0000b2c0                UART_FIFOConfig
 .text.UART_FIFOConfigStructInit
                0x0000b3b8       0x10 ./driver_source/lpc17xx_uart.o
                0x0000b3b8                UART_FIFOConfigStructInit
 .text.UART_TxCmd
                0x0000b3c8       0x8c ./driver_source/lpc17xx_uart.o
                0x0000b3c8                UART_TxCmd
 .text.UART_FullModemForcePinState
                0x0000b454       0x74 ./driver_source/lpc17xx_uart.o
                0x0000b454                UART_FullModemForcePinState
 .text.UART_Send
                0x0000b4c8      0x3b4 ./driver_source/lpc17xx_uart.o
                0x0000b4c8                UART_Send
 .text.UART_Receive
                0x0000b87c      0x5bc ./driver_source/lpc17xx_uart.o
                0x0000b87c                UART_Receive
 .text.UART_SetupCbs
                0x0000be38       0x88 ./driver_source/lpc17xx_uart.o
                0x0000be38                UART_SetupCbs
 .text.UART0_StdIntHandler
                0x0000bec0        0xc ./driver_source/lpc17xx_uart.o
                0x0000bec0                UART0_StdIntHandler
 .text.UART1_StdIntHandler
                0x0000becc       0x18 ./driver_source/lpc17xx_uart.o
                0x0000becc                UART1_StdIntHandler
 .text.UART2_StdIntHandler
                0x0000bee4        0xc ./driver_source/lpc17xx_uart.o
                0x0000bee4                UART2_StdIntHandler
 .text.UART3_StdIntHandler
                0x0000bef0        0xc ./driver_source/lpc17xx_uart.o
                0x0000bef0                UART3_StdIntHandler
 .text.UART1_IntReceive_usb
                0x0000befc       0xa4 ./UsbHost/Uart/usbhost_uart.o
                0x0000befc                UART1_IntReceive_usb
 .text.UART1_IntErr_usb
                0x0000bfa0       0x24 ./UsbHost/Uart/usbhost_uart.o
                0x0000bfa0                UART1_IntErr_usb
 .text.UART1_IntTransmit_usb
                0x0000bfc4       0xd4 ./UsbHost/Uart/usbhost_uart.o
                0x0000bfc4                UART1_IntTransmit_usb
 .text.UART_Init_usb
                0x0000c098      0x11c ./UsbHost/Uart/usbhost_uart.o
                0x0000c098                UART_Init_usb
 .text.UART_Printf
                0x0000c1b4       0x90 ./UsbHost/Uart/usbhost_uart.o
                0x0000c1b4                UART_Printf
 .text.MS_ParseConfiguration
                0x0000c244      0x100 ./UsbHost/MassStorage/usbhost_ms.o
                0x0000c244                MS_ParseConfiguration
 .text.Fill_MSCommand
                0x0000c344      0x12c ./UsbHost/MassStorage/usbhost_ms.o
                0x0000c344                Fill_MSCommand
 .text.MS_BulkSend
                0x0000c470       0x94 ./UsbHost/MassStorage/usbhost_ms.o
                0x0000c470                MS_BulkSend
 .text.MS_BulkRecv
                0x0000c504       0xa4 ./UsbHost/MassStorage/usbhost_ms.o
                0x0000c504                MS_BulkRecv
 .text.MS_Inquire
                0x0000c5a8       0xb8 ./UsbHost/MassStorage/usbhost_ms.o
                0x0000c5a8                MS_Inquire
 .text.MS_ReadCapacity
                0x0000c660       0x98 ./UsbHost/MassStorage/usbhost_ms.o
                0x0000c660                MS_ReadCapacity
 .text.MS_TestUnitReady
                0x0000c6f8       0x64 ./UsbHost/MassStorage/usbhost_ms.o
                0x0000c6f8                MS_TestUnitReady
 .text.MS_Init  0x0000c75c      0x144 ./UsbHost/MassStorage/usbhost_ms.o
                0x0000c75c                MS_Init
 .text.usb_host_main
                0x0000c8a0      0x18c ./UsbHost/Main/usbhost_main.o
                0x0000c8a0                usb_host_main
 .text.get_fattime
                0x0000ca2c       0x3c ./UsbHost/Host/usb_ms_diskio.o
                0x0000ca2c                get_fattime
 .text.USB_disk_initialize
                0x0000ca68       0xdc ./UsbHost/Host/usb_ms_diskio.o
                0x0000ca68                USB_disk_initialize
 .text.USB_disk_ioctl
                0x0000cb44       0x3c ./UsbHost/Host/usb_ms_diskio.o
                0x0000cb44                USB_disk_ioctl
 .text.USB_disk_read
                0x0000cb80       0x14 ./UsbHost/Host/usb_ms_diskio.o
                0x0000cb80                USB_disk_read
 .text.USB_disk_status
                0x0000cb94       0x14 ./UsbHost/Host/usb_ms_diskio.o
                0x0000cb94                USB_disk_status
 .text.USB_disk_write
                0x0000cba8       0x14 ./UsbHost/Host/usb_ms_diskio.o
                0x0000cba8                USB_disk_write
 .text.Host_Init
                0x0000cbbc      0x24c ./UsbHost/Host/usbhost_lpc17xx.o
                0x0000cbbc                Host_Init
 .text.USB_IRQHandler_host
                0x0000ce08       0xf8 ./UsbHost/Host/usbhost_lpc17xx.o
                0x0000ce08                USB_IRQHandler_host
 .text.Host_ProcessTD
                0x0000cf00       0xec ./UsbHost/Host/usbhost_lpc17xx.o
                0x0000cf00                Host_ProcessTD
 .text.Host_EnumDev
                0x0000cfec      0x470 ./UsbHost/Host/usbhost_lpc17xx.o
                0x0000cfec                Host_EnumDev
 .text.Host_CtrlRecv
                0x0000d45c      0x120 ./UsbHost/Host/usbhost_lpc17xx.o
                0x0000d45c                Host_CtrlRecv
 .text.WriteLE32U
                0x0000d57c       0x24 ./UsbHost/Host/usbhost_lpc17xx.o
                0x0000d57c                WriteLE32U
 .text.ReadLE16U
                0x0000d5a0       0x18 ./UsbHost/Host/usbhost_lpc17xx.o
                0x0000d5a0                ReadLE16U
 .text.ReadBE32U
                0x0000d5b8       0x24 ./UsbHost/Host/usbhost_lpc17xx.o
                0x0000d5b8                ReadBE32U
 .text.WriteBE32U
                0x0000d5dc       0x24 ./UsbHost/Host/usbhost_lpc17xx.o
                0x0000d5dc                WriteBE32U
 .text.WriteBE16U
                0x0000d600       0x10 ./UsbHost/Host/usbhost_lpc17xx.o
                0x0000d600                WriteBE16U
 .text.ff_convert
                0x0000d610      0x218 ./FatFs/option/cc932.o
                0x0000d610                ff_convert
 .text.ff_wtoupper
                0x0000d828       0x34 ./FatFs/option/cc932.o
                0x0000d828                ff_wtoupper
 .text.disk_initialize
                0x0000d85c       0x38 ./FatFs/diskio.o
                0x0000d85c                disk_initialize
 .text.disk_status
                0x0000d894       0x1c ./FatFs/diskio.o
                0x0000d894                disk_status
 .text.disk_read
                0x0000d8b0       0x28 ./FatFs/diskio.o
                0x0000d8b0                disk_read
 .text.disk_write
                0x0000d8d8       0x28 ./FatFs/diskio.o
                0x0000d8d8                disk_write
 .text.disk_ioctl
                0x0000d900       0x30 ./FatFs/diskio.o
                0x0000d900                disk_ioctl
 .text.get_fileinfo
                0x0000d930      0x340 ./FatFs/ff.o
 .text.chk_mounted
                0x0000dc70      0x450 ./FatFs/ff.o
 .text.sync     0x0000e0c0      0x1c4 ./FatFs/ff.o
 .text.get_fat  0x0000e284      0x508 ./FatFs/ff.o
                0x0000e284                get_fat
 .text.dir_sdi  0x0000e78c       0xb4 ./FatFs/ff.o
 .text.put_fat  0x0000e840      0x5e4 ./FatFs/ff.o
                0x0000e840                put_fat
 .text.create_chain
                0x0000ee24      0x178 ./FatFs/ff.o
 .text.dir_next
                0x0000ef9c      0x3a0 ./FatFs/ff.o
 .text.dir_find
                0x0000f33c      0x694 ./FatFs/ff.o
 .text.follow_path
                0x0000f9d0      0x674 ./FatFs/ff.o
 .text.dir_remove
                0x00010044      0x18c ./FatFs/ff.o
 .text.dir_read
                0x000101d0      0x4f0 ./FatFs/ff.o
 .text.gen_numname
                0x000106c0      0x218 ./FatFs/ff.o
                0x000106c0                gen_numname
 .text.dir_register
                0x000108d8      0xa80 ./FatFs/ff.o
 .text.f_mount  0x00011358       0x30 ./FatFs/ff.o
                0x00011358                f_mount
 .text.f_open   0x00011388      0x47c ./FatFs/ff.o
                0x00011388                f_open
 .text.f_read   0x00011804      0x3d0 ./FatFs/ff.o
                0x00011804                f_read
 .text.f_write  0x00011bd4      0x450 ./FatFs/ff.o
                0x00011bd4                f_write
 .text.f_sync   0x00012024      0x1dc ./FatFs/ff.o
                0x00012024                f_sync
 .text.f_close  0x00012200       0x10 ./FatFs/ff.o
                0x00012200                f_close
 .text.f_chdrive
                0x00012210       0x18 ./FatFs/ff.o
                0x00012210                f_chdrive
 .text.f_chdir  0x00012228       0x70 ./FatFs/ff.o
                0x00012228                f_chdir
 .text.f_getcwd
                0x00012298      0x294 ./FatFs/ff.o
                0x00012298                f_getcwd
 .text.f_lseek  0x0001252c      0x1c8 ./FatFs/ff.o
                0x0001252c                f_lseek
 .text.f_opendir
                0x000126f4       0x70 ./FatFs/ff.o
                0x000126f4                f_opendir
 .text.f_readdir
                0x00012764       0x74 ./FatFs/ff.o
                0x00012764                f_readdir
 .text.f_truncate
                0x000127d8      0x170 ./FatFs/ff.o
                0x000127d8                f_truncate
 .text.f_unlink
                0x00012948      0x12c ./FatFs/ff.o
                0x00012948                f_unlink
 .text.f_mkdir  0x00012a74      0x444 ./FatFs/ff.o
                0x00012a74                f_mkdir
 .text.SystemInit
                0x00012eb8       0xdc /home/nlv14991/workspaceLPC/STE-LPC1768-/CMSISv1p30_LPC17xx/Debug/libCMSISv1p30_LPC17xx.a(system_LPC17xx.o)
                0x00012eb8                SystemInit
 .text          0x00012f94      0x46c /home/nlv14991/workspaceLPC/STE-LPC1768-/FreeRTOS_Library/Debug/libFreeRTOS_Library.a(queue.o)
                0x00013076                xQueueCreate
                0x000130e0                xQueueCreateCountingSemaphore
                0x000130f0                xQueueGenericSend
                0x000131d0                xQueueCreateMutex
                0x00013212                xQueueGenericSendFromISR
                0x00013264                xQueueGenericReceive
                0x00013370                xQueueReceiveFromISR
                0x000133bc                uxQueueMessagesWaiting
                0x000133ce                uxQueueMessagesWaitingFromISR
                0x000133d2                vQueueDelete
                0x000133e6                xQueueIsQueueEmptyFromISR
                0x000133f2                xQueueIsQueueFullFromISR
 .text          0x00013400      0x9c4 /home/nlv14991/workspaceLPC/STE-LPC1768-/FreeRTOS_Library/Debug/libFreeRTOS_Library.a(tasks.o)
                0x00013400                xTaskGenericCreate
                0x00013590                vTaskDelete
                0x000135fc                uxTaskPriorityGet
                0x00013618                vTaskPrioritySet
                0x000136ac                xTaskIsTaskSuspended
                0x000136d4                vTaskResume
                0x00013738                xTaskResumeFromISR
                0x0001379c                vTaskStartScheduler
                0x000137e8                vTaskEndScheduler
                0x00013800                vTaskSuspendAll
                0x00013814                xTaskGetTickCount
                0x0001382c                xTaskGetTickCountFromISR
                0x00013838                uxTaskGetNumberOfTasks
                0x00013844                vTaskIncrementTick
                0x000138f8                xTaskResumeAll
                0x00013a14                vTaskDelay
                0x00013a60                vTaskDelayUntil
                0x00013ad4                vTaskSwitchContext
                0x00013b68                vTaskSuspend
                0x00013bd0                vTaskPlaceOnEventList
                0x00013c28                xTaskRemoveFromEventList
                0x00013c88                vTaskSetTimeOutState
                0x00013c9c                xTaskCheckForTimeOut
                0x00013cf8                vTaskMissedYield
                0x00013d08                xTaskGetCurrentTaskHandle
                0x00013d14                vTaskPriorityInherit
                0x00013d78                vTaskPriorityDisinherit
 .text          0x00013dc4      0x110 /home/nlv14991/workspaceLPC/STE-LPC1768-/FreeRTOS_Library/Debug/libFreeRTOS_Library.a(heap_2.o)
                0x00013dc4                pvPortMalloc
                0x00013e80                vPortFree
                0x00013ec4                xPortGetFreeHeapSize
                0x00013ed0                vPortInitialiseBlocks
 .text          0x00013ed4      0x134 /home/nlv14991/workspaceLPC/STE-LPC1768-/FreeRTOS_Library/Debug/libFreeRTOS_Library.a(port.o)
                0x00013ed4                pxPortInitialiseStack
                0x00013ef4                vPortSVCHandler
                0x00013f14                vPortStartFirstTask
                0x00013f20                xPortStartScheduler
                0x00013f60                vPortEndScheduler
                0x00013f62                vPortYieldFromISR
                0x00013f70                vPortEnterCritical
                0x00013f88                vPortExitCritical
                0x00013fa0                xPortPendSVHandler
                0x00013fdc                xPortSysTickHandler
 .text          0x00014008       0x88 /home/nlv14991/workspaceLPC/STE-LPC1768-/FreeRTOS_Library/Debug/libFreeRTOS_Library.a(list.o)
                0x00014008                vListInitialise
                0x0001401e                vListInitialiseItem
                0x00014024                vListInsertEnd
                0x0001403e                vListInsert
                0x00014070                vListRemove
 .text.fp_round
                0x00014090       0x56 /usr/local/lpcxpresso_4.2.3_255/lpcxpresso/tools/bin/../lib/gcc/arm-none-eabi/4.5.1/../../../../arm-none-eabi/lib/thumb2/libcr_c.a(fpprintf.o)
 .text.lose_trailing_zeros
                0x000140e6       0x1e /usr/local/lpcxpresso_4.2.3_255/lpcxpresso/tools/bin/../lib/gcc/arm-none-eabi/4.5.1/../../../../arm-none-eabi/lib/thumb2/libcr_c.a(fpprintf.o)
 .text.pr_dec.clone.0
                0x00014104       0x24 /usr/local/lpcxpresso_4.2.3_255/lpcxpresso/tools/bin/../lib/gcc/arm-none-eabi/4.5.1/../../../../arm-none-eabi/lib/thumb2/libcr_c.a(fpprintf.o)
 .text.sprintf  0x00014128       0x70 /usr/local/lpcxpresso_4.2.3_255/lpcxpresso/tools/bin/../lib/gcc/arm-none-eabi/4.5.1/../../../../arm-none-eabi/lib/thumb2/libcr_c.a(fpprintf.o)
                0x00014128                sprintf
 .text.fp_display
                0x00014198      0x918 /usr/local/lpcxpresso_4.2.3_255/lpcxpresso/tools/bin/../lib/gcc/arm-none-eabi/4.5.1/../../../../arm-none-eabi/lib/thumb2/libcr_c.a(fpprintf.o)
 .text.snprintf
                0x00014ab0       0x6c /usr/local/lpcxpresso_4.2.3_255/lpcxpresso/tools/bin/../lib/gcc/arm-none-eabi/4.5.1/../../../../arm-none-eabi/lib/thumb2/libcr_c.a(fpprintf.o)
                0x00014ab0                snprintf
 .text.vsprintf
                0x00014b1c       0x5c /usr/local/lpcxpresso_4.2.3_255/lpcxpresso/tools/bin/../lib/gcc/arm-none-eabi/4.5.1/../../../../arm-none-eabi/lib/thumb2/libcr_c.a(fpprintf.o)
                0x00014b1c                vsprintf
 .text.memcmp   0x00014b78       0x46 /usr/local/lpcxpresso_4.2.3_255/lpcxpresso/tools/bin/../lib/gcc/arm-none-eabi/4.5.1/../../../../arm-none-eabi/lib/thumb2/libcr_c.a(memcmp.o)
                0x00014b78                memcmp
 *fill*         0x00014bbe        0x2 00
 .text.__vfprintf
                0x00014bc0      0xc3c /usr/local/lpcxpresso_4.2.3_255/lpcxpresso/tools/bin/../lib/gcc/arm-none-eabi/4.5.1/../../../../arm-none-eabi/lib/thumb2/libcr_c.a(printf.o)
                0x00014bc0                __vfprintf
 .text.ch_val   0x000157fc       0x38 /usr/local/lpcxpresso_4.2.3_255/lpcxpresso/tools/bin/../lib/gcc/arm-none-eabi/4.5.1/../../../../arm-none-eabi/lib/thumb2/libcr_c.a(scanf.o)
 .text.cr_rd_int
                0x00015834      0x1a8 /usr/local/lpcxpresso_4.2.3_255/lpcxpresso/tools/bin/../lib/gcc/arm-none-eabi/4.5.1/../../../../arm-none-eabi/lib/thumb2/libcr_c.a(scanf.o)
 *fill*         0x000159dc        0x4 00
 .text.vfscanf  0x000159e0      0x980 /usr/local/lpcxpresso_4.2.3_255/lpcxpresso/tools/bin/../lib/gcc/arm-none-eabi/4.5.1/../../../../arm-none-eabi/lib/thumb2/libcr_c.a(scanf.o)
                0x000159e0                vfscanf
 .text.sscanf   0x00016360       0x4c /usr/local/lpcxpresso_4.2.3_255/lpcxpresso/tools/bin/../lib/gcc/arm-none-eabi/4.5.1/../../../../arm-none-eabi/lib/thumb2/libcr_c.a(scanf.o)
                0x00016360                sscanf
 .text.strcat   0x000163ac       0x1c /usr/local/lpcxpresso_4.2.3_255/lpcxpresso/tools/bin/../lib/gcc/arm-none-eabi/4.5.1/../../../../arm-none-eabi/lib/thumb2/libcr_c.a(strcat.o)
                0x000163ac                strcat
 .text.strchr   0x000163c8       0x18 /usr/local/lpcxpresso_4.2.3_255/lpcxpresso/tools/bin/../lib/gcc/arm-none-eabi/4.5.1/../../../../arm-none-eabi/lib/thumb2/libcr_c.a(strchr.o)
                0x000163c8                strchr
 .text.strcmp   0x000163e0       0x46 /usr/local/lpcxpresso_4.2.3_255/lpcxpresso/tools/bin/../lib/gcc/arm-none-eabi/4.5.1/../../../../arm-none-eabi/lib/thumb2/libcr_c.a(strcmp.o)
                0x000163e0                strcmp
 .text.strcpy   0x00016426       0x42 /usr/local/lpcxpresso_4.2.3_255/lpcxpresso/tools/bin/../lib/gcc/arm-none-eabi/4.5.1/../../../../arm-none-eabi/lib/thumb2/libcr_c.a(strcpy.o)
                0x00016426                strcpy
 .text.strlen   0x00016468       0x4e /usr/local/lpcxpresso_4.2.3_255/lpcxpresso/tools/bin/../lib/gcc/arm-none-eabi/4.5.1/../../../../arm-none-eabi/lib/thumb2/libcr_c.a(strlen.o)
                0x00016468                strlen
 .text.strncmp  0x000164b6       0x58 /usr/local/lpcxpresso_4.2.3_255/lpcxpresso/tools/bin/../lib/gcc/arm-none-eabi/4.5.1/../../../../arm-none-eabi/lib/thumb2/libcr_c.a(strncmp.o)
                0x000164b6                strncmp
 .text.strncpy  0x0001650e       0x58 /usr/local/lpcxpresso_4.2.3_255/lpcxpresso/tools/bin/../lib/gcc/arm-none-eabi/4.5.1/../../../../arm-none-eabi/lib/thumb2/libcr_c.a(strncpy.o)
                0x0001650e                strncpy
 .text.strrchr  0x00016566       0x24 /usr/local/lpcxpresso_4.2.3_255/lpcxpresso/tools/bin/../lib/gcc/arm-none-eabi/4.5.1/../../../../arm-none-eabi/lib/thumb2/libcr_c.a(strrchr.o)
                0x00016566                strrchr
 .text.strstr   0x0001658a       0x20 /usr/local/lpcxpresso_4.2.3_255/lpcxpresso/tools/bin/../lib/gcc/arm-none-eabi/4.5.1/../../../../arm-none-eabi/lib/thumb2/libcr_c.a(strstr.o)
                0x0001658a                strstr
 .text.ungetc   0x000165aa       0x3a /usr/local/lpcxpresso_4.2.3_255/lpcxpresso/tools/bin/../lib/gcc/arm-none-eabi/4.5.1/../../../../arm-none-eabi/lib/thumb2/libcr_c.a(ungetc.o)
                0x000165aa                ungetc
 .text.memcpy   0x000165e4        0x4 /usr/local/lpcxpresso_4.2.3_255/lpcxpresso/tools/bin/../lib/gcc/arm-none-eabi/4.5.1/../../../../arm-none-eabi/lib/thumb2/libcr_c.a(memcpy.o)
                0x000165e4                memcpy
 .text.memset   0x000165e8        0x4 /usr/local/lpcxpresso_4.2.3_255/lpcxpresso/tools/bin/../lib/gcc/arm-none-eabi/4.5.1/../../../../arm-none-eabi/lib/thumb2/libcr_c.a(memset.o)
                0x000165e8                memset
 .text._Csys_read_
                0x000165ec       0x22 /usr/local/lpcxpresso_4.2.3_255/lpcxpresso/tools/bin/../lib/gcc/arm-none-eabi/4.5.1/../../../../arm-none-eabi/lib/thumb2/libcr_c.a(__fillbuf.o)
                0x000165ec                _Csys_read_
 *fill*         0x0001660e        0x2 00
 .text.__filbuf
                0x00016610      0x190 /usr/local/lpcxpresso_4.2.3_255/lpcxpresso/tools/bin/../lib/gcc/arm-none-eabi/4.5.1/../../../../arm-none-eabi/lib/thumb2/libcr_c.a(__fillbuf.o)
                0x00016610                __filbuf
 .text._deferredlazyseek
                0x000167a0       0x44 /usr/local/lpcxpresso_4.2.3_255/lpcxpresso/tools/bin/../lib/gcc/arm-none-eabi/4.5.1/../../../../arm-none-eabi/lib/thumb2/libcr_c.a(_deferredlazyseek.o)
                0x000167a0                _deferredlazyseek
 .text.__flsbuf
                0x000167e4      0x15e /usr/local/lpcxpresso_4.2.3_255/lpcxpresso/tools/bin/../lib/gcc/arm-none-eabi/4.5.1/../../../../arm-none-eabi/lib/thumb2/libcr_c.a(_deferredlazyseek.o)
                0x000167e4                __flsbuf
 .text._fflush  0x00016942       0x58 /usr/local/lpcxpresso_4.2.3_255/lpcxpresso/tools/bin/../lib/gcc/arm-none-eabi/4.5.1/../../../../arm-none-eabi/lib/thumb2/libcr_c.a(_fflush.o)
                0x00016942                _fflush
 .text._frexpl  0x0001699a       0x62 /usr/local/lpcxpresso_4.2.3_255/lpcxpresso/tools/bin/../lib/gcc/arm-none-eabi/4.5.1/../../../../arm-none-eabi/lib/thumb2/libcr_c.a(_frexpl.o)
                0x0001699a                _frexpl
 .text._ldexpl  0x000169fc       0x50 /usr/local/lpcxpresso_4.2.3_255/lpcxpresso/tools/bin/../lib/gcc/arm-none-eabi/4.5.1/../../../../arm-none-eabi/lib/thumb2/libcr_c.a(_ldexpl.o)
                0x000169fc                _ldexpl
 .text._Cwritebuf
                0x00016a4c       0x88 /usr/local/lpcxpresso_4.2.3_255/lpcxpresso/tools/bin/../lib/gcc/arm-none-eabi/4.5.1/../../../../arm-none-eabi/lib/thumb2/libcr_c.a(_writebuf.o)
                0x00016a4c                _Cwritebuf
 .text.malloc   0x00016ad4       0xd0 /usr/local/lpcxpresso_4.2.3_255/lpcxpresso/tools/bin/../lib/gcc/arm-none-eabi/4.5.1/../../../../arm-none-eabi/lib/thumb2/libcr_c.a(alloc.o)
                0x00016ad4                malloc
 .text._Csys_alloc
                0x00016ba4       0x20 /usr/local/lpcxpresso_4.2.3_255/lpcxpresso/tools/bin/../lib/gcc/arm-none-eabi/4.5.1/../../../../arm-none-eabi/lib/thumb2/libcr_c.a(alloc.o)
                0x00016ba4                _Csys_alloc
 .text.fseek    0x00016bc4      0x110 /usr/local/lpcxpresso_4.2.3_255/lpcxpresso/tools/bin/../lib/gcc/arm-none-eabi/4.5.1/../../../../arm-none-eabi/lib/thumb2/libcr_c.a(fseek.o)
                0x00016bc4                fseek
 .text.ftell    0x00016cd4       0x50 /usr/local/lpcxpresso_4.2.3_255/lpcxpresso/tools/bin/../lib/gcc/arm-none-eabi/4.5.1/../../../../arm-none-eabi/lib/thumb2/libcr_c.a(ftell.o)
                0x00016cd4                ftell
 .text.__aeabi_dmul
                0x00016d24      0x128 /usr/local/lpcxpresso_4.2.3_255/lpcxpresso/tools/bin/../lib/gcc/arm-none-eabi/4.5.1/thumb2/libcr_eabihelpers.a(double.o)
                0x00016d24                __aeabi_dmul
 .text.__aeabi_ddiv
                0x00016e4c      0x144 /usr/local/lpcxpresso_4.2.3_255/lpcxpresso/tools/bin/../lib/gcc/arm-none-eabi/4.5.1/thumb2/libcr_eabihelpers.a(double.o)
                0x00016e4c                __aeabi_ddiv
 .text.__aeabi_dsub
                0x00016f90      0x1d8 /usr/local/lpcxpresso_4.2.3_255/lpcxpresso/tools/bin/../lib/gcc/arm-none-eabi/4.5.1/thumb2/libcr_eabihelpers.a(double.o)
                0x00016f90                __aeabi_dsub
 .text.__aeabi_dadd
                0x00017168      0x13c /usr/local/lpcxpresso_4.2.3_255/lpcxpresso/tools/bin/../lib/gcc/arm-none-eabi/4.5.1/thumb2/libcr_eabihelpers.a(double.o)
                0x00017168                __aeabi_dadd
 .text.__aeabi_d2f
                0x000172a4       0x54 /usr/local/lpcxpresso_4.2.3_255/lpcxpresso/tools/bin/../lib/gcc/arm-none-eabi/4.5.1/thumb2/libcr_eabihelpers.a(double.o)
                0x000172a4                __aeabi_d2f
 .text.__aeabi_d2iz
                0x000172f8       0x3e /usr/local/lpcxpresso_4.2.3_255/lpcxpresso/tools/bin/../lib/gcc/arm-none-eabi/4.5.1/thumb2/libcr_eabihelpers.a(double.o)
                0x000172f8                __aeabi_d2iz
 .text.__bhs_ui2d
                0x00017336       0x50 /usr/local/lpcxpresso_4.2.3_255/lpcxpresso/tools/bin/../lib/gcc/arm-none-eabi/4.5.1/thumb2/libcr_eabihelpers.a(double.o)
                0x00017336                __bhs_ui2d
 .text.__aeabi_i2d
                0x00017386       0x10 /usr/local/lpcxpresso_4.2.3_255/lpcxpresso/tools/bin/../lib/gcc/arm-none-eabi/4.5.1/thumb2/libcr_eabihelpers.a(double.o)
                0x00017386                __aeabi_i2d
 .text.__aeabi_dcmpeq
                0x00017396       0x36 /usr/local/lpcxpresso_4.2.3_255/lpcxpresso/tools/bin/../lib/gcc/arm-none-eabi/4.5.1/thumb2/libcr_eabihelpers.a(double.o)
                0x00017396                __aeabi_dcmpeq
 .text.__aeabi_dcmplt
                0x000173cc       0x5a /usr/local/lpcxpresso_4.2.3_255/lpcxpresso/tools/bin/../lib/gcc/arm-none-eabi/4.5.1/thumb2/libcr_eabihelpers.a(double.o)
                0x000173cc                __aeabi_dcmplt
 .text.__aeabi_dcmple
                0x00017426       0x5a /usr/local/lpcxpresso_4.2.3_255/lpcxpresso/tools/bin/../lib/gcc/arm-none-eabi/4.5.1/thumb2/libcr_eabihelpers.a(double.o)
                0x00017426                __aeabi_dcmple
 .text.__aeabi_dcmpge
                0x00017480       0x5a /usr/local/lpcxpresso_4.2.3_255/lpcxpresso/tools/bin/../lib/gcc/arm-none-eabi/4.5.1/thumb2/libcr_eabihelpers.a(double.o)
                0x00017480                __aeabi_dcmpge
 .text.__aeabi_memcpy
                0x000174da       0x26 /usr/local/lpcxpresso_4.2.3_255/lpcxpresso/tools/bin/../lib/gcc/arm-none-eabi/4.5.1/thumb2/libcr_eabihelpers.a(memcpy.o)
                0x000174da                __aeabi_memcpy
                0x000174da                __aeabi_memcpy4
                0x000174da                __aeabi_memcpy8
 .text.__aeabi_memset_lowlevel
                0x00017500       0x24 /usr/local/lpcxpresso_4.2.3_255/lpcxpresso/tools/bin/../lib/gcc/arm-none-eabi/4.5.1/thumb2/libcr_eabihelpers.a(memcpy.o)
                0x00017500                __aeabi_lowlevel_memset
 .text.__sys_appexit
                0x00017524        0x2 /usr/local/lpcxpresso_4.2.3_255/lpcxpresso/tools/bin/../lib/gcc/arm-none-eabi/4.5.1/../../../../arm-none-eabi/lib/thumb2/libcr_nohost.a(__sys_appexit.o)
                0x00017524                __exit
                0x00017524                __sys_appexit
 .text.__sys_flen
                0x00017526        0x6 /usr/local/lpcxpresso_4.2.3_255/lpcxpresso/tools/bin/../lib/gcc/arm-none-eabi/4.5.1/../../../../arm-none-eabi/lib/thumb2/libcr_nohost.a(__sys_flen.o)
                0x00017526                __sys_flen
 .text.__sys_istty
                0x0001752c        0x6 /usr/local/lpcxpresso_4.2.3_255/lpcxpresso/tools/bin/../lib/gcc/arm-none-eabi/4.5.1/../../../../arm-none-eabi/lib/thumb2/libcr_nohost.a(__sys_istty.o)
                0x0001752c                __sys_istty
 .text.__sys_read
                0x00017532        0x4 /usr/local/lpcxpresso_4.2.3_255/lpcxpresso/tools/bin/../lib/gcc/arm-none-eabi/4.5.1/../../../../arm-none-eabi/lib/thumb2/libcr_nohost.a(__sys_read.o)
                0x00017532                __sys_read
 .text.__sys_readc
                0x00017536        0x6 /usr/local/lpcxpresso_4.2.3_255/lpcxpresso/tools/bin/../lib/gcc/arm-none-eabi/4.5.1/../../../../arm-none-eabi/lib/thumb2/libcr_nohost.a(__sys_readc.o)
                0x00017536                __readc
                0x00017536                __sys_readc
 .text.__sys_seek
                0x0001753c        0x6 /usr/local/lpcxpresso_4.2.3_255/lpcxpresso/tools/bin/../lib/gcc/arm-none-eabi/4.5.1/../../../../arm-none-eabi/lib/thumb2/libcr_nohost.a(__sys_seek.o)
                0x0001753c                __sys_seek
 .text.__sys_write
                0x00017542        0x4 /usr/local/lpcxpresso_4.2.3_255/lpcxpresso/tools/bin/../lib/gcc/arm-none-eabi/4.5.1/../../../../arm-none-eabi/lib/thumb2/libcr_nohost.a(__sys_write.o)
                0x00017542                __write
                0x00017542                __sys_write
 *fill*         0x00017546        0x2 00
 .text._sbrk    0x00017548       0x40 /usr/local/lpcxpresso_4.2.3_255/lpcxpresso/tools/bin/../lib/gcc/arm-none-eabi/4.5.1/../../../../arm-none-eabi/lib/thumb2/libcr_nohost.a(_cr_sbrk.o)
                0x00017548                _sbrk
 .text.__check_heap_overflow
                0x00017588       0x2c /usr/local/lpcxpresso_4.2.3_255/lpcxpresso/tools/bin/../lib/gcc/arm-none-eabi/4.5.1/../../../../arm-none-eabi/lib/thumb2/libcr_nohost.a(_cr_check_heap.o)
                0x00017588                __check_heap_overflow
 *(.rodata .rodata.*)
 .rodata        0x000175b4       0x10 ./LedBlinky.o
                0x000175b4                led_mask
 .rodata.str1.4
                0x000175c4       0x75 ./cr_startup_lpc17.o
                                 0x78 (size before relaxing)
 *fill*         0x00017639        0x3 00
 .rodata.str1.4
                0x0001763c       0x3f ./main.o
                                 0x40 (size before relaxing)
 *fill*         0x0001767b        0x1 00
 .rodata        0x0001767c      0x288 ./webserver/http-strings.o
                0x0001767c                http_http
                0x00017684                http_200
                0x0001768c                http_301
                0x00017694                http_302
                0x0001769c                http_get
                0x000176a4                http_10
                0x000176b0                http_11
                0x000176bc                http_content_type
                0x000176cc                http_texthtml
                0x000176d8                http_location
                0x000176e4                http_host
                0x000176ec                http_crnl
                0x000176f0                http_index_html
                0x000176fc                http_404_html
                0x00017708                http_referer
                0x00017714                http_header_200
                0x00017768                http_header_404
                0x000177c4                http_content_type_plain
                0x000177e4                http_content_type_html
                0x00017800                http_content_type_css
                0x0001781c                http_content_type_text
                0x00017838                http_content_type_png
                0x00017854                http_content_type_gif
                0x00017870                http_content_type_jpg
                0x00017890                http_content_type_binary
                0x000178bc                http_html
                0x000178c4                http_shtml
                0x000178cc                http_htm
                0x000178d4                http_css
                0x000178dc                http_png
                0x000178e4                http_gif
                0x000178ec                http_jpg
                0x000178f4                http_text
                0x000178fc                http_txt
 .rodata        0x00017904       0xc0 ./webserver/httpd-cgi.o
 .rodata.str1.4
                0x000179c4      0x183 ./webserver/httpd-cgi.o
                                0x184 (size before relaxing)
 *fill*         0x00017b47        0x1 00
 .rodata        0x00017b48     0x1578 ./webserver/httpd-fs.o
                0x00017b48                file_tcp_shtml
                0x00017b5c                file_404_html
                0x00017b70                file_index_html
                0x00017b84                file_index_shtml
                0x00017b98                file_io_shtml
                0x00017bac                file_runtime_shtml
                0x00017bc0                file_stats_shtml
 .rodata.str1.4
                0x000190c0       0xdf ./webserver/uIP_Task.o
                                 0xe0 (size before relaxing)
 *fill*         0x0001919f        0x1 00
 .rodata        0x000191a0        0x8 ./webserver/uip_arp.o
 .rodata        0x000191a8       0xe8 ./uip_ftp/Connections.o
                0x000191d8                Cmd_dictionary
 .rodata.str1.4
                0x00019290      0xa9c ./uip_ftp/Connections.o
 .rodata.str1.4
                0x00019d2c      0x1cc ./uip_ftp/FTPD.o
                                0x1e0 (size before relaxing)
 .rodata        0x00019ef8       0x3c ./driver_source/lpc17xx_gpio.o
 .rodata.str1.4
                0x00019f34       0x1f ./driver_source/lpc17xx_i2c.o
                                 0x20 (size before relaxing)
 *fill*         0x00019f53        0x1 00
 .rodata.str1.4
                0x00019f54       0x1f ./driver_source/lpc17xx_rtc.o
                                 0x20 (size before relaxing)
 *fill*         0x00019f73        0x1 00
 .rodata.str1.4
                0x00019f74       0x1f ./driver_source/lpc17xx_spi.o
                                 0x20 (size before relaxing)
 *fill*         0x00019f93        0x1 00
 .rodata        0x00019f94        0x8 ./driver_source/lpc17xx_uart.o
 .rodata.str1.4
                0x00019f9c       0x20 ./driver_source/lpc17xx_uart.o
 .rodata        0x00019fbc        0x8 ./UsbHost/MassStorage/usbhost_ms.o
 .rodata.str1.4
                0x00019fc4       0x5f ./UsbHost/MassStorage/usbhost_ms.o
                                 0x60 (size before relaxing)
 *fill*         0x0001a023        0x1 00
 .rodata.str1.4
                0x0001a024       0xce ./UsbHost/Main/usbhost_main.o
                                 0xd4 (size before relaxing)
 *fill*         0x0001a0f2        0x2 00
 .rodata        0x0001a0f4       0x10 ./UsbHost/Host/usbhost_lpc17xx.o
 .rodata.str1.4
                0x0001a104       0x9f ./UsbHost/Host/usbhost_lpc17xx.o
                                 0xc4 (size before relaxing)
 *fill*         0x0001a1a3        0x1 00
 .rodata        0x0001a1a4     0xeab0 ./FatFs/option/cc932.o
 .rodata.str1.4
                0x00028c54       0x48 ./FatFs/ff.o
 .rodata        0x00028c9c       0x14 /home/nlv14991/workspaceLPC/STE-LPC1768-/FreeRTOS_Library/Debug/libFreeRTOS_Library.a(tasks.o)
 .rodata.str1.1
                0x00028cb0        0x5 /home/nlv14991/workspaceLPC/STE-LPC1768-/FreeRTOS_Library/Debug/libFreeRTOS_Library.a(tasks.o)
 .rodata.str1.1
                0x00028cb5       0x34 /usr/local/lpcxpresso_4.2.3_255/lpcxpresso/tools/bin/../lib/gcc/arm-none-eabi/4.5.1/../../../../arm-none-eabi/lib/thumb2/libcr_c.a(fpprintf.o)
                                 0x35 (size before relaxing)
 .rodata.str1.1
                0x00028ce9       0x31 /usr/local/lpcxpresso_4.2.3_255/lpcxpresso/tools/bin/../lib/gcc/arm-none-eabi/4.5.1/../../../../arm-none-eabi/lib/thumb2/libcr_c.a(printf.o)
                                 0x38 (size before relaxing)
 *fill*         0x00028d1a        0x6 00
 .rodata.__huge_vall
                0x00028d20        0x8 /usr/local/lpcxpresso_4.2.3_255/lpcxpresso/tools/bin/../lib/gcc/arm-none-eabi/4.5.1/../../../../arm-none-eabi/lib/thumb2/libcr_c.a(_hugeval.o)
                0x00028d20                __huge_vall
 .rodata.str1.1
                0x00028d28       0x18 /usr/local/lpcxpresso_4.2.3_255/lpcxpresso/tools/bin/../lib/gcc/arm-none-eabi/4.5.1/../../../../arm-none-eabi/lib/thumb2/libcr_c.a(alloc.o)
 .rodata.__ctype
                0x00028d40      0x180 /usr/local/lpcxpresso_4.2.3_255/lpcxpresso/tools/bin/../lib/gcc/arm-none-eabi/4.5.1/../../../../arm-none-eabi/lib/thumb2/libcr_c.a(ctype.o)
                0x00028d40                __ctype
                0x00028ec0                . = ALIGN (0x4)

.glue_7         0x00028ec0        0x0
 .glue_7        0x00000000        0x0 linker stubs

.glue_7t        0x00028ec0        0x0
 .glue_7t       0x00000000        0x0 linker stubs

.vfp11_veneer   0x00028ec0        0x0
 .vfp11_veneer  0x00000000        0x0 linker stubs

.v4_bx          0x00028ec0        0x0
 .v4_bx         0x00000000        0x0 linker stubs

.ARM.extab
 *(.ARM.extab* .gnu.linkonce.armextab.*)
                0x00028ec0                __exidx_start = .

.ARM.exidx
 *(.ARM.exidx* .gnu.linkonce.armexidx.*)
                0x00028ec0                __exidx_end = .
                0x00028ec0                _etext = .

.data_RAM2      0x2007c000        0x0 load address 0x00028ec0
 FILL mask 0xff
 *(.data.$RAM2*)
 *(.data.$RamAHB32*)
                0x2007c000                . = ALIGN (0x4)

.uninit_RESERVED
 *(.bss.$RESERVED*)

.data           0x10000000       0xa4 load address 0x00028ec0
 FILL mask 0xff
                0x10000000                _data = .
 *(vtable)
 *(.data*)
 .data          0x10000000       0x70 ./uart_fullmodem_test.o
                0x10000000                menu1
                0x10000010                menu2
                0x10000058                menu3
 .data          0x10000070       0x20 ./webserver/httpd-cgi.o
 .data          0x10000090        0x1 ./driver_source/lpc17xx_sd.o
 .data          0x10000091        0x1 ./UsbHost/Host/usb_ms_diskio.o
 *fill*         0x10000092        0x2 00
 .data          0x10000094        0x4 /home/nlv14991/workspaceLPC/STE-LPC1768-/CMSISv1p30_LPC17xx/Debug/libCMSISv1p30_LPC17xx.a(system_LPC17xx.o)
                0x10000094                SystemCoreClock
 .data          0x10000098        0x4 /home/nlv14991/workspaceLPC/STE-LPC1768-/FreeRTOS_Library/Debug/libFreeRTOS_Library.a(port.o)
 .data.posinf.1879
                0x1000009c        0x4 /usr/local/lpcxpresso_4.2.3_255/lpcxpresso/tools/bin/../lib/gcc/arm-none-eabi/4.5.1/../../../../arm-none-eabi/lib/thumb2/libcr_c.a(scanf.o)
 .data.neginf.1880
                0x100000a0        0x4 /usr/local/lpcxpresso_4.2.3_255/lpcxpresso/tools/bin/../lib/gcc/arm-none-eabi/4.5.1/../../../../arm-none-eabi/lib/thumb2/libcr_c.a(scanf.o)
                0x100000a4                . = ALIGN (0x4)
                0x100000a4                _edata = .

.bss_RAM2       0x2007c000        0x0
 *(.bss.$RAM2*)
 *(.bss.$RamAHB32*)
                0x2007c000                . = ALIGN (0x4)

.bss            0x100000a8     0x6118
                0x100000a8                _bss = .
 *(.bss*)
 .bss           0x100000a8        0x8 ./webserver/emac.o
 .bss           0x100000b0       0x84 ./webserver/httpd-cgi.o
                0x100000b0                lRefreshCount
 .bss           0x10000134       0x10 ./webserver/httpd-fs.o
 .bss           0x10000144        0x4 ./webserver/uIP_Task.o
                0x10000144                xEMACSemaphore
 .bss           0x10000148       0x18 ./webserver/uip.o
                0x10000158                uip_ethaddr
 .bss           0x10000160       0x68 ./webserver/uip_arp.o
 .bss           0x100001c8      0xc20 ./uip_ftp/Connections.o
 .bss           0x10000de8       0x20 ./driver_source/lpc17xx_gpdma.o
 .bss           0x10000e08       0x24 ./driver_source/lpc17xx_i2c.o
 .bss           0x10000e2c        0x8 ./driver_source/lpc17xx_i2s.o
 .bss           0x10000e34       0x40 ./driver_source/lpc17xx_sd.o
 .bss           0x10000e74        0xc ./driver_source/lpc17xx_spi.o
 .bss           0x10000e80       0x18 ./driver_source/lpc17xx_ssp.o
 .bss           0x10000e98       0x44 ./driver_source/lpc17xx_uart.o
                0x10000e98                pfnModemCbs
                0x10000e9c                uartCbsDat
 .bss           0x10000edc       0x2c ./UsbHost/Uart/usbhost_uart.o
 .bss           0x10000f08      0x200 ./UsbHost/Main/usbhost_main.o
 .bss           0x10001108        0x3 ./UsbHost/Host/usb_ms_diskio.o
 *fill*         0x1000110b        0x1 00
 .bss           0x1000110c        0xc ./UsbHost/Host/usbhost_lpc17xx.o
                0x1000110c                HOST_RhscIntr
                0x10001110                HOST_TDControlStatus
                0x10001114                HOST_WdhIntr
 .bss           0x10001118      0x214 ./FatFs/ff.o
 .bss           0x1000132c      0x100 /home/nlv14991/workspaceLPC/STE-LPC1768-/FreeRTOS_Library/Debug/libFreeRTOS_Library.a(tasks.o)
                0x10001330                pxCurrentTCB
 *fill*         0x1000142c        0x4 00
 .bss           0x10001430     0x2820 /home/nlv14991/workspaceLPC/STE-LPC1768-/FreeRTOS_Library/Debug/libFreeRTOS_Library.a(heap_2.o)
 .bss.errno     0x10003c50        0x4 /usr/local/lpcxpresso_4.2.3_255/lpcxpresso/tools/bin/../lib/gcc/arm-none-eabi/4.5.1/../../../../arm-none-eabi/lib/thumb2/libcr_c.a(errno.o)
                0x10003c50                errno
 *(COMMON)
 COMMON         0x10003c54        0x4 ./LedBlinky.o
                0x10003c54                SysTickCnt
 COMMON         0x10003c58       0x51 ./lcd_i2c.o
                0x10003c58                transferMCfg
                0x10003c84                master_test
                0x10003c88                Master_Buf
 *fill*         0x10003ca9        0x3 00
 COMMON         0x10003cac        0x4 ./main.o
                0x10003cac                xCountingSemaphore
 COMMON         0x10003cb0      0x218 ./uart_fullmodem_test.o
                0x10003cb0                rb
                0x10003ec0                TxIntStat
                0x10003ec4                RTS_State
 COMMON         0x10003ec8        0x4 ./webserver/emac.o
                0x10003ec8                uip_buf
 COMMON         0x10003ecc        0x8 ./webserver/httpd-cgi.o
                0x10003ecc                ulString
                0x10003ed0                pcStatus
 COMMON         0x10003ed4      0x8c2 ./webserver/uip.o
                0x10003ed4                uip_len
                0x10003ed8                uip_sappdata
                0x10003edc                uip_acc32
                0x10003ee0                uip_flags
                0x10003ee4                uip_appdata
                0x10003ee8                uip_conn
                0x10003eec                uip_conns
                0x1000470c                uip_listenports
                0x1000475c                uip_draddr
                0x10004760                uip_stat
                0x1000478c                uip_netmask
                0x10004790                uip_hostaddr
                0x10004794                uip_slen
 *fill*         0x10004796        0x2 00
 COMMON         0x10004798      0xb3c ./uip_ftp/FTPD.o
                0x10004798                driveAttached
                0x1000479c                ftpd_state
 COMMON         0x100052d4      0x1b8 ./uip_ftp/ftp_main.o
                0x100052d4                tcp_appdata
 COMMON         0x1000548c      0x218 ./UsbHost/Uart/usbhost_uart.o
                0x1000548c                RTS_State_usb
                0x10005490                TxIntStat_usb
                0x10005494                rb_usb
 COMMON         0x100056a4        0x4 ./UsbHost/MassStorage/usbhost_ms.o
                0x100056a4                MS_BlkSize
 COMMON         0x100056a8      0xae4 ./UsbHost/Main/usbhost_main.o
                0x100056a8                File1
                0x100058cc                USBFs
                0x10005f68                File2
 COMMON         0x1000618c       0x2c ./UsbHost/Host/usbhost_lpc17xx.o
                0x1000618c                TDBufNonVol
                0x10006190                FATBuffer
                0x10006194                Hcca
                0x10006198                TDTail
                0x1000619c                EDBulkOut
                0x100061a0                UserBuffer
                0x100061a4                gUSBConnected
                0x100061a8                TDBuffer
                0x100061ac                EDBulkIn
                0x100061b0                EDCtrl
                0x100061b4                TDHead
 COMMON         0x100061b8        0x8 /usr/local/lpcxpresso_4.2.3_255/lpcxpresso/tools/bin/../lib/gcc/arm-none-eabi/4.5.1/../../../../arm-none-eabi/lib/thumb2/libcr_c.a(__init_alloc.o)
                0x100061b8                __heaps
                0x100061bc                __end_of_heap
                0x100061c0                . = ALIGN (0x4)
                0x100061c0                _ebss = .
                0x100061c0                PROVIDE (end, .)
                0x100061c0                PROVIDE (_pvHeapStart, .)
                0x10008000                PROVIDE (_vStackTop, (__top_RamLoc32 - 0x0))
OUTPUT(example_driver.axf elf32-littlearm)

.debug_abbrev   0x00000000     0x8269
 .debug_abbrev  0x00000000      0x276 ./LedBlinky.o
 .debug_abbrev  0x00000276      0x211 ./cr_startup_lpc17.o
 .debug_abbrev  0x00000487      0x2b6 ./lcd_i2c.o
 .debug_abbrev  0x0000073d      0x1a5 ./main.o
 .debug_abbrev  0x000008e2      0x3a2 ./uart_fullmodem_test.o
 .debug_abbrev  0x00000c84      0x2df ./webserver/emac.o
 .debug_abbrev  0x00000f63       0x4b ./webserver/http-strings.o
 .debug_abbrev  0x00000fae      0x26f ./webserver/httpd-cgi.o
 .debug_abbrev  0x0000121d      0x1a2 ./webserver/httpd-fs.o
 .debug_abbrev  0x000013bf      0x292 ./webserver/httpd.o
 .debug_abbrev  0x00001651      0x2c1 ./webserver/psock.o
 .debug_abbrev  0x00001912       0xee ./webserver/timer.o
 .debug_abbrev  0x00001a00      0x348 ./webserver/uIP_Task.o
 .debug_abbrev  0x00001d48      0x384 ./webserver/uip.o
 .debug_abbrev  0x000020cc      0x196 ./webserver/uip_arp.o
 .debug_abbrev  0x00002262      0x3a4 ./uip_ftp/Connections.o
 .debug_abbrev  0x00002606      0x242 ./uip_ftp/FTPD.o
 .debug_abbrev  0x00002848       0x3b ./uip_ftp/FTP_Strings.o
 .debug_abbrev  0x00002883      0x2fa ./uip_ftp/ftp_main.o
 .debug_abbrev  0x00002b7d      0x165 ./driver_source/lpc17xx_adc.o
 .debug_abbrev  0x00002ce2      0x228 ./driver_source/lpc17xx_can.o
 .debug_abbrev  0x00002f0a      0x1de ./driver_source/lpc17xx_clkpwr.o
 .debug_abbrev  0x000030e8      0x14e ./driver_source/lpc17xx_dac.o
 .debug_abbrev  0x00003236      0x377 ./driver_source/lpc17xx_emac.o
 .debug_abbrev  0x000035ad      0x1f7 ./driver_source/lpc17xx_gpdma.o
 .debug_abbrev  0x000037a4      0x1f9 ./driver_source/lpc17xx_gpio.o
 .debug_abbrev  0x0000399d      0x375 ./driver_source/lpc17xx_i2c.o
 .debug_abbrev  0x00003d12      0x263 ./driver_source/lpc17xx_i2s.o
 .debug_abbrev  0x00003f75       0x6a ./driver_source/lpc17xx_libcfg_default.o
 .debug_abbrev  0x00003fdf      0x189 ./driver_source/lpc17xx_mcpwm.o
 .debug_abbrev  0x00004168       0xf9 ./driver_source/lpc17xx_nvic.o
 .debug_abbrev  0x00004261      0x1af ./driver_source/lpc17xx_pinsel.o
 .debug_abbrev  0x00004410      0x1ad ./driver_source/lpc17xx_pwm.o
 .debug_abbrev  0x000045bd      0x1f6 ./driver_source/lpc17xx_qei.o
 .debug_abbrev  0x000047b3      0x120 ./driver_source/lpc17xx_rit.o
 .debug_abbrev  0x000048d3      0x191 ./driver_source/lpc17xx_rtc.o
 .debug_abbrev  0x00004a64      0x383 ./driver_source/lpc17xx_sd.o
 .debug_abbrev  0x00004de7      0x2e7 ./driver_source/lpc17xx_spi.o
 .debug_abbrev  0x000050ce      0x2e4 ./driver_source/lpc17xx_ssp.o
 .debug_abbrev  0x000053b2      0x26e ./driver_source/lpc17xx_timer.o
 .debug_abbrev  0x00005620      0x40a ./driver_source/lpc17xx_uart.o
 .debug_abbrev  0x00005a2a      0x1e0 ./driver_source/lpc17xx_wdt.o
 .debug_abbrev  0x00005c0a      0x34d ./UsbHost/Uart/usbhost_uart.o
 .debug_abbrev  0x00005f57      0x210 ./UsbHost/MassStorage/usbhost_ms.o
 .debug_abbrev  0x00006167      0x161 ./UsbHost/Main/usbhost_main.o
 .debug_abbrev  0x000062c8      0x229 ./UsbHost/Host/usb_ms_diskio.o
 .debug_abbrev  0x000064f1      0x418 ./UsbHost/Host/usbhost_lpc17xx.o
 .debug_abbrev  0x00006909      0x2f8 ./LPCUSB/USB_CDC.o
 .debug_abbrev  0x00006c01      0x1d0 ./LPCUSB/usbcontrol.o
 .debug_abbrev  0x00006dd1      0x367 ./LPCUSB/usbhw_lpc.o
 .debug_abbrev  0x00007138       0xc5 ./LPCUSB/usbinit.o
 .debug_abbrev  0x000071fd      0x22e ./LPCUSB/usbstdreq.o
 .debug_abbrev  0x0000742b       0xd4 ./FatFs/option/cc932.o
 .debug_abbrev  0x000074ff       0x2c ./FatFs/option/syncobj.o
 .debug_abbrev  0x0000752b       0x2c ./FatFs/option/syscall.o
 .debug_abbrev  0x00007557      0x12a ./FatFs/diskio.o
 .debug_abbrev  0x00007681      0x2f1 ./FatFs/ff.o
 .debug_abbrev  0x00007972       0xe3 /home/nlv14991/workspaceLPC/STE-LPC1768-/CMSISv1p30_LPC17xx/Debug/libCMSISv1p30_LPC17xx.a(system_LPC17xx.o)
 .debug_abbrev  0x00007a55      0x1b3 /home/nlv14991/workspaceLPC/STE-LPC1768-/FreeRTOS_Library/Debug/libFreeRTOS_Library.a(queue.o)
 .debug_abbrev  0x00007c08      0x29c /home/nlv14991/workspaceLPC/STE-LPC1768-/FreeRTOS_Library/Debug/libFreeRTOS_Library.a(tasks.o)
 .debug_abbrev  0x00007ea4      0x1b4 /home/nlv14991/workspaceLPC/STE-LPC1768-/FreeRTOS_Library/Debug/libFreeRTOS_Library.a(heap_2.o)
 .debug_abbrev  0x00008058      0x128 /home/nlv14991/workspaceLPC/STE-LPC1768-/FreeRTOS_Library/Debug/libFreeRTOS_Library.a(port.o)
 .debug_abbrev  0x00008180       0xe9 /home/nlv14991/workspaceLPC/STE-LPC1768-/FreeRTOS_Library/Debug/libFreeRTOS_Library.a(list.o)

.debug_info     0x00000000    0x28594
 .debug_info    0x00000000      0x741 ./LedBlinky.o
 .debug_info    0x00000741      0x924 ./cr_startup_lpc17.o
 .debug_info    0x00001065      0x62e ./lcd_i2c.o
 .debug_info    0x00001693      0x4c3 ./main.o
 .debug_info    0x00001b56     0x1190 ./uart_fullmodem_test.o
 .debug_info    0x00002ce6      0xf3d ./webserver/emac.o
 .debug_info    0x00003c23      0x446 ./webserver/http-strings.o
 .debug_info    0x00004069      0xd74 ./webserver/httpd-cgi.o
 .debug_info    0x00004ddd      0x586 ./webserver/httpd-fs.o
 .debug_info    0x00005363      0xb5d ./webserver/httpd.o
 .debug_info    0x00005ec0      0xa44 ./webserver/psock.o
 .debug_info    0x00006904      0x17b ./webserver/timer.o
 .debug_info    0x00006a7f     0x1400 ./webserver/uIP_Task.o
 .debug_info    0x00007e7f     0x1479 ./webserver/uip.o
 .debug_info    0x000092f8      0x506 ./webserver/uip_arp.o
 .debug_info    0x000097fe     0x194a ./uip_ftp/Connections.o
 .debug_info    0x0000b148      0xb68 ./uip_ftp/FTPD.o
 .debug_info    0x0000bcb0      0x169 ./uip_ftp/FTP_Strings.o
 .debug_info    0x0000be19     0x1960 ./uip_ftp/ftp_main.o
 .debug_info    0x0000d779      0x637 ./driver_source/lpc17xx_adc.o
 .debug_info    0x0000ddb0     0x12cd ./driver_source/lpc17xx_can.o
 .debug_info    0x0000f07d      0x6d0 ./driver_source/lpc17xx_clkpwr.o
 .debug_info    0x0000f74d      0x2cd ./driver_source/lpc17xx_dac.o
 .debug_info    0x0000fa1a     0x11ab ./driver_source/lpc17xx_emac.o
 .debug_info    0x00010bc5      0xcb4 ./driver_source/lpc17xx_gpdma.o
 .debug_info    0x00011879      0xcf1 ./driver_source/lpc17xx_gpio.o
 .debug_info    0x0001256a     0x121c ./driver_source/lpc17xx_i2c.o
 .debug_info    0x00013786      0xa4d ./driver_source/lpc17xx_i2s.o
 .debug_info    0x000141d3       0xca ./driver_source/lpc17xx_libcfg_default.o
 .debug_info    0x0001429d      0x7fc ./driver_source/lpc17xx_mcpwm.o
 .debug_info    0x00014a99      0x3fb ./driver_source/lpc17xx_nvic.o
 .debug_info    0x00014e94      0x608 ./driver_source/lpc17xx_pinsel.o
 .debug_info    0x0001549c      0x83a ./driver_source/lpc17xx_pwm.o
 .debug_info    0x00015cd6      0x85b ./driver_source/lpc17xx_qei.o
 .debug_info    0x00016531      0x325 ./driver_source/lpc17xx_rit.o
 .debug_info    0x00016856      0xa4e ./driver_source/lpc17xx_rtc.o
 .debug_info    0x000172a4      0xdc2 ./driver_source/lpc17xx_sd.o
 .debug_info    0x00018066      0x968 ./driver_source/lpc17xx_spi.o
 .debug_info    0x000189ce      0xb79 ./driver_source/lpc17xx_ssp.o
 .debug_info    0x00019547      0x932 ./driver_source/lpc17xx_timer.o
 .debug_info    0x00019e79     0x1889 ./driver_source/lpc17xx_uart.o
 .debug_info    0x0001b702      0x45e ./driver_source/lpc17xx_wdt.o
 .debug_info    0x0001bb60     0x1112 ./UsbHost/Uart/usbhost_uart.o
 .debug_info    0x0001cc72      0x5ca ./UsbHost/MassStorage/usbhost_ms.o
 .debug_info    0x0001d23c      0x622 ./UsbHost/Main/usbhost_main.o
 .debug_info    0x0001d85e      0xa50 ./UsbHost/Host/usb_ms_diskio.o
 .debug_info    0x0001e2ae     0x2055 ./UsbHost/Host/usbhost_lpc17xx.o
 .debug_info    0x00020303      0xd60 ./LPCUSB/USB_CDC.o
 .debug_info    0x00021063      0x430 ./LPCUSB/usbcontrol.o
 .debug_info    0x00021493     0x14cc ./LPCUSB/usbhw_lpc.o
 .debug_info    0x0002295f      0x131 ./LPCUSB/usbinit.o
 .debug_info    0x00022a90      0x57d ./LPCUSB/usbstdreq.o
 .debug_info    0x0002300d      0x1d4 ./FatFs/option/cc932.o
 .debug_info    0x000231e1       0x62 ./FatFs/option/syncobj.o
 .debug_info    0x00023243       0x77 ./FatFs/option/syscall.o
 .debug_info    0x000232ba      0x369 ./FatFs/diskio.o
 .debug_info    0x00023623     0x2dcc ./FatFs/ff.o
 .debug_info    0x000263ef      0x356 /home/nlv14991/workspaceLPC/STE-LPC1768-/CMSISv1p30_LPC17xx/Debug/libCMSISv1p30_LPC17xx.a(system_LPC17xx.o)
 .debug_info    0x00026745      0x814 /home/nlv14991/workspaceLPC/STE-LPC1768-/FreeRTOS_Library/Debug/libFreeRTOS_Library.a(queue.o)
 .debug_info    0x00026f59      0xe69 /home/nlv14991/workspaceLPC/STE-LPC1768-/FreeRTOS_Library/Debug/libFreeRTOS_Library.a(tasks.o)
 .debug_info    0x00027dc2      0x2e7 /home/nlv14991/workspaceLPC/STE-LPC1768-/FreeRTOS_Library/Debug/libFreeRTOS_Library.a(heap_2.o)
 .debug_info    0x000280a9      0x224 /home/nlv14991/workspaceLPC/STE-LPC1768-/FreeRTOS_Library/Debug/libFreeRTOS_Library.a(port.o)
 .debug_info    0x000282cd      0x2c7 /home/nlv14991/workspaceLPC/STE-LPC1768-/FreeRTOS_Library/Debug/libFreeRTOS_Library.a(list.o)

.debug_line     0x00000000    0x1e46c
 .debug_line    0x00000000      0x3d9 ./LedBlinky.o
 .debug_line    0x000003d9      0x3eb ./cr_startup_lpc17.o
 .debug_line    0x000007c4      0x5d3 ./lcd_i2c.o
 .debug_line    0x00000d97      0x48e ./main.o
 .debug_line    0x00001225      0x6c1 ./uart_fullmodem_test.o
 .debug_line    0x000018e6      0x819 ./webserver/emac.o
 .debug_line    0x000020ff       0x3c ./webserver/http-strings.o
 .debug_line    0x0000213b      0x90b ./webserver/httpd-cgi.o
 .debug_line    0x00002a46      0x33e ./webserver/httpd-fs.o
 .debug_line    0x00002d84      0x849 ./webserver/httpd.o
 .debug_line    0x000035cd      0x8dc ./webserver/psock.o
 .debug_line    0x00003ea9      0x3fc ./webserver/timer.o
 .debug_line    0x000042a5      0xace ./webserver/uIP_Task.o
 .debug_line    0x00004d73     0x12b3 ./webserver/uip.o
 .debug_line    0x00006026      0x812 ./webserver/uip_arp.o
 .debug_line    0x00006838     0x130e ./uip_ftp/Connections.o
 .debug_line    0x00007b46      0xafd ./uip_ftp/FTPD.o
 .debug_line    0x00008643       0x39 ./uip_ftp/FTP_Strings.o
 .debug_line    0x0000867c      0xc41 ./uip_ftp/ftp_main.o
 .debug_line    0x000092bd      0x508 ./driver_source/lpc17xx_adc.o
 .debug_line    0x000097c5     0x1346 ./driver_source/lpc17xx_can.o
 .debug_line    0x0000ab0b      0x422 ./driver_source/lpc17xx_clkpwr.o
 .debug_line    0x0000af2d      0x3d6 ./driver_source/lpc17xx_dac.o
 .debug_line    0x0000b303      0x8fb ./driver_source/lpc17xx_emac.o
 .debug_line    0x0000bbfe      0x4a4 ./driver_source/lpc17xx_gpdma.o
 .debug_line    0x0000c0a2      0x4e0 ./driver_source/lpc17xx_gpio.o
 .debug_line    0x0000c582      0x9ed ./driver_source/lpc17xx_i2c.o
 .debug_line    0x0000cf6f      0x74f ./driver_source/lpc17xx_i2s.o
 .debug_line    0x0000d6be      0x2be ./driver_source/lpc17xx_libcfg_default.o
 .debug_line    0x0000d97c      0x5e8 ./driver_source/lpc17xx_mcpwm.o
 .debug_line    0x0000df64      0x386 ./driver_source/lpc17xx_nvic.o
 .debug_line    0x0000e2ea      0x3d4 ./driver_source/lpc17xx_pinsel.o
 .debug_line    0x0000e6be      0x65d ./driver_source/lpc17xx_pwm.o
 .debug_line    0x0000ed1b      0x65f ./driver_source/lpc17xx_qei.o
 .debug_line    0x0000f37a      0x447 ./driver_source/lpc17xx_rit.o
 .debug_line    0x0000f7c1      0x72c ./driver_source/lpc17xx_rtc.o
 .debug_line    0x0000feed      0x7ef ./driver_source/lpc17xx_sd.o
 .debug_line    0x000106dc      0x678 ./driver_source/lpc17xx_spi.o
 .debug_line    0x00010d54      0xa28 ./driver_source/lpc17xx_ssp.o
 .debug_line    0x0001177c      0x653 ./driver_source/lpc17xx_timer.o
 .debug_line    0x00011dcf     0x11e7 ./driver_source/lpc17xx_uart.o
 .debug_line    0x00012fb6      0x4c2 ./driver_source/lpc17xx_wdt.o
 .debug_line    0x00013478      0xb60 ./UsbHost/Uart/usbhost_uart.o
 .debug_line    0x00013fd8      0xa77 ./UsbHost/MassStorage/usbhost_ms.o
 .debug_line    0x00014a4f      0x936 ./UsbHost/Main/usbhost_main.o
 .debug_line    0x00015385      0x9b4 ./UsbHost/Host/usb_ms_diskio.o
 .debug_line    0x00015d39      0xe9c ./UsbHost/Host/usbhost_lpc17xx.o
 .debug_line    0x00016bd5      0x99c ./LPCUSB/USB_CDC.o
 .debug_line    0x00017571      0x77f ./LPCUSB/usbcontrol.o
 .debug_line    0x00017cf0      0xa97 ./LPCUSB/usbhw_lpc.o
 .debug_line    0x00018787      0x6fd ./LPCUSB/usbinit.o
 .debug_line    0x00018e84      0x82a ./LPCUSB/usbstdreq.o
 .debug_line    0x000196ae       0xcf ./FatFs/option/cc932.o
 .debug_line    0x0001977d       0x6e ./FatFs/option/syncobj.o
 .debug_line    0x000197eb      0x5d2 ./FatFs/option/syscall.o
 .debug_line    0x00019dbd      0x91f ./FatFs/diskio.o
 .debug_line    0x0001a6dc     0x1c65 ./FatFs/ff.o
 .debug_line    0x0001c341      0x3f5 /home/nlv14991/workspaceLPC/STE-LPC1768-/CMSISv1p30_LPC17xx/Debug/libCMSISv1p30_LPC17xx.a(system_LPC17xx.o)
 .debug_line    0x0001c736      0x64d /home/nlv14991/workspaceLPC/STE-LPC1768-/FreeRTOS_Library/Debug/libFreeRTOS_Library.a(queue.o)
 .debug_line    0x0001cd83      0x808 /home/nlv14991/workspaceLPC/STE-LPC1768-/FreeRTOS_Library/Debug/libFreeRTOS_Library.a(tasks.o)
 .debug_line    0x0001d58b      0x513 /home/nlv14991/workspaceLPC/STE-LPC1768-/FreeRTOS_Library/Debug/libFreeRTOS_Library.a(heap_2.o)
 .debug_line    0x0001da9e      0x4e4 /home/nlv14991/workspaceLPC/STE-LPC1768-/FreeRTOS_Library/Debug/libFreeRTOS_Library.a(port.o)
 .debug_line    0x0001df82      0x4ea /home/nlv14991/workspaceLPC/STE-LPC1768-/FreeRTOS_Library/Debug/libFreeRTOS_Library.a(list.o)

.debug_macinfo  0x00000000   0x225d2b
 .debug_macinfo
                0x00000000     0x6925 ./LedBlinky.o
 .debug_macinfo
                0x00006925     0x7f9c ./cr_startup_lpc17.o
 .debug_macinfo
                0x0000e8c1     0x8fa4 ./lcd_i2c.o
 .debug_macinfo
                0x00017865     0x9cf4 ./main.o
 .debug_macinfo
                0x00021559     0x85f0 ./uart_fullmodem_test.o
 .debug_macinfo
                0x00029b49     0xb422 ./webserver/emac.o
 .debug_macinfo
                0x00034f6b     0x1704 ./webserver/http-strings.o
 .debug_macinfo
                0x0003666f     0xcc10 ./webserver/httpd-cgi.o
 .debug_macinfo
                0x0004327f     0x3e03 ./webserver/httpd-fs.o
 .debug_macinfo
                0x00047082     0x5ea7 ./webserver/httpd.o
 .debug_macinfo
                0x0004cf29     0x6d16 ./webserver/psock.o
 .debug_macinfo
                0x00053c3f     0x88bc ./webserver/timer.o
 .debug_macinfo
                0x0005c4fb    0x1125c ./webserver/uIP_Task.o
 .debug_macinfo
                0x0006d757     0xc062 ./webserver/uip.o
 .debug_macinfo
                0x000797b9     0x5f3e ./webserver/uip_arp.o
 .debug_macinfo
                0x0007f6f7     0xce52 ./uip_ftp/Connections.o
 .debug_macinfo
                0x0008c549     0xcd74 ./uip_ftp/FTPD.o
 .debug_macinfo
                0x000992bd     0x1704 ./uip_ftp/FTP_Strings.o
 .debug_macinfo
                0x0009a9c1    0x1116a ./uip_ftp/ftp_main.o
 .debug_macinfo
                0x000abb2b     0x8423 ./driver_source/lpc17xx_adc.o
 .debug_macinfo
                0x000b3f4e     0x9842 ./driver_source/lpc17xx_can.o
 .debug_macinfo
                0x000bd790     0x79ee ./driver_source/lpc17xx_clkpwr.o
 .debug_macinfo
                0x000c517e     0x7d50 ./driver_source/lpc17xx_dac.o
 .debug_macinfo
                0x000ccece     0x999f ./driver_source/lpc17xx_emac.o
 .debug_macinfo
                0x000d686d     0x9057 ./driver_source/lpc17xx_gpdma.o
 .debug_macinfo
                0x000df8c4     0x6aad ./driver_source/lpc17xx_gpio.o
 .debug_macinfo
                0x000e6371     0x89cd ./driver_source/lpc17xx_i2c.o
 .debug_macinfo
                0x000eed3e     0x8e71 ./driver_source/lpc17xx_i2s.o
 .debug_macinfo
                0x000f7baf     0x238d ./driver_source/lpc17xx_libcfg_default.o
 .debug_macinfo
                0x000f9f3c     0x85d7 ./driver_source/lpc17xx_mcpwm.o
 .debug_macinfo
                0x00102513     0x66e4 ./driver_source/lpc17xx_nvic.o
 .debug_macinfo
                0x00108bf7     0x6bc8 ./driver_source/lpc17xx_pinsel.o
 .debug_macinfo
                0x0010f7bf     0x847c ./driver_source/lpc17xx_pwm.o
 .debug_macinfo
                0x00117c3b     0x9415 ./driver_source/lpc17xx_qei.o
 .debug_macinfo
                0x00121050     0x7c79 ./driver_source/lpc17xx_rit.o
 .debug_macinfo
                0x00128cc9     0x846d ./driver_source/lpc17xx_rtc.o
 .debug_macinfo
                0x00131136     0x7593 ./driver_source/lpc17xx_sd.o
 .debug_macinfo
                0x001386c9     0x8603 ./driver_source/lpc17xx_spi.o
 .debug_macinfo
                0x00140ccc     0x8cc5 ./driver_source/lpc17xx_ssp.o
 .debug_macinfo
                0x00149991     0x88c2 ./driver_source/lpc17xx_timer.o
 .debug_macinfo
                0x00152253     0xb772 ./driver_source/lpc17xx_uart.o
 .debug_macinfo
                0x0015d9c5     0x83b3 ./driver_source/lpc17xx_wdt.o
 .debug_macinfo
                0x00165d78     0xbf95 ./UsbHost/Uart/usbhost_uart.o
 .debug_macinfo
                0x00171d0d     0x9eb0 ./UsbHost/MassStorage/usbhost_ms.o
 .debug_macinfo
                0x0017bbbd     0xb12d ./UsbHost/Main/usbhost_main.o
 .debug_macinfo
                0x00186cea     0xb135 ./UsbHost/Host/usb_ms_diskio.o
 .debug_macinfo
                0x00191e1f     0x9eb0 ./UsbHost/Host/usbhost_lpc17xx.o
 .debug_macinfo
                0x0019bccf     0xdc97 ./LPCUSB/USB_CDC.o
 .debug_macinfo
                0x001a9966     0xb2c0 ./LPCUSB/usbcontrol.o
 .debug_macinfo
                0x001b4c26     0xb88c ./LPCUSB/usbhw_lpc.o
 .debug_macinfo
                0x001c04b2     0xb294 ./LPCUSB/usbinit.o
 .debug_macinfo
                0x001cb746     0xb388 ./LPCUSB/usbstdreq.o
 .debug_macinfo
                0x001d6ace     0x1d31 ./FatFs/option/cc932.o
 .debug_macinfo
                0x001d87ff     0x1d21 ./FatFs/option/syncobj.o
 .debug_macinfo
                0x001da520     0x3fd6 ./FatFs/option/syscall.o
 .debug_macinfo
                0x001de4f6     0xa47e ./FatFs/diskio.o
 .debug_macinfo
                0x001e8974     0x3088 ./FatFs/ff.o
 .debug_macinfo
                0x001eb9fc     0x7879 /home/nlv14991/workspaceLPC/STE-LPC1768-/CMSISv1p30_LPC17xx/Debug/libCMSISv1p30_LPC17xx.a(system_LPC17xx.o)
 .debug_macinfo
                0x001f3275     0xa66a /home/nlv14991/workspaceLPC/STE-LPC1768-/FreeRTOS_Library/Debug/libFreeRTOS_Library.a(queue.o)
 .debug_macinfo
                0x001fd8df     0xa908 /home/nlv14991/workspaceLPC/STE-LPC1768-/FreeRTOS_Library/Debug/libFreeRTOS_Library.a(tasks.o)
 .debug_macinfo
                0x002081e7     0xa14b /home/nlv14991/workspaceLPC/STE-LPC1768-/FreeRTOS_Library/Debug/libFreeRTOS_Library.a(heap_2.o)
 .debug_macinfo
                0x00212332     0x9f88 /home/nlv14991/workspaceLPC/STE-LPC1768-/FreeRTOS_Library/Debug/libFreeRTOS_Library.a(port.o)
 .debug_macinfo
                0x0021c2ba     0x9a71 /home/nlv14991/workspaceLPC/STE-LPC1768-/FreeRTOS_Library/Debug/libFreeRTOS_Library.a(list.o)

.debug_loc      0x00000000    0x2022c
 .debug_loc     0x00000000      0x1e3 ./LedBlinky.o
 .debug_loc     0x000001e3      0x194 ./cr_startup_lpc17.o
 .debug_loc     0x00000377      0x204 ./lcd_i2c.o
 .debug_loc     0x0000057b       0x9f ./main.o
 .debug_loc     0x0000061a      0x8e2 ./uart_fullmodem_test.o
 .debug_loc     0x00000efc      0xe79 ./webserver/emac.o
 .debug_loc     0x00001d75      0x60f ./webserver/httpd-cgi.o
 .debug_loc     0x00002384      0x232 ./webserver/httpd-fs.o
 .debug_loc     0x000025b6      0x46f ./webserver/httpd.o
 .debug_loc     0x00002a25      0x604 ./webserver/psock.o
 .debug_loc     0x00003029       0xcd ./webserver/timer.o
 .debug_loc     0x000030f6      0x207 ./webserver/uIP_Task.o
 .debug_loc     0x000032fd     0x1494 ./webserver/uip.o
 .debug_loc     0x00004791      0x4ca ./webserver/uip_arp.o
 .debug_loc     0x00004c5b     0x13c5 ./uip_ftp/Connections.o
 .debug_loc     0x00006020      0x149 ./uip_ftp/FTPD.o
 .debug_loc     0x00006169      0x258 ./uip_ftp/ftp_main.o
 .debug_loc     0x000063c1      0x530 ./driver_source/lpc17xx_adc.o
 .debug_loc     0x000068f1     0x24d4 ./driver_source/lpc17xx_can.o
 .debug_loc     0x00008dc5      0x188 ./driver_source/lpc17xx_clkpwr.o
 .debug_loc     0x00008f4d      0x1c1 ./driver_source/lpc17xx_dac.o
 .debug_loc     0x0000910e      0xae9 ./driver_source/lpc17xx_emac.o
 .debug_loc     0x00009bf7      0x279 ./driver_source/lpc17xx_gpdma.o
 .debug_loc     0x00009e70      0x579 ./driver_source/lpc17xx_gpio.o
 .debug_loc     0x0000a3e9     0x117c ./driver_source/lpc17xx_i2c.o
 .debug_loc     0x0000b565      0x974 ./driver_source/lpc17xx_i2s.o
 .debug_loc     0x0000bed9      0x33d ./driver_source/lpc17xx_mcpwm.o
 .debug_loc     0x0000c216       0x63 ./driver_source/lpc17xx_nvic.o
 .debug_loc     0x0000c279      0x350 ./driver_source/lpc17xx_pinsel.o
 .debug_loc     0x0000c5c9      0x4ea ./driver_source/lpc17xx_pwm.o
 .debug_loc     0x0000cab3      0x6e3 ./driver_source/lpc17xx_qei.o
 .debug_loc     0x0000d196      0x21d ./driver_source/lpc17xx_rit.o
 .debug_loc     0x0000d3b3      0x859 ./driver_source/lpc17xx_rtc.o
 .debug_loc     0x0000dc0c     0x112b ./driver_source/lpc17xx_sd.o
 .debug_loc     0x0000ed37      0x952 ./driver_source/lpc17xx_spi.o
 .debug_loc     0x0000f689      0xd53 ./driver_source/lpc17xx_ssp.o
 .debug_loc     0x000103dc      0x6fa ./driver_source/lpc17xx_timer.o
 .debug_loc     0x00010ad6     0x2b2e ./driver_source/lpc17xx_uart.o
 .debug_loc     0x00013604      0x441 ./driver_source/lpc17xx_wdt.o
 .debug_loc     0x00013a45      0x4f9 ./UsbHost/Uart/usbhost_uart.o
 .debug_loc     0x00013f3e      0x63e ./UsbHost/MassStorage/usbhost_ms.o
 .debug_loc     0x0001457c       0x95 ./UsbHost/Main/usbhost_main.o
 .debug_loc     0x00014611      0x2ce ./UsbHost/Host/usb_ms_diskio.o
 .debug_loc     0x000148df      0xd3d ./UsbHost/Host/usbhost_lpc17xx.o
 .debug_loc     0x0001561c      0x317 ./LPCUSB/USB_CDC.o
 .debug_loc     0x00015933      0x1b5 ./LPCUSB/usbcontrol.o
 .debug_loc     0x00015ae8      0x5f4 ./LPCUSB/usbhw_lpc.o
 .debug_loc     0x000160dc       0x20 ./LPCUSB/usbinit.o
 .debug_loc     0x000160fc      0x5f1 ./LPCUSB/usbstdreq.o
 .debug_loc     0x000166ed      0x2c5 ./FatFs/option/cc932.o
 .debug_loc     0x000169b2      0x28a ./FatFs/diskio.o
 .debug_loc     0x00016c3c     0x820a ./FatFs/ff.o
 .debug_loc     0x0001ee46       0x20 /home/nlv14991/workspaceLPC/STE-LPC1768-/CMSISv1p30_LPC17xx/Debug/libCMSISv1p30_LPC17xx.a(system_LPC17xx.o)
 .debug_loc     0x0001ee66      0x6c5 /home/nlv14991/workspaceLPC/STE-LPC1768-/FreeRTOS_Library/Debug/libFreeRTOS_Library.a(queue.o)
 .debug_loc     0x0001f52b      0x9d2 /home/nlv14991/workspaceLPC/STE-LPC1768-/FreeRTOS_Library/Debug/libFreeRTOS_Library.a(tasks.o)
 .debug_loc     0x0001fefd      0x21f /home/nlv14991/workspaceLPC/STE-LPC1768-/FreeRTOS_Library/Debug/libFreeRTOS_Library.a(heap_2.o)
 .debug_loc     0x0002011c       0x9d /home/nlv14991/workspaceLPC/STE-LPC1768-/FreeRTOS_Library/Debug/libFreeRTOS_Library.a(port.o)
 .debug_loc     0x000201b9       0x73 /home/nlv14991/workspaceLPC/STE-LPC1768-/FreeRTOS_Library/Debug/libFreeRTOS_Library.a(list.o)

.debug_pubnames
                0x00000000     0x39fe
 .debug_pubnames
                0x00000000       0x67 ./LedBlinky.o
 .debug_pubnames
                0x00000067      0x105 ./cr_startup_lpc17.o
 .debug_pubnames
                0x0000016c       0xb1 ./lcd_i2c.o
 .debug_pubnames
                0x0000021d       0xc5 ./main.o
 .debug_pubnames
                0x000002e2       0xeb ./uart_fullmodem_test.o
 .debug_pubnames
                0x000003cd       0x62 ./webserver/emac.o
 .debug_pubnames
                0x0000042f      0x271 ./webserver/http-strings.o
 .debug_pubnames
                0x000006a0       0x4c ./webserver/httpd-cgi.o
 .debug_pubnames
                0x000006ec       0xd5 ./webserver/httpd-fs.o
 .debug_pubnames
                0x000007c1       0x48 ./webserver/httpd.o
 .debug_pubnames
                0x00000809       0xa7 ./webserver/psock.o
 .debug_pubnames
                0x000008b0       0x54 ./webserver/timer.o
 .debug_pubnames
                0x00000904       0x72 ./webserver/uIP_Task.o
 .debug_pubnames
                0x00000976      0x1aa ./webserver/uip.o
 .debug_pubnames
                0x00000b20       0x68 ./webserver/uip_arp.o
 .debug_pubnames
                0x00000b88      0x1c8 ./uip_ftp/Connections.o
 .debug_pubnames
                0x00000d50       0x52 ./uip_ftp/FTPD.o
 .debug_pubnames
                0x00000da2       0xde ./uip_ftp/FTP_Strings.o
 .debug_pubnames
                0x00000e80       0x54 ./uip_ftp/ftp_main.o
 .debug_pubnames
                0x00000ed4      0x110 ./driver_source/lpc17xx_adc.o
 .debug_pubnames
                0x00000fe4      0x21a ./driver_source/lpc17xx_can.o
 .debug_pubnames
                0x000011fe       0xbb ./driver_source/lpc17xx_clkpwr.o
 .debug_pubnames
                0x000012b9       0x7a ./driver_source/lpc17xx_dac.o
 .debug_pubnames