Archive member included because of file (symbol)

/home/nlv14991/workspaceLPC/STE-LPC1768-/CMSISv1p30_LPC17xx/Debug/libCMSISv1p30_LPC17xx.a(system_LPC17xx.o)
                              ./cr_startup_lpc17.o (SystemInit)
/home/nlv14991/workspaceLPC/STE-LPC1768-/FreeRTOS_Library/Debug/libFreeRTOS_Library.a(queue.o)
                              ./webserver/uIP_Task.o (xQueueCreate)
/home/nlv14991/workspaceLPC/STE-LPC1768-/FreeRTOS_Library/Debug/libFreeRTOS_Library.a(tasks.o)
                              ./main.o (xTaskGenericCreate)
/home/nlv14991/workspaceLPC/STE-LPC1768-/FreeRTOS_Library/Debug/libFreeRTOS_Library.a(heap_2.o)
                              /home/nlv14991/workspaceLPC/STE-LPC1768-/FreeRTOS_Library/Debug/libFreeRTOS_Library.a(queue.o) (pvPortMalloc)
/home/nlv14991/workspaceLPC/STE-LPC1768-/FreeRTOS_Library/Debug/libFreeRTOS_Library.a(port.o)
                              /home/nlv14991/workspaceLPC/STE-LPC1768-/FreeRTOS_Library/Debug/libFreeRTOS_Library.a(tasks.o) (pxPortInitialiseStack)
/home/nlv14991/workspaceLPC/STE-LPC1768-/FreeRTOS_Library/Debug/libFreeRTOS_Library.a(list.o)
                              /home/nlv14991/workspaceLPC/STE-LPC1768-/FreeRTOS_Library/Debug/libFreeRTOS_Library.a(queue.o) (vListInitialise)
/usr/local/lpcxpresso_4.2.3_255/lpcxpresso/tools/bin/../lib/gcc/arm-none-eabi/4.5.1/../../../../arm-none-eabi/lib/thumb2/libcr_c.a(fpprintf.o)
                              ./cr_startup_lpc17.o (sprintf)
/usr/local/lpcxpresso_4.2.3_255/lpcxpresso/tools/bin/../lib/gcc/arm-none-eabi/4.5.1/../../../../arm-none-eabi/lib/thumb2/libcr_c.a(memcmp.o)
                              /home/nlv14991/workspaceLPC/STE-LPC1768-/FreeRTOS_Library/Debug/libFreeRTOS_Library.a(tasks.o) (memcmp)
/usr/local/lpcxpresso_4.2.3_255/lpcxpresso/tools/bin/../lib/gcc/arm-none-eabi/4.5.1/../../../../arm-none-eabi/lib/thumb2/libcr_c.a(printf.o)
                              /usr/local/lpcxpresso_4.2.3_255/lpcxpresso/tools/bin/../lib/gcc/arm-none-eabi/4.5.1/../../../../arm-none-eabi/lib/thumb2/libcr_c.a(fpprintf.o) (__vfprintf)
/usr/local/lpcxpresso_4.2.3_255/lpcxpresso/tools/bin/../lib/gcc/arm-none-eabi/4.5.1/../../../../arm-none-eabi/lib/thumb2/libcr_c.a(scanf.o)
                              ./webserver/uIP_Task.o (sscanf)
/usr/local/lpcxpresso_4.2.3_255/lpcxpresso/tools/bin/../lib/gcc/arm-none-eabi/4.5.1/../../../../arm-none-eabi/lib/thumb2/libcr_c.a(stdio.o)
                              /usr/local/lpcxpresso_4.2.3_255/lpcxpresso/tools/bin/../lib/gcc/arm-none-eabi/4.5.1/../../../../arm-none-eabi/lib/thumb2/libcr_c.a(fpprintf.o) (__Ciob)
/usr/local/lpcxpresso_4.2.3_255/lpcxpresso/tools/bin/../lib/gcc/arm-none-eabi/4.5.1/../../../../arm-none-eabi/lib/thumb2/libcr_c.a(strcat.o)
                              ./webserver/httpd-cgi.o (strcat)
/usr/local/lpcxpresso_4.2.3_255/lpcxpresso/tools/bin/../lib/gcc/arm-none-eabi/4.5.1/../../../../arm-none-eabi/lib/thumb2/libcr_c.a(strchr.o)
                              ./webserver/httpd-cgi.o (strchr)
/usr/local/lpcxpresso_4.2.3_255/lpcxpresso/tools/bin/../lib/gcc/arm-none-eabi/4.5.1/../../../../arm-none-eabi/lib/thumb2/libcr_c.a(strcmp.o)
                              ./uip_ftp/Connections.o (strcmp)
/usr/local/lpcxpresso_4.2.3_255/lpcxpresso/tools/bin/../lib/gcc/arm-none-eabi/4.5.1/../../../../arm-none-eabi/lib/thumb2/libcr_c.a(strcpy.o)
                              ./webserver/httpd.o (strcpy)
/usr/local/lpcxpresso_4.2.3_255/lpcxpresso/tools/bin/../lib/gcc/arm-none-eabi/4.5.1/../../../../arm-none-eabi/lib/thumb2/libcr_c.a(strlen.o)
                              ./cr_startup_lpc17.o (strlen)
/usr/local/lpcxpresso_4.2.3_255/lpcxpresso/tools/bin/../lib/gcc/arm-none-eabi/4.5.1/../../../../arm-none-eabi/lib/thumb2/libcr_c.a(strncmp.o)
                              ./webserver/httpd-cgi.o (strncmp)
/usr/local/lpcxpresso_4.2.3_255/lpcxpresso/tools/bin/../lib/gcc/arm-none-eabi/4.5.1/../../../../arm-none-eabi/lib/thumb2/libcr_c.a(strncpy.o)
                              ./webserver/httpd.o (strncpy)
/usr/local/lpcxpresso_4.2.3_255/lpcxpresso/tools/bin/../lib/gcc/arm-none-eabi/4.5.1/../../../../arm-none-eabi/lib/thumb2/libcr_c.a(strrchr.o)
                              ./webserver/httpd.o (strrchr)
/usr/local/lpcxpresso_4.2.3_255/lpcxpresso/tools/bin/../lib/gcc/arm-none-eabi/4.5.1/../../../../arm-none-eabi/lib/thumb2/libcr_c.a(strstr.o)
                              ./webserver/uIP_Task.o (strstr)
/usr/local/lpcxpresso_4.2.3_255/lpcxpresso/tools/bin/../lib/gcc/arm-none-eabi/4.5.1/../../../../arm-none-eabi/lib/thumb2/libcr_c.a(ungetc.o)
                              /usr/local/lpcxpresso_4.2.3_255/lpcxpresso/tools/bin/../lib/gcc/arm-none-eabi/4.5.1/../../../../arm-none-eabi/lib/thumb2/libcr_c.a(scanf.o) (ungetc)
/usr/local/lpcxpresso_4.2.3_255/lpcxpresso/tools/bin/../lib/gcc/arm-none-eabi/4.5.1/../../../../arm-none-eabi/lib/thumb2/libcr_c.a(memcpy.o)
                              ./webserver/httpd.o (memcpy)
[...]
Memory Configuration

Name             Origin             Length             Attributes
MFlash512        0x00000000         0x00080000         xr
RamLoc32         0x10000000         0x00008000         xrw
RamAHB32         0x2007c000         0x00008000         xrw
*default*        0x00000000         0xffffffff

Linker script and memory map

LOAD ./LedBlinky.o
LOAD ./cr_startup_lpc17.o
LOAD ./lcd_i2c.o
LOAD ./main.o
LOAD ./uart_fullmodem_test.o
LOAD ./webserver/emac.o
LOAD ./webserver/http-strings.o
LOAD ./webserver/httpd-cgi.o
LOAD ./webserver/httpd-fs.o
LOAD ./webserver/httpd.o
LOAD ./webserver/psock.o
LOAD ./webserver/timer.o
LOAD ./webserver/uIP_Task.o
LOAD ./webserver/uip.o
LOAD ./webserver/uip_arp.o
LOAD ./uip_ftp/Connections.o
LOAD ./uip_ftp/FTPD.o
LOAD ./uip_ftp/FTP_Strings.o
LOAD ./uip_ftp/ftp_main.o
LOAD ./driver_source/lpc17xx_adc.o
LOAD ./driver_source/lpc17xx_can.o
LOAD ./driver_source/lpc17xx_clkpwr.o
LOAD ./driver_source/lpc17xx_dac.o
LOAD ./driver_source/lpc17xx_emac.o
LOAD ./driver_source/lpc17xx_gpdma.o
LOAD ./driver_source/lpc17xx_gpio.o
LOAD ./driver_source/lpc17xx_i2c.o
LOAD ./driver_source/lpc17xx_i2s.o
LOAD ./driver_source/lpc17xx_libcfg_default.o
LOAD ./driver_source/lpc17xx_mcpwm.o
LOAD ./driver_source/lpc17xx_nvic.o
LOAD ./driver_source/lpc17xx_pinsel.o
LOAD ./driver_source/lpc17xx_pwm.o
LOAD ./driver_source/lpc17xx_qei.o
LOAD ./driver_source/lpc17xx_rit.o
LOAD ./driver_source/lpc17xx_rtc.o
LOAD ./driver_source/lpc17xx_sd.o
LOAD ./driver_source/lpc17xx_spi.o
LOAD ./driver_source/lpc17xx_ssp.o
LOAD ./driver_source/lpc17xx_timer.o
LOAD ./driver_source/lpc17xx_uart.o
LOAD ./driver_source/lpc17xx_wdt.o
LOAD ./UsbHost/Uart/usbhost_uart.o
LOAD ./UsbHost/MassStorage/usbhost_ms.o
LOAD ./UsbHost/Main/usbhost_main.o
LOAD ./UsbHost/Host/usb_ms_diskio.o
LOAD ./UsbHost/Host/usbhost_lpc17xx.o
LOAD ./LPCUSB/USB_CDC.o
LOAD ./LPCUSB/usbcontrol.o
LOAD ./LPCUSB/usbhw_lpc.o
LOAD ./LPCUSB/usbinit.o
LOAD ./LPCUSB/usbstdreq.o
LOAD ./FatFs/option/cc932.o
LOAD ./FatFs/option/syncobj.o
LOAD ./FatFs/option/syscall.o
LOAD ./FatFs/diskio.o
LOAD ./FatFs/ff.o
LOAD /home/nlv14991/workspaceLPC/STE-LPC1768-/CMSISv1p30_LPC17xx/Debug/libCMSISv1p30_LPC17xx.a
LOAD /home/nlv14991/workspaceLPC/STE-LPC1768-/FreeRTOS_Library/Debug/libFreeRTOS_Library.a
START GROUP
LOAD /usr/local/lpcxpresso_4.2.3_255/lpcxpresso/tools/bin/../lib/gcc/arm-none-eabi/4.5.1/../../../../arm-none-eabi/lib/thumb2/libcr_nohost.a
LOAD /usr/local/lpcxpresso_4.2.3_255/lpcxpresso/tools/bin/../lib/gcc/arm-none-eabi/4.5.1/../../../../arm-none-eabi/lib/thumb2/libcr_c.a
LOAD /usr/local/lpcxpresso_4.2.3_255/lpcxpresso/tools/bin/../lib/gcc/arm-none-eabi/4.5.1/thumb2/libcr_eabihelpers.a
END GROUP
                0x00080000                __top_MFlash512 = 0x80000
                0x10008000                __top_RamLoc32 = 0x10008000
                0x20084000                __top_RamAHB32 = 0x20084000

.text           0x00000000    0x287b0
 FILL mask 0xff
 *(.isr_vector)
 .isr_vector    0x00000000       0xc4 ./cr_startup_lpc17.o
                0x00000000                g_pfnVectors
                0x000000c4                . = ALIGN (0x4)
                0x000000c4                __section_table_start = .
                0x000000c4                __data_section_table = .
                0x000000c4        0x4 LONG 0x287b0 LOADADDR (.data)
                0x000000c8        0x4 LONG 0x10000000 ADDR (.data)
                0x000000cc        0x4 LONG 0x34 SIZEOF (.data)
                0x000000d0        0x4 LONG 0x287b0 LOADADDR (.data_RAM2)
                0x000000d4        0x4 LONG 0x2007c000 ADDR (.data_RAM2)
                0x000000d8        0x4 LONG 0x0 SIZEOF (.data_RAM2)
                0x000000dc                __data_section_table_end = .
                0x000000dc                __bss_section_table = .
                0x000000dc        0x4 LONG 0x10000038 ADDR (.bss)
                0x000000e0        0x4 LONG 0x5818 SIZEOF (.bss)
                0x000000e4        0x4 LONG 0x2007c000 ADDR (.bss_RAM2)
                0x000000e8        0x4 LONG 0x0 SIZEOF (.bss_RAM2)
                0x000000ec                __bss_section_table_end = .
                0x000000ec                __section_table_end = .
 *(.after_vectors*)
 *(.text*)
 .text.SysTick_Handler
                0x000000ec       0x10 ./LedBlinky.o
                0x000000ec                SysTick_Handler
 .text.vLEDTask
                0x000000fc       0xa4 ./LedBlinky.o
                0x000000fc                vLEDTask
 .text.NMI_Handler
                0x000001a0        0x4 ./cr_startup_lpc17.o
                0x000001a0                NMI_Handler
 .text.HardFault_Handler
                0x000001a4       0x14 ./cr_startup_lpc17.o
                0x000001a4                HardFault_Handler
 .text.MemManage_Handler
                0x000001b8        0x4 ./cr_startup_lpc17.o
                0x000001b8                MemManage_Handler
 .text.BusFault_Handler
                0x000001bc        0x4 ./cr_startup_lpc17.o
                0x000001bc                BusFault_Handler
 .text.UsageFault_Handler
                0x000001c0        0x4 ./cr_startup_lpc17.o
                0x000001c0                UsageFault_Handler
 .text.DebugMon_Handler
                0x000001c4        0x4 ./cr_startup_lpc17.o
                0x000001c4                DebugMon_Handler
 .text.Reset_Handler
                0x000001c8       0xbc ./cr_startup_lpc17.o
                0x000001c8                Reset_Handler
                0x000001c8                ResetISR
 .text.hard_fault_handler_c
                0x00000284       0x84 ./cr_startup_lpc17.o
                0x00000284                hard_fault_handler_c
 .text.IntDefaultHandler
                0x00000308       0x18 ./cr_startup_lpc17.o
                0x00000308                TIMER2_IRQHandler
                0x00000308                RIT_IRQHandler
                0x00000308                PWM1_IRQHandler
                0x00000308                EINT2_IRQHandler
                0x00000308                EINT3_IRQHandler
                0x00000308                TIMER3_IRQHandler
                0x00000308                PLL0_IRQHandler
                0x00000308                CAN_IRQHandler
                0x00000308                PLL1_IRQHandler
                0x00000308                RTC_IRQHandler
                0x00000308                TIMER0_IRQHandler
                0x00000308                EINT1_IRQHandler
                0x00000308                TIMER1_IRQHandler
                0x00000308                ADC_IRQHandler
                0x00000308                BOD_IRQHandler
                0x00000308                WDT_IRQHandler
                0x00000308                QEI_IRQHandler
                0x00000308                EINT0_IRQHandler
                0x00000308                MCPWM_IRQHandler
 .text.LCD_Init
                0x00000320       0xc8 ./lcd_i2c.o
                0x00000320                LCD_Init
 .text.LCD_ClearScreen
                0x000003e8       0xd4 ./lcd_i2c.o
                0x000003e8                LCD_ClearScreen
 .text.LCD_PrintText
                0x000004bc      0x120 ./lcd_i2c.o
                0x000004bc                LCD_PrintText
 .text.main     0x000005dc       0xa0 ./main.o
                0x000005dc                main
 .text.vSoftwareInterruptHandler
                0x0000067c       0x54 ./main.o
                0x0000067c                vSoftwareInterruptHandler
 .text.vApplicationMallocFailedHook
                0x000006d0        0x4 ./main.o
                0x000006d0                vApplicationMallocFailedHook
 .text.vApplicationStackOverflowHook
                0x000006d4       0x10 ./main.o
                0x000006d4                vApplicationStackOverflowHook
 .text.vApplicationIdleHook
                0x000006e4        0x4 ./main.o
                0x000006e4                vApplicationIdleHook
 .text.vApplicationTickHook
                0x000006e8        0x4 ./main.o
                0x000006e8                vApplicationTickHook
 .text.lEMACInit
                0x000006ec      0x988 ./webserver/emac.o
                0x000006ec                lEMACInit
 .text.ulGetEMACRxData
                0x00001074      0x228 ./webserver/emac.o
                0x00001074                ulGetEMACRxData
 .text.vSendEMACTxData
                0x0000129c      0x234 ./webserver/emac.o
                0x0000129c                vSendEMACTxData
 .text.vEMAC_ISR
                0x000014d0       0xfc ./webserver/emac.o
                0x000014d0                vEMAC_ISR
 .text.nullfunction
                0x000015cc        0x8 ./webserver/httpd-cgi.o
 .text.lcd_io   0x000015d4       0x4c ./webserver/httpd-cgi.o
 .text.led_io   0x00001620       0x4c ./webserver/httpd-cgi.o
 .text.run_time
                0x0000166c       0x4c ./webserver/httpd-cgi.o
 .text.rtos_stats
                0x000016b8       0x48 ./webserver/httpd-cgi.o
 .text.net_stats
                0x00001700       0x4c ./webserver/httpd-cgi.o
 .text.tcp_stats
                0x0000174c       0x5c ./webserver/httpd-cgi.o
 .text.generate_lcd_txt
                0x000017a8       0x24 ./webserver/httpd-cgi.o
 .text.generate_io_state
                0x000017cc       0x3c ./webserver/httpd-cgi.o
 .text.generate_runtime_stats
                0x00001808       0x3c ./webserver/httpd-cgi.o
 .text.generate_rtos_stats
                0x00001844       0x44 ./webserver/httpd-cgi.o
 .text.generate_net_stats
                0x00001888       0x30 ./webserver/httpd-cgi.o
 .text.generate_tcp_stats
                0x000018b8       0xd4 ./webserver/httpd-cgi.o
 .text.file_stats
                0x0000198c       0x54 ./webserver/httpd-cgi.o
 .text.generate_file_stats
                0x000019e0       0x28 ./webserver/httpd-cgi.o
 .text.httpd_cgi
                0x00001a08       0x48 ./webserver/httpd-cgi.o
                0x00001a08                httpd_cgi
 .text.httpd_fs_open
                0x00001a50       0x70 ./webserver/httpd-fs.o
                0x00001a50                httpd_fs_open
 .text.httpd_fs_count
                0x00001ac0       0x60 ./webserver/httpd-fs.o
                0x00001ac0                httpd_fs_count
 .text.handle_input
                0x00001b20      0x118 ./webserver/httpd.o
 .text.send_headers
                0x00001c38      0x214 ./webserver/httpd.o
 .text.generate_part_of_file
                0x00001e4c       0x3c ./webserver/httpd.o
 .text.handle_output
                0x00001e88      0x320 ./webserver/httpd.o
 .text.httpd_appcall
                0x000021a8       0xa4 ./webserver/httpd.o
                0x000021a8                httpd_appcall
 .text.networkd_appcall
                0x0000224c       0x1c ./webserver/httpd.o
                0x0000224c                networkd_appcall
 .text.httpd_init
                0x00002268        0x8 ./webserver/httpd.o
                0x00002268                httpd_init
 .text.psock_send
                0x00002270       0xc8 ./webserver/psock.o
                0x00002270                psock_send
 .text.psock_generator_send
                0x00002338      0x130 ./webserver/psock.o
                0x00002338                psock_generator_send
 .text.psock_datalen
                0x00002468        0xc ./webserver/psock.o
                0x00002468                psock_datalen
 .text.psock_readto
                0x00002474      0x188 ./webserver/psock.o
                0x00002474                psock_readto
 .text.psock_init
                0x000025fc       0x18 ./webserver/psock.o
                0x000025fc                psock_init
 .text.psock_sink_receive
                0x00002614       0x9c ./webserver/psock.o
                0x00002614                psock_sink_receive
 .text.timer_set
                0x000026b0       0x10 ./webserver/timer.o
                0x000026b0                timer_set
 .text.timer_reset
                0x000026c0        0xc ./webserver/timer.o
                0x000026c0                timer_reset
 .text.timer_expired
                0x000026cc       0x18 ./webserver/timer.o
                0x000026cc                timer_expired
 .text.clock_time
                0x000026e4        0x4 ./webserver/uIP_Task.o
                0x000026e4                clock_time
 .text.vuIP_Task
                0x000026e8      0x414 ./webserver/uIP_Task.o
                0x000026e8                vuIP_Task
 .text.vApplicationProcessFormInput
                0x00002afc      0x168 ./webserver/uIP_Task.o
                0x00002afc                vApplicationProcessFormInput
 .text.uip_add_rcv_nxt
                0x00002c64       0xa0 ./webserver/uip.o
 .text.uip_add32
                0x00002d04       0x64 ./webserver/uip.o
                0x00002d04                uip_add32
 .text.uip_tcpchksum
                0x00002d68      0x1e8 ./webserver/uip.o
                0x00002d68                uip_tcpchksum
 .text.uip_init
                0x00002f50       0x64 ./webserver/uip.o
                0x00002f50                uip_init
 .text.uip_connect
                0x00002fb4      0x384 ./webserver/uip.o
                0x00002fb4                uip_connect
 .text.uip_unlisten
                0x00003338       0xac ./webserver/uip.o
                0x00003338                uip_unlisten
 .text.uip_listen
                0x000033e4       0xa4 ./webserver/uip.o
                0x000033e4                uip_listen
 .text.uip_process
                0x00003488     0x1ac0 ./webserver/uip.o
                0x00003488                uip_process
 .text.htons    0x00004f48        0xc ./webserver/uip.o
                0x00004f48                htons
 .text.uip_send
                0x00004f54       0x30 ./webserver/uip.o
                0x00004f54                uip_send
 .text.uip_arp_update
                0x00004f84      0x32c ./webserver/uip_arp.o
 .text.uip_arp_timer
                0x000052b0       0x64 ./webserver/uip_arp.o
                0x000052b0                uip_arp_timer
 .text.uip_arp_ipin
                0x00005314       0x68 ./webserver/uip_arp.o
                0x00005314                uip_arp_ipin
 .text.uip_arp_arpin
                0x0000537c      0x150 ./webserver/uip_arp.o
                0x0000537c                uip_arp_arpin
 .text.uip_arp_out
                0x000054cc      0x2c0 ./webserver/uip_arp.o
                0x000054cc                uip_arp_out
 .text.Append_part_of_file
                0x0000578c       0x68 ./uip_ftp/Connections.o
 .text.Generate_part_of_file
                0x000057f4       0x78 ./uip_ftp/Connections.o
 .text.Generate_list_data
                0x0000586c      0x14c ./uip_ftp/Connections.o
 .text.Generate_help_data
                0x000059b8       0x68 ./uip_ftp/Connections.o
 .text.Send_257_response
                0x00005a20       0x20 ./uip_ftp/Connections.o
 .text.Cmd_help
                0x00005a40       0xcc ./uip_ftp/Connections.o
                0x00005a40                Cmd_help
 .text.Cmd_stru
                0x00005b0c       0x8c ./uip_ftp/Connections.o
                0x00005b0c                Cmd_stru
 .text.Cmd_mode
                0x00005b98       0x8c ./uip_ftp/Connections.o
                0x00005b98                Cmd_mode
 .text.Cmd_abor
                0x00005c24       0x5c ./uip_ftp/Connections.o
                0x00005c24                Cmd_abor
 .text.Cmd_type
                0x00005c80       0xa0 ./uip_ftp/Connections.o
                0x00005c80                Cmd_type
 .text.Cmd_noop
                0x00005d20       0x4c ./uip_ftp/Connections.o
                0x00005d20                Cmd_noop
 .text.Cmd_quit
                0x00005d6c       0x58 ./uip_ftp/Connections.o
                0x00005d6c                Cmd_quit
 .text.Cmd_user
                0x00005dc4       0x8c ./uip_ftp/Connections.o
                0x00005dc4                Cmd_user
 .text.Cmd_ukwn
                0x00005e50       0x48 ./uip_ftp/Connections.o
                0x00005e50                Cmd_ukwn
 .text.Cmd_cdup
                0x00005e98      0x108 ./uip_ftp/Connections.o
                0x00005e98                Cmd_cdup
 .text.Cmd_pwd  0x00005fa0       0x70 ./uip_ftp/Connections.o
                0x00005fa0                Cmd_pwd
 .text.Cmd_cwd  0x00006010      0x194 ./uip_ftp/Connections.o
                0x00006010                Cmd_cwd
 .text.Cmd_rmd  0x000061a4      0x310 ./uip_ftp/Connections.o
                0x000061a4                Cmd_rmd
 .text.Cmd_dele
                0x000064b4      0x310 ./uip_ftp/Connections.o
                0x000064b4                Cmd_dele
 .text.Cmd_mkd  0x000067c4      0x224 ./uip_ftp/Connections.o
                0x000067c4                Cmd_mkd
 .text.Send_PASV_response
                0x000069e8       0x8c ./uip_ftp/Connections.o
 .text.Cmd_stor
                0x00006a74      0x1cc ./uip_ftp/Connections.o
                0x00006a74                Cmd_stor
 .text.Cmd_retr
                0x00006c40      0x254 ./uip_ftp/Connections.o
                0x00006c40                Cmd_retr
 .text.Cmd_list
                0x00006e94      0x258 ./uip_ftp/Connections.o
                0x00006e94                Cmd_list
 .text.Cmd_port
                0x000070ec      0x190 ./uip_ftp/Connections.o
                0x000070ec                Cmd_port
 .text.Cmd_pasv
                0x0000727c       0x84 ./uip_ftp/Connections.o
                0x0000727c                Cmd_pasv
 .text.handle_cmd_input
                0x00007300      0x128 ./uip_ftp/Connections.o
                0x00007300                handle_cmd_input
 .text.handle_cmd_output
                0x00007428      0x11c ./uip_ftp/Connections.o
                0x00007428                handle_cmd_output
 .text.CloseFile
                0x00007544       0x1c ./uip_ftp/Connections.o
                0x00007544                CloseFile
 .text.handle_data_connection
                0x00007560      0x1dc ./uip_ftp/Connections.o
                0x00007560                handle_data_connection
 .text.ftpd_appcall
                0x0000773c      0x498 ./uip_ftp/FTPD.o
                0x0000773c                ftpd_appcall
 .text.ftpd_init
                0x00007bd4       0x28 ./uip_ftp/FTPD.o
                0x00007bd4                ftpd_init
 .text.appdata_init
                0x00007bfc       0x68 ./uip_ftp/ftp_main.o
                0x00007bfc                appdata_init
 .text.CLKPWR_SetPCLKDiv
                0x00007c64       0x5c ./driver_source/lpc17xx_clkpwr.o
                0x00007c64                CLKPWR_SetPCLKDiv
 .text.CLKPWR_GetPCLK
                0x00007cc0       0x44 ./driver_source/lpc17xx_clkpwr.o
                0x00007cc0                CLKPWR_GetPCLK
 .text.CLKPWR_ConfigPPWR
                0x00007d04       0x4c ./driver_source/lpc17xx_clkpwr.o
                0x00007d04                CLKPWR_ConfigPPWR
 .text.GPDMA_IntHandler
                0x00007d50      0x2c0 ./driver_source/lpc17xx_gpdma.o
                0x00007d50                GPDMA_IntHandler
 .text.GPIO_SetDir
                0x00008010       0x28 ./driver_source/lpc17xx_gpio.o
                0x00008010                GPIO_SetDir
 .text.GPIO_SetValue
                0x00008038       0x18 ./driver_source/lpc17xx_gpio.o
                0x00008038                GPIO_SetValue
 .text.GPIO_ClearValue
                0x00008050       0x18 ./driver_source/lpc17xx_gpio.o
                0x00008050                GPIO_ClearValue
 .text.GPIO_ReadValue
                0x00008068       0x1c ./driver_source/lpc17xx_gpio.o
                0x00008068                GPIO_ReadValue
 .text.I2C_MasterHandler
                0x00008084      0x264 ./driver_source/lpc17xx_i2c.o
                0x00008084                I2C_MasterHandler
 .text.I2C_Init
                0x000082e8      0x104 ./driver_source/lpc17xx_i2c.o
                0x000082e8                I2C_Init
 .text.I2C_Cmd  0x000083ec       0x64 ./driver_source/lpc17xx_i2c.o
                0x000083ec                I2C_Cmd
 .text.I2C_MasterTransferData
                0x00008450      0x328 ./driver_source/lpc17xx_i2c.o
                0x00008450                I2C_MasterTransferData
 .text.I2C0_StdIntHandler
                0x00008778       0x18 ./driver_source/lpc17xx_i2c.o
                0x00008778                I2C0_StdIntHandler
 .text.I2C1_StdIntHandler
                0x00008790       0x18 ./driver_source/lpc17xx_i2c.o
                0x00008790                I2C1_StdIntHandler
 .text.I2C2_StdIntHandler
                0x000087a8       0x18 ./driver_source/lpc17xx_i2c.o
                0x000087a8                I2C2_StdIntHandler
 .text.I2S_IntHandler
                0x000087c0       0x5c ./driver_source/lpc17xx_i2s.o
                0x000087c0                I2S_IntHandler
 .text.check_failed
                0x0000881c        0x4 ./driver_source/lpc17xx_libcfg_default.o
                0x0000881c                check_failed
 .text.PINSEL_ConfigPin
                0x00008820       0xa4 ./driver_source/lpc17xx_pinsel.o
                0x00008820                PINSEL_ConfigPin
 .text.RTC_Init
                0x000088c4       0x38 ./driver_source/lpc17xx_rtc.o
                0x000088c4                RTC_Init
 .text.RTC_ResetClockTickCounter
                0x000088fc       0x34 ./driver_source/lpc17xx_rtc.o
                0x000088fc                RTC_ResetClockTickCounter
 .text.RTC_Cmd  0x00008930       0x4c ./driver_source/lpc17xx_rtc.o
                0x00008930                RTC_Cmd
 .text.RTC_SetTime
                0x0000897c      0x144 ./driver_source/lpc17xx_rtc.o
                0x0000897c                RTC_SetTime
 .text.RTC_GetFullTime
                0x00008ac0       0x70 ./driver_source/lpc17xx_rtc.o
                0x00008ac0                RTC_GetFullTime
 .text.RTC_CalibCounterCmd
                0x00008b30       0x50 ./driver_source/lpc17xx_rtc.o
                0x00008b30                RTC_CalibCounterCmd
 .text.LPC17xx_SD_SendCmd
                0x00008b80      0x1d0 ./driver_source/lpc17xx_sd.o
 .text.LPC17xx_SD_WirteDataBlock
                0x00008d50      0x12c ./driver_source/lpc17xx_sd.o
 .text.MMC_disk_initialize
                0x00008e7c      0x1b4 ./driver_source/lpc17xx_sd.o
                0x00008e7c                MMC_disk_initialize
 .text.MMC_disk_ioctl
                0x00009030      0x69c ./driver_source/lpc17xx_sd.o
                0x00009030                MMC_disk_ioctl
 .text.MMC_disk_read
                0x000096cc      0x388 ./driver_source/lpc17xx_sd.o
                0x000096cc                MMC_disk_read
 .text.MMC_disk_status
                0x00009a54       0x14 ./driver_source/lpc17xx_sd.o
                0x00009a54                MMC_disk_status
 .text.MMC_disk_write
                0x00009a68      0x21c ./driver_source/lpc17xx_sd.o
                0x00009a68                MMC_disk_write
 .text.SPI_IntHandler
                0x00009c84       0xe8 ./driver_source/lpc17xx_spi.o
                0x00009c84                SPI_IntHandler
 .text.SPI_Init
                0x00009d6c      0x100 ./driver_source/lpc17xx_spi.o
                0x00009d6c                SPI_Init
 .text.SPI_ConfigStructInit
                0x00009e6c       0x20 ./driver_source/lpc17xx_spi.o
                0x00009e6c                SPI_ConfigStructInit
 .text.SPI_SendData
                0x00009e8c       0x24 ./driver_source/lpc17xx_spi.o
                0x00009e8c                SPI_SendData
 .text.SPI_ReceiveData
                0x00009eb0       0x24 ./driver_source/lpc17xx_spi.o
                0x00009eb0                SPI_ReceiveData
 .text.SSP0_StdIntHandler
                0x00009ed4       0x18 ./driver_source/lpc17xx_ssp.o
                0x00009ed4                SSP0_StdIntHandler
 .text.SSP1_StdIntHandler
                0x00009eec       0x18 ./driver_source/lpc17xx_ssp.o
                0x00009eec                SSP1_StdIntHandler
 .text.uart_set_divisors
                0x00009f04      0x65c ./driver_source/lpc17xx_uart.o
                0x00009f04                uart_set_divisors
 .text.UART_GenIntHandler
                0x0000a560      0x114 ./driver_source/lpc17xx_uart.o
                0x0000a560                UART_GenIntHandler
 .text.UART_Init
                0x0000a674      0x234 ./driver_source/lpc17xx_uart.o
                0x0000a674                UART_Init
 .text.UART_ConfigStructInit
                0x0000a8a8       0x14 ./driver_source/lpc17xx_uart.o
                0x0000a8a8                UART_ConfigStructInit
 .text.UART_IntConfig
                0x0000a8bc      0x13c ./driver_source/lpc17xx_uart.o
                0x0000a8bc                UART_IntConfig
 .text.UART_CheckBusy
                0x0000a9f8       0x10 ./driver_source/lpc17xx_uart.o
                0x0000a9f8                UART_CheckBusy
 .text.UART_FIFOConfig
                0x0000aa08       0xf8 ./driver_source/lpc17xx_uart.o
                0x0000aa08                UART_FIFOConfig
 .text.UART_FIFOConfigStructInit
                0x0000ab00       0x10 ./driver_source/lpc17xx_uart.o
                0x0000ab00                UART_FIFOConfigStructInit
 .text.UART_TxCmd
                0x0000ab10       0x8c ./driver_source/lpc17xx_uart.o
                0x0000ab10                UART_TxCmd
 .text.UART_FullModemForcePinState
                0x0000ab9c       0x74 ./driver_source/lpc17xx_uart.o
                0x0000ab9c                UART_FullModemForcePinState
 .text.UART_Send
                0x0000ac10      0x3b4 ./driver_source/lpc17xx_uart.o
                0x0000ac10                UART_Send
 .text.UART_Receive
                0x0000afc4      0x5bc ./driver_source/lpc17xx_uart.o
                0x0000afc4                UART_Receive
 .text.UART_SetupCbs
                0x0000b580       0x88 ./driver_source/lpc17xx_uart.o
                0x0000b580                UART_SetupCbs
 .text.UART0_StdIntHandler
                0x0000b608        0xc ./driver_source/lpc17xx_uart.o
                0x0000b608                UART0_StdIntHandler
 .text.UART1_StdIntHandler
                0x0000b614       0x18 ./driver_source/lpc17xx_uart.o
                0x0000b614                UART1_StdIntHandler
 .text.UART2_StdIntHandler
                0x0000b62c        0xc ./driver_source/lpc17xx_uart.o
                0x0000b62c                UART2_StdIntHandler
 .text.UART3_StdIntHandler
                0x0000b638        0xc ./driver_source/lpc17xx_uart.o
                0x0000b638                UART3_StdIntHandler
 .text.UART1_IntReceive_usb
                0x0000b644       0xa4 ./UsbHost/Uart/usbhost_uart.o
                0x0000b644                UART1_IntReceive_usb
 .text.UART1_IntErr_usb
                0x0000b6e8       0x24 ./UsbHost/Uart/usbhost_uart.o
                0x0000b6e8                UART1_IntErr_usb
 .text.UART1_IntTransmit_usb
                0x0000b70c       0xd4 ./UsbHost/Uart/usbhost_uart.o
                0x0000b70c                UART1_IntTransmit_usb
 .text.UART_Init_usb
                0x0000b7e0      0x11c ./UsbHost/Uart/usbhost_uart.o
                0x0000b7e0                UART_Init_usb
 .text.UART_Printf
                0x0000b8fc       0x90 ./UsbHost/Uart/usbhost_uart.o
                0x0000b8fc                UART_Printf
 .text.MS_ParseConfiguration
                0x0000b98c      0x100 ./UsbHost/MassStorage/usbhost_ms.o
                0x0000b98c                MS_ParseConfiguration
 .text.Fill_MSCommand
                0x0000ba8c      0x12c ./UsbHost/MassStorage/usbhost_ms.o
                0x0000ba8c                Fill_MSCommand
 .text.MS_BulkSend
                0x0000bbb8       0x94 ./UsbHost/MassStorage/usbhost_ms.o
                0x0000bbb8                MS_BulkSend
 .text.MS_BulkRecv
                0x0000bc4c       0xa4 ./UsbHost/MassStorage/usbhost_ms.o
                0x0000bc4c                MS_BulkRecv
 .text.MS_Inquire
                0x0000bcf0       0xb8 ./UsbHost/MassStorage/usbhost_ms.o
                0x0000bcf0                MS_Inquire
 .text.MS_ReadCapacity
                0x0000bda8       0x98 ./UsbHost/MassStorage/usbhost_ms.o
                0x0000bda8                MS_ReadCapacity
 .text.MS_TestUnitReady
                0x0000be40       0x64 ./UsbHost/MassStorage/usbhost_ms.o
                0x0000be40                MS_TestUnitReady
 .text.MS_Init  0x0000bea4      0x144 ./UsbHost/MassStorage/usbhost_ms.o
                0x0000bea4                MS_Init
 .text.usb_host_main
                0x0000bfe8      0x110 ./UsbHost/Main/usbhost_main.o
                0x0000bfe8                usb_host_main
 .text.get_fattime
                0x0000c0f8       0x3c ./UsbHost/Host/usb_ms_diskio.o
                0x0000c0f8                get_fattime
 .text.USB_disk_initialize
                0x0000c134       0xdc ./UsbHost/Host/usb_ms_diskio.o
                0x0000c134                USB_disk_initialize
 .text.USB_disk_ioctl
                0x0000c210       0x3c ./UsbHost/Host/usb_ms_diskio.o
                0x0000c210                USB_disk_ioctl
 .text.USB_disk_read
                0x0000c24c       0x14 ./UsbHost/Host/usb_ms_diskio.o
                0x0000c24c                USB_disk_read
 .text.USB_disk_status
                0x0000c260        0x4 ./UsbHost/Host/usb_ms_diskio.o
                0x0000c260                USB_disk_status
 .text.USB_disk_write
                0x0000c264       0x14 ./UsbHost/Host/usb_ms_diskio.o
                0x0000c264                USB_disk_write
 .text.Host_Init
                0x0000c278      0x24c ./UsbHost/Host/usbhost_lpc17xx.o
                0x0000c278                Host_Init
 .text.USB_IRQHandler_host
                0x0000c4c4       0xf8 ./UsbHost/Host/usbhost_lpc17xx.o
                0x0000c4c4                USB_IRQHandler_host
 .text.Host_ProcessTD
                0x0000c5bc       0xec ./UsbHost/Host/usbhost_lpc17xx.o
                0x0000c5bc                Host_ProcessTD
 .text.Host_EnumDev
                0x0000c6a8      0x470 ./UsbHost/Host/usbhost_lpc17xx.o
                0x0000c6a8                Host_EnumDev
 .text.Host_CtrlRecv
                0x0000cb18      0x120 ./UsbHost/Host/usbhost_lpc17xx.o
                0x0000cb18                Host_CtrlRecv
 .text.WriteLE32U
                0x0000cc38       0x24 ./UsbHost/Host/usbhost_lpc17xx.o
                0x0000cc38                WriteLE32U
 .text.ReadLE16U
                0x0000cc5c       0x18 ./UsbHost/Host/usbhost_lpc17xx.o
                0x0000cc5c                ReadLE16U
 .text.ReadBE32U
                0x0000cc74       0x24 ./UsbHost/Host/usbhost_lpc17xx.o
                0x0000cc74                ReadBE32U
 .text.WriteBE32U
                0x0000cc98       0x24 ./UsbHost/Host/usbhost_lpc17xx.o
                0x0000cc98                WriteBE32U
 .text.WriteBE16U
                0x0000ccbc       0x10 ./UsbHost/Host/usbhost_lpc17xx.o
                0x0000ccbc                WriteBE16U
 .text.ff_convert
                0x0000cccc      0x218 ./FatFs/option/cc932.o
                0x0000cccc                ff_convert
 .text.ff_wtoupper
                0x0000cee4       0x34 ./FatFs/option/cc932.o
                0x0000cee4                ff_wtoupper
 .text.disk_initialize
                0x0000cf18       0x58 ./FatFs/diskio.o
                0x0000cf18                disk_initialize
 .text.disk_status
                0x0000cf70       0x20 ./FatFs/diskio.o
                0x0000cf70                disk_status
 .text.disk_read
                0x0000cf90       0x28 ./FatFs/diskio.o
                0x0000cf90                disk_read
 .text.disk_write
                0x0000cfb8       0x28 ./FatFs/diskio.o
                0x0000cfb8                disk_write
 .text.disk_ioctl
                0x0000cfe0       0x30 ./FatFs/diskio.o
                0x0000cfe0                disk_ioctl
 .text.get_fileinfo
                0x0000d010      0x330 ./FatFs/ff.o
 .text.chk_mounted
                0x0000d340      0x468 ./FatFs/ff.o
 .text.sync     0x0000d7a8      0x1c4 ./FatFs/ff.o
 .text.get_fat  0x0000d96c      0x508 ./FatFs/ff.o
                0x0000d96c                get_fat
 .text.dir_sdi  0x0000de74       0xb4 ./FatFs/ff.o
 .text.put_fat  0x0000df28      0x5e4 ./FatFs/ff.o
                0x0000df28                put_fat
 .text.create_chain
                0x0000e50c      0x178 ./FatFs/ff.o
 .text.dir_next
                0x0000e684      0x3a0 ./FatFs/ff.o
 .text.dir_find
                0x0000ea24      0x694 ./FatFs/ff.o
 .text.follow_path
                0x0000f0b8      0x5f8 ./FatFs/ff.o
 .text.dir_remove
                0x0000f6b0      0x18c ./FatFs/ff.o
 .text.dir_read
                0x0000f83c      0x4f0 ./FatFs/ff.o
 .text.dir_register
                0x0000fd2c      0xb80 ./FatFs/ff.o
 .text.f_mount  0x000108ac       0x3c ./FatFs/ff.o
                0x000108ac                f_mount
 .text.f_open   0x000108e8      0x3d0 ./FatFs/ff.o
                0x000108e8                f_open
 .text.f_read   0x00010cb8      0x3c8 ./FatFs/ff.o
                0x00010cb8                f_read
 .text.f_write  0x00011080      0x450 ./FatFs/ff.o
                0x00011080                f_write
 .text.f_sync   0x000114d0      0x1dc ./FatFs/ff.o
                0x000114d0                f_sync
 .text.f_close  0x000116ac       0x44 ./FatFs/ff.o
                0x000116ac                f_close
 .text.f_chdrive
                0x000116f0       0x18 ./FatFs/ff.o
                0x000116f0                f_chdrive
 .text.f_chdir  0x00011708       0x70 ./FatFs/ff.o
                0x00011708                f_chdir
 .text.f_getcwd
                0x00011778      0x294 ./FatFs/ff.o
                0x00011778                f_getcwd
 .text.f_lseek  0x00011a0c      0x1c8 ./FatFs/ff.o
                0x00011a0c                f_lseek
 .text.f_opendir
                0x00011bd4       0x70 ./FatFs/ff.o
                0x00011bd4                f_opendir
 .text.f_readdir
                0x00011c44       0x74 ./FatFs/ff.o
                0x00011c44                f_readdir
 .text.f_truncate
                0x00011cb8      0x170 ./FatFs/ff.o
                0x00011cb8                f_truncate
 .text.f_unlink
                0x00011e28      0x184 ./FatFs/ff.o
                0x00011e28                f_unlink
 .text.f_mkdir  0x00011fac      0x444 ./FatFs/ff.o
                0x00011fac                f_mkdir
 .text.SystemInit
                0x000123f0      0x14c /home/nlv14991/workspaceLPC/STE-LPC1768-/CMSISv1p30_LPC17xx/Debug/libCMSISv1p30_LPC17xx.a(system_LPC17xx.o)
                0x000123f0                SystemInit
 .text          0x0001253c      0x510 /home/nlv14991/workspaceLPC/STE-LPC1768-/FreeRTOS_Library/Debug/libFreeRTOS_Library.a(queue.o)
                0x00012638                xQueueCreate
                0x000126a4                xQueueCreateCountingSemaphore
                0x000126b4                xQueueGenericSend
                0x000127a4                xQueueCreateMutex
                0x000127e8                xQueueGenericSendFromISR
                0x00012848                xQueueGenericReceive
                0x00012990                xQueueReceiveFromISR
                0x00012a04                uxQueueMessagesWaiting
                0x00012a18                uxQueueMessagesWaitingFromISR
                0x00012a1c                vQueueDelete
                0x00012a30                xQueueIsQueueEmptyFromISR
                0x00012a3c                xQueueIsQueueFullFromISR
 .text          0x00012a4c      0xb58 /home/nlv14991/workspaceLPC/STE-LPC1768-/FreeRTOS_Library/Debug/libFreeRTOS_Library.a(tasks.o)
                0x00012a4c                xTaskGenericCreate
                0x00012c10                vTaskDelete
                0x00012c80                uxTaskPriorityGet
                0x00012ca8                vTaskPrioritySet
                0x00012d58                xTaskIsTaskSuspended
                0x00012d80                vTaskResume
                0x00012dfc                xTaskResumeFromISR
                0x00012e74                vTaskStartScheduler
                0x00012ec8                vTaskEndScheduler
                0x00012ee4                vTaskSuspendAll
                0x00012ef8                xTaskGetTickCount
                0x00012f14                xTaskGetTickCountFromISR
                0x00012f24                uxTaskGetNumberOfTasks
                0x00012f30                vTaskIncrementTick
                0x00012ff4                xTaskResumeAll
                0x0001314c                vTaskDelay
                0x000131a0                vTaskDelayUntil
                0x00013224                vTaskSwitchContext
                0x000132fc                vTaskSuspend
                0x00013368                vTaskPlaceOnEventList
                0x000133d0                xTaskRemoveFromEventList
                0x00013438                vTaskSetTimeOutState
                0x00013450                xTaskCheckForTimeOut
                0x000134cc                vTaskMissedYield
                0x000134dc                xTaskGetCurrentTaskHandle
                0x000134e8                vTaskPriorityInherit
                0x00013554                vTaskPriorityDisinherit
 .text          0x000135a4      0x134 /home/nlv14991/workspaceLPC/STE-LPC1768-/FreeRTOS_Library/Debug/libFreeRTOS_Library.a(heap_2.o)
                0x000135a4                pvPortMalloc
                0x0001367c                vPortFree
                0x000136c4                xPortGetFreeHeapSize
                0x000136d4                vPortInitialiseBlocks
 .text          0x000136d8      0x158 /home/nlv14991/workspaceLPC/STE-LPC1768-/FreeRTOS_Library/Debug/libFreeRTOS_Library.a(port.o)
                0x000136d8                pxPortInitialiseStack
                0x000136fc                vPortSVCHandler
                0x0001371c                vPortStartFirstTask
                0x00013728                xPortStartScheduler
                0x0001377c                vPortEndScheduler
                0x00013780                vPortYieldFromISR
                0x00013790                vPortEnterCritical
                0x000137a8                vPortExitCritical
                0x000137c4                xPortPendSVHandler
                0x00013800                xPortSysTickHandler
 .text          0x00013830       0x9c /home/nlv14991/workspaceLPC/STE-LPC1768-/FreeRTOS_Library/Debug/libFreeRTOS_Library.a(list.o)
                0x00013830                vListInitialise
                0x00013848                vListInitialiseItem
                0x00013850                vListInsertEnd
                0x0001386c                vListInsert
                0x000138a8                vListRemove
 .text.fp_round
                0x000138cc       0x56 /usr/local/lpcxpresso_4.2.3_255/lpcxpresso/tools/bin/../lib/gcc/arm-none-eabi/4.5.1/../../../../arm-none-eabi/lib/thumb2/libcr_c.a(fpprintf.o)
 .text.lose_trailing_zeros
                0x00013922       0x1e /usr/local/lpcxpresso_4.2.3_255/lpcxpresso/tools/bin/../lib/gcc/arm-none-eabi/4.5.1/../../../../arm-none-eabi/lib/thumb2/libcr_c.a(fpprintf.o)
 .text.pr_dec.clone.0
                0x00013940       0x24 /usr/local/lpcxpresso_4.2.3_255/lpcxpresso/tools/bin/../lib/gcc/arm-none-eabi/4.5.1/../../../../arm-none-eabi/lib/thumb2/libcr_c.a(fpprintf.o)
 .text.sprintf  0x00013964       0x70 /usr/local/lpcxpresso_4.2.3_255/lpcxpresso/tools/bin/../lib/gcc/arm-none-eabi/4.5.1/../../../../arm-none-eabi/lib/thumb2/libcr_c.a(fpprintf.o)
                0x00013964                sprintf
 *fill*         0x000139d4        0x4 00
 .text.fp_display
                0x000139d8      0x918 /usr/local/lpcxpresso_4.2.3_255/lpcxpresso/tools/bin/../lib/gcc/arm-none-eabi/4.5.1/../../../../arm-none-eabi/lib/thumb2/libcr_c.a(fpprintf.o)
 .text.snprintf
                0x000142f0       0x6c /usr/local/lpcxpresso_4.2.3_255/lpcxpresso/tools/bin/../lib/gcc/arm-none-eabi/4.5.1/../../../../arm-none-eabi/lib/thumb2/libcr_c.a(fpprintf.o)
                0x000142f0                snprintf
 .text.vsprintf
                0x0001435c       0x5c /usr/local/lpcxpresso_4.2.3_255/lpcxpresso/tools/bin/../lib/gcc/arm-none-eabi/4.5.1/../../../../arm-none-eabi/lib/thumb2/libcr_c.a(fpprintf.o)
                0x0001435c                vsprintf
 .text.memcmp   0x000143b8       0x46 /usr/local/lpcxpresso_4.2.3_255/lpcxpresso/tools/bin/../lib/gcc/arm-none-eabi/4.5.1/../../../../arm-none-eabi/lib/thumb2/libcr_c.a(memcmp.o)
                0x000143b8                memcmp
 *fill*         0x000143fe        0x2 00
 .text.__vfprintf
                0x00014400      0xc3c /usr/local/lpcxpresso_4.2.3_255/lpcxpresso/tools/bin/../lib/gcc/arm-none-eabi/4.5.1/../../../../arm-none-eabi/lib/thumb2/libcr_c.a(printf.o)
                0x00014400                __vfprintf
 .text.ch_val   0x0001503c       0x38 /usr/local/lpcxpresso_4.2.3_255/lpcxpresso/tools/bin/../lib/gcc/arm-none-eabi/4.5.1/../../../../arm-none-eabi/lib/thumb2/libcr_c.a(scanf.o)
 .text.cr_rd_int
                0x00015074      0x1a8 /usr/local/lpcxpresso_4.2.3_255/lpcxpresso/tools/bin/../lib/gcc/arm-none-eabi/4.5.1/../../../../arm-none-eabi/lib/thumb2/libcr_c.a(scanf.o)
 *fill*         0x0001521c        0x4 00
 .text.vfscanf  0x00015220      0x980 /usr/local/lpcxpresso_4.2.3_255/lpcxpresso/tools/bin/../lib/gcc/arm-none-eabi/4.5.1/../../../../arm-none-eabi/lib/thumb2/libcr_c.a(scanf.o)
                0x00015220                vfscanf
 .text.sscanf   0x00015ba0       0x4c /usr/local/lpcxpresso_4.2.3_255/lpcxpresso/tools/bin/../lib/gcc/arm-none-eabi/4.5.1/../../../../arm-none-eabi/lib/thumb2/libcr_c.a(scanf.o)
                0x00015ba0                sscanf
 .text.strcat   0x00015bec       0x1c /usr/local/lpcxpresso_4.2.3_255/lpcxpresso/tools/bin/../lib/gcc/arm-none-eabi/4.5.1/../../../../arm-none-eabi/lib/thumb2/libcr_c.a(strcat.o)
                0x00015bec                strcat
 .text.strchr   0x00015c08       0x18 /usr/local/lpcxpresso_4.2.3_255/lpcxpresso/tools/bin/../lib/gcc/arm-none-eabi/4.5.1/../../../../arm-none-eabi/lib/thumb2/libcr_c.a(strchr.o)
                0x00015c08                strchr
 .text.strcmp   0x00015c20       0x46 /usr/local/lpcxpresso_4.2.3_255/lpcxpresso/tools/bin/../lib/gcc/arm-none-eabi/4.5.1/../../../../arm-none-eabi/lib/thumb2/libcr_c.a(strcmp.o)
                0x00015c20                strcmp
 .text.strcpy   0x00015c66       0x42 /usr/local/lpcxpresso_4.2.3_255/lpcxpresso/tools/bin/../lib/gcc/arm-none-eabi/4.5.1/../../../../arm-none-eabi/lib/thumb2/libcr_c.a(strcpy.o)
                0x00015c66                strcpy
 .text.strlen   0x00015ca8       0x4e /usr/local/lpcxpresso_4.2.3_255/lpcxpresso/tools/bin/../lib/gcc/arm-none-eabi/4.5.1/../../../../arm-none-eabi/lib/thumb2/libcr_c.a(strlen.o)
                0x00015ca8                strlen
 .text.strncmp  0x00015cf6       0x58 /usr/local/lpcxpresso_4.2.3_255/lpcxpresso/tools/bin/../lib/gcc/arm-none-eabi/4.5.1/../../../../arm-none-eabi/lib/thumb2/libcr_c.a(strncmp.o)
                0x00015cf6                strncmp
 .text.strncpy  0x00015d4e       0x58 /usr/local/lpcxpresso_4.2.3_255/lpcxpresso/tools/bin/../lib/gcc/arm-none-eabi/4.5.1/../../../../arm-none-eabi/lib/thumb2/libcr_c.a(strncpy.o)
                0x00015d4e                strncpy
 .text.strrchr  0x00015da6       0x24 /usr/local/lpcxpresso_4.2.3_255/lpcxpresso/tools/bin/../lib/gcc/arm-none-eabi/4.5.1/../../../../arm-none-eabi/lib/thumb2/libcr_c.a(strrchr.o)
                0x00015da6                strrchr
 .text.strstr   0x00015dca       0x20 /usr/local/lpcxpresso_4.2.3_255/lpcxpresso/tools/bin/../lib/gcc/arm-none-eabi/4.5.1/../../../../arm-none-eabi/lib/thumb2/libcr_c.a(strstr.o)
                0x00015dca                strstr
 .text.ungetc   0x00015dea       0x3a /usr/local/lpcxpresso_4.2.3_255/lpcxpresso/tools/bin/../lib/gcc/arm-none-eabi/4.5.1/../../../../arm-none-eabi/lib/thumb2/libcr_c.a(ungetc.o)
                0x00015dea                ungetc
 .text.memcpy   0x00015e24        0x4 /usr/local/lpcxpresso_4.2.3_255/lpcxpresso/tools/bin/../lib/gcc/arm-none-eabi/4.5.1/../../../../arm-none-eabi/lib/thumb2/libcr_c.a(memcpy.o)
                0x00015e24                memcpy
 .text.memset   0x00015e28        0x4 /usr/local/lpcxpresso_4.2.3_255/lpcxpresso/tools/bin/../lib/gcc/arm-none-eabi/4.5.1/../../../../arm-none-eabi/lib/thumb2/libcr_c.a(memset.o)
                0x00015e28                memset
 .text._Csys_read_
                0x00015e2c       0x22 /usr/local/lpcxpresso_4.2.3_255/lpcxpresso/tools/bin/../lib/gcc/arm-none-eabi/4.5.1/../../../../arm-none-eabi/lib/thumb2/libcr_c.a(__fillbuf.o)
                0x00015e2c                _Csys_read_
 *fill*         0x00015e4e        0x2 00
 .text.__filbuf
                0x00015e50      0x190 /usr/local/lpcxpresso_4.2.3_255/lpcxpresso/tools/bin/../lib/gcc/arm-none-eabi/4.5.1/../../../../arm-none-eabi/lib/thumb2/libcr_c.a(__fillbuf.o)
                0x00015e50                __filbuf
 .text._deferredlazyseek
                0x00015fe0       0x44 /usr/local/lpcxpresso_4.2.3_255/lpcxpresso/tools/bin/../lib/gcc/arm-none-eabi/4.5.1/../../../../arm-none-eabi/lib/thumb2/libcr_c.a(_deferredlazyseek.o)
                0x00015fe0                _deferredlazyseek
 .text.__flsbuf
                0x00016024      0x15e /usr/local/lpcxpresso_4.2.3_255/lpcxpresso/tools/bin/../lib/gcc/arm-none-eabi/4.5.1/../../../../arm-none-eabi/lib/thumb2/libcr_c.a(_deferredlazyseek.o)
                0x00016024                __flsbuf
 .text._fflush  0x00016182       0x58 /usr/local/lpcxpresso_4.2.3_255/lpcxpresso/tools/bin/../lib/gcc/arm-none-eabi/4.5.1/../../../../arm-none-eabi/lib/thumb2/libcr_c.a(_fflush.o)
                0x00016182                _fflush
 .text._frexpl  0x000161da       0x62 /usr/local/lpcxpresso_4.2.3_255/lpcxpresso/tools/bin/../lib/gcc/arm-none-eabi/4.5.1/../../../../arm-none-eabi/lib/thumb2/libcr_c.a(_frexpl.o)
                0x000161da                _frexpl
 .text._ldexpl  0x0001623c       0x50 /usr/local/lpcxpresso_4.2.3_255/lpcxpresso/tools/bin/../lib/gcc/arm-none-eabi/4.5.1/../../../../arm-none-eabi/lib/thumb2/libcr_c.a(_ldexpl.o)
                0x0001623c                _ldexpl
 .text._Cwritebuf
                0x0001628c       0x88 /usr/local/lpcxpresso_4.2.3_255/lpcxpresso/tools/bin/../lib/gcc/arm-none-eabi/4.5.1/../../../../arm-none-eabi/lib/thumb2/libcr_c.a(_writebuf.o)
                0x0001628c                _Cwritebuf
 .text.malloc   0x00016314       0xd0 /usr/local/lpcxpresso_4.2.3_255/lpcxpresso/tools/bin/../lib/gcc/arm-none-eabi/4.5.1/../../../../arm-none-eabi/lib/thumb2/libcr_c.a(alloc.o)
                0x00016314                malloc
 .text._Csys_alloc
                0x000163e4       0x20 /usr/local/lpcxpresso_4.2.3_255/lpcxpresso/tools/bin/../lib/gcc/arm-none-eabi/4.5.1/../../../../arm-none-eabi/lib/thumb2/libcr_c.a(alloc.o)
                0x000163e4                _Csys_alloc
 .text.fseek    0x00016404      0x110 /usr/local/lpcxpresso_4.2.3_255/lpcxpresso/tools/bin/../lib/gcc/arm-none-eabi/4.5.1/../../../../arm-none-eabi/lib/thumb2/libcr_c.a(fseek.o)
                0x00016404                fseek
 .text.ftell    0x00016514       0x50 /usr/local/lpcxpresso_4.2.3_255/lpcxpresso/tools/bin/../lib/gcc/arm-none-eabi/4.5.1/../../../../arm-none-eabi/lib/thumb2/libcr_c.a(ftell.o)
                0x00016514                ftell
 .text.__aeabi_dmul
                0x00016564      0x128 /usr/local/lpcxpresso_4.2.3_255/lpcxpresso/tools/bin/../lib/gcc/arm-none-eabi/4.5.1/thumb2/libcr_eabihelpers.a(double.o)
                0x00016564                __aeabi_dmul
 .text.__aeabi_ddiv
                0x0001668c      0x144 /usr/local/lpcxpresso_4.2.3_255/lpcxpresso/tools/bin/../lib/gcc/arm-none-eabi/4.5.1/thumb2/libcr_eabihelpers.a(double.o)
                0x0001668c                __aeabi_ddiv
 .text.__aeabi_dsub
                0x000167d0      0x1d8 /usr/local/lpcxpresso_4.2.3_255/lpcxpresso/tools/bin/../lib/gcc/arm-none-eabi/4.5.1/thumb2/libcr_eabihelpers.a(double.o)
                0x000167d0                __aeabi_dsub
 .text.__aeabi_dadd
                0x000169a8      0x13c /usr/local/lpcxpresso_4.2.3_255/lpcxpresso/tools/bin/../lib/gcc/arm-none-eabi/4.5.1/thumb2/libcr_eabihelpers.a(double.o)
                0x000169a8                __aeabi_dadd
 .text.__aeabi_d2f
                0x00016ae4       0x54 /usr/local/lpcxpresso_4.2.3_255/lpcxpresso/tools/bin/../lib/gcc/arm-none-eabi/4.5.1/thumb2/libcr_eabihelpers.a(double.o)
                0x00016ae4                __aeabi_d2f
 .text.__aeabi_d2iz
                0x00016b38       0x3e /usr/local/lpcxpresso_4.2.3_255/lpcxpresso/tools/bin/../lib/gcc/arm-none-eabi/4.5.1/thumb2/libcr_eabihelpers.a(double.o)
                0x00016b38                __aeabi_d2iz
 .text.__bhs_ui2d
                0x00016b76       0x50 /usr/local/lpcxpresso_4.2.3_255/lpcxpresso/tools/bin/../lib/gcc/arm-none-eabi/4.5.1/thumb2/libcr_eabihelpers.a(double.o)
                0x00016b76                __bhs_ui2d
 .text.__aeabi_i2d
                0x00016bc6       0x10 /usr/local/lpcxpresso_4.2.3_255/lpcxpresso/tools/bin/../lib/gcc/arm-none-eabi/4.5.1/thumb2/libcr_eabihelpers.a(double.o)
                0x00016bc6                __aeabi_i2d
 .text.__aeabi_dcmpeq
                0x00016bd6       0x36 /usr/local/lpcxpresso_4.2.3_255/lpcxpresso/tools/bin/../lib/gcc/arm-none-eabi/4.5.1/thumb2/libcr_eabihelpers.a(double.o)
                0x00016bd6                __aeabi_dcmpeq
 .text.__aeabi_dcmplt
                0x00016c0c       0x5a /usr/local/lpcxpresso_4.2.3_255/lpcxpresso/tools/bin/../lib/gcc/arm-none-eabi/4.5.1/thumb2/libcr_eabihelpers.a(double.o)
                0x00016c0c                __aeabi_dcmplt
 .text.__aeabi_dcmple
                0x00016c66       0x5a /usr/local/lpcxpresso_4.2.3_255/lpcxpresso/tools/bin/../lib/gcc/arm-none-eabi/4.5.1/thumb2/libcr_eabihelpers.a(double.o)
                0x00016c66                __aeabi_dcmple
 .text.__aeabi_dcmpge
                0x00016cc0       0x5a /usr/local/lpcxpresso_4.2.3_255/lpcxpresso/tools/bin/../lib/gcc/arm-none-eabi/4.5.1/thumb2/libcr_eabihelpers.a(double.o)
                0x00016cc0                __aeabi_dcmpge
 .text.__aeabi_memcpy
                0x00016d1a       0x26 /usr/local/lpcxpresso_4.2.3_255/lpcxpresso/tools/bin/../lib/gcc/arm-none-eabi/4.5.1/thumb2/libcr_eabihelpers.a(memcpy.o)
                0x00016d1a                __aeabi_memcpy
                0x00016d1a                __aeabi_memcpy4
                0x00016d1a                __aeabi_memcpy8
 .text.__aeabi_memset_lowlevel
                0x00016d40       0x24 /usr/local/lpcxpresso_4.2.3_255/lpcxpresso/tools/bin/../lib/gcc/arm-none-eabi/4.5.1/thumb2/libcr_eabihelpers.a(memcpy.o)
                0x00016d40                __aeabi_lowlevel_memset
 .text.__sys_appexit
                0x00016d64        0x2 /usr/local/lpcxpresso_4.2.3_255/lpcxpresso/tools/bin/../lib/gcc/arm-none-eabi/4.5.1/../../../../arm-none-eabi/lib/thumb2/libcr_nohost.a(__sys_appexit.o)
                0x00016d64                __exit
                0x00016d64                __sys_appexit
 .text.__sys_flen
                0x00016d66        0x6 /usr/local/lpcxpresso_4.2.3_255/lpcxpresso/tools/bin/../lib/gcc/arm-none-eabi/4.5.1/../../../../arm-none-eabi/lib/thumb2/libcr_nohost.a(__sys_flen.o)
                0x00016d66                __sys_flen
 .text.__sys_istty
                0x00016d6c        0x6 /usr/local/lpcxpresso_4.2.3_255/lpcxpresso/tools/bin/../lib/gcc/arm-none-eabi/4.5.1/../../../../arm-none-eabi/lib/thumb2/libcr_nohost.a(__sys_istty.o)
                0x00016d6c                __sys_istty
 .text.__sys_read
                0x00016d72        0x4 /usr/local/lpcxpresso_4.2.3_255/lpcxpresso/tools/bin/../lib/gcc/arm-none-eabi/4.5.1/../../../../arm-none-eabi/lib/thumb2/libcr_nohost.a(__sys_read.o)
                0x00016d72                __sys_read
 .text.__sys_readc
                0x00016d76        0x6 /usr/local/lpcxpresso_4.2.3_255/lpcxpresso/tools/bin/../lib/gcc/arm-none-eabi/4.5.1/../../../../arm-none-eabi/lib/thumb2/libcr_nohost.a(__sys_readc.o)
                0x00016d76                __readc
                0x00016d76                __sys_readc
 .text.__sys_seek
                0x00016d7c        0x6 /usr/local/lpcxpresso_4.2.3_255/lpcxpresso/tools/bin/../lib/gcc/arm-none-eabi/4.5.1/../../../../arm-none-eabi/lib/thumb2/libcr_nohost.a(__sys_seek.o)
                0x00016d7c                __sys_seek
 .text.__sys_write
                0x00016d82        0x4 /usr/local/lpcxpresso_4.2.3_255/lpcxpresso/tools/bin/../lib/gcc/arm-none-eabi/4.5.1/../../../../arm-none-eabi/lib/thumb2/libcr_nohost.a(__sys_write.o)
                0x00016d82                __write
                0x00016d82                __sys_write
 *fill*         0x00016d86        0x2 00
 .text._sbrk    0x00016d88       0x40 /usr/local/lpcxpresso_4.2.3_255/lpcxpresso/tools/bin/../lib/gcc/arm-none-eabi/4.5.1/../../../../arm-none-eabi/lib/thumb2/libcr_nohost.a(_cr_sbrk.o)
                0x00016d88                _sbrk
 .text.__check_heap_overflow
                0x00016dc8       0x2c /usr/local/lpcxpresso_4.2.3_255/lpcxpresso/tools/bin/../lib/gcc/arm-none-eabi/4.5.1/../../../../arm-none-eabi/lib/thumb2/libcr_nohost.a(_cr_check_heap.o)
                0x00016dc8                __check_heap_overflow
 *(.rodata .rodata.*)
 .rodata        0x00016df4        0xc ./LedBlinky.o
                0x00016df4                led_mask
 .rodata.str1.4
                0x00016e00       0x75 ./cr_startup_lpc17.o
                                 0x78 (size before relaxing)
 *fill*         0x00016e75        0x3 00
 .rodata.str1.4
                0x00016e78       0x33 ./main.o
                                 0x34 (size before relaxing)
 *fill*         0x00016eab        0x1 00
 .rodata        0x00016eac      0x288 ./webserver/http-strings.o
                0x00016eac                http_http
                0x00016eb4                http_200
                0x00016ebc                http_301
                0x00016ec4                http_302
                0x00016ecc                http_get
                0x00016ed4                http_10
                0x00016ee0                http_11
                0x00016eec                http_content_type
                0x00016efc                http_texthtml
                0x00016f08                http_location
                0x00016f14                http_host
                0x00016f1c                http_crnl
                0x00016f20                http_index_html
                0x00016f2c                http_404_html
                0x00016f38                http_referer
                0x00016f44                http_header_200
                0x00016f98                http_header_404
                0x00016ff4                http_content_type_plain
                0x00017014                http_content_type_html
                0x00017030                http_content_type_css
                0x0001704c                http_content_type_text
                0x00017068                http_content_type_png
                0x00017084                http_content_type_gif
                0x000170a0                http_content_type_jpg
                0x000170c0                http_content_type_binary
                0x000170ec                http_html
                0x000170f4                http_shtml
                0x000170fc                http_htm
                0x00017104                http_css
                0x0001710c                http_png
                0x00017114                http_gif
                0x0001711c                http_jpg
                0x00017124                http_text
                0x0001712c                http_txt
 .rodata        0x00017134       0xc0 ./webserver/httpd-cgi.o
 .rodata.str1.4
                0x000171f4      0x183 ./webserver/httpd-cgi.o
                                0x184 (size before relaxing)
 *fill*         0x00017377        0x1 00
 .rodata        0x00017378     0x1578 ./webserver/httpd-fs.o
                0x00017378                file_tcp_shtml
                0x0001738c                file_404_html
                0x000173a0                file_index_html
                0x000173b4                file_index_shtml
                0x000173c8                file_io_shtml
                0x000173dc                file_runtime_shtml
                0x000173f0                file_stats_shtml
 .rodata.str1.4
                0x000188f0       0xdf ./webserver/uIP_Task.o
                                 0xe0 (size before relaxing)
 *fill*         0x000189cf        0x1 00
 .rodata        0x000189d0        0x8 ./webserver/uip_arp.o
 .rodata        0x000189d8       0xe8 ./uip_ftp/Connections.o
                0x00018a08                Cmd_dictionary
 .rodata.str1.4
                0x00018ac0      0xa9c ./uip_ftp/Connections.o
 .rodata.str1.4
                0x0001955c      0x1cc ./uip_ftp/FTPD.o
                                0x1e0 (size before relaxing)
 .rodata        0x00019728       0x3c ./driver_source/lpc17xx_gpio.o
 .rodata.str1.4
                0x00019764       0x1f ./driver_source/lpc17xx_i2c.o
                                 0x20 (size before relaxing)
 *fill*         0x00019783        0x1 00
 .rodata.str1.4
                0x00019784       0x1f ./driver_source/lpc17xx_rtc.o
                                 0x20 (size before relaxing)
 *fill*         0x000197a3        0x1 00
 .rodata.str1.4
                0x000197a4       0x1f ./driver_source/lpc17xx_spi.o
                                 0x20 (size before relaxing)
 *fill*         0x000197c3        0x1 00
 .rodata        0x000197c4        0x8 ./driver_source/lpc17xx_uart.o
 .rodata.str1.4
                0x000197cc       0x20 ./driver_source/lpc17xx_uart.o
 .rodata        0x000197ec        0x8 ./UsbHost/MassStorage/usbhost_ms.o
 .rodata.str1.4
                0x000197f4       0x5f ./UsbHost/MassStorage/usbhost_ms.o
                                 0x60 (size before relaxing)
 *fill*         0x00019853        0x1 00
 .rodata.str1.4
                0x00019854       0x9f ./UsbHost/Main/usbhost_main.o
                                 0xa4 (size before relaxing)
 *fill*         0x000198f3        0x1 00
 .rodata        0x000198f4       0x10 ./UsbHost/Host/usbhost_lpc17xx.o
 .rodata.str1.4
                0x00019904       0x9f ./UsbHost/Host/usbhost_lpc17xx.o
                                 0xc4 (size before relaxing)
 *fill*         0x000199a3        0x1 00
 .rodata        0x000199a4     0xeab0 ./FatFs/option/cc932.o
 .rodata.str1.4
                0x00028454       0x3f ./FatFs/diskio.o
                                 0x40 (size before relaxing)
 *fill*         0x00028493        0x1 00
 .rodata        0x00028494       0xb0 ./FatFs/ff.o
 .rodata.str1.4
                0x00028544       0x48 ./FatFs/ff.o
 .rodata        0x0002858c       0x14 /home/nlv14991/workspaceLPC/STE-LPC1768-/FreeRTOS_Library/Debug/libFreeRTOS_Library.a(tasks.o)
 .rodata.str1.4
                0x000285a0        0x8 /home/nlv14991/workspaceLPC/STE-LPC1768-/FreeRTOS_Library/Debug/libFreeRTOS_Library.a(tasks.o)
 .rodata.str1.1
                0x000285a8       0x34 /usr/local/lpcxpresso_4.2.3_255/lpcxpresso/tools/bin/../lib/gcc/arm-none-eabi/4.5.1/../../../../arm-none-eabi/lib/thumb2/libcr_c.a(fpprintf.o)
                                 0x35 (size before relaxing)
 .rodata.str1.1
                0x000285dc       0x31 /usr/local/lpcxpresso_4.2.3_255/lpcxpresso/tools/bin/../lib/gcc/arm-none-eabi/4.5.1/../../../../arm-none-eabi/lib/thumb2/libcr_c.a(printf.o)
                                 0x38 (size before relaxing)
 *fill*         0x0002860d        0x3 00
 .rodata.__huge_vall
                0x00028610        0x8 /usr/local/lpcxpresso_4.2.3_255/lpcxpresso/tools/bin/../lib/gcc/arm-none-eabi/4.5.1/../../../../arm-none-eabi/lib/thumb2/libcr_c.a(_hugeval.o)
                0x00028610                __huge_vall
 .rodata.str1.1
                0x00028618       0x18 /usr/local/lpcxpresso_4.2.3_255/lpcxpresso/tools/bin/../lib/gcc/arm-none-eabi/4.5.1/../../../../arm-none-eabi/lib/thumb2/libcr_c.a(alloc.o)
 .rodata.__ctype
                0x00028630      0x180 /usr/local/lpcxpresso_4.2.3_255/lpcxpresso/tools/bin/../lib/gcc/arm-none-eabi/4.5.1/../../../../arm-none-eabi/lib/thumb2/libcr_c.a(ctype.o)
                0x00028630                __ctype
                0x000287b0                . = ALIGN (0x4)

.glue_7         0x000287b0        0x0
 .glue_7        0x00000000        0x0 linker stubs

.glue_7t        0x000287b0        0x0
 .glue_7t       0x00000000        0x0 linker stubs

.vfp11_veneer   0x000287b0        0x0
 .vfp11_veneer  0x00000000        0x0 linker stubs

.v4_bx          0x000287b0        0x0
 .v4_bx         0x00000000        0x0 linker stubs

.ARM.extab
 *(.ARM.extab* .gnu.linkonce.armextab.*)
                0x000287b0                __exidx_start = .

.ARM.exidx
 *(.ARM.exidx* .gnu.linkonce.armexidx.*)
                0x000287b0                __exidx_end = .
                0x000287b0                _etext = .

.data_RAM2      0x2007c000        0x0 load address 0x000287b0
 FILL mask 0xff
 *(.data.$RAM2*)
 *(.data.$RamAHB32*)
                0x2007c000                . = ALIGN (0x4)

.uninit_RESERVED
 *(.bss.$RESERVED*)

.data           0x10000000       0x34 load address 0x000287b0
 FILL mask 0xff
                0x10000000                _data = .
 *(vtable)
 *(.data*)
 .data          0x10000000       0x20 ./webserver/httpd-cgi.o
 .data          0x10000020        0x1 ./driver_source/lpc17xx_sd.o
 *fill*         0x10000021        0x3 00
 .data          0x10000024        0x4 /home/nlv14991/workspaceLPC/STE-LPC1768-/CMSISv1p30_LPC17xx/Debug/libCMSISv1p30_LPC17xx.a(system_LPC17xx.o)
                0x10000024                SystemCoreClock
 .data          0x10000028        0x4 /home/nlv14991/workspaceLPC/STE-LPC1768-/FreeRTOS_Library/Debug/libFreeRTOS_Library.a(port.o)
 .data.posinf.1879
                0x1000002c        0x4 /usr/local/lpcxpresso_4.2.3_255/lpcxpresso/tools/bin/../lib/gcc/arm-none-eabi/4.5.1/../../../../arm-none-eabi/lib/thumb2/libcr_c.a(scanf.o)
 .data.neginf.1880
                0x10000030        0x4 /usr/local/lpcxpresso_4.2.3_255/lpcxpresso/tools/bin/../lib/gcc/arm-none-eabi/4.5.1/../../../../arm-none-eabi/lib/thumb2/libcr_c.a(scanf.o)
                0x10000034                . = ALIGN (0x4)
                0x10000034                _edata = .

.bss_RAM2       0x2007c000        0x0
 *(.bss.$RAM2*)
 *(.bss.$RamAHB32*)
                0x2007c000                . = ALIGN (0x4)

.bss            0x10000038     0x5818
                0x10000038                _bss = .
 *(.bss*)
 .bss           0x10000038        0x8 ./webserver/emac.o
 .bss           0x10000040       0x84 ./webserver/httpd-cgi.o
                0x10000040                lRefreshCount
 .bss           0x100000c4       0x10 ./webserver/httpd-fs.o
 .bss           0x100000d4        0x4 ./webserver/uIP_Task.o
                0x100000d4                xEMACSemaphore
 .bss           0x100000d8       0x18 ./webserver/uip.o
                0x100000e8                uip_ethaddr
 .bss           0x100000f0       0x68 ./webserver/uip_arp.o
 .bss           0x10000158      0x620 ./uip_ftp/Connections.o
 .bss           0x10000778       0x20 ./driver_source/lpc17xx_gpdma.o
 .bss           0x10000798       0x24 ./driver_source/lpc17xx_i2c.o
 .bss           0x100007bc        0x8 ./driver_source/lpc17xx_i2s.o
 .bss           0x100007c4       0x40 ./driver_source/lpc17xx_sd.o
 .bss           0x10000804        0xc ./driver_source/lpc17xx_spi.o
 .bss           0x10000810       0x18 ./driver_source/lpc17xx_ssp.o
 .bss           0x10000828       0x44 ./driver_source/lpc17xx_uart.o
                0x10000828                pfnModemCbs
                0x1000082c                uartCbsDat
 .bss           0x1000086c       0x2c ./UsbHost/Uart/usbhost_uart.o
 .bss           0x10000898      0x100 ./UsbHost/Main/usbhost_main.o
 .bss           0x10000998        0x3 ./UsbHost/Host/usb_ms_diskio.o
 *fill*         0x1000099b        0x1 00
 .bss           0x1000099c        0xc ./UsbHost/Host/usbhost_lpc17xx.o
                0x1000099c                HOST_RhscIntr
                0x100009a0                HOST_TDControlStatus
                0x100009a4                HOST_WdhIntr
 .bss           0x100009a8      0x220 ./FatFs/ff.o
 .bss           0x10000bc8      0x100 /home/nlv14991/workspaceLPC/STE-LPC1768-/FreeRTOS_Library/Debug/libFreeRTOS_Library.a(tasks.o)
                0x10000bcc                pxCurrentTCB
 .bss           0x10000cc8     0x2820 /home/nlv14991/workspaceLPC/STE-LPC1768-/FreeRTOS_Library/Debug/libFreeRTOS_Library.a(heap_2.o)
 .bss.errno     0x100034e8        0x4 /usr/local/lpcxpresso_4.2.3_255/lpcxpresso/tools/bin/../lib/gcc/arm-none-eabi/4.5.1/../../../../arm-none-eabi/lib/thumb2/libcr_c.a(errno.o)
                0x100034e8                errno
 *(COMMON)
 COMMON         0x100034ec        0x4 ./LedBlinky.o
                0x100034ec                SysTickCnt
 COMMON         0x100034f0       0x51 ./lcd_i2c.o
                0x100034f0                transferMCfg
                0x1000351c                master_test
                0x10003520                Master_Buf
 *fill*         0x10003541        0x3 00
 COMMON         0x10003544        0x4 ./main.o
                0x10003544                xCountingSemaphore
 COMMON         0x10003548        0x4 ./webserver/emac.o
                0x10003548                uip_buf
 COMMON         0x1000354c        0x8 ./webserver/httpd-cgi.o
                0x1000354c                ulString
                0x10003550                pcStatus
 COMMON         0x10003554      0x8c2 ./webserver/uip.o
                0x10003554                uip_len
                0x10003558                uip_sappdata
                0x1000355c                uip_acc32
                0x10003560                uip_flags
                0x10003564                uip_appdata
                0x10003568                uip_conn
                0x1000356c                uip_conns
                0x10003d8c                uip_listenports
                0x10003ddc                uip_draddr
                0x10003de0                uip_stat
                0x10003e0c                uip_netmask
                0x10003e10                uip_hostaddr
                0x10003e14                uip_slen
 *fill*         0x10003e16        0x2 00
 COMMON         0x10003e18      0xb44 ./uip_ftp/FTPD.o
                0x10003e18                driveAttached
                0x10003e1c                ftpd_state
 COMMON         0x1000495c      0x1b8 ./uip_ftp/ftp_main.o
                0x1000495c                tcp_appdata
 COMMON         0x10004b14      0x218 ./UsbHost/Uart/usbhost_uart.o
                0x10004b14                RTS_State_usb
                0x10004b18                TxIntStat_usb
                0x10004b1c                rb_usb
 COMMON         0x10004d2c        0x4 ./UsbHost/MassStorage/usbhost_ms.o
                0x10004d2c                MS_BlkSize
 COMMON         0x10004d30      0xaec ./UsbHost/Main/usbhost_main.o
                0x10004d30                File1
                0x10004f58                USBFs
                0x100055f4                File2
 COMMON         0x1000581c       0x2c ./UsbHost/Host/usbhost_lpc17xx.o
                0x1000581c                TDBufNonVol
                0x10005820                FATBuffer
                0x10005824                Hcca
                0x10005828                TDTail
                0x1000582c                EDBulkOut
                0x10005830                UserBuffer
                0x10005834                gUSBConnected
                0x10005838                TDBuffer
                0x1000583c                EDBulkIn
                0x10005840                EDCtrl
                0x10005844                TDHead
 COMMON         0x10005848        0x8 /usr/local/lpcxpresso_4.2.3_255/lpcxpresso/tools/bin/../lib/gcc/arm-none-eabi/4.5.1/../../../../arm-none-eabi/lib/thumb2/libcr_c.a(__init_alloc.o)
                0x10005848                __heaps
                0x1000584c                __end_of_heap
                0x10005850                . = ALIGN (0x4)
                0x10005850                _ebss = .
                0x10005850                PROVIDE (end, .)
                0x10005850                PROVIDE (_pvHeapStart, .)
                0x10008000                PROVIDE (_vStackTop, (__top_RamLoc32 - 0x0))
OUTPUT(example_driver.axf elf32-littlearm)

.debug_abbrev   0x00000000     0x8296
 .debug_abbrev  0x00000000      0x276 ./LedBlinky.o
 .debug_abbrev  0x00000276      0x211 ./cr_startup_lpc17.o
 .debug_abbrev  0x00000487      0x2b6 ./lcd_i2c.o
 .debug_abbrev  0x0000073d      0x1a5 ./main.o
 .debug_abbrev  0x000008e2      0x3a2 ./uart_fullmodem_test.o
 .debug_abbrev  0x00000c84      0x2df ./webserver/emac.o
 .debug_abbrev  0x00000f63       0x4b ./webserver/http-strings.o
 .debug_abbrev  0x00000fae      0x26f ./webserver/httpd-cgi.o
 .debug_abbrev  0x0000121d      0x1a2 ./webserver/httpd-fs.o
 .debug_abbrev  0x000013bf      0x292 ./webserver/httpd.o
 .debug_abbrev  0x00001651      0x2c1 ./webserver/psock.o
 .debug_abbrev  0x00001912       0xee ./webserver/timer.o
 .debug_abbrev  0x00001a00      0x348 ./webserver/uIP_Task.o
 .debug_abbrev  0x00001d48      0x384 ./webserver/uip.o
 .debug_abbrev  0x000020cc      0x196 ./webserver/uip_arp.o
 .debug_abbrev  0x00002262      0x363 ./uip_ftp/Connections.o
 .debug_abbrev  0x000025c5      0x21b ./uip_ftp/FTPD.o
 .debug_abbrev  0x000027e0       0x3b ./uip_ftp/FTP_Strings.o
 .debug_abbrev  0x0000281b      0x2fa ./uip_ftp/ftp_main.o
 .debug_abbrev  0x00002b15      0x165 ./driver_source/lpc17xx_adc.o
 .debug_abbrev  0x00002c7a      0x228 ./driver_source/lpc17xx_can.o
 .debug_abbrev  0x00002ea2      0x1de ./driver_source/lpc17xx_clkpwr.o
 .debug_abbrev  0x00003080      0x14e ./driver_source/lpc17xx_dac.o
 .debug_abbrev  0x000031ce      0x377 ./driver_source/lpc17xx_emac.o
 .debug_abbrev  0x00003545      0x1f7 ./driver_source/lpc17xx_gpdma.o
 .debug_abbrev  0x0000373c      0x1f9 ./driver_source/lpc17xx_gpio.o
 .debug_abbrev  0x00003935      0x375 ./driver_source/lpc17xx_i2c.o
 .debug_abbrev  0x00003caa      0x263 ./driver_source/lpc17xx_i2s.o
 .debug_abbrev  0x00003f0d       0x6a ./driver_source/lpc17xx_libcfg_default.o
 .debug_abbrev  0x00003f77      0x189 ./driver_source/lpc17xx_mcpwm.o
 .debug_abbrev  0x00004100       0xf9 ./driver_source/lpc17xx_nvic.o
 .debug_abbrev  0x000041f9      0x1af ./driver_source/lpc17xx_pinsel.o
 .debug_abbrev  0x000043a8      0x1ad ./driver_source/lpc17xx_pwm.o
 .debug_abbrev  0x00004555      0x1f6 ./driver_source/lpc17xx_qei.o
 .debug_abbrev  0x0000474b      0x120 ./driver_source/lpc17xx_rit.o
 .debug_abbrev  0x0000486b      0x191 ./driver_source/lpc17xx_rtc.o
 .debug_abbrev  0x000049fc      0x383 ./driver_source/lpc17xx_sd.o
 .debug_abbrev  0x00004d7f      0x2e7 ./driver_source/lpc17xx_spi.o
 .debug_abbrev  0x00005066      0x2e4 ./driver_source/lpc17xx_ssp.o
 .debug_abbrev  0x0000534a      0x26e ./driver_source/lpc17xx_timer.o
 .debug_abbrev  0x000055b8      0x40a ./driver_source/lpc17xx_uart.o
 .debug_abbrev  0x000059c2      0x1e0 ./driver_source/lpc17xx_wdt.o
 .debug_abbrev  0x00005ba2      0x34d ./UsbHost/Uart/usbhost_uart.o
 .debug_abbrev  0x00005eef      0x210 ./UsbHost/MassStorage/usbhost_ms.o
 .debug_abbrev  0x000060ff      0x16e ./UsbHost/Main/usbhost_main.o
 .debug_abbrev  0x0000626d      0x238 ./UsbHost/Host/usb_ms_diskio.o
 .debug_abbrev  0x000064a5      0x418 ./UsbHost/Host/usbhost_lpc17xx.o
 .debug_abbrev  0x000068bd      0x2f8 ./LPCUSB/USB_CDC.o
 .debug_abbrev  0x00006bb5      0x1d0 ./LPCUSB/usbcontrol.o
 .debug_abbrev  0x00006d85      0x367 ./LPCUSB/usbhw_lpc.o
 .debug_abbrev  0x000070ec       0xc5 ./LPCUSB/usbinit.o
 .debug_abbrev  0x000071b1      0x22e ./LPCUSB/usbstdreq.o
 .debug_abbrev  0x000073df       0xd4 ./FatFs/option/cc932.o
 .debug_abbrev  0x000074b3       0x2c ./FatFs/option/syncobj.o
 .debug_abbrev  0x000074df       0x2c ./FatFs/option/syscall.o
 .debug_abbrev  0x0000750b      0x12a ./FatFs/diskio.o
 .debug_abbrev  0x00007635      0x2eb ./FatFs/ff.o
 .debug_abbrev  0x00007920       0xe3 /home/nlv14991/workspaceLPC/STE-LPC1768-/CMSISv1p30_LPC17xx/Debug/libCMSISv1p30_LPC17xx.a(system_LPC17xx.o)
 .debug_abbrev  0x00007a03      0x1e4 /home/nlv14991/workspaceLPC/STE-LPC1768-/FreeRTOS_Library/Debug/libFreeRTOS_Library.a(queue.o)
 .debug_abbrev  0x00007be7      0x2f9 /home/nlv14991/workspaceLPC/STE-LPC1768-/FreeRTOS_Library/Debug/libFreeRTOS_Library.a(tasks.o)
 .debug_abbrev  0x00007ee0      0x1a5 /home/nlv14991/workspaceLPC/STE-LPC1768-/FreeRTOS_Library/Debug/libFreeRTOS_Library.a(heap_2.o)
 .debug_abbrev  0x00008085      0x128 /home/nlv14991/workspaceLPC/STE-LPC1768-/FreeRTOS_Library/Debug/libFreeRTOS_Library.a(port.o)
 .debug_abbrev  0x000081ad       0xe9 /home/nlv14991/workspaceLPC/STE-LPC1768-/FreeRTOS_Library/Debug/libFreeRTOS_Library.a(list.o)

.debug_info     0x00000000    0x2896e
 .debug_info    0x00000000      0x741 ./LedBlinky.o
 .debug_info    0x00000741      0x924 ./cr_startup_lpc17.o
 .debug_info    0x00001065      0x62e ./lcd_i2c.o
 .debug_info    0x00001693      0x4c3 ./main.o
 .debug_info    0x00001b56     0x1190 ./uart_fullmodem_test.o
 .debug_info    0x00002ce6      0xf3d ./webserver/emac.o
 .debug_info    0x00003c23      0x446 ./webserver/http-strings.o
 .debug_info    0x00004069      0xd74 ./webserver/httpd-cgi.o
 .debug_info    0x00004ddd      0x586 ./webserver/httpd-fs.o
 .debug_info    0x00005363      0xb5d ./webserver/httpd.o
 .debug_info    0x00005ec0      0xa44 ./webserver/psock.o
 .debug_info    0x00006904      0x17b ./webserver/timer.o
 .debug_info    0x00006a7f     0x1400 ./webserver/uIP_Task.o
 .debug_info    0x00007e7f     0x1479 ./webserver/uip.o
 .debug_info    0x000092f8      0x506 ./webserver/uip_arp.o
 .debug_info    0x000097fe     0x1922 ./uip_ftp/Connections.o
 .debug_info    0x0000b120      0xb48 ./uip_ftp/FTPD.o
 .debug_info    0x0000bc68      0x169 ./uip_ftp/FTP_Strings.o
 .debug_info    0x0000bdd1     0x190b ./uip_ftp/ftp_main.o
 .debug_info    0x0000d6dc      0x637 ./driver_source/lpc17xx_adc.o
 .debug_info    0x0000dd13     0x12cd ./driver_source/lpc17xx_can.o
 .debug_info    0x0000efe0      0x6d0 ./driver_source/lpc17xx_clkpwr.o
 .debug_info    0x0000f6b0      0x2cd ./driver_source/lpc17xx_dac.o
 .debug_info    0x0000f97d     0x11ab ./driver_source/lpc17xx_emac.o
 .debug_info    0x00010b28      0xcb4 ./driver_source/lpc17xx_gpdma.o
 .debug_info    0x000117dc      0xcf1 ./driver_source/lpc17xx_gpio.o
 .debug_info    0x000124cd     0x121c ./driver_source/lpc17xx_i2c.o
 .debug_info    0x000136e9      0xa4d ./driver_source/lpc17xx_i2s.o
 .debug_info    0x00014136       0xca ./driver_source/lpc17xx_libcfg_default.o
 .debug_info    0x00014200      0x7fc ./driver_source/lpc17xx_mcpwm.o
 .debug_info    0x000149fc      0x3fb ./driver_source/lpc17xx_nvic.o
 .debug_info    0x00014df7      0x608 ./driver_source/lpc17xx_pinsel.o
 .debug_info    0x000153ff      0x83a ./driver_source/lpc17xx_pwm.o
 .debug_info    0x00015c39      0x85b ./driver_source/lpc17xx_qei.o
 .debug_info    0x00016494      0x325 ./driver_source/lpc17xx_rit.o
 .debug_info    0x000167b9      0xa4e ./driver_source/lpc17xx_rtc.o
 .debug_info    0x00017207      0xdac ./driver_source/lpc17xx_sd.o
 .debug_info    0x00017fb3      0x968 ./driver_source/lpc17xx_spi.o
 .debug_info    0x0001891b      0xb79 ./driver_source/lpc17xx_ssp.o
 .debug_info    0x00019494      0x932 ./driver_source/lpc17xx_timer.o
 .debug_info    0x00019dc6     0x1889 ./driver_source/lpc17xx_uart.o
 .debug_info    0x0001b64f      0x45e ./driver_source/lpc17xx_wdt.o
 .debug_info    0x0001baad     0x1112 ./UsbHost/Uart/usbhost_uart.o
 .debug_info    0x0001cbbf      0x5ca ./UsbHost/MassStorage/usbhost_ms.o
 .debug_info    0x0001d189      0x5ed ./UsbHost/Main/usbhost_main.o
 .debug_info    0x0001d776      0xa1b ./UsbHost/Host/usb_ms_diskio.o
 .debug_info    0x0001e191     0x2055 ./UsbHost/Host/usbhost_lpc17xx.o
 .debug_info    0x000201e6      0xd60 ./LPCUSB/USB_CDC.o
 .debug_info    0x00020f46      0x430 ./LPCUSB/usbcontrol.o
 .debug_info    0x00021376     0x14cc ./LPCUSB/usbhw_lpc.o
 .debug_info    0x00022842      0x131 ./LPCUSB/usbinit.o
 .debug_info    0x00022973      0x57d ./LPCUSB/usbstdreq.o
 .debug_info    0x00022ef0      0x1d4 ./FatFs/option/cc932.o
 .debug_info    0x000230c4       0x62 ./FatFs/option/syncobj.o
 .debug_info    0x00023126       0x77 ./FatFs/option/syscall.o
 .debug_info    0x0002319d      0x342 ./FatFs/diskio.o
 .debug_info    0x000234df     0x31e6 ./FatFs/ff.o
 .debug_info    0x000266c5      0x356 /home/nlv14991/workspaceLPC/STE-LPC1768-/CMSISv1p30_LPC17xx/Debug/libCMSISv1p30_LPC17xx.a(system_LPC17xx.o)
 .debug_info    0x00026a1b      0x84f /home/nlv14991/workspaceLPC/STE-LPC1768-/FreeRTOS_Library/Debug/libFreeRTOS_Library.a(queue.o)
 .debug_info    0x0002726a      0xf31 /home/nlv14991/workspaceLPC/STE-LPC1768-/FreeRTOS_Library/Debug/libFreeRTOS_Library.a(tasks.o)
 .debug_info    0x0002819b      0x2e3 /home/nlv14991/workspaceLPC/STE-LPC1768-/FreeRTOS_Library/Debug/libFreeRTOS_Library.a(heap_2.o)
 .debug_info    0x0002847e      0x222 /home/nlv14991/workspaceLPC/STE-LPC1768-/FreeRTOS_Library/Debug/libFreeRTOS_Library.a(port.o)
 .debug_info    0x000286a0      0x2ce /home/nlv14991/workspaceLPC/STE-LPC1768-/FreeRTOS_Library/Debug/libFreeRTOS_Library.a(list.o)

.debug_line     0x00000000    0x1e4d4
 .debug_line    0x00000000      0x3d9 ./LedBlinky.o
 .debug_line    0x000003d9      0x3eb ./cr_startup_lpc17.o
 .debug_line    0x000007c4      0x5d3 ./lcd_i2c.o
 .debug_line    0x00000d97      0x489 ./main.o
 .debug_line    0x00001220      0x6c7 ./uart_fullmodem_test.o
 .debug_line    0x000018e7      0x819 ./webserver/emac.o
 .debug_line    0x00002100       0x3c ./webserver/http-strings.o
 .debug_line    0x0000213c      0x90b ./webserver/httpd-cgi.o
 .debug_line    0x00002a47      0x33e ./webserver/httpd-fs.o
 .debug_line    0x00002d85      0x849 ./webserver/httpd.o
 .debug_line    0x000035ce      0x8dc ./webserver/psock.o
 .debug_line    0x00003eaa      0x3fc ./webserver/timer.o
 .debug_line    0x000042a6      0xace ./webserver/uIP_Task.o
 .debug_line    0x00004d74     0x12b3 ./webserver/uip.o
 .debug_line    0x00006027      0x812 ./webserver/uip_arp.o
 .debug_line    0x00006839     0x130f ./uip_ftp/Connections.o
 .debug_line    0x00007b48      0xafd ./uip_ftp/FTPD.o
 .debug_line    0x00008645       0x39 ./uip_ftp/FTP_Strings.o
 .debug_line    0x0000867e      0xc2c ./uip_ftp/ftp_main.o
 .debug_line    0x000092aa      0x508 ./driver_source/lpc17xx_adc.o
 .debug_line    0x000097b2     0x1346 ./driver_source/lpc17xx_can.o
 .debug_line    0x0000aaf8      0x422 ./driver_source/lpc17xx_clkpwr.o
 .debug_line    0x0000af1a      0x3d6 ./driver_source/lpc17xx_dac.o
 .debug_line    0x0000b2f0      0x8fb ./driver_source/lpc17xx_emac.o
 .debug_line    0x0000bbeb      0x4a4 ./driver_source/lpc17xx_gpdma.o
 .debug_line    0x0000c08f      0x4e0 ./driver_source/lpc17xx_gpio.o
 .debug_line    0x0000c56f      0x9ed ./driver_source/lpc17xx_i2c.o
 .debug_line    0x0000cf5c      0x74f ./driver_source/lpc17xx_i2s.o
 .debug_line    0x0000d6ab      0x2be ./driver_source/lpc17xx_libcfg_default.o
 .debug_line    0x0000d969      0x5e8 ./driver_source/lpc17xx_mcpwm.o
 .debug_line    0x0000df51      0x386 ./driver_source/lpc17xx_nvic.o
 .debug_line    0x0000e2d7      0x3d4 ./driver_source/lpc17xx_pinsel.o
 .debug_line    0x0000e6ab      0x65d ./driver_source/lpc17xx_pwm.o
 .debug_line    0x0000ed08      0x65f ./driver_source/lpc17xx_qei.o
 .debug_line    0x0000f367      0x447 ./driver_source/lpc17xx_rit.o
 .debug_line    0x0000f7ae      0x72c ./driver_source/lpc17xx_rtc.o
 .debug_line    0x0000feda      0x7ef ./driver_source/lpc17xx_sd.o
 .debug_line    0x000106c9      0x678 ./driver_source/lpc17xx_spi.o
 .debug_line    0x00010d41      0xa28 ./driver_source/lpc17xx_ssp.o
 .debug_line    0x00011769      0x653 ./driver_source/lpc17xx_timer.o
 .debug_line    0x00011dbc     0x11e7 ./driver_source/lpc17xx_uart.o
 .debug_line    0x00012fa3      0x4c2 ./driver_source/lpc17xx_wdt.o
 .debug_line    0x00013465      0xb60 ./UsbHost/Uart/usbhost_uart.o
 .debug_line    0x00013fc5      0xa77 ./UsbHost/MassStorage/usbhost_ms.o
 .debug_line    0x00014a3c      0x92a ./UsbHost/Main/usbhost_main.o
 .debug_line    0x00015366      0x9b3 ./UsbHost/Host/usb_ms_diskio.o
 .debug_line    0x00015d19      0xe9c ./UsbHost/Host/usbhost_lpc17xx.o
 .debug_line    0x00016bb5      0x99c ./LPCUSB/USB_CDC.o
 .debug_line    0x00017551      0x77f ./LPCUSB/usbcontrol.o
 .debug_line    0x00017cd0      0xa97 ./LPCUSB/usbhw_lpc.o
 .debug_line    0x00018767      0x6fd ./LPCUSB/usbinit.o
 .debug_line    0x00018e64      0x82a ./LPCUSB/usbstdreq.o
 .debug_line    0x0001968e       0xcf ./FatFs/option/cc932.o
 .debug_line    0x0001975d       0x6e ./FatFs/option/syncobj.o
 .debug_line    0x000197cb      0x5d2 ./FatFs/option/syscall.o
 .debug_line    0x00019d9d      0x91a ./FatFs/diskio.o
 .debug_line    0x0001a6b7     0x1ae1 ./FatFs/ff.o
 .debug_line    0x0001c198      0x414 /home/nlv14991/workspaceLPC/STE-LPC1768-/CMSISv1p30_LPC17xx/Debug/libCMSISv1p30_LPC17xx.a(system_LPC17xx.o)
 .debug_line    0x0001c5ac      0x6fc /home/nlv14991/workspaceLPC/STE-LPC1768-/FreeRTOS_Library/Debug/libFreeRTOS_Library.a(queue.o)
 .debug_line    0x0001cca8      0x91c /home/nlv14991/workspaceLPC/STE-LPC1768-/FreeRTOS_Library/Debug/libFreeRTOS_Library.a(tasks.o)
 .debug_line    0x0001d5c4      0x51c /home/nlv14991/workspaceLPC/STE-LPC1768-/FreeRTOS_Library/Debug/libFreeRTOS_Library.a(heap_2.o)
 .debug_line    0x0001dae0      0x501 /home/nlv14991/workspaceLPC/STE-LPC1768-/FreeRTOS_Library/Debug/libFreeRTOS_Library.a(port.o)
 .debug_line    0x0001dfe1      0x4f3 /home/nlv14991/workspaceLPC/STE-LPC1768-/FreeRTOS_Library/Debug/libFreeRTOS_Library.a(list.o)

.debug_macinfo  0x00000000   0x226610
 .debug_macinfo
                0x00000000     0x6915 ./LedBlinky.o
 .debug_macinfo
                0x00006915     0x7f8c ./cr_startup_lpc17.o
 .debug_macinfo
                0x0000e8a1     0x8f94 ./lcd_i2c.o
 .debug_macinfo
                0x00017835     0x9ce4 ./main.o
 .debug_macinfo
                0x00021519     0x85e0 ./uart_fullmodem_test.o
 .debug_macinfo
                0x00029af9     0xb412 ./webserver/emac.o
 .debug_macinfo
                0x00034f0b     0x1713 ./webserver/http-strings.o
 .debug_macinfo
                0x0003661e     0xcc00 ./webserver/httpd-cgi.o
 .debug_macinfo
                0x0004321e     0x3df3 ./webserver/httpd-fs.o
 .debug_macinfo
                0x00047011     0x5e97 ./webserver/httpd.o
 .debug_macinfo
                0x0004cea8     0x6d06 ./webserver/psock.o
 .debug_macinfo
                0x00053bae     0x88ac ./webserver/timer.o
 .debug_macinfo
                0x0005c45a    0x11486 ./webserver/uIP_Task.o
 .debug_macinfo
                0x0006d8e0     0xc052 ./webserver/uip.o
 .debug_macinfo
                0x00079932     0x5f2e ./webserver/uip_arp.o
 .debug_macinfo
                0x0007f860     0xd070 ./uip_ftp/Connections.o
 .debug_macinfo
                0x0008c8d0     0xcf92 ./uip_ftp/FTPD.o
 .debug_macinfo
                0x00099862     0x1713 ./uip_ftp/FTP_Strings.o
 .debug_macinfo
                0x0009af75    0x11388 ./uip_ftp/ftp_main.o
 .debug_macinfo
                0x000ac2fd     0x8413 ./driver_source/lpc17xx_adc.o
 .debug_macinfo
                0x000b4710     0x9832 ./driver_source/lpc17xx_can.o
 .debug_macinfo
                0x000bdf42     0x79de ./driver_source/lpc17xx_clkpwr.o
 .debug_macinfo
                0x000c5920     0x7d40 ./driver_source/lpc17xx_dac.o
 .debug_macinfo
                0x000cd660     0x998f ./driver_source/lpc17xx_emac.o
 .debug_macinfo
                0x000d6fef     0x9047 ./driver_source/lpc17xx_gpdma.o
 .debug_macinfo
                0x000e0036     0x6a9d ./driver_source/lpc17xx_gpio.o
 .debug_macinfo
                0x000e6ad3     0x89bd ./driver_source/lpc17xx_i2c.o
 .debug_macinfo
                0x000ef490     0x8e61 ./driver_source/lpc17xx_i2s.o
 .debug_macinfo
                0x000f82f1     0x237d ./driver_source/lpc17xx_libcfg_default.o
 .debug_macinfo
                0x000fa66e     0x85c7 ./driver_source/lpc17xx_mcpwm.o
 .debug_macinfo
                0x00102c35     0x66d4 ./driver_source/lpc17xx_nvic.o
 .debug_macinfo
                0x00109309     0x6bb8 ./driver_source/lpc17xx_pinsel.o
 .debug_macinfo
                0x0010fec1     0x846c ./driver_source/lpc17xx_pwm.o
 .debug_macinfo
                0x0011832d     0x9405 ./driver_source/lpc17xx_qei.o
 .debug_macinfo
                0x00121732     0x7c69 ./driver_source/lpc17xx_rit.o
 .debug_macinfo
                0x0012939b     0x845d ./driver_source/lpc17xx_rtc.o
 .debug_macinfo
                0x001317f8     0x75a6 ./driver_source/lpc17xx_sd.o
 .debug_macinfo
                0x00138d9e     0x85f3 ./driver_source/lpc17xx_spi.o
 .debug_macinfo
                0x00141391     0x8cb5 ./driver_source/lpc17xx_ssp.o
 .debug_macinfo
                0x0014a046     0x88b2 ./driver_source/lpc17xx_timer.o
 .debug_macinfo
                0x001528f8     0xb762 ./driver_source/lpc17xx_uart.o
 .debug_macinfo
                0x0015e05a     0x83a3 ./driver_source/lpc17xx_wdt.o
 .debug_macinfo
                0x001663fd     0xbf85 ./UsbHost/Uart/usbhost_uart.o
 .debug_macinfo
                0x00172382     0x9ea0 ./UsbHost/MassStorage/usbhost_ms.o
 .debug_macinfo
                0x0017c222     0xb36e ./UsbHost/Main/usbhost_main.o
 .debug_macinfo
                0x00187590     0xb363 ./UsbHost/Host/usb_ms_diskio.o
 .debug_macinfo
                0x001928f3     0x9ea0 ./UsbHost/Host/usbhost_lpc17xx.o
 .debug_macinfo
                0x0019c793     0xdc87 ./LPCUSB/USB_CDC.o
 .debug_macinfo
                0x001aa41a     0xb2b0 ./LPCUSB/usbcontrol.o
 .debug_macinfo
                0x001b56ca     0xb87c ./LPCUSB/usbhw_lpc.o
 .debug_macinfo
                0x001c0f46     0xb284 ./LPCUSB/usbinit.o
 .debug_macinfo
                0x001cc1ca     0xb378 ./LPCUSB/usbstdreq.o
 .debug_macinfo
                0x001d7542     0x1f7a ./FatFs/option/cc932.o
 .debug_macinfo
                0x001d94bc     0x1f6a ./FatFs/option/syncobj.o
 .debug_macinfo
                0x001db426     0x4200 ./FatFs/option/syscall.o
 .debug_macinfo
                0x001df626     0xa2ef ./FatFs/diskio.o
 .debug_macinfo
                0x001e9915     0x2a50 ./FatFs/ff.o
 .debug_macinfo
                0x001ec365     0x7863 /home/nlv14991/workspaceLPC/STE-LPC1768-/CMSISv1p30_LPC17xx/Debug/libCMSISv1p30_LPC17xx.a(system_LPC17xx.o)
 .debug_macinfo
                0x001f3bc8     0xa654 /home/nlv14991/workspaceLPC/STE-LPC1768-/FreeRTOS_Library/Debug/libFreeRTOS_Library.a(queue.o)
 .debug_macinfo
                0x001fe21c     0xa8f2 /home/nlv14991/workspaceLPC/STE-LPC1768-/FreeRTOS_Library/Debug/libFreeRTOS_Library.a(tasks.o)
 .debug_macinfo
                0x00208b0e     0xa135 /home/nlv14991/workspaceLPC/STE-LPC1768-/FreeRTOS_Library/Debug/libFreeRTOS_Library.a(heap_2.o)
 .debug_macinfo
                0x00212c43     0x9f72 /home/nlv14991/workspaceLPC/STE-LPC1768-/FreeRTOS_Library/Debug/libFreeRTOS_Library.a(port.o)
 .debug_macinfo
                0x0021cbb5     0x9a5b /home/nlv14991/workspaceLPC/STE-LPC1768-/FreeRTOS_Library/Debug/libFreeRTOS_Library.a(list.o)

.debug_loc      0x00000000    0x20a58
 .debug_loc     0x00000000      0x1e3 ./LedBlinky.o
 .debug_loc     0x000001e3      0x194 ./cr_startup_lpc17.o
 .debug_loc     0x00000377      0x204 ./lcd_i2c.o
 .debug_loc     0x0000057b       0x9f ./main.o
 .debug_loc     0x0000061a      0x8e2 ./uart_fullmodem_test.o
 .debug_loc     0x00000efc      0xe79 ./webserver/emac.o
 .debug_loc     0x00001d75      0x60f ./webserver/httpd-cgi.o
 .debug_loc     0x00002384      0x232 ./webserver/httpd-fs.o
 .debug_loc     0x000025b6      0x46f ./webserver/httpd.o
 .debug_loc     0x00002a25      0x604 ./webserver/psock.o
 .debug_loc     0x00003029       0xcd ./webserver/timer.o
 .debug_loc     0x000030f6      0x207 ./webserver/uIP_Task.o
 .debug_loc     0x000032fd     0x1494 ./webserver/uip.o
 .debug_loc     0x00004791      0x4ca ./webserver/uip_arp.o
 .debug_loc     0x00004c5b     0x13c5 ./uip_ftp/Connections.o
 .debug_loc     0x00006020      0x149 ./uip_ftp/FTPD.o
 .debug_loc     0x00006169      0x258 ./uip_ftp/ftp_main.o
 .debug_loc     0x000063c1      0x530 ./driver_source/lpc17xx_adc.o
 .debug_loc     0x000068f1     0x24d4 ./driver_source/lpc17xx_can.o
 .debug_loc     0x00008dc5      0x188 ./driver_source/lpc17xx_clkpwr.o
 .debug_loc     0x00008f4d      0x1c1 ./driver_source/lpc17xx_dac.o
 .debug_loc     0x0000910e      0xae9 ./driver_source/lpc17xx_emac.o
 .debug_loc     0x00009bf7      0x279 ./driver_source/lpc17xx_gpdma.o
 .debug_loc     0x00009e70      0x579 ./driver_source/lpc17xx_gpio.o
 .debug_loc     0x0000a3e9     0x117c ./driver_source/lpc17xx_i2c.o
 .debug_loc     0x0000b565      0x974 ./driver_source/lpc17xx_i2s.o
 .debug_loc     0x0000bed9      0x33d ./driver_source/lpc17xx_mcpwm.o
 .debug_loc     0x0000c216       0x63 ./driver_source/lpc17xx_nvic.o
 .debug_loc     0x0000c279      0x350 ./driver_source/lpc17xx_pinsel.o
 .debug_loc     0x0000c5c9      0x4ea ./driver_source/lpc17xx_pwm.o
 .debug_loc     0x0000cab3      0x6e3 ./driver_source/lpc17xx_qei.o
 .debug_loc     0x0000d196      0x21d ./driver_source/lpc17xx_rit.o
 .debug_loc     0x0000d3b3      0x859 ./driver_source/lpc17xx_rtc.o
 .debug_loc     0x0000dc0c     0x112b ./driver_source/lpc17xx_sd.o
 .debug_loc     0x0000ed37      0x952 ./driver_source/lpc17xx_spi.o
 .debug_loc     0x0000f689      0xd53 ./driver_source/lpc17xx_ssp.o
 .debug_loc     0x000103dc      0x6fa ./driver_source/lpc17xx_timer.o
 .debug_loc     0x00010ad6     0x2b2e ./driver_source/lpc17xx_uart.o
 .debug_loc     0x00013604      0x441 ./driver_source/lpc17xx_wdt.o
 .debug_loc     0x00013a45      0x4f9 ./UsbHost/Uart/usbhost_uart.o
 .debug_loc     0x00013f3e      0x63e ./UsbHost/MassStorage/usbhost_ms.o
 .debug_loc     0x0001457c       0xab ./UsbHost/Main/usbhost_main.o
 .debug_loc     0x00014627      0x2c3 ./UsbHost/Host/usb_ms_diskio.o
 .debug_loc     0x000148ea      0xd3d ./UsbHost/Host/usbhost_lpc17xx.o
 .debug_loc     0x00015627      0x317 ./LPCUSB/USB_CDC.o
 .debug_loc     0x0001593e      0x1b5 ./LPCUSB/usbcontrol.o
 .debug_loc     0x00015af3      0x5f4 ./LPCUSB/usbhw_lpc.o
 .debug_loc     0x000160e7       0x20 ./LPCUSB/usbinit.o
 .debug_loc     0x00016107      0x5f1 ./LPCUSB/usbstdreq.o
 .debug_loc     0x000166f8      0x2c5 ./FatFs/option/cc932.o
 .debug_loc     0x000169bd      0x29e ./FatFs/diskio.o
 .debug_loc     0x00016c5b     0x8672 ./FatFs/ff.o
 .debug_loc     0x0001f2cd       0x20 /home/nlv14991/workspaceLPC/STE-LPC1768-/CMSISv1p30_LPC17xx/Debug/libCMSISv1p30_LPC17xx.a(system_LPC17xx.o)
 .debug_loc     0x0001f2ed      0x7ed /home/nlv14991/workspaceLPC/STE-LPC1768-/FreeRTOS_Library/Debug/libFreeRTOS_Library.a(queue.o)
 .debug_loc     0x0001fada      0xbd3 /home/nlv14991/workspaceLPC/STE-LPC1768-/FreeRTOS_Library/Debug/libFreeRTOS_Library.a(tasks.o)
 .debug_loc     0x000206ad      0x204 /home/nlv14991/workspaceLPC/STE-LPC1768-/FreeRTOS_Library/Debug/libFreeRTOS_Library.a(heap_2.o)
 .debug_loc     0x000208b1       0x89 /home/nlv14991/workspaceLPC/STE-LPC1768-/FreeRTOS_Library/Debug/libFreeRTOS_Library.a(port.o)
 .debug_loc     0x0002093a      0x11e /home/nlv14991/workspaceLPC/STE-LPC1768-/FreeRTOS_Library/Debug/libFreeRTOS_Library.a(list.o)

.debug_pubnames
                0x00000000     0x39fe
 .debug_pubnames
                0x00000000       0x67 ./LedBlinky.o
 .debug_pubnames
                0x00000067      0x105 ./cr_startup_lpc17.o
 .debug_pubnames
                0x0000016c       0xb1 ./lcd_i2c.o
 .debug_pubnames
                0x0000021d       0xc5 ./main.o
 .debug_pubnames
                0x000002e2       0xeb ./uart_fullmodem_test.o
 .debug_pubnames
                0x000003cd       0x62 ./webserver/emac.o
 .debug_pubnames
                0x0000042f      0x271 ./webserver/http-strings.o
 .debug_pubnames
                0x000006a0       0x4c ./webserver/httpd-cgi.o
 .debug_pubnames
                0x000006ec       0xd5 ./webserver/httpd-fs.o
 .debug_pubnames
                0x000007c1       0x48 ./webserver/httpd.o
 .debug_pubnames
                0x00000809       0xa7 ./webserver/psock.o
 .debug_pubnames
                0x000008b0       0x54 ./webserver/timer.o
 .debug_pubnames
                0x00000904       0x72 ./webserver/uIP_Task.o
 .debug_pubnames
                0x00000976      0x1aa ./webserver/uip.o
 .debug_pubnames
                0x00000b20       0x68 ./webserver/uip_arp.o
 .debug_pubnames
                0x00000b88      0x1c8 ./uip_ftp/Connections.o
 .debug_pubnames
                0x00000d50       0x52 ./uip_ftp/FTPD.o
 .debug_pubnames
                0x00000da2       0xde ./uip_ftp/FTP_Strings.o
 .debug_pubnames
                0x00000e80       0x54 ./uip_ftp/ftp_main.o
 .debug_pubnames
                0x00000ed4      0x110 ./driver_source/lpc17xx_adc.o
 .debug_pubnames
                0x00000fe4      0x21a ./driver_source/lpc17xx_can.o
 .debug_pubnames
                0x000011fe       0xbb ./driver_source/lpc17xx_clkpwr.o
 .debug_pubnames
                0x000012b9       0x7a ./driver_source/lpc17xx_dac.o
 .debug_pubnames
                0x00001333      0x225 ./driver_source/lpc17xx_emac.o
 .debug_pubnames
                0x00001558       0xa7 ./driver_source/lpc17xx_gpdma.o
 .debug_pubnames
                0x000015ff      0x196 ./driver_source/lpc17xx_gpio.o
 .debug_pubnames
                0x00001795      0x165 ./driver_source/lpc17xx_i2c.o
 .debug_pubnames
                0x000018fa      0x157 ./driver_source/lpc17xx_i2s.o
 .debug_pubnames
                0x00001a51       0x23 ./driver_source/lpc17xx_libcfg_default.o
 .debug_pubnames
                0x00001a74      0x13b ./driver_source/lpc17xx_mcpwm.o
 .debug_pubnames
                0x00001baf       0x46 ./driver_source/lpc17xx_nvic.o
 .debug_pubnames
                0x00001bf5       0xa6 ./driver_source/lpc17xx_pinsel.o
 .debug_pubnames
                0x00001c9b      0x127 ./driver_source/lpc17xx_pwm.o
 .debug_pubnames
                0x00001dc2      0x1aa ./driver_source/lpc17xx_qei.o
 .debug_pubnames
                0x00001f6c       0x97 ./driver_source/lpc17xx_rit.o
 .debug_pubnames
                0x00002003      0x1ab ./driver_source/lpc17xx_rtc.o
 .debug_pubnames
                0x000021ae       0xe3 ./driver_source/lpc17xx_sd.o
 .debug_pubnames