Archive member included because of file (symbol)

C:\Documents and Settings\nlv14991\My Documents\lpcxpresso_3.5\workspace\CMSISv1p30_LPC17xx\Debug\libCMSISv1p30_LPC17xx.a(system_LPC17xx.o)
                              ./LedBlinky.o (SystemCoreClock)
C:\Documents and Settings\nlv14991\My Documents\lpcxpresso_3.5\workspace\FreeRTOS_Library\Debug\libFreeRTOS_Library.a(queue.o)
                              ./LPCUSB/USB_CDC.o (uxQueueMessagesWaitingFromISR)
C:\Documents and Settings\nlv14991\My Documents\lpcxpresso_3.5\workspace\FreeRTOS_Library\Debug\libFreeRTOS_Library.a(tasks.o)
                              C:\Documents and Settings\nlv14991\My Documents\lpcxpresso_3.5\workspace\FreeRTOS_Library\Debug\libFreeRTOS_Library.a(queue.o) (vTaskSuspendAll)
C:\Documents and Settings\nlv14991\My Documents\lpcxpresso_3.5\workspace\FreeRTOS_Library\Debug\libFreeRTOS_Library.a(heap_2.o)
                              C:\Documents and Settings\nlv14991\My Documents\lpcxpresso_3.5\workspace\FreeRTOS_Library\Debug\libFreeRTOS_Library.a(queue.o) (vPortFree)
C:\Documents and Settings\nlv14991\My Documents\lpcxpresso_3.5\workspace\FreeRTOS_Library\Debug\libFreeRTOS_Library.a(port.o)
                              C:\Documents and Settings\nlv14991\My Documents\lpcxpresso_3.5\workspace\FreeRTOS_Library\Debug\libFreeRTOS_Library.a(tasks.o) (pxPortInitialiseStack)
C:\Documents and Settings\nlv14991\My Documents\lpcxpresso_3.5\workspace\FreeRTOS_Library\Debug\libFreeRTOS_Library.a(basic_io.o)
                              ./main.o (vPrintString)
C:\Documents and Settings\nlv14991\My Documents\lpcxpresso_3.5\workspace\FreeRTOS_Library\Debug\libFreeRTOS_Library.a(consoleprint.o)
                              C:\Documents and Settings\nlv14991\My Documents\lpcxpresso_3.5\workspace\FreeRTOS_Library\Debug\libFreeRTOS_Library.a(basic_io.o) (consoleprint)
C:\Documents and Settings\nlv14991\My Documents\lpcxpresso_3.5\workspace\FreeRTOS_Library\Debug\libFreeRTOS_Library.a(list.o)
                              C:\Documents and Settings\nlv14991\My Documents\lpcxpresso_3.5\workspace\FreeRTOS_Library\Debug\libFreeRTOS_Library.a(queue.o) (vListInitialise)
c:/nxp/lpcxpresso_3.5/tools/bin/../lib/gcc/arm-none-eabi/4.3.3/../../../../arm-none-eabi/lib/thumb2\libcr_c.a(fpprintf.o)
                              ./UsbHost/Uart/usbhost_uart.o (vsprintf)
c:/nxp/lpcxpresso_3.5/tools/bin/../lib/gcc/arm-none-eabi/4.3.3/../../../../arm-none-eabi/lib/thumb2\libcr_c.a(memcmp.o)
                              C:\Documents and Settings\nlv14991\My Documents\lpcxpresso_3.5\workspace\FreeRTOS_Library\Debug\libFreeRTOS_Library.a(tasks.o) (memcmp)
c:/nxp/lpcxpresso_3.5/tools/bin/../lib/gcc/arm-none-eabi/4.3.3/../../../../arm-none-eabi/lib/thumb2\libcr_c.a(memcpy.o)
                              ./webserver/httpd.o (memcpy)
c:/nxp/lpcxpresso_3.5/tools/bin/../lib/gcc/arm-none-eabi/4.3.3/../../../../arm-none-eabi/lib/thumb2\libcr_c.a(memset.o)
                              ./webserver/uip_arp.o (memset)
c:/nxp/lpcxpresso_3.5/tools/bin/../lib/gcc/arm-none-eabi/4.3.3/../../../../arm-none-eabi/lib/thumb2\libcr_c.a(printf.o)
                              c:/nxp/lpcxpresso_3.5/tools/bin/../lib/gcc/arm-none-eabi/4.3.3/../../../../arm-none-eabi/lib/thumb2\libcr_c.a(fpprintf.o) (__vfprintf)
c:/nxp/lpcxpresso_3.5/tools/bin/../lib/gcc/arm-none-eabi/4.3.3/../../../../arm-none-eabi/lib/thumb2\libcr_c.a(scanf.o)
                              ./webserver/uIP_Task.o (sscanf)
c:/nxp/lpcxpresso_3.5/tools/bin/../lib/gcc/arm-none-eabi/4.3.3/../../../../arm-none-eabi/lib/thumb2\libcr_c.a(stdio.o)
                              c:/nxp/lpcxpresso_3.5/tools/bin/../lib/gcc/arm-none-eabi/4.3.3/../../../../arm-none-eabi/lib/thumb2\libcr_c.a(fpprintf.o) (__Ciob)
c:/nxp/lpcxpresso_3.5/tools/bin/../lib/gcc/arm-none-eabi/4.3.3/../../../../arm-none-eabi/lib/thumb2\libcr_c.a(strcat.o)
                              ./webserver/httpd-cgi.o (strcat)
c:/nxp/lpcxpresso_3.5/tools/bin/../lib/gcc/arm-none-eabi/4.3.3/../../../../arm-none-eabi/lib/thumb2\libcr_c.a(strchr.o)
                              ./webserver/httpd-cgi.o (strchr)
c:/nxp/lpcxpresso_3.5/tools/bin/../lib/gcc/arm-none-eabi/4.3.3/../../../../arm-none-eabi/lib/thumb2\libcr_c.a(strcmp.o)
                              ./uip_ftp/Connections.o (strcmp)
c:/nxp/lpcxpresso_3.5/tools/bin/../lib/gcc/arm-none-eabi/4.3.3/../../../../arm-none-eabi/lib/thumb2\libcr_c.a(strcpy.o)
                              ./webserver/httpd.o (strcpy)
c:/nxp/lpcxpresso_3.5/tools/bin/../lib/gcc/arm-none-eabi/4.3.3/../../../../arm-none-eabi/lib/thumb2\libcr_c.a(strlen.o)
                              ./cr_startup_lpc17.o (strlen)
c:/nxp/lpcxpresso_3.5/tools/bin/../lib/gcc/arm-none-eabi/4.3.3/../../../../arm-none-eabi/lib/thumb2\libcr_c.a(strncmp.o)
                              ./webserver/httpd-cgi.o (strncmp)
c:/nxp/lpcxpresso_3.5/tools/bin/../lib/gcc/arm-none-eabi/4.3.3/../../../../arm-none-eabi/lib/thumb2\libcr_c.a(strncpy.o)
[...]
Memory Configuration

Name             Origin             Length             Attributes
MFlash512        0x00000000         0x00080000         xr
RamLoc32         0x10000000         0x00008000         xrw
RamAHB32         0x2007c000         0x00008000         xrw
CANAccFilterRAM  0x40038000         0x00000800         xrw
*default*        0x00000000         0xffffffff

Linker script and memory map

LOAD ./LedBlinky.o
LOAD ./cr_startup_lpc17.o
LOAD ./lcd_i2c.o
LOAD ./main.o
LOAD ./uart_fullmodem_test.o
LOAD ./webserver/emac.o
LOAD ./webserver/http-strings.o
LOAD ./webserver/httpd-cgi.o
LOAD ./webserver/httpd-fs.o
LOAD ./webserver/httpd.o
LOAD ./webserver/psock.o
LOAD ./webserver/timer.o
LOAD ./webserver/uIP_Task.o
LOAD ./webserver/uip.o
LOAD ./webserver/uip_arp.o
LOAD ./uip_ftp/Connections.o
LOAD ./uip_ftp/FTPD.o
LOAD ./uip_ftp/FTP_Strings.o
LOAD ./uip_ftp/ftp_main.o
LOAD ./driver_source/lpc17xx_adc.o
LOAD ./driver_source/lpc17xx_can.o
LOAD ./driver_source/lpc17xx_clkpwr.o
LOAD ./driver_source/lpc17xx_dac.o
LOAD ./driver_source/lpc17xx_emac.o
LOAD ./driver_source/lpc17xx_gpdma.o
LOAD ./driver_source/lpc17xx_gpio.o
LOAD ./driver_source/lpc17xx_i2c.o
LOAD ./driver_source/lpc17xx_i2s.o
LOAD ./driver_source/lpc17xx_libcfg_default.o
LOAD ./driver_source/lpc17xx_mcpwm.o
LOAD ./driver_source/lpc17xx_nvic.o
LOAD ./driver_source/lpc17xx_pinsel.o
LOAD ./driver_source/lpc17xx_pwm.o
LOAD ./driver_source/lpc17xx_qei.o
LOAD ./driver_source/lpc17xx_rit.o
LOAD ./driver_source/lpc17xx_rtc.o
LOAD ./driver_source/lpc17xx_sd.o
LOAD ./driver_source/lpc17xx_spi.o
LOAD ./driver_source/lpc17xx_ssp.o
LOAD ./driver_source/lpc17xx_timer.o
LOAD ./driver_source/lpc17xx_uart.o
LOAD ./driver_source/lpc17xx_wdt.o
LOAD ./UsbHost/Uart/usbhost_uart.o
LOAD ./UsbHost/MassStorage/usbhost_ms.o
LOAD ./UsbHost/Main/usbhost_main.o
LOAD ./UsbHost/Host/usb_ms_diskio.o
LOAD ./UsbHost/Host/usbhost_lpc17xx.o
LOAD ./LPCUSB/USB_CDC.o
LOAD ./LPCUSB/usbcontrol.o
LOAD ./LPCUSB/usbhw_lpc.o
LOAD ./LPCUSB/usbinit.o
LOAD ./LPCUSB/usbstdreq.o
LOAD ./FatFs/option/cc932.o
LOAD ./FatFs/option/syncobj.o
LOAD ./FatFs/option/syscall.o
LOAD ./FatFs/diskio.o
LOAD ./FatFs/ff.o
LOAD C:\Documents and Settings\nlv14991\My Documents\lpcxpresso_3.5\workspace\CMSISv1p30_LPC17xx\Debug\libCMSISv1p30_LPC17xx.a
LOAD C:\Documents and Settings\nlv14991\My Documents\lpcxpresso_3.5\workspace\FreeRTOS_Library\Debug\libFreeRTOS_Library.a
START GROUP
LOAD c:/nxp/lpcxpresso_3.5/tools/bin/../lib/gcc/arm-none-eabi/4.3.3/../../../../arm-none-eabi/lib/thumb2\libcr_nohost.a
LOAD c:/nxp/lpcxpresso_3.5/tools/bin/../lib/gcc/arm-none-eabi/4.3.3/../../../../arm-none-eabi/lib/thumb2\libcr_c.a
LOAD c:/nxp/lpcxpresso_3.5/tools/bin/../lib/gcc/arm-none-eabi/4.3.3/thumb2\libcr_eabihelpers.a
END GROUP
                0x00080000                __top_MFlash512 = 0x80000
                0x10008000                __top_RamLoc32 = 0x10008000
                0x20084000                __top_RamAHB32 = 0x20084000
                0x40038800                __top_CANAccFilterRAM = 0x40038800

.text           0x00000000    0x2db4c
 *(.isr_vector)
 .isr_vector    0x00000000       0xc4 ./cr_startup_lpc17.o
                0x00000000                g_pfnVectors
 *(.text*)
 .text.SysTick_Handler
                0x000000c4       0x24 ./LedBlinky.o
                0x000000c4                SysTick_Handler
 .text.entry_led
                0x000000e8       0xc4 ./LedBlinky.o
                0x000000e8                entry_led
 .text.SysTick_Config
                0x000001ac       0x68 ./LedBlinky.o
 .text.NVIC_SetPriority
                0x00000214       0x5c ./LedBlinky.o
 .text.vLEDTask
                0x00000270       0x14 ./LedBlinky.o
                0x00000270                vLEDTask
 .text.Reset_Handler
                0x00000284       0x78 ./cr_startup_lpc17.o
                0x00000284                Reset_Handler
                0x00000284                ResetISR
 .text.NMI_Handler
                0x000002fc        0x8 ./cr_startup_lpc17.o
                0x000002fc                NMI_Handler
 .text.HardFault_Handler
                0x00000304       0x1c ./cr_startup_lpc17.o
                0x00000304                HardFault_Handler
 .text.hard_fault_handler_c
                0x00000320      0x158 ./cr_startup_lpc17.o
                0x00000320                hard_fault_handler_c
 .text.MemManage_Handler
                0x00000478        0x8 ./cr_startup_lpc17.o
                0x00000478                MemManage_Handler
 .text.BusFault_Handler
                0x00000480        0x8 ./cr_startup_lpc17.o
                0x00000480                BusFault_Handler
 .text.UsageFault_Handler
                0x00000488        0x8 ./cr_startup_lpc17.o
                0x00000488                UsageFault_Handler
 .text.DebugMon_Handler
                0x00000490        0x8 ./cr_startup_lpc17.o
                0x00000490                DebugMon_Handler
 .text.IntDefaultHandler
                0x00000498       0x20 ./cr_startup_lpc17.o
                0x00000498                TIMER2_IRQHandler
                0x00000498                RIT_IRQHandler
                0x00000498                PWM1_IRQHandler
                0x00000498                EINT2_IRQHandler
                0x00000498                EINT3_IRQHandler
                0x00000498                TIMER3_IRQHandler
                0x00000498                PLL0_IRQHandler
                0x00000498                CAN_IRQHandler
                0x00000498                PLL1_IRQHandler
                0x00000498                RTC_IRQHandler
                0x00000498                TIMER0_IRQHandler
                0x00000498                EINT1_IRQHandler
                0x00000498                TIMER1_IRQHandler
                0x00000498                ADC_IRQHandler
                0x00000498                BOD_IRQHandler
                0x00000498                WDT_IRQHandler
                0x00000498                QEI_IRQHandler
                0x00000498                EINT0_IRQHandler
                0x00000498                MCPWM_IRQHandler
 .text.LCD_Init
                0x000004b8      0x198 ./lcd_i2c.o
                0x000004b8                LCD_Init
 .text.LCD_ClearScreen
                0x00000650      0x1dc ./lcd_i2c.o
                0x00000650                LCD_ClearScreen
 .text.LCD_PrintText
                0x0000082c      0x168 ./lcd_i2c.o
                0x0000082c                LCD_PrintText
 .text.main     0x00000994      0x110 ./main.o
                0x00000994                main
 .text.vSoftwareInterruptHandler
                0x00000aa4       0x7c ./main.o
                0x00000aa4                vSoftwareInterruptHandler
 .text.NVIC_ClearPendingIRQ
                0x00000b20       0x3c ./main.o
 .text.vApplicationMallocFailedHook
                0x00000b5c        0x8 ./main.o
                0x00000b5c                vApplicationMallocFailedHook
 .text.vApplicationStackOverflowHook
                0x00000b64       0x18 ./main.o
                0x00000b64                vApplicationStackOverflowHook
 .text.vApplicationIdleHook
                0x00000b7c        0xc ./main.o
                0x00000b7c                vApplicationIdleHook
 .text.vApplicationTickHook
                0x00000b88        0xc ./main.o
                0x00000b88                vApplicationTickHook
 .text.print_menu
                0x00000b94       0xa0 ./uart_fullmodem_test.o
                0x00000b94                print_menu
 .text.UART1_IntReceive
                0x00000c34       0xe4 ./uart_fullmodem_test.o
                0x00000c34                UART1_IntReceive
 .text.UART1_IntTransmit
                0x00000d18      0x128 ./uart_fullmodem_test.o
                0x00000d18                UART1_IntTransmit
 .text.UART1_IntErr
                0x00000e40       0x38 ./uart_fullmodem_test.o
                0x00000e40                UART1_IntErr
 .text.UARTReceive
                0x00000e78      0x110 ./uart_fullmodem_test.o
                0x00000e78                UARTReceive
 .text.entry    0x00000f88      0x248 ./uart_fullmodem_test.o
                0x00000f88                entry
 .text.NVIC_SetPriority
                0x000011d0       0x5c ./uart_fullmodem_test.o
 .text.NVIC_EnableIRQ
                0x0000122c       0x38 ./uart_fullmodem_test.o
 .text.NVIC_DisableIRQ
                0x00001264       0x3c ./uart_fullmodem_test.o
 .text.vUARTTask
                0x000012a0       0x14 ./uart_fullmodem_test.o
                0x000012a0                vUARTTask
 .text.lEMACInit
                0x000012b4       0xf4 ./webserver/emac.o
                0x000012b4                lEMACInit
 .text.prvGetNextBuffer
                0x000013a8       0x98 ./webserver/emac.o
 .text.prvInitDescriptors
                0x00001440      0x190 ./webserver/emac.o
 .text.prvSetupEMACHardware
                0x000015d0      0x128 ./webserver/emac.o
 .text.prvConfigurePHY
                0x000016f8       0x64 ./webserver/emac.o
 .text.prvSetupLinkStatus
                0x0000175c       0xc8 ./webserver/emac.o
 .text.prvReturnBuffer
                0x00001824       0x5c ./webserver/emac.o
 .text.ulGetEMACRxData
                0x00001880       0xcc ./webserver/emac.o
                0x00001880                ulGetEMACRxData
 .text.vSendEMACTxData
                0x0000194c       0x9c ./webserver/emac.o
                0x0000194c                vSendEMACTxData
 .text.prvWritePHY
                0x000019e8       0x7c ./webserver/emac.o
 .text.prvReadPHY
                0x00001a64       0x84 ./webserver/emac.o
 .text.vEMAC_ISR
                0x00001ae8       0xd4 ./webserver/emac.o
                0x00001ae8                vEMAC_ISR
 .text.nullfunction
                0x00001bbc       0x30 ./webserver/httpd-cgi.o
 .text.httpd_cgi
                0x00001bec       0x6c ./webserver/httpd-cgi.o
                0x00001bec                httpd_cgi
 .text.generate_file_stats
                0x00001c58       0x40 ./webserver/httpd-cgi.o
 .text.file_stats
                0x00001c98       0x84 ./webserver/httpd-cgi.o
 .text.generate_tcp_stats
                0x00001d1c      0x138 ./webserver/httpd-cgi.o
 .text.tcp_stats
                0x00001e54       0xc4 ./webserver/httpd-cgi.o
 .text.generate_net_stats
                0x00001f18       0x50 ./webserver/httpd-cgi.o
 .text.net_stats
                0x00001f68       0x9c ./webserver/httpd-cgi.o
 .text.generate_rtos_stats
                0x00002004       0x80 ./webserver/httpd-cgi.o
 .text.rtos_stats
                0x00002084       0x78 ./webserver/httpd-cgi.o
 .text.generate_io_state
                0x000020fc       0x6c ./webserver/httpd-cgi.o
 .text.generate_lcd_txt
                0x00002168       0x40 ./webserver/httpd-cgi.o
 .text.generate_runtime_stats
                0x000021a8       0x78 ./webserver/httpd-cgi.o
 .text.run_time
                0x00002220       0x78 ./webserver/httpd-cgi.o
 .text.led_io   0x00002298       0x78 ./webserver/httpd-cgi.o
 .text.lcd_io   0x00002310       0x7c ./webserver/httpd-cgi.o
 .text.httpd_fs_strcmp
                0x0000238c       0x78 ./webserver/httpd-fs.o
 .text.httpd_fs_open
                0x00002404       0x8c ./webserver/httpd-fs.o
                0x00002404                httpd_fs_open
 .text.httpd_fs_count
                0x00002490       0x64 ./webserver/httpd-fs.o
                0x00002490                httpd_fs_count
 .text.generate_part_of_file
                0x000024f4       0x78 ./webserver/httpd.o
 .text.send_file
                0x0000256c       0xa8 ./webserver/httpd.o
 .text.send_part_of_file
                0x00002614       0x78 ./webserver/httpd.o
 .text.next_scriptstate
                0x0000268c       0x54 ./webserver/httpd.o
 .text.handle_script
                0x000026e0      0x258 ./webserver/httpd.o
 .text.send_headers
                0x00002938      0x318 ./webserver/httpd.o
 .text.handle_output
                0x00002c50      0x1a8 ./webserver/httpd.o
 .text.handle_input
                0x00002df8      0x1f0 ./webserver/httpd.o
 .text.handle_connection
                0x00002fe8       0x28 ./webserver/httpd.o
 .text.networkd_appcall
                0x00003010       0x24 ./webserver/httpd.o
                0x00003010                networkd_appcall
 .text.httpd_appcall
                0x00003034      0x114 ./webserver/httpd.o
                0x00003034                httpd_appcall
 .text.httpd_init
                0x00003148       0x10 ./webserver/httpd.o
                0x00003148                httpd_init
 .text.buf_setup
                0x00003158       0x24 ./webserver/psock.o
 .text.buf_bufto
                0x0000317c       0xd4 ./webserver/psock.o
 .text.send_data
                0x00003250       0x88 ./webserver/psock.o
 .text.data_acked
                0x000032d8       0xac ./webserver/psock.o
 .text.data_acked_send
                0x00003384      0x150 ./webserver/psock.o
 .text.psock_send
                0x000034d4       0xbc ./webserver/psock.o
                0x000034d4                psock_send
 .text.psock_generator_send
                0x00003590       0xd0 ./webserver/psock.o
                0x00003590                psock_generator_send
 .text.psock_datalen
                0x00003660       0x24 ./webserver/psock.o
                0x00003660                psock_datalen
 .text.psock_newdata
                0x00003684       0x64 ./webserver/psock.o
                0x00003684                psock_newdata
 .text.psock_readto
                0x000036e8      0x100 ./webserver/psock.o
                0x000036e8                psock_readto
 .text.psock_init
                0x000037e8       0x48 ./webserver/psock.o
                0x000037e8                psock_init
 .text.psock_sink_receive
                0x00003830       0xec ./webserver/psock.o
                0x00003830                psock_sink_receive
 .text.timer_set
                0x0000391c       0x24 ./webserver/timer.o
                0x0000391c                timer_set
 .text.timer_reset
                0x00003940       0x20 ./webserver/timer.o
                0x00003940                timer_reset
 .text.timer_expired
                0x00003960       0x2c ./webserver/timer.o
                0x00003960                timer_expired
 .text.clock_time
                0x0000398c       0x10 ./webserver/uIP_Task.o
                0x0000398c                clock_time
 .text.vuIP_Task
                0x0000399c      0x398 ./webserver/uIP_Task.o
                0x0000399c                vuIP_Task
 .text.NVIC_SetPriority
                0x00003d34       0x5c ./webserver/uIP_Task.o
 .text.NVIC_EnableIRQ
                0x00003d90       0x38 ./webserver/uIP_Task.o
 .text.prvSetMACAddress
                0x00003dc8       0x7c ./webserver/uIP_Task.o
 .text.vApplicationProcessFormInput
                0x00003e44      0x23c ./webserver/uIP_Task.o
                0x00003e44                vApplicationProcessFormInput
 .text.uip_add32
                0x00004080      0x14c ./webserver/uip.o
                0x00004080                uip_add32
 .text.chksum   0x000041cc       0x98 ./webserver/uip.o
 .text.uip_ipchksum
                0x00004264       0x4c ./webserver/uip.o
                0x00004264                uip_ipchksum
 .text.upper_layer_chksum
                0x000042b0       0xac ./webserver/uip.o
 .text.uip_tcpchksum
                0x0000435c       0x14 ./webserver/uip.o
                0x0000435c                uip_tcpchksum
 .text.uip_init
                0x00004370       0xcc ./webserver/uip.o
                0x00004370                uip_init
 .text.uip_connect
                0x0000443c      0x21c ./webserver/uip.o
                0x0000443c                uip_connect
 .text.uip_unlisten
                0x00004658       0x88 ./webserver/uip.o
                0x00004658                uip_unlisten
 .text.uip_listen
                0x000046e0       0x84 ./webserver/uip.o
                0x000046e0                uip_listen
 .text.uip_add_rcv_nxt
                0x00004764       0x84 ./webserver/uip.o
 .text.uip_process
                0x000047e8     0x2258 ./webserver/uip.o
                0x000047e8                uip_process
 .text.htons    0x00006a40       0x30 ./webserver/uip.o
                0x00006a40                htons
 .text.uip_send
                0x00006a70       0x54 ./webserver/uip.o
                0x00006a70                uip_send
 .text.uip_arp_timer
                0x00006ac4       0xc0 ./webserver/uip_arp.o
                0x00006ac4                uip_arp_timer
 .text.uip_arp_update
                0x00006b84      0x278 ./webserver/uip_arp.o
 .text.uip_arp_ipin
                0x00006dfc       0xc0 ./webserver/uip_arp.o
                0x00006dfc                uip_arp_ipin
 .text.uip_arp_arpin
                0x00006ebc      0x32c ./webserver/uip_arp.o
                0x00006ebc                uip_arp_arpin
 .text.uip_arp_out
                0x000071e8      0x41c ./webserver/uip_arp.o
                0x000071e8                uip_arp_out
 .text.Convert_to_upper
                0x00007604       0x24 ./uip_ftp/Connections.o
                0x00007604                Convert_to_upper
 .text.handle_cmd_input
                0x00007628      0x1e8 ./uip_ftp/Connections.o
                0x00007628                handle_cmd_input
 .text.Closed_data_conn
                0x00007810       0x90 ./uip_ftp/Connections.o
                0x00007810                Closed_data_conn
 .text.Aborted_data_conn
                0x000078a0       0x90 ./uip_ftp/Connections.o
                0x000078a0                Aborted_data_conn
 .text.handle_cmd_output
                0x00007930      0x154 ./uip_ftp/Connections.o
                0x00007930                handle_cmd_output
 .text.Cmd_ukwn
                0x00007a84       0x90 ./uip_ftp/Connections.o
                0x00007a84                Cmd_ukwn
 .text.Cmd_user
                0x00007b14       0xe4 ./uip_ftp/Connections.o
                0x00007b14                Cmd_user
 .text.Cmd_quit
                0x00007bf8       0xb0 ./uip_ftp/Connections.o
                0x00007bf8                Cmd_quit
 .text.Cmd_noop
                0x00007ca8       0x90 ./uip_ftp/Connections.o
                0x00007ca8                Cmd_noop
 .text.Send_PASV_response
                0x00007d38       0xec ./uip_ftp/Connections.o
 .text.Cmd_pasv
                0x00007e24       0xc4 ./uip_ftp/Connections.o
                0x00007e24                Cmd_pasv
 .text.Cmd_port
                0x00007ee8      0x2e8 ./uip_ftp/Connections.o
                0x00007ee8                Cmd_port
 .text.Cmd_list
                0x000081d0      0x434 ./uip_ftp/Connections.o
                0x000081d0                Cmd_list
 .text.Cmd_retr
                0x00008604      0x3f4 ./uip_ftp/Connections.o
                0x00008604                Cmd_retr
 .text.Cmd_stor
                0x000089f8      0x330 ./uip_ftp/Connections.o
                0x000089f8                Cmd_stor
 .text.Send_257_response
                0x00008d28       0x30 ./uip_ftp/Connections.o
 .text.Cmd_pwd  0x00008d58       0xa8 ./uip_ftp/Connections.o
                0x00008d58                Cmd_pwd
 .text.Cmd_cwd  0x00008e00      0x2b0 ./uip_ftp/Connections.o
                0x00008e00                Cmd_cwd
 .text.Cmd_cdup
                0x000090b0      0x1dc ./uip_ftp/Connections.o
                0x000090b0                Cmd_cdup
 .text.Cmd_type
                0x0000928c       0xf4 ./uip_ftp/Connections.o
                0x0000928c                Cmd_type
 .text.Cmd_abor
                0x00009380       0xa4 ./uip_ftp/Connections.o
                0x00009380                Cmd_abor
 .text.Cmd_mode
                0x00009424       0xe4 ./uip_ftp/Connections.o
                0x00009424                Cmd_mode
 .text.Cmd_stru
                0x00009508       0xe4 ./uip_ftp/Connections.o
                0x00009508                Cmd_stru
 .text.Cmd_dele
                0x000095ec      0x4dc ./uip_ftp/Connections.o
                0x000095ec                Cmd_dele
 .text.Cmd_mkd  0x00009ac8      0x2e4 ./uip_ftp/Connections.o
                0x00009ac8                Cmd_mkd
 .text.Cmd_rmd  0x00009dac      0x4bc ./uip_ftp/Connections.o
                0x00009dac                Cmd_rmd
 .text.Generate_help_data
                0x0000a268       0x9c ./uip_ftp/Connections.o
 .text.Cmd_help
                0x0000a304      0x144 ./uip_ftp/Connections.o
                0x0000a304                Cmd_help
 .text.Generate_list_data
                0x0000a448      0x23c ./uip_ftp/Connections.o
 .text.Generate_part_of_file
                0x0000a684       0xac ./uip_ftp/Connections.o
 .text.Append_part_of_file
                0x0000a730       0xa4 ./uip_ftp/Connections.o
 .text.CreateFile
                0x0000a7d4       0xe4 ./uip_ftp/Connections.o
                0x0000a7d4                CreateFile
 .text.CloseFile
                0x0000a8b8       0x38 ./uip_ftp/Connections.o
                0x0000a8b8                CloseFile
 .text.handle_data_connection
                0x0000a8f0      0x2ac ./uip_ftp/Connections.o
                0x0000a8f0                handle_data_connection
 .text.send_421_response
                0x0000ab9c       0x8c ./uip_ftp/FTPD.o
 .text.ftpd_appcall
                0x0000ac28      0x880 ./uip_ftp/FTPD.o
                0x0000ac28                ftpd_appcall
 .text.ftpd_init
                0x0000b4a8       0x6c ./uip_ftp/FTPD.o
                0x0000b4a8                ftpd_init
 .text.appdata_init
                0x0000b514       0x6c ./uip_ftp/ftp_main.o
                0x0000b514                appdata_init
 .text.CLKPWR_SetPCLKDiv
                0x0000b580       0xd0 ./driver_source/lpc17xx_clkpwr.o
                0x0000b580                CLKPWR_SetPCLKDiv
 .text.CLKPWR_GetPCLKSEL
                0x0000b650       0x54 ./driver_source/lpc17xx_clkpwr.o
                0x0000b650                CLKPWR_GetPCLKSEL
 .text.CLKPWR_GetPCLK
                0x0000b6a4       0x70 ./driver_source/lpc17xx_clkpwr.o
                0x0000b6a4                CLKPWR_GetPCLK
 .text.CLKPWR_ConfigPPWR
                0x0000b714       0x7c ./driver_source/lpc17xx_clkpwr.o
                0x0000b714                CLKPWR_ConfigPPWR
 .text.GPDMA_IntHandler
                0x0000b790      0x100 ./driver_source/lpc17xx_gpdma.o
                0x0000b790                GPDMA_IntHandler
 .text.GPIO_GetPointer
                0x0000b890       0x78 ./driver_source/lpc17xx_gpio.o
 .text.GPIO_SetDir
                0x0000b908       0x54 ./driver_source/lpc17xx_gpio.o
                0x0000b908                GPIO_SetDir
 .text.GPIO_SetValue
                0x0000b95c       0x2c ./driver_source/lpc17xx_gpio.o
                0x0000b95c                GPIO_SetValue
 .text.GPIO_ClearValue
                0x0000b988       0x2c ./driver_source/lpc17xx_gpio.o
                0x0000b988                GPIO_ClearValue
 .text.GPIO_ReadValue
                0x0000b9b4       0x38 ./driver_source/lpc17xx_gpio.o
                0x0000b9b4                GPIO_ReadValue
 .text.I2C_getNum
                0x0000b9ec       0x60 ./driver_source/lpc17xx_i2c.o
 .text.I2C_Start
                0x0000ba4c       0x40 ./driver_source/lpc17xx_i2c.o
 .text.I2C_Stop
                0x0000ba8c       0x38 ./driver_source/lpc17xx_i2c.o
 .text.I2C_SendByte
                0x0000bac4       0x50 ./driver_source/lpc17xx_i2c.o
 .text.I2C_GetByte
                0x0000bb14       0x58 ./driver_source/lpc17xx_i2c.o
 .text.I2C_IntCmd
                0x0000bb6c       0xa8 ./driver_source/lpc17xx_i2c.o
                0x0000bb6c                I2C_IntCmd
 .text.NVIC_EnableIRQ
                0x0000bc14       0x38 ./driver_source/lpc17xx_i2c.o
 .text.NVIC_DisableIRQ
                0x0000bc4c       0x3c ./driver_source/lpc17xx_i2c.o
 .text.I2C_MasterHandler
                0x0000bc88      0x410 ./driver_source/lpc17xx_i2c.o
                0x0000bc88                I2C_MasterHandler
 .text.I2C_SetClock
                0x0000c098       0xcc ./driver_source/lpc17xx_i2c.o
                0x0000c098                I2C_SetClock
 .text.I2C_Init
                0x0000c164       0xd4 ./driver_source/lpc17xx_i2c.o
                0x0000c164                I2C_Init
 .text.I2C_Cmd  0x0000c238       0x88 ./driver_source/lpc17xx_i2c.o
                0x0000c238                I2C_Cmd
 .text.I2C_MasterTransferData
                0x0000c2c0      0x374 ./driver_source/lpc17xx_i2c.o
                0x0000c2c0                I2C_MasterTransferData
 .text.I2C0_StdIntHandler
                0x0000c634       0x1c ./driver_source/lpc17xx_i2c.o
                0x0000c634                I2C0_StdIntHandler
 .text.I2C1_StdIntHandler
                0x0000c650       0x1c ./driver_source/lpc17xx_i2c.o
                0x0000c650                I2C1_StdIntHandler
 .text.I2C2_StdIntHandler
                0x0000c66c       0x1c ./driver_source/lpc17xx_i2c.o
                0x0000c66c                I2C2_StdIntHandler
 .text.I2S_IntHandler
                0x0000c688       0xa4 ./driver_source/lpc17xx_i2s.o
                0x0000c688                I2S_IntHandler
 .text.check_failed
                0x0000c72c        0xc ./driver_source/lpc17xx_libcfg_default.o
                0x0000c72c                check_failed
 .text.PINSEL_SetPinFunc
                0x0000c738       0xa4 ./driver_source/lpc17xx_pinsel.o
                0x0000c738                PINSEL_SetPinFunc
 .text.PINSEL_SetResistorMode
                0x0000c7dc       0xa4 ./driver_source/lpc17xx_pinsel.o
                0x0000c7dc                PINSEL_SetResistorMode
 .text.PINSEL_SetOpenDrainMode
                0x0000c880       0x84 ./driver_source/lpc17xx_pinsel.o
                0x0000c880                PINSEL_SetOpenDrainMode
 .text.PINSEL_ConfigPin
                0x0000c904       0x4c ./driver_source/lpc17xx_pinsel.o
                0x0000c904                PINSEL_ConfigPin
 .text.RTC_Init
                0x0000c950       0x64 ./driver_source/lpc17xx_rtc.o
                0x0000c950                RTC_Init
 .text.RTC_ResetClockTickCounter
                0x0000c9b4       0x50 ./driver_source/lpc17xx_rtc.o
                0x0000c9b4                RTC_ResetClockTickCounter
 .text.RTC_Cmd  0x0000ca04       0x78 ./driver_source/lpc17xx_rtc.o
                0x0000ca04                RTC_Cmd
 .text.RTC_SetTime
                0x0000ca7c      0x214 ./driver_source/lpc17xx_rtc.o
                0x0000ca7c                RTC_SetTime
 .text.RTC_GetFullTime
                0x0000cc90       0xb8 ./driver_source/lpc17xx_rtc.o
                0x0000cc90                RTC_GetFullTime
 .text.RTC_CalibCounterCmd
                0x0000cd48       0x78 ./driver_source/lpc17xx_rtc.o
                0x0000cd48                RTC_CalibCounterCmd
 .text.MMC_disk_initialize
                0x0000cdc0       0x6c ./driver_source/lpc17xx_sd.o
                0x0000cdc0                MMC_disk_initialize
 .text.LPC17xx_SPI_Select
                0x0000ce2c       0x24 ./driver_source/lpc17xx_sd.o
                0x0000ce2c                LPC17xx_SPI_Select
 .text.LPC17xx_SPI_DeSelect
                0x0000ce50       0x24 ./driver_source/lpc17xx_sd.o
                0x0000ce50                LPC17xx_SPI_DeSelect
 .text.LPC17xx_SPI_Release
                0x0000ce74       0x18 ./driver_source/lpc17xx_sd.o
                0x0000ce74                LPC17xx_SPI_Release
 .text.MMC_disk_ioctl
                0x0000ce8c      0x1f4 ./driver_source/lpc17xx_sd.o
                0x0000ce8c                MMC_disk_ioctl
 .text.MMC_disk_read
                0x0000d080       0x74 ./driver_source/lpc17xx_sd.o
                0x0000d080                MMC_disk_read
 .text.MMC_disk_status
                0x0000d0f4       0x34 ./driver_source/lpc17xx_sd.o
                0x0000d0f4                MMC_disk_status
 .text.MMC_disk_write
                0x0000d128       0x74 ./driver_source/lpc17xx_sd.o
                0x0000d128                MMC_disk_write
 .text.LPC17xx_SD_WaitForReady
                0x0000d19c       0x64 ./driver_source/lpc17xx_sd.o
 .text.LPC17xx_SD_Init
                0x0000d200      0x21c ./driver_source/lpc17xx_sd.o
 .text.LPC17xx_SD_SendCmd
                0x0000d41c      0x14c ./driver_source/lpc17xx_sd.o
 .text.LPC17xx_SD_ReadSector
                0x0000d568       0xb0 ./driver_source/lpc17xx_sd.o
 .text.LPC17xx_SD_ReadDataBlock
                0x0000d618       0xf4 ./driver_source/lpc17xx_sd.o
 .text.LPC17xx_SD_WriteSector
                0x0000d70c       0xd8 ./driver_source/lpc17xx_sd.o
 .text.LPC17xx_SD_WirteDataBlock
                0x0000d7e4      0x110 ./driver_source/lpc17xx_sd.o
 .text.LPC17xx_SD_ReadCfg
                0x0000d8f4      0x2c0 ./driver_source/lpc17xx_sd.o
 .text.SPI_IntHandler
                0x0000dbb4      0x1c0 ./driver_source/lpc17xx_spi.o
                0x0000dbb4                SPI_IntHandler
 .text.SPI_SetClock
                0x0000dd74       0x7c ./driver_source/lpc17xx_spi.o
                0x0000dd74                SPI_SetClock
 .text.SPI_Init
                0x0000ddf0       0xd4 ./driver_source/lpc17xx_spi.o
                0x0000ddf0                SPI_Init
 .text.SPI_ConfigStructInit
                0x0000dec4       0x48 ./driver_source/lpc17xx_spi.o
                0x0000dec4                SPI_ConfigStructInit
 .text.SPI_SendData
                0x0000df0c       0x3c ./driver_source/lpc17xx_spi.o
                0x0000df0c                SPI_SendData
 .text.SPI_ReceiveData
                0x0000df48       0x38 ./driver_source/lpc17xx_spi.o
                0x0000df48                SPI_ReceiveData
 .text.SPI_IntCmd
                0x0000df80       0x7c ./driver_source/lpc17xx_spi.o
                0x0000df80                SPI_IntCmd
 .text.SSP0_StdIntHandler
                0x0000dffc       0x1c ./driver_source/lpc17xx_ssp.o
                0x0000dffc                SSP0_StdIntHandler
 .text.SSP1_StdIntHandler
                0x0000e018       0x1c ./driver_source/lpc17xx_ssp.o
                0x0000e018                SSP1_StdIntHandler
 .text.getUartNum
                0x0000e034       0x60 ./driver_source/lpc17xx_uart.o
                0x0000e034                getUartNum
 .text.uart_set_divisors
                0x0000e094      0x26c ./driver_source/lpc17xx_uart.o
                0x0000e094                uart_set_divisors
 .text.UART_GenIntHandler
                0x0000e300      0x1d0 ./driver_source/lpc17xx_uart.o
                0x0000e300                UART_GenIntHandler
 .text.UART_DeInit
                0x0000e4d0       0xcc ./driver_source/lpc17xx_uart.o
                0x0000e4d0                UART_DeInit
 .text.UART_Init
                0x0000e59c      0x368 ./driver_source/lpc17xx_uart.o
                0x0000e59c                UART_Init
 .text.UART_ConfigStructInit
                0x0000e904       0x34 ./driver_source/lpc17xx_uart.o
                0x0000e904                UART_ConfigStructInit
 .text.UART_SendData
                0x0000e938       0x7c ./driver_source/lpc17xx_uart.o
                0x0000e938                UART_SendData
 .text.UART_ReceiveData
                0x0000e9b4       0x80 ./driver_source/lpc17xx_uart.o
                0x0000e9b4                UART_ReceiveData
 .text.UART_IntConfig
                0x0000ea34      0x1dc ./driver_source/lpc17xx_uart.o
                0x0000ea34                UART_IntConfig
 .text.UART_CheckBusy
                0x0000ec10       0x34 ./driver_source/lpc17xx_uart.o
                0x0000ec10                UART_CheckBusy
 .text.UART_FIFOConfig
                0x0000ec44      0x194 ./driver_source/lpc17xx_uart.o
                0x0000ec44                UART_FIFOConfig
 .text.UART_FIFOConfigStructInit
                0x0000edd8       0x34 ./driver_source/lpc17xx_uart.o
                0x0000edd8                UART_FIFOConfigStructInit
 .text.UART_TxCmd
                0x0000ee0c       0xf4 ./driver_source/lpc17xx_uart.o
                0x0000ee0c                UART_TxCmd
 .text.UART_FullModemForcePinState
                0x0000ef00       0xd8 ./driver_source/lpc17xx_uart.o
                0x0000ef00                UART_FullModemForcePinState
 .text.UART_Send
                0x0000efd8      0x100 ./driver_source/lpc17xx_uart.o
                0x0000efd8                UART_Send
 .text.UART_Receive
                0x0000f0d8       0xc8 ./driver_source/lpc17xx_uart.o
                0x0000f0d8                UART_Receive
 .text.UART_SetupCbs
                0x0000f1a0       0xb4 ./driver_source/lpc17xx_uart.o
                0x0000f1a0                UART_SetupCbs
 .text.UART0_StdIntHandler
                0x0000f254       0x14 ./driver_source/lpc17xx_uart.o
                0x0000f254                UART0_StdIntHandler
 .text.UART1_StdIntHandler
                0x0000f268       0x1c ./driver_source/lpc17xx_uart.o
                0x0000f268                UART1_StdIntHandler
 .text.NVIC_ClearPendingIRQ
                0x0000f284       0x3c ./driver_source/lpc17xx_uart.o
 .text.UART2_StdIntHandler
                0x0000f2c0       0x14 ./driver_source/lpc17xx_uart.o
                0x0000f2c0                UART2_StdIntHandler
 .text.UART3_StdIntHandler
                0x0000f2d4       0x14 ./driver_source/lpc17xx_uart.o
                0x0000f2d4                UART3_StdIntHandler
 .text.UART1_IntTransmit_usb
                0x0000f2e8      0x128 ./UsbHost/Uart/usbhost_uart.o
                0x0000f2e8                UART1_IntTransmit_usb
 .text.UART1_IntErr_usb
                0x0000f410       0x38 ./UsbHost/Uart/usbhost_uart.o
                0x0000f410                UART1_IntErr_usb
 .text.UART1_IntReceive_usb
                0x0000f448       0xe4 ./UsbHost/Uart/usbhost_uart.o
                0x0000f448                UART1_IntReceive_usb
 .text.UART_Init_usb
                0x0000f52c      0x158 ./UsbHost/Uart/usbhost_uart.o
                0x0000f52c                UART_Init_usb
 .text.NVIC_SetPriority
                0x0000f684       0x5c ./UsbHost/Uart/usbhost_uart.o
 .text.NVIC_EnableIRQ
                0x0000f6e0       0x38 ./UsbHost/Uart/usbhost_uart.o
 .text.UART_PrintChar
                0x0000f718       0x2c ./UsbHost/Uart/usbhost_uart.o
                0x0000f718                UART_PrintChar
 .text.UART_PrintStr
                0x0000f744       0x50 ./UsbHost/Uart/usbhost_uart.o
                0x0000f744                UART_PrintStr
 .text.UART_Printf
                0x0000f794       0x3c ./UsbHost/Uart/usbhost_uart.o
                0x0000f794                UART_Printf
 .text.MS_Init  0x0000f7d0       0x94 ./UsbHost/MassStorage/usbhost_ms.o
                0x0000f7d0                MS_Init
 .text.MS_ParseConfiguration
                0x0000f864      0x1dc ./UsbHost/MassStorage/usbhost_ms.o
                0x0000f864                MS_ParseConfiguration
 .text.MS_GetMaxLUN
                0x0000fa40       0x3c ./UsbHost/MassStorage/usbhost_ms.o
                0x0000fa40                MS_GetMaxLUN
 .text.MS_GetSenseInfo
                0x0000fa7c       0xd8 ./UsbHost/MassStorage/usbhost_ms.o
                0x0000fa7c                MS_GetSenseInfo
 .text.MS_TestUnitReady
                0x0000fb54       0xac ./UsbHost/MassStorage/usbhost_ms.o
                0x0000fb54                MS_TestUnitReady
 .text.MS_ReadCapacity
                0x0000fc00      0x118 ./UsbHost/MassStorage/usbhost_ms.o
                0x0000fc00                MS_ReadCapacity
 .text.MS_Inquire
                0x0000fd18      0x120 ./UsbHost/MassStorage/usbhost_ms.o
                0x0000fd18                MS_Inquire
 .text.MS_BulkRecv
                0x0000fe38      0x124 ./UsbHost/MassStorage/usbhost_ms.o
                0x0000fe38                MS_BulkRecv
 .text.MS_BulkSend
                0x0000ff5c       0xe8 ./UsbHost/MassStorage/usbhost_ms.o
                0x0000ff5c                MS_BulkSend
 .text.Fill_MSCommand
                0x00010044      0x20c ./UsbHost/MassStorage/usbhost_ms.o
                0x00010044                Fill_MSCommand
 .text.usb_host_main
                0x00010250      0x254 ./UsbHost/Main/usbhost_main.o
                0x00010250                usb_host_main
 .text.get_fattime
                0x000104a4       0x60 ./UsbHost/Host/usb_ms_diskio.o
                0x000104a4                get_fattime
 .text.USB_disk_initialize
                0x00010504      0x140 ./UsbHost/Host/usb_ms_diskio.o
                0x00010504                USB_disk_initialize
 .text.USB_disk_ioctl
                0x00010644       0x98 ./UsbHost/Host/usb_ms_diskio.o
                0x00010644                USB_disk_ioctl
 .text.USB_disk_read
                0x000106dc       0x34 ./UsbHost/Host/usb_ms_diskio.o
                0x000106dc                USB_disk_read
 .text.USB_disk_status
                0x00010710       0x50 ./UsbHost/Host/usb_ms_diskio.o
                0x00010710                USB_disk_status
 .text.USB_disk_write
                0x00010760       0x30 ./UsbHost/Host/usb_ms_diskio.o
                0x00010760                USB_disk_write
 .text.Host_DelayMS
                0x00010790       0x18 ./UsbHost/Host/usbhost_lpc17xx.o
                0x00010790                Host_DelayMS
 .text.Host_Init
                0x000107a8      0x2c8 ./UsbHost/Host/usbhost_lpc17xx.o
                0x000107a8                Host_Init
 .text.NVIC_EnableIRQ
                0x00010a70       0x38 ./UsbHost/Host/usbhost_lpc17xx.o
 .text.NVIC_SetPriority
                0x00010aa8       0x5c ./UsbHost/Host/usbhost_lpc17xx.o
 .text.USB_IRQHandler_host
                0x00010b04      0x1a0 ./UsbHost/Host/usbhost_lpc17xx.o
                0x00010b04                USB_IRQHandler_host
 .text.Host_ProcessTD
                0x00010ca4      0x1bc ./UsbHost/Host/usbhost_lpc17xx.o
                0x00010ca4                Host_ProcessTD
 .text.Host_EnumDev
                0x00010e60      0x29c ./UsbHost/Host/usbhost_lpc17xx.o
                0x00010e60                Host_EnumDev
 .text.Host_CtrlRecv
                0x000110fc       0xbc ./UsbHost/Host/usbhost_lpc17xx.o
                0x000110fc                Host_CtrlRecv
 .text.Host_CtrlSend
                0x000111b8       0xbc ./UsbHost/Host/usbhost_lpc17xx.o
                0x000111b8                Host_CtrlSend
 .text.Host_FillSetup
                0x00011274       0xb4 ./UsbHost/Host/usbhost_lpc17xx.o
                0x00011274                Host_FillSetup
 .text.Host_TDInit
                0x00011328       0x34 ./UsbHost/Host/usbhost_lpc17xx.o
                0x00011328                Host_TDInit
 .text.Host_EDInit
                0x0001135c       0x34 ./UsbHost/Host/usbhost_lpc17xx.o
                0x0001135c                Host_EDInit
 .text.Host_HCCAInit
                0x00011390       0x48 ./UsbHost/Host/usbhost_lpc17xx.o
                0x00011390                Host_HCCAInit
 .text.Host_WDHWait
                0x000113d8       0x28 ./UsbHost/Host/usbhost_lpc17xx.o
                0x000113d8                Host_WDHWait
 .text.WriteLE32U
                0x00011400       0x4c ./UsbHost/Host/usbhost_lpc17xx.o
                0x00011400                WriteLE32U
 .text.ReadLE16U
                0x0001144c       0x38 ./UsbHost/Host/usbhost_lpc17xx.o
                0x0001144c                ReadLE16U
 .text.WriteLE16U
                0x00011484       0x34 ./UsbHost/Host/usbhost_lpc17xx.o
                0x00011484                WriteLE16U
 .text.ReadBE32U
                0x000114b8       0x60 ./UsbHost/Host/usbhost_lpc17xx.o
                0x000114b8                ReadBE32U
 .text.WriteBE32U
                0x00011518       0x4c ./UsbHost/Host/usbhost_lpc17xx.o
                0x00011518                WriteBE32U
 .text.WriteBE16U
                0x00011564       0x34 ./UsbHost/Host/usbhost_lpc17xx.o
                0x00011564                WriteBE16U
 .text.ff_convert
                0x00011598       0xe0 ./FatFs/option/cc932.o
                0x00011598                ff_convert
 .text.ff_wtoupper
                0x00011678       0x78 ./FatFs/option/cc932.o
                0x00011678                ff_wtoupper
 .text.disk_initialize
                0x000116f0       0x88 ./FatFs/diskio.o
                0x000116f0                disk_initialize
 .text.disk_status
                0x00011778       0x58 ./FatFs/diskio.o
                0x00011778                disk_status
 .text.disk_read
                0x000117d0       0x74 ./FatFs/diskio.o
                0x000117d0                disk_read
 .text.disk_write
                0x00011844       0x74 ./FatFs/diskio.o
                0x00011844                disk_write
 .text.disk_ioctl
                0x000118b8       0x6c ./FatFs/diskio.o
                0x000118b8                disk_ioctl
 .text.mem_cpy  0x00011924       0x50 ./FatFs/ff.o
 .text.mem_set  0x00011974       0x44 ./FatFs/ff.o
 .text.mem_cmp  0x000119b8       0x78 ./FatFs/ff.o
 .text.chk_chr  0x00011a30       0x3c ./FatFs/ff.o
 .text.move_window
                0x00011a6c       0xdc ./FatFs/ff.o
 .text.sync     0x00011b48      0x1cc ./FatFs/ff.o
 .text.clust2sect
                0x00011d14       0x4c ./FatFs/ff.o
                0x00011d14                clust2sect
 .text.get_fat  0x00011d60      0x1c0 ./FatFs/ff.o
                0x00011d60                get_fat
 .text.put_fat  0x00011f20      0x280 ./FatFs/ff.o
                0x00011f20                put_fat
 .text.remove_chain
                0x000121a0       0xa8 ./FatFs/ff.o
 .text.create_chain
                0x00012248      0x13c ./FatFs/ff.o
 .text.dir_sdi  0x00012384      0x128 ./FatFs/ff.o
 .text.dir_next
                0x000124ac      0x1f8 ./FatFs/ff.o
 .text.cmp_lfn  0x000126a4      0x10c ./FatFs/ff.o
 .text.pick_lfn
                0x000127b0       0xfc ./FatFs/ff.o
 .text.fit_lfn  0x000128ac      0x114 ./FatFs/ff.o
 .text.gen_numname
                0x000129c0      0x164 ./FatFs/ff.o
                0x000129c0                gen_numname
 .text.sum_sfn  0x00012b24       0x58 ./FatFs/ff.o
 .text.dir_find
                0x00012b7c      0x178 ./FatFs/ff.o
 .text.dir_read
                0x00012cf4      0x144 ./FatFs/ff.o
 .text.dir_register
                0x00012e38      0x2a4 ./FatFs/ff.o
 .text.dir_remove
                0x000130dc       0x9c ./FatFs/ff.o
 .text.create_name
                0x00013178      0x4c0 ./FatFs/ff.o
 .text.get_fileinfo
                0x00013638      0x270 ./FatFs/ff.o
 .text.follow_path
                0x000138a8      0x150 ./FatFs/ff.o
 .text.check_fs
                0x000139f8      0x11c ./FatFs/ff.o
 .text.chk_mounted
                0x00013b14      0x6c4 ./FatFs/ff.o
 .text.validate
                0x000141d8       0x5c ./FatFs/ff.o
 .text.f_mount  0x00014234       0x6c ./FatFs/ff.o
                0x00014234                f_mount
 .text.f_open   0x000142a0      0x36c ./FatFs/ff.o
                0x000142a0                f_open
 .text.f_read   0x0001460c      0x334 ./FatFs/ff.o
                0x0001460c                f_read
 .text.f_write  0x00014940      0x38c ./FatFs/ff.o
                0x00014940                f_write
 .text.f_sync   0x00014ccc      0x1c0 ./FatFs/ff.o
                0x00014ccc                f_sync
 .text.f_close  0x00014e8c       0x2c ./FatFs/ff.o
                0x00014e8c                f_close
 .text.f_chdrive
                0x00014eb8       0x38 ./FatFs/ff.o
                0x00014eb8                f_chdrive
 .text.f_chdir  0x00014ef0       0xe4 ./FatFs/ff.o
                0x00014ef0                f_chdir
 .text.f_getcwd
                0x00014fd4      0x2b8 ./FatFs/ff.o
                0x00014fd4                f_getcwd
 .text.f_lseek  0x0001528c      0x320 ./FatFs/ff.o
                0x0001528c                f_lseek
 .text.f_opendir
                0x000155ac       0xf4 ./FatFs/ff.o
                0x000155ac                f_opendir
 .text.f_readdir
                0x000156a0       0xa8 ./FatFs/ff.o
                0x000156a0                f_readdir
 .text.f_truncate
                0x00015748      0x12c ./FatFs/ff.o
                0x00015748                f_truncate
 .text.f_unlink
                0x00015874      0x1e0 ./FatFs/ff.o
                0x00015874                f_unlink
 .text.f_mkdir  0x00015a54      0x390 ./FatFs/ff.o
                0x00015a54                f_mkdir
 .text.SystemInit
                0x00015de4      0x214 C:\Documents and Settings\nlv14991\My Documents\lpcxpresso_3.5\workspace\CMSISv1p30_LPC17xx\Debug\libCMSISv1p30_LPC17xx.a(system_LPC17xx.o)
                0x00015de4                SystemInit
 .text          0x00015ff8      0x4e8 C:\Documents and Settings\nlv14991\My Documents\lpcxpresso_3.5\workspace\FreeRTOS_Library\Debug\libFreeRTOS_Library.a(queue.o)
                0x000162c0                xQueueGenericSendFromISR
                0x00016454                xQueueCreate
                0x00016018                vQueueDelete
                0x0001631c                xQueueGenericSend
                0x00016068                xQueueReceiveFromISR
                0x000164c8                xQueueCreateCountingSemaphore
                0x00016008                xQueueIsQueueFullFromISR
                0x0001602c                uxQueueMessagesWaiting
                0x0001613c                xQueueGenericReceive
                0x00015ff8                uxQueueMessagesWaitingFromISR
                0x00015ffc                xQueueIsQueueEmptyFromISR
                0x00016408                xQueueCreateMutex
 .text          0x000164e0      0xc78 C:\Documents and Settings\nlv14991\My Documents\lpcxpresso_3.5\workspace\FreeRTOS_Library\Debug\libFreeRTOS_Library.a(tasks.o)
                0x000167d4                uxTaskPriorityGet
                0x00016c68                vTaskPrioritySet
                0x00016e94                vTaskEndScheduler
                0x000167f8                vTaskPlaceOnEventList
                0x00016f1c                xTaskGenericCreate
                0x000164e0                xTaskIsTaskSuspended
                0x000166cc                xTaskResumeFromISR
                0x000167bc                xTaskGetTickCount
                0x00016648                xTaskRemoveFromEventList
                0x00016e18                vTaskDelete
                0x00016748                xTaskCheckForTimeOut
                0x0001650c                vTaskSuspendAll
                0x00016520                xTaskGetTickCountFromISR
                0x00016568                vTaskPriorityDisinherit
                0x000165bc                vTaskPriorityInherit
                0x00016b64                vTaskResume
                0x00016874                vTaskSwitchContext
                0x00016bdc                vTaskSuspend
                0x0001652c                uxTaskGetNumberOfTasks
                0x00016964                vTaskIncrementTick
                0x00016d74                vTaskDelayUntil
                0x0001655c                xTaskGetCurrentTaskHandle
                0x00016a6c                xTaskResumeAll
                0x00017104                vTaskStartScheduler
                0x0001654c                vTaskMissedYield
                0x00016d18                vTaskDelay
                0x00016538                vTaskSetTimeOutState
 .text          0x00017158      0x140 C:\Documents and Settings\nlv14991\My Documents\lpcxpresso_3.5\workspace\FreeRTOS_Library\Debug\libFreeRTOS_Library.a(heap_2.o)
                0x00017158                xPortGetFreeHeapSize
                0x00017168                vPortFree
                0x000171a4                pvPortMalloc
                0x00017164                vPortInitialiseBlocks
 .text          0x00017298      0x158 C:\Documents and Settings\nlv14991\My Documents\lpcxpresso_3.5\workspace\FreeRTOS_Library\Debug\libFreeRTOS_Library.a(port.o)
                0x00017318                vPortExitCritical
                0x00017370                xPortStartScheduler
                0x000173c0                xPortSysTickHandler
                0x00017334                xPortPendSVHandler
                0x000172e8                vPortEndScheduler
                0x000172dc                vPortStartFirstTask
                0x000172bc                vPortSVCHandler
                0x000172ec                vPortYieldFromISR
                0x00017298                pxPortInitialiseStack
                0x000172fc                vPortEnterCritical
 .text          0x000173f0       0xa8 C:\Documents and Settings\nlv14991\My Documents\lpcxpresso_3.5\workspace\FreeRTOS_Library\Debug\libFreeRTOS_Library.a(list.o)
                0x00017410                vListInsertEnd
                0x00017470                vListRemove
                0x00017408                vListInitialiseItem
                0x000173f0                vListInitialise
                0x00017430                vListInsert
 .text.fp_round
                0x00017498       0x68 c:/nxp/lpcxpresso_3.5/tools/bin/../lib/gcc/arm-none-eabi/4.3.3/../../../../arm-none-eabi/lib/thumb2\libcr_c.a(fpprintf.o)
 .text.vsprintf
                0x00017500       0x60 c:/nxp/lpcxpresso_3.5/tools/bin/../lib/gcc/arm-none-eabi/4.3.3/../../../../arm-none-eabi/lib/thumb2\libcr_c.a(fpprintf.o)
                0x00017500                vsprintf
 .text.snprintf
                0x00017560       0x70 c:/nxp/lpcxpresso_3.5/tools/bin/../lib/gcc/arm-none-eabi/4.3.3/../../../../arm-none-eabi/lib/thumb2\libcr_c.a(fpprintf.o)
                0x00017560                snprintf
 .text.sprintf  0x000175d0       0x70 c:/nxp/lpcxpresso_3.5/tools/bin/../lib/gcc/arm-none-eabi/4.3.3/../../../../arm-none-eabi/lib/thumb2\libcr_c.a(fpprintf.o)
                0x000175d0                sprintf
 .text.fp_display
                0x00017640      0xc68 c:/nxp/lpcxpresso_3.5/tools/bin/../lib/gcc/arm-none-eabi/4.3.3/../../../../arm-none-eabi/lib/thumb2\libcr_c.a(fpprintf.o)
 .text.memcmp   0x000182a8       0x4c c:/nxp/lpcxpresso_3.5/tools/bin/../lib/gcc/arm-none-eabi/4.3.3/../../../../arm-none-eabi/lib/thumb2\libcr_c.a(memcmp.o)
                0x000182a8                memcmp
 .text.memcpy   0x000182f4       0x3c c:/nxp/lpcxpresso_3.5/tools/bin/../lib/gcc/arm-none-eabi/4.3.3/../../../../arm-none-eabi/lib/thumb2\libcr_c.a(memcpy.o)
                0x000182f4                memcpy
 .text.memset   0x00018330       0x50 c:/nxp/lpcxpresso_3.5/tools/bin/../lib/gcc/arm-none-eabi/4.3.3/../../../../arm-none-eabi/lib/thumb2\libcr_c.a(memset.o)
                0x00018330                memset
 .text.__vfprintf
                0x00018380     0x10fc c:/nxp/lpcxpresso_3.5/tools/bin/../lib/gcc/arm-none-eabi/4.3.3/../../../../arm-none-eabi/lib/thumb2\libcr_c.a(printf.o)
                0x00018380                __vfprintf
 .text.cr_rd_int
                0x0001947c      0x220 c:/nxp/lpcxpresso_3.5/tools/bin/../lib/gcc/arm-none-eabi/4.3.3/../../../../arm-none-eabi/lib/thumb2\libcr_c.a(scanf.o)
 *fill*         0x0001969c        0x4 00
 .text.vfscanf  0x000196a0      0xd08 c:/nxp/lpcxpresso_3.5/tools/bin/../lib/gcc/arm-none-eabi/4.3.3/../../../../arm-none-eabi/lib/thumb2\libcr_c.a(scanf.o)
                0x000196a0                vfscanf
 .text.sscanf   0x0001a3a8       0x50 c:/nxp/lpcxpresso_3.5/tools/bin/../lib/gcc/arm-none-eabi/4.3.3/../../../../arm-none-eabi/lib/thumb2\libcr_c.a(scanf.o)
                0x0001a3a8                sscanf
 .text.strcat   0x0001a3f8       0x24 c:/nxp/lpcxpresso_3.5/tools/bin/../lib/gcc/arm-none-eabi/4.3.3/../../../../arm-none-eabi/lib/thumb2\libcr_c.a(strcat.o)
                0x0001a3f8                strcat
 .text.strchr   0x0001a41c       0x18 c:/nxp/lpcxpresso_3.5/tools/bin/../lib/gcc/arm-none-eabi/4.3.3/../../../../arm-none-eabi/lib/thumb2\libcr_c.a(strchr.o)
                0x0001a41c                strchr
 .text.strcmp   0x0001a434       0x4c c:/nxp/lpcxpresso_3.5/tools/bin/../lib/gcc/arm-none-eabi/4.3.3/../../../../arm-none-eabi/lib/thumb2\libcr_c.a(strcmp.o)
                0x0001a434                strcmp
 .text.strcpy   0x0001a480       0x60 c:/nxp/lpcxpresso_3.5/tools/bin/../lib/gcc/arm-none-eabi/4.3.3/../../../../arm-none-eabi/lib/thumb2\libcr_c.a(strcpy.o)
                0x0001a480                strcpy
 .text.strlen   0x0001a4e0       0x58 c:/nxp/lpcxpresso_3.5/tools/bin/../lib/gcc/arm-none-eabi/4.3.3/../../../../arm-none-eabi/lib/thumb2\libcr_c.a(strlen.o)
                0x0001a4e0                strlen
 .text.strncmp  0x0001a538       0x58 c:/nxp/lpcxpresso_3.5/tools/bin/../lib/gcc/arm-none-eabi/4.3.3/../../../../arm-none-eabi/lib/thumb2\libcr_c.a(strncmp.o)
                0x0001a538                strncmp
 .text.strncpy  0x0001a590       0x78 c:/nxp/lpcxpresso_3.5/tools/bin/../lib/gcc/arm-none-eabi/4.3.3/../../../../arm-none-eabi/lib/thumb2\libcr_c.a(strncpy.o)
                0x0001a590                strncpy
 .text.strrchr  0x0001a608       0x1c c:/nxp/lpcxpresso_3.5/tools/bin/../lib/gcc/arm-none-eabi/4.3.3/../../../../arm-none-eabi/lib/thumb2\libcr_c.a(strrchr.o)
                0x0001a608                strrchr
 .text.strstr   0x0001a624       0x38 c:/nxp/lpcxpresso_3.5/tools/bin/../lib/gcc/arm-none-eabi/4.3.3/../../../../arm-none-eabi/lib/thumb2\libcr_c.a(strstr.o)
                0x0001a624                strstr
 .text.ungetc   0x0001a65c       0x40 c:/nxp/lpcxpresso_3.5/tools/bin/../lib/gcc/arm-none-eabi/4.3.3/../../../../arm-none-eabi/lib/thumb2\libcr_c.a(ungetc.o)
                0x0001a65c                ungetc
 .text.__filbuf
                0x0001a69c      0x23c c:/nxp/lpcxpresso_3.5/tools/bin/../lib/gcc/arm-none-eabi/4.3.3/../../../../arm-none-eabi/lib/thumb2\libcr_c.a(__fillbuf.o)
                0x0001a69c                __filbuf
 .text._deferredlazyseek
                0x0001a8d8       0x44 c:/nxp/lpcxpresso_3.5/tools/bin/../lib/gcc/arm-none-eabi/4.3.3/../../../../arm-none-eabi/lib/thumb2\libcr_c.a(_deferredlazyseek.o)
                0x0001a8d8                _deferredlazyseek
 .text.__flsbuf
                0x0001a91c      0x19c c:/nxp/lpcxpresso_3.5/tools/bin/../lib/gcc/arm-none-eabi/4.3.3/../../../../arm-none-eabi/lib/thumb2\libcr_c.a(_deferredlazyseek.o)
                0x0001a91c                __flsbuf
 .text._fflush  0x0001aab8       0x60 c:/nxp/lpcxpresso_3.5/tools/bin/../lib/gcc/arm-none-eabi/4.3.3/../../../../arm-none-eabi/lib/thumb2\libcr_c.a(_fflush.o)
                0x0001aab8                _fflush
 .text._frexpl  0x0001ab18       0x54 c:/nxp/lpcxpresso_3.5/tools/bin/../lib/gcc/arm-none-eabi/4.3.3/../../../../arm-none-eabi/lib/thumb2\libcr_c.a(_frexpl.o)
                0x0001ab18                _frexpl
 .text._ldexpl  0x0001ab6c       0x50 c:/nxp/lpcxpresso_3.5/tools/bin/../lib/gcc/arm-none-eabi/4.3.3/../../../../arm-none-eabi/lib/thumb2\libcr_c.a(_ldexpl.o)
                0x0001ab6c                _ldexpl
 .text._Cwritebuf
                0x0001abbc       0xa0 c:/nxp/lpcxpresso_3.5/tools/bin/../lib/gcc/arm-none-eabi/4.3.3/../../../../arm-none-eabi/lib/thumb2\libcr_c.a(_writebuf.o)
                0x0001abbc                _Cwritebuf
 .text.free     0x0001ac5c        0xc c:/nxp/lpcxpresso_3.5/tools/bin/../lib/gcc/arm-none-eabi/4.3.3/../../../../arm-none-eabi/lib/thumb2\libcr_c.a(alloc.o)
                0x0001ac5c                free
 .text.malloc   0x0001ac68       0xe8 c:/nxp/lpcxpresso_3.5/tools/bin/../lib/gcc/arm-none-eabi/4.3.3/../../../../arm-none-eabi/lib/thumb2\libcr_c.a(alloc.o)
                0x0001ac68                malloc
 .text._Csys_alloc
                0x0001ad50       0x30 c:/nxp/lpcxpresso_3.5/tools/bin/../lib/gcc/arm-none-eabi/4.3.3/../../../../arm-none-eabi/lib/thumb2\libcr_c.a(alloc.o)
                0x0001ad50                _Csys_alloc
 .text.calloc   0x0001ad80       0x68 c:/nxp/lpcxpresso_3.5/tools/bin/../lib/gcc/arm-none-eabi/4.3.3/../../../../arm-none-eabi/lib/thumb2\libcr_c.a(alloc.o)
                0x0001ad80                calloc
 .text          0x0001ade8      0x36c c:/nxp/lpcxpresso_3.5/tools/bin/../lib/gcc/arm-none-eabi/4.3.3/../../../../arm-none-eabi/lib/thumb2\libcr_c.a(ctype.o)
                0x0001ade8                _start_module_ctype
                0x0001aebc                islower
                0x0001afac                tolower
                0x0001af0c                ispunct
                0x0001af34                isspace
                0x0001b148                _end_module_ctype
                0x0001af84                isxdigit
                0x0001b0c4                _ctype_init
                0x0001af5c                isupper
                0x0001ae1c                isalpha
                0x0001ae94                isgraph
                0x0001adf4                isalnum
                0x0001aee4                isprint
                0x0001b024                _set_ctype_8859
                0x0001ae6c                isdigit
                0x0001ae44                iscntrl
                0x0001afe8                toupper
 .text._Csysdie
                0x0001b154       0x3c c:/nxp/lpcxpresso_3.5/tools/bin/../lib/gcc/arm-none-eabi/4.3.3/../../../../arm-none-eabi/lib/thumb2\libcr_c.a(error.o)
                0x0001b154                _Csysdie
 .text.fseek    0x0001b190      0x110 c:/nxp/lpcxpresso_3.5/tools/bin/../lib/gcc/arm-none-eabi/4.3.3/../../../../arm-none-eabi/lib/thumb2\libcr_c.a(fseek.o)
                0x0001b190                fseek
 .text.ftell    0x0001b2a0       0x54 c:/nxp/lpcxpresso_3.5/tools/bin/../lib/gcc/arm-none-eabi/4.3.3/../../../../arm-none-eabi/lib/thumb2\libcr_c.a(ftell.o)
                0x0001b2a0                ftell
 .text._exit_init
                0x0001b2f4       0x10 c:/nxp/lpcxpresso_3.5/tools/bin/../lib/gcc/arm-none-eabi/4.3.3/../../../../arm-none-eabi/lib/thumb2\libcr_c.a(stdlib.o)
                0x0001b2f4                _exit_init
 .text.exit     0x0001b304       0x38 c:/nxp/lpcxpresso_3.5/tools/bin/../lib/gcc/arm-none-eabi/4.3.3/../../../../arm-none-eabi/lib/thumb2\libcr_c.a(stdlib.o)
                0x0001b304                exit
 .text._init_alloc
                0x0001b33c       0x18 c:/nxp/lpcxpresso_3.5/tools/bin/../lib/gcc/arm-none-eabi/4.3.3/../../../../arm-none-eabi/lib/thumb2\libcr_c.a(__init_alloc.o)
                0x0001b33c                _init_alloc
 .text._terminateio
                0x0001b354       0x44 c:/nxp/lpcxpresso_3.5/tools/bin/../lib/gcc/arm-none-eabi/4.3.3/../../../../arm-none-eabi/lib/thumb2\libcr_c.a(initio.o)
                0x0001b354                _terminateio
 .text._initio  0x0001b398       0xc0 c:/nxp/lpcxpresso_3.5/tools/bin/../lib/gcc/arm-none-eabi/4.3.3/../../../../arm-none-eabi/lib/thumb2\libcr_c.a(initio.o)
                0x0001b398                _initio
 .text.setvbuf  0x0001b458       0x50 c:/nxp/lpcxpresso_3.5/tools/bin/../lib/gcc/arm-none-eabi/4.3.3/../../../../arm-none-eabi/lib/thumb2\libcr_c.a(setvbuf.o)
                0x0001b458                setvbuf
 .text._fdopen  0x0001b4a8       0x70 c:/nxp/lpcxpresso_3.5/tools/bin/../lib/gcc/arm-none-eabi/4.3.3/../../../../arm-none-eabi/lib/thumb2\libcr_c.a(_fdopen.o)
                0x0001b4a8                _fdopen
 .text.fclose   0x0001b518       0x80 c:/nxp/lpcxpresso_3.5/tools/bin/../lib/gcc/arm-none-eabi/4.3.3/../../../../arm-none-eabi/lib/thumb2\libcr_c.a(fclose.o)
                0x0001b518                fclose
 .text.fflush   0x0001b598       0x34 c:/nxp/lpcxpresso_3.5/tools/bin/../lib/gcc/arm-none-eabi/4.3.3/../../../../arm-none-eabi/lib/thumb2\libcr_c.a(fflush.o)
                0x0001b598                fflush
 .text.remove   0x0001b5cc        0xc c:/nxp/lpcxpresso_3.5/tools/bin/../lib/gcc/arm-none-eabi/4.3.3/../../../../arm-none-eabi/lib/thumb2\libcr_c.a(remove.o)
                0x0001b5cc                remove
 .text._do_fflush
                0x0001b5d8       0x48 c:/nxp/lpcxpresso_3.5/tools/bin/../lib/gcc/arm-none-eabi/4.3.3/../../../../arm-none-eabi/lib/thumb2\libcr_c.a(_do_fflush.o)
                0x0001b5d8                _do_fflush
 .text.__aeabi_dmul
                0x0001b620      0x178 c:/nxp/lpcxpresso_3.5/tools/bin/../lib/gcc/arm-none-eabi/4.3.3/thumb2\libcr_eabihelpers.a(double.o)
                0x0001b620                __aeabi_dmul
 .text.__aeabi_ddiv
                0x0001b798      0x20c c:/nxp/lpcxpresso_3.5/tools/bin/../lib/gcc/arm-none-eabi/4.3.3/thumb2\libcr_eabihelpers.a(double.o)
                0x0001b798                __aeabi_ddiv
 .text.__aeabi_dsub
                0x0001b9a4      0x230 c:/nxp/lpcxpresso_3.5/tools/bin/../lib/gcc/arm-none-eabi/4.3.3/thumb2\libcr_eabihelpers.a(double.o)
                0x0001b9a4                __aeabi_dsub
 .text.__aeabi_dadd
                0x0001bbd4      0x160 c:/nxp/lpcxpresso_3.5/tools/bin/../lib/gcc/arm-none-eabi/4.3.3/thumb2\libcr_eabihelpers.a(double.o)
                0x0001bbd4                __aeabi_dadd
 .text.__aeabi_d2f
                0x0001bd34       0x5c c:/nxp/lpcxpresso_3.5/tools/bin/../lib/gcc/arm-none-eabi/4.3.3/thumb2\libcr_eabihelpers.a(double.o)
                0x0001bd34                __aeabi_d2f
 .text.__aeabi_d2iz
                0x0001bd90       0x50 c:/nxp/lpcxpresso_3.5/tools/bin/../lib/gcc/arm-none-eabi/4.3.3/thumb2\libcr_eabihelpers.a(double.o)
                0x0001bd90                __aeabi_d2iz
 .text.__aeabi_dcmpeq
                0x0001bde0       0x4c c:/nxp/lpcxpresso_3.5/tools/bin/../lib/gcc/arm-none-eabi/4.3.3/thumb2\libcr_eabihelpers.a(double.o)
                0x0001bde0                __aeabi_dcmpeq
 .text.__aeabi_dcmplt
                0x0001be2c       0x74 c:/nxp/lpcxpresso_3.5/tools/bin/../lib/gcc/arm-none-eabi/4.3.3/thumb2\libcr_eabihelpers.a(double.o)
                0x0001be2c                __aeabi_dcmplt
 .text.__aeabi_dcmple
                0x0001bea0       0x7c c:/nxp/lpcxpresso_3.5/tools/bin/../lib/gcc/arm-none-eabi/4.3.3/thumb2\libcr_eabihelpers.a(double.o)
                0x0001bea0                __aeabi_dcmple
 .text.__aeabi_dcmpge
                0x0001bf1c       0x80 c:/nxp/lpcxpresso_3.5/tools/bin/../lib/gcc/arm-none-eabi/4.3.3/thumb2\libcr_eabihelpers.a(double.o)
                0x0001bf1c                __aeabi_dcmpge
 .text.__aeabi_i2d
                0x0001bf9c       0x50 c:/nxp/lpcxpresso_3.5/tools/bin/../lib/gcc/arm-none-eabi/4.3.3/thumb2\libcr_eabihelpers.a(double.o)
                0x0001bf9c                __aeabi_i2d
 .text          0x0001bfec       0x54 c:/nxp/lpcxpresso_3.5/tools/bin/../lib/gcc/arm-none-eabi/4.3.3/../../../../arm-none-eabi/lib/thumb2\libcr_nohost.a(_cr__main.o)
                0x0001bfec                __main
 .text          0x0001c040       0x24 c:/nxp/lpcxpresso_3.5/tools/bin/../lib/gcc/arm-none-eabi/4.3.3/../../../../arm-none-eabi/lib/thumb2\libcr_nohost.a(_cr_sbrk.o)
                0x0001c040                _sbrk
 .text          0x0001c064      0x13c c:/nxp/lpcxpresso_3.5/tools/bin/../lib/gcc/arm-none-eabi/4.3.3/../../../../arm-none-eabi/lib/thumb2\libcr_nohost.a(cr_sys.o)
                0x0001c0c8                _Csys_read_
                0x0001c130                _Csyscall2
                0x0001c064                _Csyscall0
                0x0001c088                _Csys_tmpnam_
                0x0001c080                _Csys_open
                0x0001c0e8                _Csyscall3
                0x0001c150                _Csyscall1
 .text          0x0001c1a0        0x4 c:/nxp/lpcxpresso_3.5/tools/bin/../lib/gcc/arm-none-eabi/4.3.3/../../../../arm-none-eabi/lib/thumb2\libcr_nohost.a(cr__close.o)
                0x0001c1a0                __close
 .text          0x0001c1a4        0x4 c:/nxp/lpcxpresso_3.5/tools/bin/../lib/gcc/arm-none-eabi/4.3.3/../../../../arm-none-eabi/lib/thumb2\libcr_nohost.a(cr__exit.o)
                0x0001c1a4                __exit
 .text          0x0001c1a8        0x8 c:/nxp/lpcxpresso_3.5/tools/bin/../lib/gcc/arm-none-eabi/4.3.3/../../../../arm-none-eabi/lib/thumb2\libcr_nohost.a(cr__open.o)
                0x0001c1a8                __open
 .text          0x0001c1b0        0x8 c:/nxp/lpcxpresso_3.5/tools/bin/../lib/gcc/arm-none-eabi/4.3.3/../../../../arm-none-eabi/lib/thumb2\libcr_nohost.a(cr__read.o)
                0x0001c1b0                __read
 .text          0x0001c1b8        0x8 c:/nxp/lpcxpresso_3.5/tools/bin/../lib/gcc/arm-none-eabi/4.3.3/../../../../arm-none-eabi/lib/thumb2\libcr_nohost.a(cr__readc.o)
                0x0001c1b8                __readc
 .text          0x0001c1c0        0x8 c:/nxp/lpcxpresso_3.5/tools/bin/../lib/gcc/arm-none-eabi/4.3.3/../../../../arm-none-eabi/lib/thumb2\libcr_nohost.a(cr__unlink.o)
                0x0001c1c0                __unlink
 .text          0x0001c1c8        0x8 c:/nxp/lpcxpresso_3.5/tools/bin/../lib/gcc/arm-none-eabi/4.3.3/../../../../arm-none-eabi/lib/thumb2\libcr_nohost.a(cr__write.o)
                0x0001c1c8                __write
 .text          0x0001c1d0       0x18 c:/nxp/lpcxpresso_3.5/tools/bin/../lib/gcc/arm-none-eabi/4.3.3/../../../../arm-none-eabi/lib/thumb2\libcr_nohost.a(cr_dummy_stubs.o)
                0x0001c1d8                _stub_istty
                0x0001c1d4                _stub_clock
                0x0001c1e0                _stub_read
                0x0001c1d0                _stub_tmpnam
                0x0001c1dc                _stub_seek
                0x0001c1e4                _stub_time
 *(.rodata*)
 .rodata        0x0001c1e8       0x10 ./LedBlinky.o
                0x0001c1e8                led_mask
 .rodata        0x0001c1f8       0x78 ./cr_startup_lpc17.o
 .rodata        0x0001c270       0xc0 ./main.o
 .rodata        0x0001c330      0x24a ./webserver/http-strings.o
                0x0001c550                http_shtml
                0x0001c330                http_http
                0x0001c34c                http_10
                0x0001c4ca                http_content_type_png
                0x0001c493                http_content_type_css
                0x0001c3a2                http_referer
                0x0001c3ff                http_header_404
                0x0001c33d                http_301
                0x0001c45a                http_content_type_plain
                0x0001c570                http_text
                0x0001c477                http_content_type_html
                0x0001c36d                http_texthtml
                0x0001c382                http_host
                0x0001c4e6                http_content_type_gif
                0x0001c389                http_crnl
                0x0001c347                http_get
                0x0001c377                http_location
                0x0001c56b                http_jpg
                0x0001c55c                http_css
                0x0001c355                http_11
                0x0001c4ae                http_content_type_text
                0x0001c342                http_302
                0x0001c35e                http_content_type
                0x0001c3ab                http_header_200
                0x0001c575                http_txt
                0x0001c502                http_content_type_jpg
                0x0001c54a                http_html
                0x0001c38c                http_index_html
                0x0001c561                http_png
                0x0001c338                http_200
                0x0001c398                http_404_html
                0x0001c566                http_gif
                0x0001c51f                http_content_type_binary
                0x0001c557                http_htm
 *fill*         0x0001c57a        0x2 00
 .rodata        0x0001c57c      0x214 ./webserver/httpd-cgi.o
 .rodata        0x0001c790     0x156c ./webserver/httpd-fs.o
                0x0001dc84                file_index_html
                0x0001dcd4                file_stats_shtml
                0x0001dcc0                file_runtime_shtml
                0x0001dc70                file_404_html
                0x0001dcac                file_io_shtml
                0x0001dce8                file_tcp_shtml
                0x0001dc98                file_index_shtml
 .rodata        0x0001dcfc       0xe0 ./webserver/uIP_Task.o
 .rodata        0x0001dddc        0x8 ./webserver/uip.o
 .rodata        0x0001dde4        0xa ./webserver/uip_arp.o
 *fill*         0x0001ddee        0x2 00
 .rodata        0x0001ddf0      0xb84 ./uip_ftp/Connections.o
                0x0001de98                Cmd_dictionary
 .rodata        0x0001e974      0x1e0 ./uip_ftp/FTPD.o
 .rodata        0x0001eb54       0x20 ./driver_source/lpc17xx_i2c.o
 .rodata        0x0001eb74       0x20 ./driver_source/lpc17xx_rtc.o
 .rodata        0x0001eb94       0x20 ./driver_source/lpc17xx_spi.o
 .rodata        0x0001ebb4       0x20 ./driver_source/lpc17xx_uart.o
 .rodata        0x0001ebd4       0x68 ./UsbHost/MassStorage/usbhost_ms.o
 .rodata        0x0001ec3c       0xd4 ./UsbHost/Main/usbhost_main.o
 .rodata        0x0001ed10       0xd4 ./UsbHost/Host/usbhost_lpc17xx.o
 .rodata        0x0001ede4     0xeab0 ./FatFs/option/cc932.o
 .rodata        0x0002d894       0x84 ./FatFs/ff.o
 .rodata        0x0002d918       0x14 C:\Documents and Settings\nlv14991\My Documents\lpcxpresso_3.5\workspace\FreeRTOS_Library\Debug\libFreeRTOS_Library.a(tasks.o)
 .rodata.str1.4
                0x0002d92c        0x5 C:\Documents and Settings\nlv14991\My Documents\lpcxpresso_3.5\workspace\FreeRTOS_Library\Debug\libFreeRTOS_Library.a(tasks.o)
                                  0x8 (size before relaxing)
 *fill*         0x0002d931        0x3 00
 .rodata.str1.4
                0x0002d934       0x43 c:/nxp/lpcxpresso_3.5/tools/bin/../lib/gcc/arm-none-eabi/4.3.3/../../../../arm-none-eabi/lib/thumb2\libcr_c.a(fpprintf.o)
                                 0x48 (size before relaxing)
 *fill*         0x0002d977        0x1 00
 .rodata.str1.4
                0x0002d978       0x3a c:/nxp/lpcxpresso_3.5/tools/bin/../lib/gcc/arm-none-eabi/4.3.3/../../../../arm-none-eabi/lib/thumb2\libcr_c.a(printf.o)
                                 0x4c (size before relaxing)
 *fill*         0x0002d9b2        0x2 00
 .rodata.str1.4
                0x0002d9b4        0x8 c:/nxp/lpcxpresso_3.5/tools/bin/../lib/gcc/arm-none-eabi/4.3.3/../../../../arm-none-eabi/lib/thumb2\libcr_c.a(__fillbuf.o)
 *fill*         0x0002d9bc        0x4 00
 .rodata.__huge_vall
                0x0002d9c0        0x8 c:/nxp/lpcxpresso_3.5/tools/bin/../lib/gcc/arm-none-eabi/4.3.3/../../../../arm-none-eabi/lib/thumb2\libcr_c.a(_hugeval.o)
                0x0002d9c0                __huge_vall
 .rodata.str1.4
                0x0002d9c8       0x63 c:/nxp/lpcxpresso_3.5/tools/bin/../lib/gcc/arm-none-eabi/4.3.3/../../../../arm-none-eabi/lib/thumb2\libcr_c.a(alloc.o)
                                 0x64 (size before relaxing)
 *fill*         0x0002da2b        0x1 00
 .rodata.str1.4
                0x0002da2c      0x109 c:/nxp/lpcxpresso_3.5/tools/bin/../lib/gcc/arm-none-eabi/4.3.3/../../../../arm-none-eabi/lib/thumb2\libcr_c.a(error.o)
                                0x110 (size before relaxing)
 *fill*         0x0002db35        0x3 00
 .rodata.str1.4
                0x0002db38        0x8 c:/nxp/lpcxpresso_3.5/tools/bin/../lib/gcc/arm-none-eabi/4.3.3/../../../../arm-none-eabi/lib/thumb2\libcr_c.a(initio.o)
 .rodata.str1.1
                0x0002db40        0xc c:/nxp/lpcxpresso_3.5/tools/bin/../lib/gcc/arm-none-eabi/4.3.3/../../../../arm-none-eabi/lib/thumb2\libcr_nohost.a(cr_sys.o)

.glue_7         0x0002db4c        0x0
 .glue_7        0x00000000        0x0 linker stubs

.glue_7t        0x0002db4c        0x0
 .glue_7t       0x00000000        0x0 linker stubs

.vfp11_veneer   0x0002db4c        0x0
 .vfp11_veneer  0x00000000        0x0 linker stubs

.v4_bx          0x0002db4c        0x0
 .v4_bx         0x00000000        0x0 linker stubs

.ARM.extab
 *(.ARM.extab* .gnu.linkonce.armextab.*)
                0x0002db4c                __exidx_start = .

.ARM.exidx
 *(.ARM.exidx* .gnu.linkonce.armexidx.*)
                0x0002db4c                __exidx_end = .
                0x0002db4c                _etext = .

.data           0x10000000      0x2cc load address 0x0002db4c
                0x10000000                _data = .
 *(vtable)
 *(.data*)
 .data          0x10000000       0x70 ./uart_fullmodem_test.o
                0x10000000                menu1
                0x10000010                menu2
                0x10000058                menu3
 .data          0x10000070       0x44 ./webserver/httpd-cgi.o
 .data          0x100000b4        0x1 ./driver_source/lpc17xx_sd.o
 .data          0x100000b5        0x1 ./UsbHost/Host/usb_ms_diskio.o
 *fill*         0x100000b6        0x2 00
 .data          0x100000b8        0x4 C:\Documents and Settings\nlv14991\My Documents\lpcxpresso_3.5\workspace\CMSISv1p30_LPC17xx\Debug\libCMSISv1p30_LPC17xx.a(system_LPC17xx.o)
                0x100000b8                SystemCoreClock
 .data          0x100000bc        0x4 C:\Documents and Settings\nlv14991\My Documents\lpcxpresso_3.5\workspace\FreeRTOS_Library\Debug\libFreeRTOS_Library.a(port.o)
 .data.neginf.1957
                0x100000c0        0x4 c:/nxp/lpcxpresso_3.5/tools/bin/../lib/gcc/arm-none-eabi/4.3.3/../../../../arm-none-eabi/lib/thumb2\libcr_c.a(scanf.o)
 .data.posinf.1956
                0x100000c4        0x4 c:/nxp/lpcxpresso_3.5/tools/bin/../lib/gcc/arm-none-eabi/4.3.3/../../../../arm-none-eabi/lib/thumb2\libcr_c.a(scanf.o)
 .data          0x100000c8      0x204 c:/nxp/lpcxpresso_3.5/tools/bin/../lib/gcc/arm-none-eabi/4.3.3/../../../../arm-none-eabi/lib/thumb2\libcr_c.a(ctype.o)
                0x100000c8                __ctype
                0x100002cc                _edata = .

.bss            0x100002d0     0x6454 load address 0x0002de18
                0x100002d0                _bss = .
 *(.bss*)
 .bss           0x100002d0        0x8 ./webserver/emac.o
 .bss           0x100002d8       0x84 ./webserver/httpd-cgi.o
                0x100002d8                lRefreshCount
 .bss           0x1000035c        0xe ./webserver/httpd-fs.o
 *fill*         0x1000036a        0x2 00
 .bss           0x1000036c        0x4 ./webserver/uIP_Task.o
                0x1000036c                xEMACSemaphore
 .bss           0x10000370       0x12 ./webserver/uip.o
                0x10000370                uip_ethaddr
 .bss           0x10000382       0x68 ./webserver/uip_arp.o
 *fill*         0x100003ea        0x2 00
 .bss           0x100003ec      0xc1c ./uip_ftp/Connections.o
 .bss           0x10001008       0x20 ./driver_source/lpc17xx_gpdma.o
 .bss           0x10001028       0x24 ./driver_source/lpc17xx_i2c.o
 .bss           0x1000104c        0x8 ./driver_source/lpc17xx_i2s.o
 .bss           0x10001054       0x3c ./driver_source/lpc17xx_sd.o
 .bss           0x10001090        0xc ./driver_source/lpc17xx_spi.o
 .bss           0x1000109c       0x18 ./driver_source/lpc17xx_ssp.o
 .bss           0x100010b4       0x44 ./driver_source/lpc17xx_uart.o
                0x100010b4                uartCbsDat
                0x100010f4                pfnModemCbs
 .bss           0x100010f8       0x29 ./UsbHost/Uart/usbhost_uart.o
 *fill*         0x10001121        0x3 00
 .bss           0x10001124        0x4 ./UsbHost/MassStorage/usbhost_ms.o
 .bss           0x10001128      0x1ff ./UsbHost/Main/usbhost_main.o
 *fill*         0x10001327        0x1 00
 .bss           0x10001328        0x6 ./UsbHost/Host/usb_ms_diskio.o
 *fill*         0x1000132e        0x2 00
 .bss           0x10001330        0xc ./UsbHost/Host/usbhost_lpc17xx.o
                0x10001334                HOST_WdhIntr
                0x10001338                HOST_TDControlStatus
                0x10001330                HOST_RhscIntr
 .bss           0x1000133c      0x210 ./FatFs/ff.o
 .bss           0x1000154c      0x100 C:\Documents and Settings\nlv14991\My Documents\lpcxpresso_3.5\workspace\FreeRTOS_Library\Debug\libFreeRTOS_Library.a(tasks.o)
                0x10001588                pxCurrentTCB
 *fill*         0x1000164c        0x4 00
 .bss           0x10001650     0x2818 C:\Documents and Settings\nlv14991\My Documents\lpcxpresso_3.5\workspace\FreeRTOS_Library\Debug\libFreeRTOS_Library.a(heap_2.o)
 .bss.sys_message
                0x10003e68       0x3c c:/nxp/lpcxpresso_3.5/tools/bin/../lib/gcc/arm-none-eabi/4.3.3/../../../../arm-none-eabi/lib/thumb2\libcr_c.a(alloc.o)
 .bss           0x10003ea4        0x4 c:/nxp/lpcxpresso_3.5/tools/bin/../lib/gcc/arm-none-eabi/4.3.3/../../../../arm-none-eabi/lib/thumb2\libcr_nohost.a(cr_sys.o)
 *(COMMON)
 COMMON         0x10003ea8        0x4 ./LedBlinky.o
                0x10003ea8                SysTickCnt
 COMMON         0x10003eac       0x4f ./lcd_i2c.o
                0x10003eac                transferMCfg
                0x10003ed8                master_test
                0x10003eda                Master_Buf
 *fill*         0x10003efb        0x1 00
 COMMON         0x10003efc        0x4 ./main.o
                0x10003efc                xCountingSemaphore
 COMMON         0x10003f00      0x218 ./uart_fullmodem_test.o
                0x10003f00                rb
                0x10004110                TxIntStat
                0x10004114                RTS_State
 COMMON         0x10004118        0x4 ./webserver/emac.o
                0x10004118                uip_buf
 COMMON         0x1000411c        0x8 ./webserver/httpd-cgi.o
                0x1000411c                ulString
                0x10004120                pcStatus
 COMMON         0x10004124      0x8c2 ./webserver/uip.o
                0x10004124                uip_len
                0x10004128                uip_sappdata
                0x1000412c                uip_acc32
                0x10004130                uip_flags
                0x10004134                uip_appdata
                0x10004138                uip_conn
                0x1000413c                uip_conns
                0x1000495c                uip_listenports
                0x100049ac                uip_draddr
                0x100049b0                uip_stat
                0x100049dc                uip_netmask
                0x100049e0                uip_hostaddr
                0x100049e4                uip_slen
 *fill*         0x100049e6        0x2 00
 COMMON         0x100049e8      0xb3c ./uip_ftp/FTPD.o
                0x100049e8                driveAttached
                0x100049ec                ftpd_state
 COMMON         0x10005524      0x1b8 ./uip_ftp/ftp_main.o
                0x10005524                tcp_appdata
 COMMON         0x100056dc      0x218 ./UsbHost/Uart/usbhost_uart.o
                0x100056dc                RTS_State_usb
                0x100056e0                TxIntStat_usb
                0x100056e4                rb_usb
 COMMON         0x100058f4        0x4 ./UsbHost/MassStorage/usbhost_ms.o
                0x100058f4                MS_BlkSize
 COMMON         0x100058f8      0xae4 ./UsbHost/Main/usbhost_main.o
                0x100058f8                File1
                0x10005b1c                USBFs
                0x100061b8                File2
 COMMON         0x100063dc       0x2c ./UsbHost/Host/usbhost_lpc17xx.o
                0x100063dc                TDBufNonVol
                0x100063e0                FATBuffer
                0x100063e4                Hcca
                0x100063e8                TDTail
                0x100063ec                EDBulkOut
                0x100063f0                UserBuffer
                0x100063f4                gUSBConnected
                0x100063f8                TDBuffer
                0x100063fc                EDBulkIn
                0x10006400                EDCtrl
                0x10006404                TDHead
 COMMON         0x10006408      0x280 c:/nxp/lpcxpresso_3.5/tools/bin/../lib/gcc/arm-none-eabi/4.3.3/../../../../arm-none-eabi/lib/thumb2\libcr_c.a(stdio.o)
                0x10006408                __Ciob
 COMMON         0x10006688       0x88 c:/nxp/lpcxpresso_3.5/tools/bin/../lib/gcc/arm-none-eabi/4.3.3/../../../../arm-none-eabi/lib/thumb2\libcr_c.a(stdlib.o)
                0x10006688                _exitvector
                0x1000670c                _number_of_exit_functions
 COMMON         0x10006710        0x8 c:/nxp/lpcxpresso_3.5/tools/bin/../lib/gcc/arm-none-eabi/4.3.3/../../../../arm-none-eabi/lib/thumb2\libcr_c.a(__init_alloc.o)
                0x10006710                __heaps
                0x10006714                __end_of_heap
 COMMON         0x10006718        0x4 c:/nxp/lpcxpresso_3.5/tools/bin/../lib/gcc/arm-none-eabi/4.3.3/../../../../arm-none-eabi/lib/thumb2\libcr_c.a(initio.o)
                0x10006718                _extra
 COMMON         0x1000671c        0x8 c:/nxp/lpcxpresso_3.5/tools/bin/../lib/gcc/arm-none-eabi/4.3.3/../../../../arm-none-eabi/lib/thumb2\libcr_nohost.a(_cr__main.o)
                0x1000671c                errno
                0x10006720                _error_recursion
                0x10006724                _ebss = .

.cr_heap        0x10006724        0x0 load address 0x0002de18
                0x10006724                end = .
                0x10006724                _pvHeapStart = .
                0x10008000                _vRamTop = __top_RamLoc32
                0x10008000                _vStackTop = (_vRamTop - 0x0)
OUTPUT(example_driver.axf elf32-littlearm)

.debug_abbrev   0x00000000     0x6310
 .debug_abbrev  0x00000000      0x1cf ./LedBlinky.o
 .debug_abbrev  0x000001cf      0x1af ./cr_startup_lpc17.o
 .debug_abbrev  0x0000037e      0x1bf ./lcd_i2c.o
 .debug_abbrev  0x0000053d      0x1af ./main.o
 .debug_abbrev  0x000006ec      0x256 ./uart_fullmodem_test.o
 .debug_abbrev  0x00000942      0x1ff ./webserver/emac.o
 .debug_abbrev  0x00000b41       0x54 ./webserver/http-strings.o
 .debug_abbrev  0x00000b95      0x1d1 ./webserver/httpd-cgi.o
 .debug_abbrev  0x00000d66      0x146 ./webserver/httpd-fs.o
 .debug_abbrev  0x00000eac      0x1c8 ./webserver/httpd.o
 .debug_abbrev  0x00001074      0x1ef ./webserver/psock.o
 .debug_abbrev  0x00001263       0xd1 ./webserver/timer.o
 .debug_abbrev  0x00001334      0x26b ./webserver/uIP_Task.o
 .debug_abbrev  0x0000159f      0x22f ./webserver/uip.o
 .debug_abbrev  0x000017ce      0x18c ./webserver/uip_arp.o
 .debug_abbrev  0x0000195a      0x266 ./uip_ftp/Connections.o
 .debug_abbrev  0x00001bc0      0x201 ./uip_ftp/FTPD.o
 .debug_abbrev  0x00001dc1       0x3b ./uip_ftp/FTP_Strings.o
 .debug_abbrev  0x00001dfc      0x28e ./uip_ftp/ftp_main.o
 .debug_abbrev  0x0000208a      0x148 ./driver_source/lpc17xx_adc.o
 .debug_abbrev  0x000021d2      0x1bc ./driver_source/lpc17xx_can.o
 .debug_abbrev  0x0000238e      0x17d ./driver_source/lpc17xx_clkpwr.o
 .debug_abbrev  0x0000250b       0xf5 ./driver_source/lpc17xx_dac.o
 .debug_abbrev  0x00002600      0x226 ./driver_source/lpc17xx_emac.o
 .debug_abbrev  0x00002826      0x18a ./driver_source/lpc17xx_gpdma.o
 .debug_abbrev  0x000029b0      0x18e ./driver_source/lpc17xx_gpio.o
 .debug_abbrev  0x00002b3e      0x253 ./driver_source/lpc17xx_i2c.o
 .debug_abbrev  0x00002d91      0x19f ./driver_source/lpc17xx_i2s.o
 .debug_abbrev  0x00002f30       0x6a ./driver_source/lpc17xx_libcfg_default.o
 .debug_abbrev  0x00002f9a      0x15d ./driver_source/lpc17xx_mcpwm.o
 .debug_abbrev  0x000030f7       0xeb ./driver_source/lpc17xx_nvic.o
 .debug_abbrev  0x000031e2      0x113 ./driver_source/lpc17xx_pinsel.o
 .debug_abbrev  0x000032f5      0x192 ./driver_source/lpc17xx_pwm.o
 .debug_abbrev  0x00003487      0x1d2 ./driver_source/lpc17xx_qei.o
 .debug_abbrev  0x00003659      0x129 ./driver_source/lpc17xx_rit.o
 .debug_abbrev  0x00003782      0x174 ./driver_source/lpc17xx_rtc.o
 .debug_abbrev  0x000038f6      0x237 ./driver_source/lpc17xx_sd.o
 .debug_abbrev  0x00003b2d      0x197 ./driver_source/lpc17xx_spi.o
 .debug_abbrev  0x00003cc4      0x1dc ./driver_source/lpc17xx_ssp.o
 .debug_abbrev  0x00003ea0      0x1a8 ./driver_source/lpc17xx_timer.o
 .debug_abbrev  0x00004048      0x284 ./driver_source/lpc17xx_uart.o
 .debug_abbrev  0x000042cc      0x14c ./driver_source/lpc17xx_wdt.o
 .debug_abbrev  0x00004418      0x262 ./UsbHost/Uart/usbhost_uart.o
 .debug_abbrev  0x0000467a      0x186 ./UsbHost/MassStorage/usbhost_ms.o
 .debug_abbrev  0x00004800      0x130 ./UsbHost/Main/usbhost_main.o
 .debug_abbrev  0x00004930      0x1ff ./UsbHost/Host/usb_ms_diskio.o
 .debug_abbrev  0x00004b2f      0x21d ./UsbHost/Host/usbhost_lpc17xx.o
 .debug_abbrev  0x00004d4c      0x244 ./LPCUSB/USB_CDC.o
 .debug_abbrev  0x00004f90      0x13a ./LPCUSB/usbcontrol.o
 .debug_abbrev  0x000050ca      0x226 ./LPCUSB/usbhw_lpc.o
 .debug_abbrev  0x000052f0       0xce ./LPCUSB/usbinit.o
 .debug_abbrev  0x000053be      0x189 ./LPCUSB/usbstdreq.o
 .debug_abbrev  0x00005547       0xc4 ./FatFs/option/cc932.o
 .debug_abbrev  0x0000560b       0x35 ./FatFs/option/syncobj.o
 .debug_abbrev  0x00005640       0x35 ./FatFs/option/syscall.o
 .debug_abbrev  0x00005675       0xef ./FatFs/diskio.o
 .debug_abbrev  0x00005764      0x1bc ./FatFs/ff.o
 .debug_abbrev  0x00005920       0xc6 C:\Documents and Settings\nlv14991\My Documents\lpcxpresso_3.5\workspace\CMSISv1p30_LPC17xx\Debug\libCMSISv1p30_LPC17xx.a(system_LPC17xx.o)
 .debug_abbrev  0x000059e6      0x1bf C:\Documents and Settings\nlv14991\My Documents\lpcxpresso_3.5\workspace\FreeRTOS_Library\Debug\libFreeRTOS_Library.a(queue.o)
 .debug_abbrev  0x00005ba5      0x279 C:\Documents and Settings\nlv14991\My Documents\lpcxpresso_3.5\workspace\FreeRTOS_Library\Debug\libFreeRTOS_Library.a(tasks.o)
 .debug_abbrev  0x00005e1e      0x1a3 C:\Documents and Settings\nlv14991\My Documents\lpcxpresso_3.5\workspace\FreeRTOS_Library\Debug\libFreeRTOS_Library.a(heap_2.o)
 .debug_abbrev  0x00005fc1      0x148 C:\Documents and Settings\nlv14991\My Documents\lpcxpresso_3.5\workspace\FreeRTOS_Library\Debug\libFreeRTOS_Library.a(port.o)
 .debug_abbrev  0x00006109       0xa4 C:\Documents and Settings\nlv14991\My Documents\lpcxpresso_3.5\workspace\FreeRTOS_Library\Debug\libFreeRTOS_Library.a(basic_io.o)
 .debug_abbrev  0x000061ad       0x77 C:\Documents and Settings\nlv14991\My Documents\lpcxpresso_3.5\workspace\FreeRTOS_Library\Debug\libFreeRTOS_Library.a(consoleprint.o)
 .debug_abbrev  0x00006224       0xec C:\Documents and Settings\nlv14991\My Documents\lpcxpresso_3.5\workspace\FreeRTOS_Library\Debug\libFreeRTOS_Library.a(list.o)

.debug_info     0x00000000    0x225c0
 .debug_info    0x00000000      0x626 ./LedBlinky.o
 .debug_info    0x00000626      0x885 ./cr_startup_lpc17.o
 .debug_info    0x00000eab      0x4c7 ./lcd_i2c.o
 .debug_info    0x00001372      0xa9b ./main.o
 .debug_info    0x00001e0d      0xf27 ./uart_fullmodem_test.o
 .debug_info    0x00002d34      0xbf7 ./webserver/emac.o
 .debug_info    0x0000392b      0x442 ./webserver/http-strings.o
 .debug_info    0x00003d6d      0xd01 ./webserver/httpd-cgi.o
 .debug_info    0x00004a6e      0x4a7 ./webserver/httpd-fs.o
 .debug_info    0x00004f15      0x8f1 ./webserver/httpd.o
 .debug_info    0x00005806      0x8a6 ./webserver/psock.o
 .debug_info    0x000060ac      0x175 ./webserver/timer.o
 .debug_info    0x00006221     0x1272 ./webserver/uIP_Task.o
 .debug_info    0x00007493      0xe2d ./webserver/uip.o
 .debug_info    0x000082c0      0x4ad ./webserver/uip_arp.o
 .debug_info    0x0000876d     0x17dd ./uip_ftp/Connections.o
 .debug_info    0x00009f4a      0xb0b ./uip_ftp/FTPD.o
 .debug_info    0x0000aa55      0x169 ./uip_ftp/FTP_Strings.o
 .debug_info    0x0000abbe     0x1806 ./uip_ftp/ftp_main.o
 .debug_info    0x0000c3c4      0x610 ./driver_source/lpc17xx_adc.o
 .debug_info    0x0000c9d4     0x119a ./driver_source/lpc17xx_can.o
 .debug_info    0x0000db6e      0x613 ./driver_source/lpc17xx_clkpwr.o
 .debug_info    0x0000e181      0x27a ./driver_source/lpc17xx_dac.o
 .debug_info    0x0000e3fb      0xe07 ./driver_source/lpc17xx_emac.o
 .debug_info    0x0000f202      0x487 ./driver_source/lpc17xx_gpdma.o
 .debug_info    0x0000f689      0xb8a ./driver_source/lpc17xx_gpio.o
 .debug_info    0x00010213      0xcb9 ./driver_source/lpc17xx_i2c.o
 .debug_info    0x00010ecc      0x926 ./driver_source/lpc17xx_i2s.o
 .debug_info    0x000117f2       0xcd ./driver_source/lpc17xx_libcfg_default.o
 .debug_info    0x000118bf      0x7fb ./driver_source/lpc17xx_mcpwm.o
 .debug_info    0x000120ba      0x3d8 ./driver_source/lpc17xx_nvic.o
 .debug_info    0x00012492      0x49b ./driver_source/lpc17xx_pinsel.o
 .debug_info    0x0001292d      0x818 ./driver_source/lpc17xx_pwm.o
 .debug_info    0x00013145      0x830 ./driver_source/lpc17xx_qei.o
 .debug_info    0x00013975      0x30e ./driver_source/lpc17xx_rit.o
 .debug_info    0x00013c83      0xa08 ./driver_source/lpc17xx_rtc.o
 .debug_info    0x0001468b      0xaf1 ./driver_source/lpc17xx_sd.o
 .debug_info    0x0001517c      0x644 ./driver_source/lpc17xx_spi.o
 .debug_info    0x000157c0      0x85c ./driver_source/lpc17xx_ssp.o
 .debug_info    0x0001601c      0x834 ./driver_source/lpc17xx_timer.o
 .debug_info    0x00016850     0x1572 ./driver_source/lpc17xx_uart.o
 .debug_info    0x00017dc2      0x327 ./driver_source/lpc17xx_wdt.o
 .debug_info    0x000180e9      0xf26 ./UsbHost/Uart/usbhost_uart.o
 .debug_info    0x0001900f      0x4e9 ./UsbHost/MassStorage/usbhost_ms.o
 .debug_info    0x000194f8      0x613 ./UsbHost/Main/usbhost_main.o
 .debug_info    0x00019b0b      0xa2d ./UsbHost/Host/usb_ms_diskio.o
 .debug_info    0x0001a538     0x1645 ./UsbHost/Host/usbhost_lpc17xx.o
 .debug_info    0x0001bb7d      0xc62 ./LPCUSB/USB_CDC.o
 .debug_info    0x0001c7df      0x33b ./LPCUSB/usbcontrol.o
 .debug_info    0x0001cb1a      0xf99 ./LPCUSB/usbhw_lpc.o
 .debug_info    0x0001dab3      0x119 ./LPCUSB/usbinit.o
 .debug_info    0x0001dbcc      0x447 ./LPCUSB/usbstdreq.o
 .debug_info    0x0001e013      0x1ce ./FatFs/option/cc932.o
 .debug_info    0x0001e1e1       0x65 ./FatFs/option/syncobj.o
 .debug_info    0x0001e246       0x73 ./FatFs/option/syscall.o
 .debug_info    0x0001e2b9      0x2e9 ./FatFs/diskio.o
 .debug_info    0x0001e5a2     0x1e2c ./FatFs/ff.o
 .debug_info    0x000203ce      0x334 C:\Documents and Settings\nlv14991\My Documents\lpcxpresso_3.5\workspace\CMSISv1p30_LPC17xx\Debug\libCMSISv1p30_LPC17xx.a(system_LPC17xx.o)
 .debug_info    0x00020702      0x7ee C:\Documents and Settings\nlv14991\My Documents\lpcxpresso_3.5\workspace\FreeRTOS_Library\Debug\libFreeRTOS_Library.a(queue.o)
 .debug_info    0x00020ef0      0xd8a C:\Documents and Settings\nlv14991\My Documents\lpcxpresso_3.5\workspace\FreeRTOS_Library\Debug\libFreeRTOS_Library.a(tasks.o)
 .debug_info    0x00021c7a      0x2c6 C:\Documents and Settings\nlv14991\My Documents\lpcxpresso_3.5\workspace\FreeRTOS_Library\Debug\libFreeRTOS_Library.a(heap_2.o)
 .debug_info    0x00021f40      0x204 C:\Documents and Settings\nlv14991\My Documents\lpcxpresso_3.5\workspace\FreeRTOS_Library\Debug\libFreeRTOS_Library.a(port.o)
 .debug_info    0x00022144      0x121 C:\Documents and Settings\nlv14991\My Documents\lpcxpresso_3.5\workspace\FreeRTOS_Library\Debug\libFreeRTOS_Library.a(basic_io.o)
 .debug_info    0x00022265       0xa2 C:\Documents and Settings\nlv14991\My Documents\lpcxpresso_3.5\workspace\FreeRTOS_Library\Debug\libFreeRTOS_Library.a(consoleprint.o)
 .debug_info    0x00022307      0x2b9 C:\Documents and Settings\nlv14991\My Documents\lpcxpresso_3.5\workspace\FreeRTOS_Library\Debug\libFreeRTOS_Library.a(list.o)

.debug_line     0x00000000    0x159e8
 .debug_line    0x00000000      0x3dc ./LedBlinky.o
 .debug_line    0x000003dc      0x438 ./cr_startup_lpc17.o
 .debug_line    0x00000814      0x490 ./lcd_i2c.o
 .debug_line    0x00000ca4      0x627 ./main.o
 .debug_line    0x000012cb      0x4fd ./uart_fullmodem_test.o
 .debug_line    0x000017c8      0x61c ./webserver/emac.o
 .debug_line    0x00001de4       0x3c ./webserver/http-strings.o
 .debug_line    0x00001e20      0x55b ./webserver/httpd-cgi.o
 .debug_line    0x0000237b      0x32c ./webserver/httpd-fs.o
 .debug_line    0x000026a7      0x435 ./webserver/httpd.o
 .debug_line    0x00002adc      0x466 ./webserver/psock.o
 .debug_line    0x00002f42      0x4b8 ./webserver/timer.o
 .debug_line    0x000033fa      0x85c ./webserver/uIP_Task.o
 .debug_line    0x00003c56      0x970 ./webserver/uip.o
 .debug_line    0x000045c6      0x3b3 ./webserver/uip_arp.o
 .debug_line    0x00004979      0xca1 ./uip_ftp/Connections.o
 .debug_line    0x0000561a      0x841 ./uip_ftp/FTPD.o
 .debug_line    0x00005e5b       0x39 ./uip_ftp/FTP_Strings.o
 .debug_line    0x00005e94      0x9f2 ./uip_ftp/ftp_main.o
 .debug_line    0x00006886      0x4af ./driver_source/lpc17xx_adc.o
 .debug_line    0x00006d35      0x847 ./driver_source/lpc17xx_can.o
 .debug_line    0x0000757c      0x420 ./driver_source/lpc17xx_clkpwr.o
 .debug_line    0x0000799c      0x3f9 ./driver_source/lpc17xx_dac.o
 .debug_line    0x00007d95      0x640 ./driver_source/lpc17xx_emac.o
 .debug_line    0x000083d5      0x432 ./driver_source/lpc17xx_gpdma.o
 .debug_line    0x00008807      0x555 ./driver_source/lpc17xx_gpio.o
 .debug_line    0x00008d5c      0x6c0 ./driver_source/lpc17xx_i2c.o
 .debug_line    0x0000941c      0x5ad ./driver_source/lpc17xx_i2s.o
 .debug_line    0x000099c9      0x2ea ./driver_source/lpc17xx_libcfg_default.o
 .debug_line    0x00009cb3      0x50c ./driver_source/lpc17xx_mcpwm.o
 .debug_line    0x0000a1bf      0x39c ./driver_source/lpc17xx_nvic.o
 .debug_line    0x0000a55b      0x3e6 ./driver_source/lpc17xx_pinsel.o
 .debug_line    0x0000a941      0x518 ./driver_source/lpc17xx_pwm.o
 .debug_line    0x0000ae59      0x559 ./driver_source/lpc17xx_qei.o
 .debug_line    0x0000b3b2      0x42b ./driver_source/lpc17xx_rit.o
 .debug_line    0x0000b7dd      0x5aa ./driver_source/lpc17xx_rtc.o
 .debug_line    0x0000bd87      0x687 ./driver_source/lpc17xx_sd.o
 .debug_line    0x0000c40e      0x508 ./driver_source/lpc17xx_spi.o
 .debug_line    0x0000c916      0x5f5 ./driver_source/lpc17xx_ssp.o
 .debug_line    0x0000cf0b      0x542 ./driver_source/lpc17xx_timer.o
 .debug_line    0x0000d44d      0x947 ./driver_source/lpc17xx_uart.o
 .debug_line    0x0000dd94      0x48c ./driver_source/lpc17xx_wdt.o
 .debug_line    0x0000e220      0x797 ./UsbHost/Uart/usbhost_uart.o
 .debug_line    0x0000e9b7      0x6d3 ./UsbHost/MassStorage/usbhost_ms.o
 .debug_line    0x0000f08a      0x6d9 ./UsbHost/Main/usbhost_main.o
 .debug_line    0x0000f763      0x755 ./UsbHost/Host/usb_ms_diskio.o
 .debug_line    0x0000feb8      0x7ee ./UsbHost/Host/usbhost_lpc17xx.o
 .debug_line    0x000106a6      0x64f ./LPCUSB/USB_CDC.o
 .debug_line    0x00010cf5      0x41c ./LPCUSB/usbcontrol.o
 .debug_line    0x00011111      0x56e ./LPCUSB/usbhw_lpc.o
 .debug_line    0x0001167f      0x3bb ./LPCUSB/usbinit.o
 .debug_line    0x00011a3a      0x47e ./LPCUSB/usbstdreq.o