Archive member included because of file (symbol)

/home/nlv14991/workspaceLPC/STE-LPC1768-/CMSISv2p00_LPC17xx/Debug/libCMSISv2p00_LPC17xx.a(system_LPC17xx.o)
                              ./cr_startup_lpc17.o (SystemInit)
/home/nlv14991/workspaceLPC/STE-LPC1768-/FreeRTOS_Library/Debug/libFreeRTOS_Library.a(queue.o)
                              ./webserver/uIP_Task.o (xQueueCreate)
/home/nlv14991/workspaceLPC/STE-LPC1768-/FreeRTOS_Library/Debug/libFreeRTOS_Library.a(tasks.o)
                              ./main.o (xTaskGenericCreate)
/home/nlv14991/workspaceLPC/STE-LPC1768-/FreeRTOS_Library/Debug/libFreeRTOS_Library.a(heap_2.o)
                              /home/nlv14991/workspaceLPC/STE-LPC1768-/FreeRTOS_Library/Debug/libFreeRTOS_Library.a(queue.o) (pvPortMalloc)
/home/nlv14991/workspaceLPC/STE-LPC1768-/FreeRTOS_Library/Debug/libFreeRTOS_Library.a(port.o)
                              /home/nlv14991/workspaceLPC/STE-LPC1768-/FreeRTOS_Library/Debug/libFreeRTOS_Library.a(tasks.o) (pxPortInitialiseStack)
/home/nlv14991/workspaceLPC/STE-LPC1768-/FreeRTOS_Library/Debug/libFreeRTOS_Library.a(list.o)
                              /home/nlv14991/workspaceLPC/STE-LPC1768-/FreeRTOS_Library/Debug/libFreeRTOS_Library.a(queue.o) (vListInitialise)
/usr/local/lpcxpresso_4.2.3_255/lpcxpresso/tools/bin/../lib/gcc/arm-none-eabi/4.5.1/thumb2/libgcc.a(_aeabi_uldivmod.o)
                              ./driver_source/lpc17xx_i2s.o (__aeabi_uldivmod)
/usr/local/lpcxpresso_4.2.3_255/lpcxpresso/tools/bin/../lib/gcc/arm-none-eabi/4.5.1/thumb2/libgcc.a(bpabi.o)
                              /usr/local/lpcxpresso_4.2.3_255/lpcxpresso/tools/bin/../lib/gcc/arm-none-eabi/4.5.1/thumb2/libgcc.a(_aeabi_uldivmod.o) (__gnu_uldivmod_helper)
/usr/local/lpcxpresso_4.2.3_255/lpcxpresso/tools/bin/../lib/gcc/arm-none-eabi/4.5.1/thumb2/libgcc.a(_dvmd_tls.o)
                              /usr/local/lpcxpresso_4.2.3_255/lpcxpresso/tools/bin/../lib/gcc/arm-none-eabi/4.5.1/thumb2/libgcc.a(_aeabi_uldivmod.o) (__aeabi_ldiv0)
/usr/local/lpcxpresso_4.2.3_255/lpcxpresso/tools/bin/../lib/gcc/arm-none-eabi/4.5.1/thumb2/libgcc.a(_divdi3.o)
                              /usr/local/lpcxpresso_4.2.3_255/lpcxpresso/tools/bin/../lib/gcc/arm-none-eabi/4.5.1/thumb2/libgcc.a(bpabi.o) (__divdi3)
/usr/local/lpcxpresso_4.2.3_255/lpcxpresso/tools/bin/../lib/gcc/arm-none-eabi/4.5.1/thumb2/libgcc.a(_udivdi3.o)
                              /usr/local/lpcxpresso_4.2.3_255/lpcxpresso/tools/bin/../lib/gcc/arm-none-eabi/4.5.1/thumb2/libgcc.a(bpabi.o) (__udivdi3)
/usr/local/lpcxpresso_4.2.3_255/lpcxpresso/tools/bin/../lib/gcc/arm-none-eabi/4.5.1/thumb2/libgcc.a(_udivsi3.o)
                              /usr/local/lpcxpresso_4.2.3_255/lpcxpresso/tools/bin/../lib/gcc/arm-none-eabi/4.5.1/thumb2/libgcc.a(_divdi3.o) (__aeabi_uidiv)
/usr/local/lpcxpresso_4.2.3_255/lpcxpresso/tools/bin/../lib/gcc/arm-none-eabi/4.5.1/../../../../arm-none-eabi/lib/thumb2/libc.a(lib_a-memcmp.o)
                              /home/nlv14991/workspaceLPC/STE-LPC1768-/FreeRTOS_Library/Debug/libFreeRTOS_Library.a(tasks.o) (memcmp)
/usr/local/lpcxpresso_4.2.3_255/lpcxpresso/tools/bin/../lib/gcc/arm-none-eabi/4.5.1/../../../../arm-none-eabi/lib/thumb2/libc.a(lib_a-memcpy.o)
                              ./webserver/httpd.o (memcpy)
/usr/local/lpcxpresso_4.2.3_255/lpcxpresso/tools/bin/../lib/gcc/arm-none-eabi/4.5.1/../../../../arm-none-eabi/lib/thumb2/libc.a(lib_a-memset.o)
                              ./webserver/uip_arp.o (memset)
/usr/local/lpcxpresso_4.2.3_255/lpcxpresso/tools/bin/../lib/gcc/arm-none-eabi/4.5.1/../../../../arm-none-eabi/lib/thumb2/libc.a(lib_a-printf.o)
                              ./webserver/psock.o (printf)
/usr/local/lpcxpresso_4.2.3_255/lpcxpresso/tools/bin/../lib/gcc/arm-none-eabi/4.5.1/../../../../arm-none-eabi/lib/thumb2/libc.a(lib_a-snprintf.o)
                              ./webserver/httpd-cgi.o (snprintf)
/usr/local/lpcxpresso_4.2.3_255/lpcxpresso/tools/bin/../lib/gcc/arm-none-eabi/4.5.1/../../../../arm-none-eabi/lib/thumb2/libc.a(lib_a-sprintf.o)
                              ./cr_startup_lpc17.o (sprintf)
/usr/local/lpcxpresso_4.2.3_255/lpcxpresso/tools/bin/../lib/gcc/arm-none-eabi/4.5.1/../../../../arm-none-eabi/lib/thumb2/libc.a(lib_a-sscanf.o)
                              ./webserver/uIP_Task.o (sscanf)
/usr/local/lpcxpresso_4.2.3_255/lpcxpresso/tools/bin/../lib/gcc/arm-none-eabi/4.5.1/../../../../arm-none-eabi/lib/thumb2/libc.a(lib_a-stdio.o)
                              /usr/local/lpcxpresso_4.2.3_255/lpcxpresso/tools/bin/../lib/gcc/arm-none-eabi/4.5.1/../../../../arm-none-eabi/lib/thumb2/libc.a(lib_a-sscanf.o) (__seofread)
/usr/local/lpcxpresso_4.2.3_255/lpcxpresso/tools/bin/../lib/gcc/arm-none-eabi/4.5.1/../../../../arm-none-eabi/lib/thumb2/libc.a(lib_a-strcat.o)
                              ./webserver/httpd-cgi.o (strcat)
/usr/local/lpcxpresso_4.2.3_255/lpcxpresso/tools/bin/../lib/gcc/arm-none-eabi/4.5.1/../../../../arm-none-eabi/lib/thumb2/libc.a(lib_a-strchr.o)
[...]
Memory Configuration

Name             Origin             Length             Attributes
MFlash512        0x00000000         0x00080000         xr
RamLoc32         0x10000000         0x00008000         xrw
RamAHB32         0x2007c000         0x00008000         xrw
*default*        0x00000000         0xffffffff

Linker script and memory map

LOAD ./LedBlinky.o
LOAD ./cr_startup_lpc17.o
LOAD ./lcd_i2c.o
LOAD ./main.o
LOAD ./uart_fullmodem_test.o
LOAD ./webserver/emac.o
LOAD ./webserver/http-strings.o
LOAD ./webserver/httpd-cgi.o
LOAD ./webserver/httpd-fs.o
LOAD ./webserver/httpd.o
LOAD ./webserver/psock.o
LOAD ./webserver/timer.o
LOAD ./webserver/uIP_Task.o
LOAD ./webserver/uip.o
LOAD ./webserver/uip_arp.o
LOAD ./uip_ftp/Connections.o
LOAD ./uip_ftp/FTPD.o
LOAD ./uip_ftp/FTP_Strings.o
LOAD ./uip_ftp/ftp_main.o
LOAD ./driver_source/lpc17xx_adc.o
LOAD ./driver_source/lpc17xx_can.o
LOAD ./driver_source/lpc17xx_clkpwr.o
LOAD ./driver_source/lpc17xx_dac.o
LOAD ./driver_source/lpc17xx_emac.o
LOAD ./driver_source/lpc17xx_gpdma.o
LOAD ./driver_source/lpc17xx_gpio.o
LOAD ./driver_source/lpc17xx_i2c.o
LOAD ./driver_source/lpc17xx_i2s.o
LOAD ./driver_source/lpc17xx_libcfg_default.o
LOAD ./driver_source/lpc17xx_mcpwm.o
LOAD ./driver_source/lpc17xx_nvic.o
LOAD ./driver_source/lpc17xx_pinsel.o
LOAD ./driver_source/lpc17xx_pwm.o
LOAD ./driver_source/lpc17xx_qei.o
LOAD ./driver_source/lpc17xx_rit.o
LOAD ./driver_source/lpc17xx_rtc.o
LOAD ./driver_source/lpc17xx_sd.o
LOAD ./driver_source/lpc17xx_spi.o
LOAD ./driver_source/lpc17xx_ssp.o
LOAD ./driver_source/lpc17xx_timer.o
LOAD ./driver_source/lpc17xx_uart.o
LOAD ./driver_source/lpc17xx_wdt.o
LOAD ./Zigbee/.kdbgrc.uart.o
LOAD ./Zigbee/Zigbee_task.o
LOAD ./Zigbee/uart.o
LOAD ./UsbHost/Uart/usbhost_uart.o
LOAD ./UsbHost/MassStorage/usbhost_ms.o
LOAD ./UsbHost/Main/usbhost_main.o
LOAD ./UsbHost/Host/usb_ms_diskio.o
LOAD ./UsbHost/Host/usbhost_lpc17xx.o
LOAD ./LPCUSB/USB_CDC.o
LOAD ./LPCUSB/usbcontrol.o
LOAD ./LPCUSB/usbhw_lpc.o
LOAD ./LPCUSB/usbinit.o
LOAD ./LPCUSB/usbstdreq.o
LOAD ./FatFs/option/cc932.o
LOAD ./FatFs/option/syncobj.o
LOAD ./FatFs/option/syscall.o
LOAD ./FatFs/diskio.o
LOAD ./FatFs/ff.o
LOAD /home/nlv14991/workspaceLPC/STE-LPC1768-/CMSISv2p00_LPC17xx/Debug/libCMSISv2p00_LPC17xx.a
LOAD /home/nlv14991/workspaceLPC/STE-LPC1768-/FreeRTOS_Library/Debug/libFreeRTOS_Library.a
START GROUP
LOAD /usr/local/lpcxpresso_4.2.3_255/lpcxpresso/tools/bin/../lib/gcc/arm-none-eabi/4.5.1/thumb2/libgcc.a
LOAD /usr/local/lpcxpresso_4.2.3_255/lpcxpresso/tools/bin/../lib/gcc/arm-none-eabi/4.5.1/../../../../arm-none-eabi/lib/thumb2/libc.a
LOAD /usr/local/lpcxpresso_4.2.3_255/lpcxpresso/tools/bin/../lib/gcc/arm-none-eabi/4.5.1/../../../../arm-none-eabi/lib/thumb2/libm.a
LOAD /usr/local/lpcxpresso_4.2.3_255/lpcxpresso/tools/bin/../lib/gcc/arm-none-eabi/4.5.1/../../../../arm-none-eabi/lib/thumb2/libcr_newlib_nohost.a
END GROUP
                0x00080000                __top_MFlash512 = 0x80000
                0x10008000                __top_RamLoc32 = 0x10008000
                0x20084000                __top_RamAHB32 = 0x20084000

.text           0x00000000    0x31398
 FILL mask 0xff
 *(.isr_vector)
 .isr_vector    0x00000000       0xc4 ./cr_startup_lpc17.o
                0x00000000                g_pfnVectors
                0x000000c4                . = ALIGN (0x4)
                0x000000c4                __section_table_start = .
                0x000000c4                __data_section_table = .
                0x000000c4        0x4 LONG 0x313a0 LOADADDR (.data)
                0x000000c8        0x4 LONG 0x10000000 ADDR (.data)
                0x000000cc        0x4 LONG 0x5dc SIZEOF (.data)
                0x000000d0        0x4 LONG 0x313a0 LOADADDR (.data_RAM2)
                0x000000d4        0x4 LONG 0x2007c000 ADDR (.data_RAM2)
                0x000000d8        0x4 LONG 0x0 SIZEOF (.data_RAM2)
                0x000000dc                __data_section_table_end = .
                0x000000dc                __bss_section_table = .
                0x000000dc        0x4 LONG 0x100005e0 ADDR (.bss)
                0x000000e0        0x4 LONG 0x5b90 SIZEOF (.bss)
                0x000000e4        0x4 LONG 0x2007c000 ADDR (.bss_RAM2)
                0x000000e8        0x4 LONG 0x0 SIZEOF (.bss_RAM2)
                0x000000ec                __bss_section_table_end = .
                0x000000ec                __section_table_end = .
 *(.after_vectors*)
 *(.text*)
 .text.SysTick_Handler
                0x000000ec       0x10 ./LedBlinky.o
                0x000000ec                SysTick_Handler
 .text.vLEDTask
                0x000000fc       0xa4 ./LedBlinky.o
                0x000000fc                vLEDTask
 .text.NMI_Handler
                0x000001a0        0x4 ./cr_startup_lpc17.o
                0x000001a0                NMI_Handler
 .text.HardFault_Handler
                0x000001a4       0x14 ./cr_startup_lpc17.o
                0x000001a4                HardFault_Handler
 .text.MemManage_Handler
                0x000001b8        0x4 ./cr_startup_lpc17.o
                0x000001b8                MemManage_Handler
 .text.BusFault_Handler
                0x000001bc        0x4 ./cr_startup_lpc17.o
                0x000001bc                BusFault_Handler
 .text.UsageFault_Handler
                0x000001c0        0x4 ./cr_startup_lpc17.o
                0x000001c0                UsageFault_Handler
 .text.DebugMon_Handler
                0x000001c4        0x4 ./cr_startup_lpc17.o
                0x000001c4                DebugMon_Handler
 .text.Reset_Handler
                0x000001c8       0xbc ./cr_startup_lpc17.o
                0x000001c8                Reset_Handler
                0x000001c8                ResetISR
 .text.hard_fault_handler_c
                0x00000284       0x84 ./cr_startup_lpc17.o
                0x00000284                hard_fault_handler_c
 .text.IntDefaultHandler
                0x00000308       0x18 ./cr_startup_lpc17.o
                0x00000308                TIMER2_IRQHandler
                0x00000308                RIT_IRQHandler
                0x00000308                PWM1_IRQHandler
                0x00000308                EINT2_IRQHandler
                0x00000308                EINT3_IRQHandler
                0x00000308                TIMER3_IRQHandler
                0x00000308                PLL0_IRQHandler
                0x00000308                CAN_IRQHandler
                0x00000308                PLL1_IRQHandler
                0x00000308                RTC_IRQHandler
                0x00000308                TIMER0_IRQHandler
                0x00000308                EINT1_IRQHandler
                0x00000308                TIMER1_IRQHandler
                0x00000308                ADC_IRQHandler
                0x00000308                BOD_IRQHandler
                0x00000308                WDT_IRQHandler
                0x00000308                QEI_IRQHandler
                0x00000308                EINT0_IRQHandler
                0x00000308                MCPWM_IRQHandler
 .text.LCD_Init
                0x00000320       0xc8 ./lcd_i2c.o
                0x00000320                LCD_Init
 .text.LCD_ClearScreen
                0x000003e8       0xd4 ./lcd_i2c.o
                0x000003e8                LCD_ClearScreen
 .text.LCD_PrintText
                0x000004bc      0x120 ./lcd_i2c.o
                0x000004bc                LCD_PrintText
 .text.main     0x000005dc       0xc0 ./main.o
                0x000005dc                main
 .text.vSoftwareInterruptHandler
                0x0000069c       0x54 ./main.o
                0x0000069c                vSoftwareInterruptHandler
 .text.vApplicationMallocFailedHook
                0x000006f0        0x4 ./main.o
                0x000006f0                vApplicationMallocFailedHook
 .text.vApplicationStackOverflowHook
                0x000006f4       0x10 ./main.o
                0x000006f4                vApplicationStackOverflowHook
 .text.vApplicationIdleHook
                0x00000704        0x4 ./main.o
                0x00000704                vApplicationIdleHook
 .text.vApplicationTickHook
                0x00000708        0x4 ./main.o
                0x00000708                vApplicationTickHook
 .text.lEMACInit
                0x0000070c      0x988 ./webserver/emac.o
                0x0000070c                lEMACInit
 .text.ulGetEMACRxData
                0x00001094      0x228 ./webserver/emac.o
                0x00001094                ulGetEMACRxData
 .text.vSendEMACTxData
                0x000012bc      0x234 ./webserver/emac.o
                0x000012bc                vSendEMACTxData
 .text.vEMAC_ISR
                0x000014f0       0xfc ./webserver/emac.o
                0x000014f0                vEMAC_ISR
 .text.nullfunction
                0x000015ec        0x8 ./webserver/httpd-cgi.o
 .text.lcd_io   0x000015f4       0x4c ./webserver/httpd-cgi.o
 .text.led_io   0x00001640       0x4c ./webserver/httpd-cgi.o
 .text.run_time
                0x0000168c       0x4c ./webserver/httpd-cgi.o
 .text.rtos_stats
                0x000016d8       0x48 ./webserver/httpd-cgi.o
 .text.net_stats
                0x00001720       0x4c ./webserver/httpd-cgi.o
 .text.tcp_stats
                0x0000176c       0x5c ./webserver/httpd-cgi.o
 .text.generate_lcd_txt
                0x000017c8       0x24 ./webserver/httpd-cgi.o
 .text.generate_io_state
                0x000017ec       0x3c ./webserver/httpd-cgi.o
 .text.generate_runtime_stats
                0x00001828       0x3c ./webserver/httpd-cgi.o
 .text.generate_rtos_stats
                0x00001864       0x44 ./webserver/httpd-cgi.o
 .text.generate_net_stats
                0x000018a8       0x30 ./webserver/httpd-cgi.o
 .text.generate_tcp_stats
                0x000018d8       0xd4 ./webserver/httpd-cgi.o
 .text.file_stats
                0x000019ac       0x54 ./webserver/httpd-cgi.o
 .text.generate_file_stats
                0x00001a00       0x28 ./webserver/httpd-cgi.o
 .text.httpd_cgi
                0x00001a28       0x48 ./webserver/httpd-cgi.o
                0x00001a28                httpd_cgi
 .text.httpd_fs_open
                0x00001a70       0x70 ./webserver/httpd-fs.o
                0x00001a70                httpd_fs_open
 .text.httpd_fs_count
                0x00001ae0       0x60 ./webserver/httpd-fs.o
                0x00001ae0                httpd_fs_count
 .text.handle_input
                0x00001b40      0x118 ./webserver/httpd.o
 .text.send_headers
                0x00001c58      0x214 ./webserver/httpd.o
 .text.generate_part_of_file
                0x00001e6c       0x3c ./webserver/httpd.o
 .text.handle_output
                0x00001ea8      0x320 ./webserver/httpd.o
 .text.httpd_appcall
                0x000021c8       0xa4 ./webserver/httpd.o
                0x000021c8                httpd_appcall
 .text.networkd_appcall
                0x0000226c       0x1c ./webserver/httpd.o
                0x0000226c                networkd_appcall
 .text.httpd_init
                0x00002288        0x8 ./webserver/httpd.o
                0x00002288                httpd_init
 .text.psock_send
                0x00002290       0xc8 ./webserver/psock.o
                0x00002290                psock_send
 .text.psock_generator_send
                0x00002358      0x130 ./webserver/psock.o
                0x00002358                psock_generator_send
 .text.psock_datalen
                0x00002488        0xc ./webserver/psock.o
                0x00002488                psock_datalen
 .text.psock_readto
                0x00002494      0x188 ./webserver/psock.o
                0x00002494                psock_readto
 .text.psock_init
                0x0000261c       0x18 ./webserver/psock.o
                0x0000261c                psock_init
 .text.psock_sink_receive
                0x00002634       0x9c ./webserver/psock.o
                0x00002634                psock_sink_receive
 .text.timer_set
                0x000026d0       0x10 ./webserver/timer.o
                0x000026d0                timer_set
 .text.timer_reset
                0x000026e0        0xc ./webserver/timer.o
                0x000026e0                timer_reset
 .text.timer_expired
                0x000026ec       0x18 ./webserver/timer.o
                0x000026ec                timer_expired
 .text.clock_time
                0x00002704        0x4 ./webserver/uIP_Task.o
                0x00002704                clock_time
 .text.vuIP_Task
                0x00002708      0x414 ./webserver/uIP_Task.o
                0x00002708                vuIP_Task
 .text.vApplicationProcessFormInput
                0x00002b1c      0x1cc ./webserver/uIP_Task.o
                0x00002b1c                vApplicationProcessFormInput
 .text.uip_add_rcv_nxt
                0x00002ce8       0xa0 ./webserver/uip.o
 .text.uip_add32
                0x00002d88       0x64 ./webserver/uip.o
                0x00002d88                uip_add32
 .text.uip_tcpchksum
                0x00002dec      0x1e8 ./webserver/uip.o
                0x00002dec                uip_tcpchksum
 .text.uip_init
                0x00002fd4       0x64 ./webserver/uip.o
                0x00002fd4                uip_init
 .text.uip_connect
                0x00003038      0x384 ./webserver/uip.o
                0x00003038                uip_connect
 .text.uip_unlisten
                0x000033bc       0xac ./webserver/uip.o
                0x000033bc                uip_unlisten
 .text.uip_listen
                0x00003468       0xa4 ./webserver/uip.o
                0x00003468                uip_listen
 .text.uip_process
                0x0000350c     0x1ac0 ./webserver/uip.o
                0x0000350c                uip_process
 .text.htons    0x00004fcc        0xc ./webserver/uip.o
                0x00004fcc                htons
 .text.uip_send
                0x00004fd8       0x30 ./webserver/uip.o
                0x00004fd8                uip_send
 .text.uip_arp_update
                0x00005008      0x32c ./webserver/uip_arp.o
 .text.uip_arp_timer
                0x00005334       0x64 ./webserver/uip_arp.o
                0x00005334                uip_arp_timer
 .text.uip_arp_ipin
                0x00005398       0x68 ./webserver/uip_arp.o
                0x00005398                uip_arp_ipin
 .text.uip_arp_arpin
                0x00005400      0x150 ./webserver/uip_arp.o
                0x00005400                uip_arp_arpin
 .text.uip_arp_out
                0x00005550      0x2c0 ./webserver/uip_arp.o
                0x00005550                uip_arp_out
 .text.Append_part_of_file
                0x00005810       0x68 ./uip_ftp/Connections.o
 .text.Generate_part_of_file
                0x00005878       0x78 ./uip_ftp/Connections.o
 .text.Generate_list_data
                0x000058f0      0x14c ./uip_ftp/Connections.o
 .text.Generate_help_data
                0x00005a3c       0x68 ./uip_ftp/Connections.o
 .text.Send_257_response
                0x00005aa4       0x20 ./uip_ftp/Connections.o
 .text.Cmd_syst
                0x00005ac4       0xcc ./uip_ftp/Connections.o
                0x00005ac4                Cmd_syst
 .text.Cmd_help
                0x00005b90       0xd0 ./uip_ftp/Connections.o
                0x00005b90                Cmd_help
 .text.Cmd_stru
                0x00005c60       0x8c ./uip_ftp/Connections.o
                0x00005c60                Cmd_stru
 .text.Cmd_mode
                0x00005cec       0x8c ./uip_ftp/Connections.o
                0x00005cec                Cmd_mode
 .text.Cmd_abor
                0x00005d78       0x60 ./uip_ftp/Connections.o
                0x00005d78                Cmd_abor
 .text.Cmd_type
                0x00005dd8       0xa4 ./uip_ftp/Connections.o
                0x00005dd8                Cmd_type
 .text.Cmd_noop
                0x00005e7c       0x4c ./uip_ftp/Connections.o
                0x00005e7c                Cmd_noop
 .text.Cmd_quit
                0x00005ec8       0x58 ./uip_ftp/Connections.o
                0x00005ec8                Cmd_quit
 .text.Cmd_user
                0x00005f20       0x8c ./uip_ftp/Connections.o
                0x00005f20                Cmd_user
 .text.Cmd_ukwn
                0x00005fac       0x48 ./uip_ftp/Connections.o
                0x00005fac                Cmd_ukwn
 .text.Cmd_cdup
                0x00005ff4      0x108 ./uip_ftp/Connections.o
                0x00005ff4                Cmd_cdup
 .text.Cmd_pwd  0x000060fc       0x70 ./uip_ftp/Connections.o
                0x000060fc                Cmd_pwd
 .text.Cmd_cwd  0x0000616c      0x194 ./uip_ftp/Connections.o
                0x0000616c                Cmd_cwd
 .text.Cmd_rmd  0x00006300      0x310 ./uip_ftp/Connections.o
                0x00006300                Cmd_rmd
 .text.Cmd_dele
                0x00006610      0x314 ./uip_ftp/Connections.o
                0x00006610                Cmd_dele
 .text.Cmd_mkd  0x00006924      0x224 ./uip_ftp/Connections.o
                0x00006924                Cmd_mkd
 .text.Send_PASV_response
                0x00006b48       0x8c ./uip_ftp/Connections.o
 .text.Cmd_stor
                0x00006bd4      0x1c8 ./uip_ftp/Connections.o
                0x00006bd4                Cmd_stor
 .text.Cmd_retr
                0x00006d9c      0x258 ./uip_ftp/Connections.o
                0x00006d9c                Cmd_retr
 .text.Cmd_list
                0x00006ff4      0x258 ./uip_ftp/Connections.o
                0x00006ff4                Cmd_list
 .text.Cmd_port
                0x0000724c      0x190 ./uip_ftp/Connections.o
                0x0000724c                Cmd_port
 .text.Cmd_pasv
                0x000073dc       0x84 ./uip_ftp/Connections.o
                0x000073dc                Cmd_pasv
 .text.handle_cmd_input
                0x00007460      0x128 ./uip_ftp/Connections.o
                0x00007460                handle_cmd_input
 .text.handle_cmd_output
                0x00007588      0x11c ./uip_ftp/Connections.o
                0x00007588                handle_cmd_output
 .text.CloseFile
                0x000076a4       0x1c ./uip_ftp/Connections.o
                0x000076a4                CloseFile
 .text.handle_data_connection
                0x000076c0      0x1dc ./uip_ftp/Connections.o
                0x000076c0                handle_data_connection
 .text.ftpd_appcall
                0x0000789c      0x498 ./uip_ftp/FTPD.o
                0x0000789c                ftpd_appcall
 .text.ftpd_init
                0x00007d34       0x28 ./uip_ftp/FTPD.o
                0x00007d34                ftpd_init
 .text.appdata_init
                0x00007d5c       0x78 ./uip_ftp/ftp_main.o
                0x00007d5c                appdata_init
 .text.CLKPWR_SetPCLKDiv
                0x00007dd4       0x5c ./driver_source/lpc17xx_clkpwr.o
                0x00007dd4                CLKPWR_SetPCLKDiv
 .text.CLKPWR_GetPCLK
                0x00007e30       0x44 ./driver_source/lpc17xx_clkpwr.o
                0x00007e30                CLKPWR_GetPCLK
 .text.CLKPWR_ConfigPPWR
                0x00007e74       0x4c ./driver_source/lpc17xx_clkpwr.o
                0x00007e74                CLKPWR_ConfigPPWR
 .text.GPDMA_IntHandler
                0x00007ec0      0x2c0 ./driver_source/lpc17xx_gpdma.o
                0x00007ec0                GPDMA_IntHandler
 .text.GPIO_SetDir
                0x00008180       0x28 ./driver_source/lpc17xx_gpio.o
                0x00008180                GPIO_SetDir
 .text.GPIO_SetValue
                0x000081a8       0x18 ./driver_source/lpc17xx_gpio.o
                0x000081a8                GPIO_SetValue
 .text.GPIO_ClearValue
                0x000081c0       0x18 ./driver_source/lpc17xx_gpio.o
                0x000081c0                GPIO_ClearValue
 .text.GPIO_ReadValue
                0x000081d8       0x1c ./driver_source/lpc17xx_gpio.o
                0x000081d8                GPIO_ReadValue
 .text.I2C_MasterHandler
                0x000081f4      0x264 ./driver_source/lpc17xx_i2c.o
                0x000081f4                I2C_MasterHandler
 .text.I2C_Init
                0x00008458      0x104 ./driver_source/lpc17xx_i2c.o
                0x00008458                I2C_Init
 .text.I2C_Cmd  0x0000855c       0x64 ./driver_source/lpc17xx_i2c.o
                0x0000855c                I2C_Cmd
 .text.I2C_MasterTransferData
                0x000085c0      0x328 ./driver_source/lpc17xx_i2c.o
                0x000085c0                I2C_MasterTransferData
 .text.I2C0_StdIntHandler
                0x000088e8       0x18 ./driver_source/lpc17xx_i2c.o
                0x000088e8                I2C0_StdIntHandler
 .text.I2C1_StdIntHandler
                0x00008900       0x18 ./driver_source/lpc17xx_i2c.o
                0x00008900                I2C1_StdIntHandler
 .text.I2C2_StdIntHandler
                0x00008918       0x18 ./driver_source/lpc17xx_i2c.o
                0x00008918                I2C2_StdIntHandler
 .text.I2S_IntHandler
                0x00008930       0x5c ./driver_source/lpc17xx_i2s.o
                0x00008930                I2S_IntHandler
 .text.check_failed
                0x0000898c        0x4 ./driver_source/lpc17xx_libcfg_default.o
                0x0000898c                check_failed
 .text.PINSEL_ConfigPin
                0x00008990       0xa4 ./driver_source/lpc17xx_pinsel.o
                0x00008990                PINSEL_ConfigPin
 .text.RTC_Init
                0x00008a34       0x38 ./driver_source/lpc17xx_rtc.o
                0x00008a34                RTC_Init
 .text.RTC_ResetClockTickCounter
                0x00008a6c       0x34 ./driver_source/lpc17xx_rtc.o
                0x00008a6c                RTC_ResetClockTickCounter
 .text.RTC_Cmd  0x00008aa0       0x4c ./driver_source/lpc17xx_rtc.o
                0x00008aa0                RTC_Cmd
 .text.RTC_SetTime
                0x00008aec      0x144 ./driver_source/lpc17xx_rtc.o
                0x00008aec                RTC_SetTime
 .text.RTC_GetFullTime
                0x00008c30       0x70 ./driver_source/lpc17xx_rtc.o
                0x00008c30                RTC_GetFullTime
 .text.RTC_CalibCounterCmd
                0x00008ca0       0x50 ./driver_source/lpc17xx_rtc.o
                0x00008ca0                RTC_CalibCounterCmd
 .text.LPC17xx_SD_SendCmd
                0x00008cf0      0x1d0 ./driver_source/lpc17xx_sd.o
 .text.LPC17xx_SD_WirteDataBlock
                0x00008ec0      0x12c ./driver_source/lpc17xx_sd.o
 .text.MMC_disk_initialize
                0x00008fec      0x1b4 ./driver_source/lpc17xx_sd.o
                0x00008fec                MMC_disk_initialize
 .text.MMC_disk_ioctl
                0x000091a0      0x69c ./driver_source/lpc17xx_sd.o
                0x000091a0                MMC_disk_ioctl
 .text.MMC_disk_read
                0x0000983c      0x388 ./driver_source/lpc17xx_sd.o
                0x0000983c                MMC_disk_read
 .text.MMC_disk_status
                0x00009bc4       0x14 ./driver_source/lpc17xx_sd.o
                0x00009bc4                MMC_disk_status
 .text.MMC_disk_write
                0x00009bd8      0x21c ./driver_source/lpc17xx_sd.o
                0x00009bd8                MMC_disk_write
 .text.SPI_IntHandler
                0x00009df4       0xe8 ./driver_source/lpc17xx_spi.o
                0x00009df4                SPI_IntHandler
 .text.SPI_Init
                0x00009edc      0x100 ./driver_source/lpc17xx_spi.o
                0x00009edc                SPI_Init
 .text.SPI_ConfigStructInit
                0x00009fdc       0x20 ./driver_source/lpc17xx_spi.o
                0x00009fdc                SPI_ConfigStructInit
 .text.SPI_SendData
                0x00009ffc       0x24 ./driver_source/lpc17xx_spi.o
                0x00009ffc                SPI_SendData
 .text.SPI_ReceiveData
                0x0000a020       0x24 ./driver_source/lpc17xx_spi.o
                0x0000a020                SPI_ReceiveData
 .text.SSP0_StdIntHandler
                0x0000a044       0x18 ./driver_source/lpc17xx_ssp.o
                0x0000a044                SSP0_StdIntHandler
 .text.SSP1_StdIntHandler
                0x0000a05c       0x18 ./driver_source/lpc17xx_ssp.o
                0x0000a05c                SSP1_StdIntHandler
 .text.uart_set_divisors
                0x0000a074      0x65c ./driver_source/lpc17xx_uart.o
                0x0000a074                uart_set_divisors
 .text.UART_GenIntHandler
                0x0000a6d0      0x114 ./driver_source/lpc17xx_uart.o
                0x0000a6d0                UART_GenIntHandler
 .text.UART_Init
                0x0000a7e4      0x234 ./driver_source/lpc17xx_uart.o
                0x0000a7e4                UART_Init
 .text.UART_ConfigStructInit
                0x0000aa18       0x14 ./driver_source/lpc17xx_uart.o
                0x0000aa18                UART_ConfigStructInit
 .text.UART_IntConfig
                0x0000aa2c      0x13c ./driver_source/lpc17xx_uart.o
                0x0000aa2c                UART_IntConfig
 .text.UART_CheckBusy
                0x0000ab68       0x10 ./driver_source/lpc17xx_uart.o
                0x0000ab68                UART_CheckBusy
 .text.UART_FIFOConfig
                0x0000ab78       0xf8 ./driver_source/lpc17xx_uart.o
                0x0000ab78                UART_FIFOConfig
 .text.UART_FIFOConfigStructInit
                0x0000ac70       0x10 ./driver_source/lpc17xx_uart.o
                0x0000ac70                UART_FIFOConfigStructInit
 .text.UART_TxCmd
                0x0000ac80       0x8c ./driver_source/lpc17xx_uart.o
                0x0000ac80                UART_TxCmd
 .text.UART_FullModemForcePinState
                0x0000ad0c       0x74 ./driver_source/lpc17xx_uart.o
                0x0000ad0c                UART_FullModemForcePinState
 .text.UART_Send
                0x0000ad80      0x3b4 ./driver_source/lpc17xx_uart.o
                0x0000ad80                UART_Send
 .text.UART_Receive
                0x0000b134      0x5bc ./driver_source/lpc17xx_uart.o
                0x0000b134                UART_Receive
 .text.UART_SetupCbs
                0x0000b6f0       0x88 ./driver_source/lpc17xx_uart.o
                0x0000b6f0                UART_SetupCbs
 .text.UART0_StdIntHandler
                0x0000b778        0xc ./driver_source/lpc17xx_uart.o
                0x0000b778                UART0_StdIntHandler
 .text.UART1_StdIntHandler
                0x0000b784       0x18 ./driver_source/lpc17xx_uart.o
                0x0000b784                UART1_StdIntHandler
 .text.UART2_StdIntHandler
                0x0000b79c        0xc ./driver_source/lpc17xx_uart.o
                0x0000b79c                UART2_StdIntHandler
 .text.UART3_StdIntHandler
                0x0000b7a8        0xc ./driver_source/lpc17xx_uart.o
                0x0000b7a8                UART3_StdIntHandler
 .text.vZigbeeTask
                0x0000b7b4      0x118 ./Zigbee/Zigbee_task.o
                0x0000b7b4                vZigbeeTask
 .text.UART_IntReceive
                0x0000b8cc       0x54 ./Zigbee/uart.o
                0x0000b8cc                UART_IntReceive
 .text.UART_IntErr
                0x0000b920       0x24 ./Zigbee/uart.o
                0x0000b920                UART_IntErr
 .text.UART_IntTransmit
                0x0000b944       0xbc ./Zigbee/uart.o
                0x0000b944                UART_IntTransmit
 .text.UARTReceive_Zigbee
                0x0000ba00      0x18c ./Zigbee/uart.o
                0x0000ba00                UARTReceive_Zigbee
 .text.UART_Init_Zigbee
                0x0000bb8c      0x100 ./Zigbee/uart.o
                0x0000bb8c                UART_Init_Zigbee
 .text.UART_PrintChar_Zigbee
                0x0000bc8c      0x104 ./Zigbee/uart.o
                0x0000bc8c                UART_PrintChar_Zigbee
 .text.UART_Printf_Zigbee
                0x0000bd90      0x2d0 ./Zigbee/uart.o
                0x0000bd90                UART_Printf_Zigbee
 .text.UART1_IntReceive_usb
                0x0000c060       0xa4 ./UsbHost/Uart/usbhost_uart.o
                0x0000c060                UART1_IntReceive_usb
 .text.UART1_IntErr_usb
                0x0000c104       0x24 ./UsbHost/Uart/usbhost_uart.o
                0x0000c104                UART1_IntErr_usb
 .text.UART1_IntTransmit_usb
                0x0000c128       0xd4 ./UsbHost/Uart/usbhost_uart.o
                0x0000c128                UART1_IntTransmit_usb
 .text.UART_Init_usb
                0x0000c1fc      0x11c ./UsbHost/Uart/usbhost_uart.o
                0x0000c1fc                UART_Init_usb
 .text.UART_Printf
                0x0000c318       0x90 ./UsbHost/Uart/usbhost_uart.o
                0x0000c318                UART_Printf
 .text.MS_ParseConfiguration
                0x0000c3a8      0x100 ./UsbHost/MassStorage/usbhost_ms.o
                0x0000c3a8                MS_ParseConfiguration
 .text.Fill_MSCommand
                0x0000c4a8      0x12c ./UsbHost/MassStorage/usbhost_ms.o
                0x0000c4a8                Fill_MSCommand
 .text.MS_BulkSend
                0x0000c5d4       0x94 ./UsbHost/MassStorage/usbhost_ms.o
                0x0000c5d4                MS_BulkSend
 .text.MS_BulkRecv
                0x0000c668       0xa4 ./UsbHost/MassStorage/usbhost_ms.o
                0x0000c668                MS_BulkRecv
 .text.MS_Inquire
                0x0000c70c       0xb8 ./UsbHost/MassStorage/usbhost_ms.o
                0x0000c70c                MS_Inquire
 .text.MS_ReadCapacity
                0x0000c7c4       0x98 ./UsbHost/MassStorage/usbhost_ms.o
                0x0000c7c4                MS_ReadCapacity
 .text.MS_TestUnitReady
                0x0000c85c       0x64 ./UsbHost/MassStorage/usbhost_ms.o
                0x0000c85c                MS_TestUnitReady
 .text.MS_Init  0x0000c8c0      0x144 ./UsbHost/MassStorage/usbhost_ms.o
                0x0000c8c0                MS_Init
 .text.usb_host_main
                0x0000ca04      0x110 ./UsbHost/Main/usbhost_main.o
                0x0000ca04                usb_host_main
 .text.get_fattime
                0x0000cb14       0x3c ./UsbHost/Host/usb_ms_diskio.o
                0x0000cb14                get_fattime
 .text.USB_disk_initialize
                0x0000cb50       0xdc ./UsbHost/Host/usb_ms_diskio.o
                0x0000cb50                USB_disk_initialize
 .text.USB_disk_ioctl
                0x0000cc2c       0x3c ./UsbHost/Host/usb_ms_diskio.o
                0x0000cc2c                USB_disk_ioctl
 .text.USB_disk_read
                0x0000cc68       0x14 ./UsbHost/Host/usb_ms_diskio.o
                0x0000cc68                USB_disk_read
 .text.USB_disk_status
                0x0000cc7c        0x4 ./UsbHost/Host/usb_ms_diskio.o
                0x0000cc7c                USB_disk_status
 .text.USB_disk_write
                0x0000cc80       0x14 ./UsbHost/Host/usb_ms_diskio.o
                0x0000cc80                USB_disk_write
 .text.Host_Init
                0x0000cc94      0x24c ./UsbHost/Host/usbhost_lpc17xx.o
                0x0000cc94                Host_Init
 .text.USB_IRQHandler_host
                0x0000cee0       0xf8 ./UsbHost/Host/usbhost_lpc17xx.o
                0x0000cee0                USB_IRQHandler_host
 .text.Host_ProcessTD
                0x0000cfd8       0xec ./UsbHost/Host/usbhost_lpc17xx.o
                0x0000cfd8                Host_ProcessTD
 .text.Host_EnumDev
                0x0000d0c4      0x470 ./UsbHost/Host/usbhost_lpc17xx.o
                0x0000d0c4                Host_EnumDev
 .text.Host_CtrlRecv
                0x0000d534      0x120 ./UsbHost/Host/usbhost_lpc17xx.o
                0x0000d534                Host_CtrlRecv
 .text.WriteLE32U
                0x0000d654       0x24 ./UsbHost/Host/usbhost_lpc17xx.o
                0x0000d654                WriteLE32U
 .text.ReadLE16U
                0x0000d678       0x18 ./UsbHost/Host/usbhost_lpc17xx.o
                0x0000d678                ReadLE16U
 .text.ReadBE32U
                0x0000d690       0x24 ./UsbHost/Host/usbhost_lpc17xx.o
                0x0000d690                ReadBE32U
 .text.WriteBE32U
                0x0000d6b4       0x24 ./UsbHost/Host/usbhost_lpc17xx.o
                0x0000d6b4                WriteBE32U
 .text.WriteBE16U
                0x0000d6d8       0x10 ./UsbHost/Host/usbhost_lpc17xx.o
                0x0000d6d8                WriteBE16U
 .text.ff_convert
                0x0000d6e8      0x218 ./FatFs/option/cc932.o
                0x0000d6e8                ff_convert
 .text.ff_wtoupper
                0x0000d900       0x34 ./FatFs/option/cc932.o
                0x0000d900                ff_wtoupper
 .text.disk_initialize
                0x0000d934       0x58 ./FatFs/diskio.o
                0x0000d934                disk_initialize
 .text.disk_status
                0x0000d98c       0x20 ./FatFs/diskio.o
                0x0000d98c                disk_status
 .text.disk_read
                0x0000d9ac       0x28 ./FatFs/diskio.o
                0x0000d9ac                disk_read
 .text.disk_write
                0x0000d9d4       0x28 ./FatFs/diskio.o
                0x0000d9d4                disk_write
 .text.disk_ioctl
                0x0000d9fc       0x30 ./FatFs/diskio.o
                0x0000d9fc                disk_ioctl
 .text.get_fileinfo
                0x0000da2c      0x330 ./FatFs/ff.o
 .text.chk_mounted
                0x0000dd5c      0x468 ./FatFs/ff.o
 .text.sync     0x0000e1c4      0x1c4 ./FatFs/ff.o
 .text.get_fat  0x0000e388      0x508 ./FatFs/ff.o
                0x0000e388                get_fat
 .text.dir_sdi  0x0000e890       0xb4 ./FatFs/ff.o
 .text.put_fat  0x0000e944      0x5e4 ./FatFs/ff.o
                0x0000e944                put_fat
 .text.create_chain
                0x0000ef28      0x178 ./FatFs/ff.o
 .text.dir_next
                0x0000f0a0      0x3a0 ./FatFs/ff.o
 .text.dir_find
                0x0000f440      0x694 ./FatFs/ff.o
 .text.follow_path
                0x0000fad4      0x5f8 ./FatFs/ff.o
 .text.dir_remove
                0x000100cc      0x18c ./FatFs/ff.o
 .text.dir_read
                0x00010258      0x4f0 ./FatFs/ff.o
 .text.dir_register
                0x00010748      0xb80 ./FatFs/ff.o
 .text.f_mount  0x000112c8       0x3c ./FatFs/ff.o
                0x000112c8                f_mount
 .text.f_open   0x00011304      0x3d0 ./FatFs/ff.o
                0x00011304                f_open
 .text.f_read   0x000116d4      0x3c8 ./FatFs/ff.o
                0x000116d4                f_read
 .text.f_write  0x00011a9c      0x450 ./FatFs/ff.o
                0x00011a9c                f_write
 .text.f_sync   0x00011eec      0x1dc ./FatFs/ff.o
                0x00011eec                f_sync
 .text.f_close  0x000120c8       0x44 ./FatFs/ff.o
                0x000120c8                f_close
 .text.f_chdrive
                0x0001210c       0x18 ./FatFs/ff.o
                0x0001210c                f_chdrive
 .text.f_chdir  0x00012124       0x70 ./FatFs/ff.o
                0x00012124                f_chdir
 .text.f_getcwd
                0x00012194      0x294 ./FatFs/ff.o
                0x00012194                f_getcwd
 .text.f_lseek  0x00012428      0x1c8 ./FatFs/ff.o
                0x00012428                f_lseek
 .text.f_opendir
                0x000125f0       0x70 ./FatFs/ff.o
                0x000125f0                f_opendir
 .text.f_readdir
                0x00012660       0x74 ./FatFs/ff.o
                0x00012660                f_readdir
 .text.f_truncate
                0x000126d4      0x170 ./FatFs/ff.o
                0x000126d4                f_truncate
 .text.f_unlink
                0x00012844      0x184 ./FatFs/ff.o
                0x00012844                f_unlink
 .text.f_mkdir  0x000129c8      0x444 ./FatFs/ff.o
                0x000129c8                f_mkdir
 .text.SystemInit
                0x00012e0c       0xe4 /home/nlv14991/workspaceLPC/STE-LPC1768-/CMSISv2p00_LPC17xx/Debug/libCMSISv2p00_LPC17xx.a(system_LPC17xx.o)
                0x00012e0c                SystemInit
 .text          0x00012ef0      0x510 /home/nlv14991/workspaceLPC/STE-LPC1768-/FreeRTOS_Library/Debug/libFreeRTOS_Library.a(queue.o)
                0x00012fec                xQueueCreate
                0x00013058                xQueueCreateCountingSemaphore
                0x00013068                xQueueGenericSend
                0x00013158                xQueueCreateMutex
                0x0001319c                xQueueGenericSendFromISR
                0x000131fc                xQueueGenericReceive
                0x00013344                xQueueReceiveFromISR
                0x000133b8                uxQueueMessagesWaiting
                0x000133cc                uxQueueMessagesWaitingFromISR
                0x000133d0                vQueueDelete
                0x000133e4                xQueueIsQueueEmptyFromISR
                0x000133f0                xQueueIsQueueFullFromISR
 .text          0x00013400      0xb58 /home/nlv14991/workspaceLPC/STE-LPC1768-/FreeRTOS_Library/Debug/libFreeRTOS_Library.a(tasks.o)
                0x00013400                xTaskGenericCreate
                0x000135c4                vTaskDelete
                0x00013634                uxTaskPriorityGet
                0x0001365c                vTaskPrioritySet
                0x0001370c                xTaskIsTaskSuspended
                0x00013734                vTaskResume
                0x000137b0                xTaskResumeFromISR
                0x00013828                vTaskStartScheduler
                0x0001387c                vTaskEndScheduler
                0x00013898                vTaskSuspendAll
                0x000138ac                xTaskGetTickCount
                0x000138c8                xTaskGetTickCountFromISR
                0x000138d8                uxTaskGetNumberOfTasks
                0x000138e4                vTaskIncrementTick
                0x000139a8                xTaskResumeAll
                0x00013b00                vTaskDelay
                0x00013b54                vTaskDelayUntil
                0x00013bd8                vTaskSwitchContext
                0x00013cb0                vTaskSuspend
                0x00013d1c                vTaskPlaceOnEventList
                0x00013d84                xTaskRemoveFromEventList
                0x00013dec                vTaskSetTimeOutState
                0x00013e04                xTaskCheckForTimeOut
                0x00013e80                vTaskMissedYield
                0x00013e90                xTaskGetCurrentTaskHandle
                0x00013e9c                vTaskPriorityInherit
                0x00013f08                vTaskPriorityDisinherit
 .text          0x00013f58      0x134 /home/nlv14991/workspaceLPC/STE-LPC1768-/FreeRTOS_Library/Debug/libFreeRTOS_Library.a(heap_2.o)
                0x00013f58                pvPortMalloc
                0x00014030                vPortFree
                0x00014078                xPortGetFreeHeapSize
                0x00014088                vPortInitialiseBlocks
 .text          0x0001408c      0x158 /home/nlv14991/workspaceLPC/STE-LPC1768-/FreeRTOS_Library/Debug/libFreeRTOS_Library.a(port.o)
                0x0001408c                pxPortInitialiseStack
                0x000140b0                vPortSVCHandler
                0x000140d0                vPortStartFirstTask
                0x000140dc                xPortStartScheduler
                0x00014130                vPortEndScheduler
                0x00014134                vPortYieldFromISR
                0x00014144                vPortEnterCritical
                0x0001415c                vPortExitCritical
                0x00014178                xPortPendSVHandler
                0x000141b4                xPortSysTickHandler
 .text          0x000141e4       0x9c /home/nlv14991/workspaceLPC/STE-LPC1768-/FreeRTOS_Library/Debug/libFreeRTOS_Library.a(list.o)
                0x000141e4                vListInitialise
                0x000141fc                vListInitialiseItem
                0x00014204                vListInsertEnd
                0x00014220                vListInsert
                0x0001425c                vListRemove
 .text          0x00014280       0x2c /usr/local/lpcxpresso_4.2.3_255/lpcxpresso/tools/bin/../lib/gcc/arm-none-eabi/4.5.1/thumb2/libgcc.a(_aeabi_uldivmod.o)
                0x00014280                __aeabi_uldivmod
 .text          0x000142ac       0x60 /usr/local/lpcxpresso_4.2.3_255/lpcxpresso/tools/bin/../lib/gcc/arm-none-eabi/4.5.1/thumb2/libgcc.a(bpabi.o)
                0x000142ac                __gnu_ldivmod_helper
                0x000142dc                __gnu_uldivmod_helper
 .text          0x0001430c        0x4 /usr/local/lpcxpresso_4.2.3_255/lpcxpresso/tools/bin/../lib/gcc/arm-none-eabi/4.5.1/thumb2/libgcc.a(_dvmd_tls.o)
                0x0001430c                __aeabi_ldiv0
                0x0001430c                __aeabi_idiv0
 .text          0x00014310      0x364 /usr/local/lpcxpresso_4.2.3_255/lpcxpresso/tools/bin/../lib/gcc/arm-none-eabi/4.5.1/thumb2/libgcc.a(_divdi3.o)
                0x00014310                __divdi3
 .text          0x00014674      0x314 /usr/local/lpcxpresso_4.2.3_255/lpcxpresso/tools/bin/../lib/gcc/arm-none-eabi/4.5.1/thumb2/libgcc.a(_udivdi3.o)
                0x00014674                __udivdi3
 .text          0x00014988      0x278 /usr/local/lpcxpresso_4.2.3_255/lpcxpresso/tools/bin/../lib/gcc/arm-none-eabi/4.5.1/thumb2/libgcc.a(_udivsi3.o)
                0x00014988                __udivsi3
                0x00014988                __aeabi_uidiv
                0x00014be4                __aeabi_uidivmod
 .text          0x00014c00       0x58 /usr/local/lpcxpresso_4.2.3_255/lpcxpresso/tools/bin/../lib/gcc/arm-none-eabi/4.5.1/../../../../arm-none-eabi/lib/thumb2/libc.a(lib_a-memcmp.o)
                0x00014c00                memcmp
 .text          0x00014c58      0x150 /usr/local/lpcxpresso_4.2.3_255/lpcxpresso/tools/bin/../lib/gcc/arm-none-eabi/4.5.1/../../../../arm-none-eabi/lib/thumb2/libc.a(lib_a-memcpy.o)
                0x00014c58                memcpy
 .text          0x00014da8       0xb4 /usr/local/lpcxpresso_4.2.3_255/lpcxpresso/tools/bin/../lib/gcc/arm-none-eabi/4.5.1/../../../../arm-none-eabi/lib/thumb2/libc.a(lib_a-memset.o)
                0x00014da8                memset
 .text          0x00014e5c       0xd0 /usr/local/lpcxpresso_4.2.3_255/lpcxpresso/tools/bin/../lib/gcc/arm-none-eabi/4.5.1/../../../../arm-none-eabi/lib/thumb2/libc.a(lib_a-snprintf.o)
                0x00014e5c                _snprintf_r
                0x00014ec0                snprintf
 .text          0x00014f2c       0x94 /usr/local/lpcxpresso_4.2.3_255/lpcxpresso/tools/bin/../lib/gcc/arm-none-eabi/4.5.1/../../../../arm-none-eabi/lib/thumb2/libc.a(lib_a-sprintf.o)
                0x00014f2c                _sprintf_r
                0x00014f70                sprintf
 .text          0x00014fc0       0xb4 /usr/local/lpcxpresso_4.2.3_255/lpcxpresso/tools/bin/../lib/gcc/arm-none-eabi/4.5.1/../../../../arm-none-eabi/lib/thumb2/libc.a(lib_a-sscanf.o)
                0x00014fc0                sscanf
                0x0001501c                _sscanf_r
 .text          0x00015074       0x94 /usr/local/lpcxpresso_4.2.3_255/lpcxpresso/tools/bin/../lib/gcc/arm-none-eabi/4.5.1/../../../../arm-none-eabi/lib/thumb2/libc.a(lib_a-stdio.o)
                0x00015074                __sread
                0x00015098                __seofread
                0x0001509c                __swrite
                0x000150d8                __sseek
                0x00015100                __sclose
 .text          0x00015108       0x50 /usr/local/lpcxpresso_4.2.3_255/lpcxpresso/tools/bin/../lib/gcc/arm-none-eabi/4.5.1/../../../../arm-none-eabi/lib/thumb2/libc.a(lib_a-strcat.o)
                0x00015108                strcat
 .text          0x00015158      0x10c /usr/local/lpcxpresso_4.2.3_255/lpcxpresso/tools/bin/../lib/gcc/arm-none-eabi/4.5.1/../../../../arm-none-eabi/lib/thumb2/libc.a(lib_a-strchr.o)
                0x00015158                strchr
 .text          0x00015264      0x1dc /usr/local/lpcxpresso_4.2.3_255/lpcxpresso/tools/bin/../lib/gcc/arm-none-eabi/4.5.1/../../../../arm-none-eabi/lib/thumb2/libc.a(lib_a-strcmp.o)
                0x00015264                strcmp
 .text          0x00015440       0xbc /usr/local/lpcxpresso_4.2.3_255/lpcxpresso/tools/bin/../lib/gcc/arm-none-eabi/4.5.1/../../../../arm-none-eabi/lib/thumb2/libc.a(lib_a-strcpy.o)
                0x00015440                strcpy
 .text          0x000154fc       0x60 /usr/local/lpcxpresso_4.2.3_255/lpcxpresso/tools/bin/../lib/gcc/arm-none-eabi/4.5.1/../../../../arm-none-eabi/lib/thumb2/libc.a(lib_a-strlen.o)
                0x000154fc                strlen
 .text          0x0001555c       0xa0 /usr/local/lpcxpresso_4.2.3_255/lpcxpresso/tools/bin/../lib/gcc/arm-none-eabi/4.5.1/../../../../arm-none-eabi/lib/thumb2/libc.a(lib_a-strncmp.o)
                0x0001555c                strncmp
 .text          0x000155fc       0x7c /usr/local/lpcxpresso_4.2.3_255/lpcxpresso/tools/bin/../lib/gcc/arm-none-eabi/4.5.1/../../../../arm-none-eabi/lib/thumb2/libc.a(lib_a-strncpy.o)
                0x000155fc                strncpy
 .text          0x00015678       0x28 /usr/local/lpcxpresso_4.2.3_255/lpcxpresso/tools/bin/../lib/gcc/arm-none-eabi/4.5.1/../../../../arm-none-eabi/lib/thumb2/libc.a(lib_a-strrchr.o)
                0x00015678                strrchr
 .text          0x000156a0      0x510 /usr/local/lpcxpresso_4.2.3_255/lpcxpresso/tools/bin/../lib/gcc/arm-none-eabi/4.5.1/../../../../arm-none-eabi/lib/thumb2/libc.a(lib_a-strstr.o)
                0x00015994                strstr
 .text          0x00015bb0     0x1658 /usr/local/lpcxpresso_4.2.3_255/lpcxpresso/tools/bin/../lib/gcc/arm-none-eabi/4.5.1/../../../../arm-none-eabi/lib/thumb2/libc.a(lib_a-svfprintf.o)
                0x00015bb0                _svfprintf_r
 .text          0x00017208      0xfa0 /usr/local/lpcxpresso_4.2.3_255/lpcxpresso/tools/bin/../lib/gcc/arm-none-eabi/4.5.1/../../../../arm-none-eabi/lib/thumb2/libc.a(lib_a-svfscanf.o)
                0x00017208                __ssvfscanf_r
 .text          0x000181a8       0x4c /usr/local/lpcxpresso_4.2.3_255/lpcxpresso/tools/bin/../lib/gcc/arm-none-eabi/4.5.1/../../../../arm-none-eabi/lib/thumb2/libc.a(lib_a-vsprintf.o)
                0x000181a8                _vsprintf_r
                0x000181dc                vsprintf
 .text          0x000181f4       0x2c /usr/local/lpcxpresso_4.2.3_255/lpcxpresso/tools/bin/../lib/gcc/arm-none-eabi/4.5.1/../../../../arm-none-eabi/lib/thumb2/libc.a(lib_a-writer.o)
                0x000181f4                _write_r
 .text          0x00018220       0x28 /usr/local/lpcxpresso_4.2.3_255/lpcxpresso/tools/bin/../lib/gcc/arm-none-eabi/4.5.1/../../../../arm-none-eabi/lib/thumb2/libc.a(lib_a-closer.o)
                0x00018220                _close_r
 .text          0x00018248     0x1000 /usr/local/lpcxpresso_4.2.3_255/lpcxpresso/tools/bin/../lib/gcc/arm-none-eabi/4.5.1/../../../../arm-none-eabi/lib/thumb2/libc.a(lib_a-dtoa.o)
                0x00018374                _dtoa_r
 .text          0x00019248      0x1f4 /usr/local/lpcxpresso_4.2.3_255/lpcxpresso/tools/bin/../lib/gcc/arm-none-eabi/4.5.1/../../../../arm-none-eabi/lib/thumb2/libc.a(lib_a-fflush.o)
                0x00019248                _fflush_r
                0x00019414                fflush
 .text          0x0001943c      0x220 /usr/local/lpcxpresso_4.2.3_255/lpcxpresso/tools/bin/../lib/gcc/arm-none-eabi/4.5.1/../../../../arm-none-eabi/lib/thumb2/libc.a(lib_a-findfp.o)
                0x00019444                _cleanup_r
                0x00019450                __sfmoreglue
                0x00019480                _cleanup
                0x0001948c                __sinit
                0x00019594                __sfp
                0x0001961c                __sfp_lock_acquire
                0x00019620                __sfp_lock_release
                0x00019624                __sinit_lock_acquire
                0x00019628                __sinit_lock_release
                0x0001962c                __fp_lock_all
                0x00019644                __fp_unlock_all
 .text          0x0001965c      0x240 /usr/local/lpcxpresso_4.2.3_255/lpcxpresso/tools/bin/../lib/gcc/arm-none-eabi/4.5.1/../../../../arm-none-eabi/lib/thumb2/libc.a(lib_a-freer.o)
                0x0001965c                _malloc_trim_r
                0x00019704                _free_r
 .text          0x0001989c       0xa0 /usr/local/lpcxpresso_4.2.3_255/lpcxpresso/tools/bin/../lib/gcc/arm-none-eabi/4.5.1/../../../../arm-none-eabi/lib/thumb2/libc.a(lib_a-fwalk.o)
                0x0001989c                _fwalk
                0x000198e8                _fwalk_reent
 .text          0x0001993c       0x1c /usr/local/lpcxpresso_4.2.3_255/lpcxpresso/tools/bin/../lib/gcc/arm-none-eabi/4.5.1/../../../../arm-none-eabi/lib/thumb2/libc.a(lib_a-iswspace.o)
                0x0001993c                iswspace
 .text          0x00019958       0xa0 /usr/local/lpcxpresso_4.2.3_255/lpcxpresso/tools/bin/../lib/gcc/arm-none-eabi/4.5.1/../../../../arm-none-eabi/lib/thumb2/libc.a(lib_a-locale.o)
                0x00019958                _setlocale_r
                0x000199b4                __locale_charset
                0x000199c0                __locale_mb_cur_max
                0x000199cc                __locale_msgcharset
                0x000199d4                __locale_cjk_lang
                0x000199d8                _localeconv_r
                0x000199e0                setlocale
                0x000199f0                localeconv
 .text          0x000199f8       0x2c /usr/local/lpcxpresso_4.2.3_255/lpcxpresso/tools/bin/../lib/gcc/arm-none-eabi/4.5.1/../../../../arm-none-eabi/lib/thumb2/libc.a(lib_a-lseekr.o)
                0x000199f8                _lseek_r
 .text          0x00019a24       0x20 /usr/local/lpcxpresso_4.2.3_255/lpcxpresso/tools/bin/../lib/gcc/arm-none-eabi/4.5.1/../../../../arm-none-eabi/lib/thumb2/libc.a(lib_a-malloc.o)
                0x00019a24                malloc
                0x00019a34                free
 .text          0x00019a44      0x57c /usr/local/lpcxpresso_4.2.3_255/lpcxpresso/tools/bin/../lib/gcc/arm-none-eabi/4.5.1/../../../../arm-none-eabi/lib/thumb2/libc.a(lib_a-mallocr.o)
                0x00019a44                _malloc_r
 .text          0x00019fc0       0xe8 /usr/local/lpcxpresso_4.2.3_255/lpcxpresso/tools/bin/../lib/gcc/arm-none-eabi/4.5.1/../../../../arm-none-eabi/lib/thumb2/libc.a(lib_a-mbrtowc.o)
                0x00019fc0                _mbrtowc_r
                0x0001a028                mbrtowc
 .text          0x0001a0a8       0x5c /usr/local/lpcxpresso_4.2.3_255/lpcxpresso/tools/bin/../lib/gcc/arm-none-eabi/4.5.1/../../../../arm-none-eabi/lib/thumb2/libc.a(lib_a-mbtowc_r.o)
                0x0001a0a8                __ascii_mbtowc
                0x0001a0d0                _mbtowc_r
 .text          0x0001a104       0x88 /usr/local/lpcxpresso_4.2.3_255/lpcxpresso/tools/bin/../lib/gcc/arm-none-eabi/4.5.1/../../../../arm-none-eabi/lib/thumb2/libc.a(lib_a-memchr.o)
                0x0001a104                memchr
 .text          0x0001a18c        0x8 /usr/local/lpcxpresso_4.2.3_255/lpcxpresso/tools/bin/../lib/gcc/arm-none-eabi/4.5.1/../../../../arm-none-eabi/lib/thumb2/libc.a(lib_a-mlock.o)
                0x0001a18c                __malloc_lock
                0x0001a190                __malloc_unlock
 .text          0x0001a194      0x920 /usr/local/lpcxpresso_4.2.3_255/lpcxpresso/tools/bin/../lib/gcc/arm-none-eabi/4.5.1/../../../../arm-none-eabi/lib/thumb2/libc.a(lib_a-mprec.o)
                0x0001a194                _Balloc
                0x0001a1fc                _Bfree
                0x0001a234                __multadd
                0x0001a2b8                __s2b
                0x0001a34c                __hi0bits
                0x0001a38c                __lo0bits
                0x0001a3f0                __i2b
                0x0001a404                __multiply
                0x0001a52c                __pow5mult
                0x0001a5d0                __lshift
                0x0001a67c                __mcmp
                0x0001a6b8                __mdiff
                0x0001a7b0                __ulp
                0x0001a7f8                __b2d
                0x0001a8a4                __d2b
                0x0001a96c                __ratio
                0x0001a9dc                _mprec_log10
                0x0001aa10                __copybits
                0x0001aa58                __any_on
 .text          0x0001aab4       0x2c /usr/local/lpcxpresso_4.2.3_255/lpcxpresso/tools/bin/../lib/gcc/arm-none-eabi/4.5.1/../../../../arm-none-eabi/lib/thumb2/libc.a(lib_a-readr.o)
                0x0001aab4                _read_r
 .text          0x0001aae0       0x90 /usr/local/lpcxpresso_4.2.3_255/lpcxpresso/tools/bin/../lib/gcc/arm-none-eabi/4.5.1/../../../../arm-none-eabi/lib/thumb2/libc.a(lib_a-s_fpclassify.o)
                0x0001aae0                __fpclassifyd
 .text          0x0001ab70       0x28 /usr/local/lpcxpresso_4.2.3_255/lpcxpresso/tools/bin/../lib/gcc/arm-none-eabi/4.5.1/../../../../arm-none-eabi/lib/thumb2/libc.a(lib_a-sbrkr.o)
                0x0001ab70                _sbrk_r
 .text          0x0001ab98       0x78 /usr/local/lpcxpresso_4.2.3_255/lpcxpresso/tools/bin/../lib/gcc/arm-none-eabi/4.5.1/../../../../arm-none-eabi/lib/thumb2/libc.a(lib_a-sccl.o)
                0x0001ab98                __sccl
 .text          0x0001ac10        0x8 /usr/local/lpcxpresso_4.2.3_255/lpcxpresso/tools/bin/../lib/gcc/arm-none-eabi/4.5.1/../../../../arm-none-eabi/lib/thumb2/libc.a(lib_a-sf_nan.o)
                0x0001ac10                nanf
 .text          0x0001ac18     0x1098 /usr/local/lpcxpresso_4.2.3_255/lpcxpresso/tools/bin/../lib/gcc/arm-none-eabi/4.5.1/../../../../arm-none-eabi/lib/thumb2/libc.a(lib_a-strtod.o)
                0x0001ac48                _strtod_r
                0x0001bbdc                strtod
                0x0001bbf0                strtof
 .text          0x0001bcb0      0x17c /usr/local/lpcxpresso_4.2.3_255/lpcxpresso/tools/bin/../lib/gcc/arm-none-eabi/4.5.1/../../../../arm-none-eabi/lib/thumb2/libc.a(lib_a-strtol.o)
                0x0001bcb0                _strtol_r
                0x0001be14                strtol
 .text          0x0001be2c      0x1d0 /usr/local/lpcxpresso_4.2.3_255/lpcxpresso/tools/bin/../lib/gcc/arm-none-eabi/4.5.1/../../../../arm-none-eabi/lib/thumb2/libc.a(lib_a-strtoll_r.o)
                0x0001be2c                _strtoll_r
 .text          0x0001bffc      0x17c /usr/local/lpcxpresso_4.2.3_255/lpcxpresso/tools/bin/../lib/gcc/arm-none-eabi/4.5.1/../../../../arm-none-eabi/lib/thumb2/libc.a(lib_a-strtoul.o)
                0x0001bffc                _strtoul_r
                0x0001c160                strtoul
 .text          0x0001c178      0x1d0 /usr/local/lpcxpresso_4.2.3_255/lpcxpresso/tools/bin/../lib/gcc/arm-none-eabi/4.5.1/../../../../arm-none-eabi/lib/thumb2/libc.a(lib_a-strtoull_r.o)
                0x0001c178                _strtoull_r
 .text          0x0001c348      0xbe4 /usr/local/lpcxpresso_4.2.3_255/lpcxpresso/tools/bin/../lib/gcc/arm-none-eabi/4.5.1/../../../../arm-none-eabi/lib/thumb2/libc.a(lib_a-svfiprintf.o)
                0x0001c348                __ssprint_r
                0x0001c450                _svfiprintf_r
 .text          0x0001cf2c      0xc14 /usr/local/lpcxpresso_4.2.3_255/lpcxpresso/tools/bin/../lib/gcc/arm-none-eabi/4.5.1/../../../../arm-none-eabi/lib/thumb2/libc.a(lib_a-svfiscanf.o)
                0x0001cf2c                _sungetc_r
                0x0001cfb8                __ssrefill_r
                0x0001cff4                _sfread_r
                0x0001d06c                __ssvfiscanf_r
 .text          0x0001db40      0x1ac /usr/local/lpcxpresso_4.2.3_255/lpcxpresso/tools/bin/../lib/gcc/arm-none-eabi/4.5.1/../../../../arm-none-eabi/lib/thumb2/libc.a(lib_a-ungetc.o)
                0x0001db40                __submore
                0x0001dbc4                _ungetc_r
                0x0001dcdc                ungetc
 .text          0x0001dcec       0x5c /usr/local/lpcxpresso_4.2.3_255/lpcxpresso/tools/bin/../lib/gcc/arm-none-eabi/4.5.1/../../../../arm-none-eabi/lib/thumb2/libc.a(lib_a-callocr.o)
                0x0001dcec                _calloc_r
 .text          0x0001dd48       0xc4 /usr/local/lpcxpresso_4.2.3_255/lpcxpresso/tools/bin/../lib/gcc/arm-none-eabi/4.5.1/../../../../arm-none-eabi/lib/thumb2/libc.a(lib_a-fclose.o)
                0x0001dd48                _fclose_r
                0x0001ddfc                fclose
 .text          0x0001de0c      0x688 /usr/local/lpcxpresso_4.2.3_255/lpcxpresso/tools/bin/../lib/gcc/arm-none-eabi/4.5.1/../../../../arm-none-eabi/lib/thumb2/libc.a(lib_a-gdtoa-gethex.o)
                0x0001dea4                __hexdig_init
                0x0001defc                __gethex
 .text          0x0001e494      0x1cc /usr/local/lpcxpresso_4.2.3_255/lpcxpresso/tools/bin/../lib/gcc/arm-none-eabi/4.5.1/../../../../arm-none-eabi/lib/thumb2/libc.a(lib_a-gdtoa-hexnan.o)
                0x0001e494                __hexnan
 .text          0x0001e660       0xa0 /usr/local/lpcxpresso_4.2.3_255/lpcxpresso/tools/bin/../lib/gcc/arm-none-eabi/4.5.1/../../../../arm-none-eabi/lib/thumb2/libc.a(lib_a-memmove.o)
                0x0001e660                memmove
 .text          0x0001e700      0x41c /usr/local/lpcxpresso_4.2.3_255/lpcxpresso/tools/bin/../lib/gcc/arm-none-eabi/4.5.1/../../../../arm-none-eabi/lib/thumb2/libc.a(lib_a-reallocr.o)
                0x0001e700                _realloc_r
 .text          0x0001eb1c       0x3c /usr/local/lpcxpresso_4.2.3_255/lpcxpresso/tools/bin/../lib/gcc/arm-none-eabi/4.5.1/../../../../arm-none-eabi/lib/thumb2/libcr_newlib_nohost.a(_cr_sbrk.o)
                0x0001eb1c                _sbrk
 .text          0x0001eb58       0x10 /usr/local/lpcxpresso_4.2.3_255/lpcxpresso/tools/bin/../lib/gcc/arm-none-eabi/4.5.1/../../../../arm-none-eabi/lib/thumb2/libcr_newlib_nohost.a(close.o)
                0x0001eb58                _close
 .text          0x0001eb68       0x10 /usr/local/lpcxpresso_4.2.3_255/lpcxpresso/tools/bin/../lib/gcc/arm-none-eabi/4.5.1/../../../../arm-none-eabi/lib/thumb2/libcr_newlib_nohost.a(lseek.o)
                0x0001eb68                _lseek
 .text          0x0001eb78       0x10 /usr/local/lpcxpresso_4.2.3_255/lpcxpresso/tools/bin/../lib/gcc/arm-none-eabi/4.5.1/../../../../arm-none-eabi/lib/thumb2/libcr_newlib_nohost.a(read.o)
                0x0001eb78                _read
 .text          0x0001eb88       0x10 /usr/local/lpcxpresso_4.2.3_255/lpcxpresso/tools/bin/../lib/gcc/arm-none-eabi/4.5.1/../../../../arm-none-eabi/lib/thumb2/libcr_newlib_nohost.a(write.o)
                0x0001eb88                _write
 .text          0x0001eb98       0x2c /usr/local/lpcxpresso_4.2.3_255/lpcxpresso/tools/bin/../lib/gcc/arm-none-eabi/4.5.1/../../../../arm-none-eabi/lib/thumb2/libcr_newlib_nohost.a(_cr_check_heap.o)
                0x0001eb98                __check_heap_overflow
 .text          0x0001ebc4      0x370 /usr/local/lpcxpresso_4.2.3_255/lpcxpresso/tools/bin/../lib/gcc/arm-none-eabi/4.5.1/thumb2/libgcc.a(_arm_addsubdf3.o)
                0x0001ebc4                __aeabi_drsub
                0x0001ebcc                __aeabi_dsub
                0x0001ebcc                __subdf3
                0x0001ebd0                __adddf3
                0x0001ebd0                __aeabi_dadd
                0x0001ee48                __aeabi_ui2d
                0x0001ee48                __floatunsidf
                0x0001ee68                __floatsidf
                0x0001ee68                __aeabi_i2d
                0x0001ee8c                __extendsfdf2
                0x0001ee8c                __aeabi_f2d
                0x0001eec8                __aeabi_ul2d
                0x0001eec8                __floatundidf
                0x0001eed8                __floatdidf
                0x0001eed8                __aeabi_l2d
 .text          0x0001ef34      0x424 /usr/local/lpcxpresso_4.2.3_255/lpcxpresso/tools/bin/../lib/gcc/arm-none-eabi/4.5.1/thumb2/libgcc.a(_arm_muldivdf3.o)
                0x0001ef34                __aeabi_dmul
                0x0001ef34                __muldf3
                0x0001f188                __aeabi_ddiv
                0x0001f188                __divdf3
 .text          0x0001f358      0x110 /usr/local/lpcxpresso_4.2.3_255/lpcxpresso/tools/bin/../lib/gcc/arm-none-eabi/4.5.1/thumb2/libgcc.a(_arm_cmpdf2.o)
                0x0001f358                __gtdf2
                0x0001f358                __gedf2
                0x0001f360                __ltdf2
                0x0001f360                __ledf2
                0x0001f368                __cmpdf2
                0x0001f368                __eqdf2
                0x0001f368                __nedf2
                0x0001f3e4                __aeabi_cdrcmple
                0x0001f3f4                __aeabi_cdcmple
                0x0001f3f4                __aeabi_cdcmpeq
                0x0001f404                __aeabi_dcmpeq
                0x0001f418                __aeabi_dcmplt
                0x0001f42c                __aeabi_dcmple
                0x0001f440                __aeabi_dcmpge
                0x0001f454                __aeabi_dcmpgt
 .text          0x0001f468       0x50 /usr/local/lpcxpresso_4.2.3_255/lpcxpresso/tools/bin/../lib/gcc/arm-none-eabi/4.5.1/thumb2/libgcc.a(_arm_fixdfsi.o)
                0x0001f468                __fixdfsi
                0x0001f468                __aeabi_d2iz
 .text          0x0001f4b8       0x40 /usr/local/lpcxpresso_4.2.3_255/lpcxpresso/tools/bin/../lib/gcc/arm-none-eabi/4.5.1/thumb2/libgcc.a(_arm_fixunsdfsi.o)
                0x0001f4b8                __fixunsdfsi
                0x0001f4b8                __aeabi_d2uiz
 .text          0x0001f4f8       0xa0 /usr/local/lpcxpresso_4.2.3_255/lpcxpresso/tools/bin/../lib/gcc/arm-none-eabi/4.5.1/thumb2/libgcc.a(_arm_truncdfsf2.o)
                0x0001f4f8                __aeabi_d2f
                0x0001f4f8                __truncdfsf2
 .text          0x0001f598       0xec /usr/local/lpcxpresso_4.2.3_255/lpcxpresso/tools/bin/../lib/gcc/arm-none-eabi/4.5.1/thumb2/libgcc.a(_arm_cmpsf2.o)
                0x0001f598                __gtsf2
                0x0001f598                __gesf2
                0x0001f5a0                __lesf2
                0x0001f5a0                __ltsf2
                0x0001f5a8                __nesf2
                0x0001f5a8                __eqsf2
                0x0001f5a8                __cmpsf2
                0x0001f608                __aeabi_cfrcmple
                0x0001f610                __aeabi_cfcmple
                0x0001f610                __aeabi_cfcmpeq
                0x0001f620                __aeabi_fcmpeq
                0x0001f634                __aeabi_fcmplt
                0x0001f648                __aeabi_fcmple
                0x0001f65c                __aeabi_fcmpge
                0x0001f670                __aeabi_fcmpgt
 .text          0x0001f684        0xc /usr/local/lpcxpresso_4.2.3_255/lpcxpresso/tools/bin/../lib/gcc/arm-none-eabi/4.5.1/../../../../arm-none-eabi/lib/thumb2/libc.a(lib_a-errno.o)
                0x0001f684                __errno
 *(.rodata .rodata.*)
 .rodata        0x0001f690        0xc ./LedBlinky.o
                0x0001f690                led_mask
 .rodata.str1.4
                0x0001f69c       0x75 ./cr_startup_lpc17.o
                                 0x78 (size before relaxing)
 *fill*         0x0001f711        0x3 00
 .rodata.str1.4
                0x0001f714       0x3b ./main.o
                                 0x3c (size before relaxing)
 *fill*         0x0001f74f        0x1 00
 .rodata        0x0001f750      0x288 ./webserver/http-strings.o
                0x0001f750                http_http
                0x0001f758                http_200
                0x0001f760                http_301
                0x0001f768                http_302
                0x0001f770                http_get
                0x0001f778                http_10
                0x0001f784                http_11
                0x0001f790                http_content_type
                0x0001f7a0                http_texthtml
                0x0001f7ac                http_location
                0x0001f7b8                http_host
                0x0001f7c0                http_crnl
                0x0001f7c4                http_index_html
                0x0001f7d0                http_404_html
                0x0001f7dc                http_referer
                0x0001f7e8                http_header_200
                0x0001f83c                http_header_404
                0x0001f898                http_content_type_plain
                0x0001f8b8                http_content_type_html
                0x0001f8d4                http_content_type_css
                0x0001f8f0                http_content_type_text
                0x0001f90c                http_content_type_png
                0x0001f928                http_content_type_gif
                0x0001f944                http_content_type_jpg
                0x0001f964                http_content_type_binary
                0x0001f990                http_html
                0x0001f998                http_shtml
                0x0001f9a0                http_htm
                0x0001f9a8                http_css
                0x0001f9b0                http_png
                0x0001f9b8                http_gif
                0x0001f9c0                http_jpg
                0x0001f9c8                http_text
                0x0001f9d0                http_txt
 .rodata        0x0001f9d8       0xc0 ./webserver/httpd-cgi.o
 .rodata.str1.4
                0x0001fa98      0x183 ./webserver/httpd-cgi.o
                                0x184 (size before relaxing)
 *fill*         0x0001fc1b        0x1 00
 .rodata        0x0001fc1c     0x1578 ./webserver/httpd-fs.o
                0x0001fc1c                file_tcp_shtml
                0x0001fc30                file_404_html
                0x0001fc44                file_index_html
                0x0001fc58                file_index_shtml
                0x0001fc6c                file_io_shtml
                0x0001fc80                file_runtime_shtml
                0x0001fc94                file_stats_shtml
 .rodata.str1.4
                0x00021194      0x131 ./webserver/uIP_Task.o
                                0x134 (size before relaxing)
 *fill*         0x000212c5        0x3 00
 .rodata        0x000212c8        0x8 ./webserver/uip_arp.o
 .rodata        0x000212d0       0xf0 ./uip_ftp/Connections.o
                0x00021300                Cmd_dictionary
 .rodata.str1.4
                0x000213c0      0xacc ./uip_ftp/Connections.o
 .rodata.str1.4
                0x00021e8c      0x1cc ./uip_ftp/FTPD.o
                                0x1e0 (size before relaxing)
 .rodata        0x00022058       0x3c ./driver_source/lpc17xx_gpio.o
 .rodata.str1.4
                0x00022094       0x1f ./driver_source/lpc17xx_i2c.o
                                 0x20 (size before relaxing)
 *fill*         0x000220b3        0x1 00
 .rodata.str1.4
                0x000220b4       0x1f ./driver_source/lpc17xx_rtc.o
                                 0x20 (size before relaxing)
 *fill*         0x000220d3        0x1 00
 .rodata.str1.4
                0x000220d4       0x1f ./driver_source/lpc17xx_spi.o
                                 0x20 (size before relaxing)
 *fill*         0x000220f3        0x1 00
 .rodata        0x000220f4        0x8 ./driver_source/lpc17xx_uart.o
 .rodata.str1.4
                0x000220fc       0x20 ./driver_source/lpc17xx_uart.o
 .rodata.str1.4
                0x0002211c       0xc6 ./Zigbee/Zigbee_task.o
                                 0xc8 (size before relaxing)
 *fill*         0x000221e2        0x2 00
 .rodata.str1.4
                0x000221e4       0x1a ./Zigbee/uart.o
                                 0x1c (size before relaxing)
 *fill*         0x000221fe        0x2 00
 .rodata        0x00022200        0x8 ./UsbHost/MassStorage/usbhost_ms.o
 .rodata.str1.4
                0x00022208       0x5f ./UsbHost/MassStorage/usbhost_ms.o
                                 0x60 (size before relaxing)
 *fill*         0x00022267        0x1 00
 .rodata.str1.4
                0x00022268       0x9f ./UsbHost/Main/usbhost_main.o
                                 0xa4 (size before relaxing)
 *fill*         0x00022307        0x1 00
 .rodata        0x00022308       0x10 ./UsbHost/Host/usbhost_lpc17xx.o
 .rodata.str1.4
                0x00022318       0x9f ./UsbHost/Host/usbhost_lpc17xx.o
                                 0xc4 (size before relaxing)
 *fill*         0x000223b7        0x1 00
 .rodata        0x000223b8     0xeab0 ./FatFs/option/cc932.o
 .rodata.str1.4
                0x00030e68       0x3f ./FatFs/diskio.o
                                 0x40 (size before relaxing)
 *fill*         0x00030ea7        0x1 00
 .rodata        0x00030ea8       0xb0 ./FatFs/ff.o
 .rodata.str1.4
                0x00030f58       0x48 ./FatFs/ff.o
 .rodata        0x00030fa0       0x14 /home/nlv14991/workspaceLPC/STE-LPC1768-/FreeRTOS_Library/Debug/libFreeRTOS_Library.a(tasks.o)
 .rodata.str1.4
                0x00030fb4        0x5 /home/nlv14991/workspaceLPC/STE-LPC1768-/FreeRTOS_Library/Debug/libFreeRTOS_Library.a(tasks.o)
                                  0x8 (size before relaxing)
 *fill*         0x00030fb9        0x3 00
 .rodata        0x00030fbc       0x20 /usr/local/lpcxpresso_4.2.3_255/lpcxpresso/tools/bin/../lib/gcc/arm-none-eabi/4.5.1/../../../../arm-none-eabi/lib/thumb2/libc.a(lib_a-svfprintf.o)
 .rodata.str1.4
                0x00030fdc       0x42 /usr/local/lpcxpresso_4.2.3_255/lpcxpresso/tools/bin/../lib/gcc/arm-none-eabi/4.5.1/../../../../arm-none-eabi/lib/thumb2/libc.a(lib_a-svfprintf.o)
                                 0x44 (size before relaxing)
 *fill*         0x0003101e        0x2 00
 .rodata        0x00031020       0x24 /usr/local/lpcxpresso_4.2.3_255/lpcxpresso/tools/bin/../lib/gcc/arm-none-eabi/4.5.1/../../../../arm-none-eabi/lib/thumb2/libc.a(lib_a-svfscanf.o)
 .rodata.str1.4
                0x00031044        0x5 /usr/local/lpcxpresso_4.2.3_255/lpcxpresso/tools/bin/../lib/gcc/arm-none-eabi/4.5.1/../../../../arm-none-eabi/lib/thumb2/libc.a(lib_a-svfscanf.o)
                                  0x8 (size before relaxing)
 *fill*         0x00031049        0x3 00
 .rodata        0x0003104c      0x104 /usr/local/lpcxpresso_4.2.3_255/lpcxpresso/tools/bin/../lib/gcc/arm-none-eabi/4.5.1/../../../../arm-none-eabi/lib/thumb2/libc.a(lib_a-ctype_.o)
                0x0003104c                _ctype_
 .rodata.str1.4
                0x00031150       0x10 /usr/local/lpcxpresso_4.2.3_255/lpcxpresso/tools/bin/../lib/gcc/arm-none-eabi/4.5.1/../../../../arm-none-eabi/lib/thumb2/libc.a(lib_a-dtoa.o)
                                 0x14 (size before relaxing)
 .rodata        0x00031160       0x60 /usr/local/lpcxpresso_4.2.3_255/lpcxpresso/tools/bin/../lib/gcc/arm-none-eabi/4.5.1/../../../../arm-none-eabi/lib/thumb2/libc.a(lib_a-findfp.o)
                0x00031160                __sf_fake_stdin
                0x00031180                __sf_fake_stdout
                0x000311a0                __sf_fake_stderr
 .rodata        0x000311c0        0x4 /usr/local/lpcxpresso_4.2.3_255/lpcxpresso/tools/bin/../lib/gcc/arm-none-eabi/4.5.1/../../../../arm-none-eabi/lib/thumb2/libc.a(lib_a-impure.o)
                0x000311c0                _global_impure_ptr
 .rodata.str1.4
                0x000311c4        0x2 /usr/local/lpcxpresso_4.2.3_255/lpcxpresso/tools/bin/../lib/gcc/arm-none-eabi/4.5.1/../../../../arm-none-eabi/lib/thumb2/libc.a(lib_a-impure.o)
                                  0x4 (size before relaxing)
 *fill*         0x000311c6        0x2 00
 .rodata.str1.4
                0x000311c8        0xa /usr/local/lpcxpresso_4.2.3_255/lpcxpresso/tools/bin/../lib/gcc/arm-none-eabi/4.5.1/../../../../arm-none-eabi/lib/thumb2/libc.a(lib_a-locale.o)
                                 0x14 (size before relaxing)
 .rodata.str1.4
                0x00000000        0x4 /usr/local/lpcxpresso_4.2.3_255/lpcxpresso/tools/bin/../lib/gcc/arm-none-eabi/4.5.1/../../../../arm-none-eabi/lib/thumb2/libc.a(lib_a-mbrtowc.o)
 *fill*         0x000311d2        0x6 00
 .rodata        0x000311d8      0x128 /usr/local/lpcxpresso_4.2.3_255/lpcxpresso/tools/bin/../lib/gcc/arm-none-eabi/4.5.1/../../../../arm-none-eabi/lib/thumb2/libc.a(lib_a-mprec.o)
                0x000311e8                __mprec_tens
                0x000312b0                __mprec_bigtens
                0x000312d8                __mprec_tinytens
 .rodata        0x00031300       0x28 /usr/local/lpcxpresso_4.2.3_255/lpcxpresso/tools/bin/../lib/gcc/arm-none-eabi/4.5.1/../../../../arm-none-eabi/lib/thumb2/libc.a(lib_a-strtod.o)
 .rodata.str1.4
                0x00031328        0xf /usr/local/lpcxpresso_4.2.3_255/lpcxpresso/tools/bin/../lib/gcc/arm-none-eabi/4.5.1/../../../../arm-none-eabi/lib/thumb2/libc.a(lib_a-strtod.o)
                                 0x10 (size before relaxing)
 *fill*         0x00031337        0x1 00
 .rodata        0x00031338       0x20 /usr/local/lpcxpresso_4.2.3_255/lpcxpresso/tools/bin/../lib/gcc/arm-none-eabi/4.5.1/../../../../arm-none-eabi/lib/thumb2/libc.a(lib_a-svfiprintf.o)
 .rodata.str1.4
                0x00000000       0x30 /usr/local/lpcxpresso_4.2.3_255/lpcxpresso/tools/bin/../lib/gcc/arm-none-eabi/4.5.1/../../../../arm-none-eabi/lib/thumb2/libc.a(lib_a-svfiprintf.o)
 .rodata        0x00031358       0x24 /usr/local/lpcxpresso_4.2.3_255/lpcxpresso/tools/bin/../lib/gcc/arm-none-eabi/4.5.1/../../../../arm-none-eabi/lib/thumb2/libc.a(lib_a-svfiscanf.o)
 .rodata.str1.4
                0x0003137c       0x1c /usr/local/lpcxpresso_4.2.3_255/lpcxpresso/tools/bin/../lib/gcc/arm-none-eabi/4.5.1/../../../../arm-none-eabi/lib/thumb2/libc.a(lib_a-gdtoa-gethex.o)
                0x00031398                . = ALIGN (0x4)

.glue_7         0x00031398        0x0
 .glue_7        0x00000000        0x0 linker stubs

.glue_7t        0x00031398        0x0
 .glue_7t       0x00000000        0x0 linker stubs

.vfp11_veneer   0x00031398        0x0
 .vfp11_veneer  0x00000000        0x0 linker stubs

.v4_bx          0x00031398        0x0
 .v4_bx         0x00000000        0x0 linker stubs

.ARM.extab
 *(.ARM.extab* .gnu.linkonce.armextab.*)
                0x00031398                __exidx_start = .

.ARM.exidx      0x00031398        0x8
 *(.ARM.exidx* .gnu.linkonce.armexidx.*)
 .ARM.exidx     0x00031398        0x8 /usr/local/lpcxpresso_4.2.3_255/lpcxpresso/tools/bin/../lib/gcc/arm-none-eabi/4.5.1/thumb2/libgcc.a(_divdi3.o)
 .ARM.exidx     0x000313a0        0x0 /usr/local/lpcxpresso_4.2.3_255/lpcxpresso/tools/bin/../lib/gcc/arm-none-eabi/4.5.1/thumb2/libgcc.a(_udivdi3.o)
                                  0x8 (size before relaxing)
                0x000313a0                __exidx_end = .
                0x000313a0                _etext = .

.data_RAM2      0x2007c000        0x0 load address 0x000313a0
 FILL mask 0xff
 *(.data.$RAM2*)
 *(.data.$RamAHB32*)
                0x2007c000                . = ALIGN (0x4)

.uninit_RESERVED
 *(.bss.$RESERVED*)

.data           0x10000000      0x5dc load address 0x000313a0
 FILL mask 0xff
                0x10000000                _data = .
 *(vtable)
 *(.data*)
 .data          0x10000000       0x20 ./webserver/httpd-cgi.o
 .data          0x10000020        0x1 ./driver_source/lpc17xx_sd.o
 *fill*         0x10000021        0x3 00
 .data.SystemCoreClock
                0x10000024        0x4 /home/nlv14991/workspaceLPC/STE-LPC1768-/CMSISv2p00_LPC17xx/Debug/libCMSISv2p00_LPC17xx.a(system_LPC17xx.o)
                0x10000024                SystemCoreClock
 .data          0x10000028        0x4 /home/nlv14991/workspaceLPC/STE-LPC1768-/FreeRTOS_Library/Debug/libFreeRTOS_Library.a(port.o)
 .data          0x1000002c        0x4 /usr/local/lpcxpresso_4.2.3_255/lpcxpresso/tools/bin/../lib/gcc/arm-none-eabi/4.5.1/../../../../arm-none-eabi/lib/thumb2/libc.a(lib_a-ctype_.o)
                0x1000002c                __ctype_ptr__
 .data          0x10000030       0xf4 /usr/local/lpcxpresso_4.2.3_255/lpcxpresso/tools/bin/../lib/gcc/arm-none-eabi/4.5.1/../../../../arm-none-eabi/lib/thumb2/libc.a(lib_a-impure.o)
                0x10000030                _impure_ptr
 .data          0x10000124       0x7c /usr/local/lpcxpresso_4.2.3_255/lpcxpresso/tools/bin/../lib/gcc/arm-none-eabi/4.5.1/../../../../arm-none-eabi/lib/thumb2/libc.a(lib_a-locale.o)
                0x10000144                __mb_cur_max
 .data          0x100001a0      0x410 /usr/local/lpcxpresso_4.2.3_255/lpcxpresso/tools/bin/../lib/gcc/arm-none-eabi/4.5.1/../../../../arm-none-eabi/lib/thumb2/libc.a(lib_a-mallocr.o)
                0x100001a0                __malloc_av_
                0x100005a8                __malloc_sbrk_base
                0x100005ac                __malloc_trim_threshold
 .data          0x100005b0        0x4 /usr/local/lpcxpresso_4.2.3_255/lpcxpresso/tools/bin/../lib/gcc/arm-none-eabi/4.5.1/../../../../arm-none-eabi/lib/thumb2/libc.a(lib_a-mbtowc_r.o)
                0x100005b0                __mbtowc
 .data          0x100005b4       0x28 /usr/local/lpcxpresso_4.2.3_255/lpcxpresso/tools/bin/../lib/gcc/arm-none-eabi/4.5.1/../../../../arm-none-eabi/lib/thumb2/libc.a(lib_a-strtod.o)
                0x100005dc                . = ALIGN (0x4)
                0x100005dc                _edata = .

.bss_RAM2       0x2007c000        0x0
 *(.bss.$RAM2*)
 *(.bss.$RamAHB32*)
                0x2007c000                . = ALIGN (0x4)

.bss            0x100005e0     0x5b90
                0x100005e0                _bss = .
 *(.bss*)
 .bss           0x100005e0        0x8 ./webserver/emac.o
 .bss           0x100005e8       0x84 ./webserver/httpd-cgi.o
                0x100005e8                lRefreshCount
 .bss           0x1000066c       0x10 ./webserver/httpd-fs.o
 .bss           0x1000067c        0x4 ./webserver/uIP_Task.o
                0x1000067c                xEMACSemaphore
 .bss           0x10000680       0x18 ./webserver/uip.o
                0x10000690                uip_ethaddr
 .bss           0x10000698       0x68 ./webserver/uip_arp.o
 .bss           0x10000700      0x620 ./uip_ftp/Connections.o
 .bss           0x10000d20       0x20 ./driver_source/lpc17xx_gpdma.o
 .bss           0x10000d40       0x24 ./driver_source/lpc17xx_i2c.o
 .bss           0x10000d64        0x8 ./driver_source/lpc17xx_i2s.o
 .bss           0x10000d6c       0x40 ./driver_source/lpc17xx_sd.o
 .bss           0x10000dac        0xc ./driver_source/lpc17xx_spi.o
 .bss           0x10000db8       0x18 ./driver_source/lpc17xx_ssp.o
 .bss           0x10000dd0       0x44 ./driver_source/lpc17xx_uart.o
                0x10000dd0                pfnModemCbs
                0x10000dd4                uartCbsDat
 .bss           0x10000e14       0x2c ./Zigbee/uart.o
 .bss           0x10000e40       0x2c ./UsbHost/Uart/usbhost_uart.o
 .bss           0x10000e6c      0x100 ./UsbHost/Main/usbhost_main.o
 .bss           0x10000f6c        0x3 ./UsbHost/Host/usb_ms_diskio.o
 *fill*         0x10000f6f        0x1 00
 .bss           0x10000f70        0xc ./UsbHost/Host/usbhost_lpc17xx.o
                0x10000f70                HOST_RhscIntr
                0x10000f74                HOST_TDControlStatus
                0x10000f78                HOST_WdhIntr
 .bss           0x10000f7c      0x220 ./FatFs/ff.o
 .bss           0x1000119c      0x100 /home/nlv14991/workspaceLPC/STE-LPC1768-/FreeRTOS_Library/Debug/libFreeRTOS_Library.a(tasks.o)
                0x100011a0                pxCurrentTCB
 *fill*         0x1000129c        0x4 00
 .bss           0x100012a0     0x2820 /home/nlv14991/workspaceLPC/STE-LPC1768-/FreeRTOS_Library/Debug/libFreeRTOS_Library.a(heap_2.o)
 .bss           0x10003ac0       0x34 /usr/local/lpcxpresso_4.2.3_255/lpcxpresso/tools/bin/../lib/gcc/arm-none-eabi/4.5.1/../../../../arm-none-eabi/lib/thumb2/libc.a(lib_a-mallocr.o)
                0x10003ac0                __malloc_top_pad
                0x10003ac4                __malloc_current_mallinfo
                0x10003aec                __malloc_max_sbrked_mem
                0x10003af0                __malloc_max_total_mem
 *(COMMON)
 COMMON         0x10003af4        0x4 ./LedBlinky.o
                0x10003af4                SysTickCnt
 COMMON         0x10003af8       0x51 ./lcd_i2c.o
                0x10003af8                transferMCfg
                0x10003b24                master_test
                0x10003b28                Master_Buf
 *fill*         0x10003b49        0x3 00
 COMMON         0x10003b4c        0x4 ./main.o
                0x10003b4c                xCountingSemaphore
 COMMON         0x10003b50        0x4 ./webserver/emac.o
                0x10003b50                uip_buf
 COMMON         0x10003b54        0x8 ./webserver/httpd-cgi.o
                0x10003b54                ulString
                0x10003b58                pcStatus
 COMMON         0x10003b5c      0x8c2 ./webserver/uip.o
                0x10003b5c                uip_len
                0x10003b60                uip_sappdata
                0x10003b64                uip_acc32
                0x10003b68                uip_flags
                0x10003b6c                uip_appdata
                0x10003b70                uip_conn
                0x10003b74                uip_conns
                0x10004394                uip_listenports
                0x100043e4                uip_draddr
                0x100043e8                uip_stat
                0x10004414                uip_netmask
                0x10004418                uip_hostaddr
                0x1000441c                uip_slen
 *fill*         0x1000441e        0x2 00
 COMMON         0x10004420      0xb44 ./uip_ftp/FTPD.o
                0x10004420                driveAttached
                0x10004424                ftpd_state
 COMMON         0x10004f64      0x1b8 ./uip_ftp/ftp_main.o
                0x10004f64                tcp_appdata
 COMMON         0x1000511c      0x218 ./Zigbee/uart.o
                0x1000511c                TxIntStat_zigbee
                0x10005120                rb_zigbee
                0x10005330                RTS_State_zigbee
 COMMON         0x10005334      0x218 ./UsbHost/Uart/usbhost_uart.o
                0x10005334                RTS_State_usb
                0x10005338                TxIntStat_usb
                0x1000533c                rb_usb
 COMMON         0x1000554c        0x4 ./UsbHost/MassStorage/usbhost_ms.o
                0x1000554c                MS_BlkSize
 COMMON         0x10005550      0xaec ./UsbHost/Main/usbhost_main.o
                0x10005550                File1
                0x10005778                USBFs
                0x10005e14                File2
 COMMON         0x1000603c       0x2c ./UsbHost/Host/usbhost_lpc17xx.o
                0x1000603c                TDBufNonVol
                0x10006040                FATBuffer
                0x10006044                Hcca
                0x10006048                TDTail
                0x1000604c                EDBulkOut
                0x10006050                UserBuffer
                0x10006054                gUSBConnected
                0x10006058                TDBuffer
                0x1000605c                EDBulkIn
                0x10006060                EDCtrl
                0x10006064                TDHead
 COMMON         0x10006068        0x4 /usr/local/lpcxpresso_4.2.3_255/lpcxpresso/tools/bin/../lib/gcc/arm-none-eabi/4.5.1/../../../../arm-none-eabi/lib/thumb2/libc.a(lib_a-reent.o)
                0x10006068                errno
 COMMON         0x1000606c      0x100 /usr/local/lpcxpresso_4.2.3_255/lpcxpresso/tools/bin/../lib/gcc/arm-none-eabi/4.5.1/../../../../arm-none-eabi/lib/thumb2/libc.a(lib_a-gdtoa-gethex.o)
                0x1000606c                __hexdig
 COMMON         0x1000616c        0x4 /usr/local/lpcxpresso_4.2.3_255/lpcxpresso/tools/bin/../lib/gcc/arm-none-eabi/4.5.1/../../../../arm-none-eabi/lib/thumb2/libcr_newlib_nohost.a(_cr_sbrk.o)
                0x1000616c                __end_of_heap
                0x10006170                . = ALIGN (0x4)
                0x10006170                _ebss = .
                0x10006170                PROVIDE (end, .)
                0x10006170                PROVIDE (_pvHeapStart, .)
                0x10008000                PROVIDE (_vStackTop, (__top_RamLoc32 - 0x0))
OUTPUT(example_driver.axf elf32-littlearm)

.debug_abbrev   0x00000000     0x8c45
 .debug_abbrev  0x00000000      0x276 ./LedBlinky.o
 .debug_abbrev  0x00000276      0x202 ./cr_startup_lpc17.o
 .debug_abbrev  0x00000478      0x2b6 ./lcd_i2c.o
 .debug_abbrev  0x0000072e      0x1a5 ./main.o
 .debug_abbrev  0x000008d3      0x3a2 ./uart_fullmodem_test.o
 .debug_abbrev  0x00000c75      0x2df ./webserver/emac.o
 .debug_abbrev  0x00000f54       0x4b ./webserver/http-strings.o
 .debug_abbrev  0x00000f9f      0x26f ./webserver/httpd-cgi.o
 .debug_abbrev  0x0000120e      0x1a2 ./webserver/httpd-fs.o
 .debug_abbrev  0x000013b0      0x292 ./webserver/httpd.o
 .debug_abbrev  0x00001642      0x2c1 ./webserver/psock.o
 .debug_abbrev  0x00001903       0xee ./webserver/timer.o
 .debug_abbrev  0x000019f1      0x351 ./webserver/uIP_Task.o
 .debug_abbrev  0x00001d42      0x384 ./webserver/uip.o
 .debug_abbrev  0x000020c6      0x196 ./webserver/uip_arp.o
 .debug_abbrev  0x0000225c      0x363 ./uip_ftp/Connections.o
 .debug_abbrev  0x000025bf      0x21b ./uip_ftp/FTPD.o
 .debug_abbrev  0x000027da       0x3b ./uip_ftp/FTP_Strings.o
 .debug_abbrev  0x00002815      0x2fa ./uip_ftp/ftp_main.o
 .debug_abbrev  0x00002b0f      0x165 ./driver_source/lpc17xx_adc.o
 .debug_abbrev  0x00002c74      0x228 ./driver_source/lpc17xx_can.o
 .debug_abbrev  0x00002e9c      0x20b ./driver_source/lpc17xx_clkpwr.o
 .debug_abbrev  0x000030a7      0x14e ./driver_source/lpc17xx_dac.o
 .debug_abbrev  0x000031f5      0x377 ./driver_source/lpc17xx_emac.o
 .debug_abbrev  0x0000356c      0x213 ./driver_source/lpc17xx_gpdma.o
 .debug_abbrev  0x0000377f      0x1f9 ./driver_source/lpc17xx_gpio.o
 .debug_abbrev  0x00003978      0x375 ./driver_source/lpc17xx_i2c.o
 .debug_abbrev  0x00003ced      0x263 ./driver_source/lpc17xx_i2s.o
 .debug_abbrev  0x00003f50       0x6a ./driver_source/lpc17xx_libcfg_default.o
 .debug_abbrev  0x00003fba      0x189 ./driver_source/lpc17xx_mcpwm.o
 .debug_abbrev  0x00004143      0x124 ./driver_source/lpc17xx_nvic.o
 .debug_abbrev  0x00004267      0x1af ./driver_source/lpc17xx_pinsel.o
 .debug_abbrev  0x00004416      0x1ad ./driver_source/lpc17xx_pwm.o
 .debug_abbrev  0x000045c3      0x1f6 ./driver_source/lpc17xx_qei.o
 .debug_abbrev  0x000047b9      0x120 ./driver_source/lpc17xx_rit.o
 .debug_abbrev  0x000048d9      0x191 ./driver_source/lpc17xx_rtc.o
 .debug_abbrev  0x00004a6a      0x383 ./driver_source/lpc17xx_sd.o
 .debug_abbrev  0x00004ded      0x2e7 ./driver_source/lpc17xx_spi.o
 .debug_abbrev  0x000050d4      0x2e4 ./driver_source/lpc17xx_ssp.o
 .debug_abbrev  0x000053b8      0x26e ./driver_source/lpc17xx_timer.o
 .debug_abbrev  0x00005626      0x40a ./driver_source/lpc17xx_uart.o
 .debug_abbrev  0x00005a30      0x1e2 ./driver_source/lpc17xx_wdt.o
 .debug_abbrev  0x00005c12       0x16 ./Zigbee/.kdbgrc.uart.o
 .debug_abbrev  0x00005c28      0x148 ./Zigbee/Zigbee_task.o
 .debug_abbrev  0x00005d70      0x391 ./Zigbee/uart.o
 .debug_abbrev  0x00006101      0x34d ./UsbHost/Uart/usbhost_uart.o
 .debug_abbrev  0x0000644e      0x210 ./UsbHost/MassStorage/usbhost_ms.o
 .debug_abbrev  0x0000665e      0x186 ./UsbHost/Main/usbhost_main.o
 .debug_abbrev  0x000067e4      0x238 ./UsbHost/Host/usb_ms_diskio.o
 .debug_abbrev  0x00006a1c      0x427 ./UsbHost/Host/usbhost_lpc17xx.o
 .debug_abbrev  0x00006e43      0x2f8 ./LPCUSB/USB_CDC.o
 .debug_abbrev  0x0000713b      0x1d0 ./LPCUSB/usbcontrol.o
 .debug_abbrev  0x0000730b      0x367 ./LPCUSB/usbhw_lpc.o
 .debug_abbrev  0x00007672       0xc5 ./LPCUSB/usbinit.o
 .debug_abbrev  0x00007737      0x22e ./LPCUSB/usbstdreq.o
 .debug_abbrev  0x00007965       0xd4 ./FatFs/option/cc932.o
 .debug_abbrev  0x00007a39       0x2c ./FatFs/option/syncobj.o
 .debug_abbrev  0x00007a65       0x2c ./FatFs/option/syscall.o
 .debug_abbrev  0x00007a91      0x12a ./FatFs/diskio.o
 .debug_abbrev  0x00007bbb      0x2eb ./FatFs/ff.o
 .debug_abbrev  0x00007ea6       0xe3 /home/nlv14991/workspaceLPC/STE-LPC1768-/CMSISv2p00_LPC17xx/Debug/libCMSISv2p00_LPC17xx.a(system_LPC17xx.o)
 .debug_abbrev  0x00007f89      0x1e4 /home/nlv14991/workspaceLPC/STE-LPC1768-/FreeRTOS_Library/Debug/libFreeRTOS_Library.a(queue.o)
 .debug_abbrev  0x0000816d      0x2f9 /home/nlv14991/workspaceLPC/STE-LPC1768-/FreeRTOS_Library/Debug/libFreeRTOS_Library.a(tasks.o)
 .debug_abbrev  0x00008466      0x1a5 /home/nlv14991/workspaceLPC/STE-LPC1768-/FreeRTOS_Library/Debug/libFreeRTOS_Library.a(heap_2.o)
 .debug_abbrev  0x0000860b      0x128 /home/nlv14991/workspaceLPC/STE-LPC1768-/FreeRTOS_Library/Debug/libFreeRTOS_Library.a(port.o)
 .debug_abbrev  0x00008733       0xe9 /home/nlv14991/workspaceLPC/STE-LPC1768-/FreeRTOS_Library/Debug/libFreeRTOS_Library.a(list.o)
 .debug_abbrev  0x0000881c       0xa6 /usr/local/lpcxpresso_4.2.3_255/lpcxpresso/tools/bin/../lib/gcc/arm-none-eabi/4.5.1/../../../../arm-none-eabi/lib/thumb2/libcr_newlib_nohost.a(_cr_sbrk.o)
 .debug_abbrev  0x000088c2       0x63 /usr/local/lpcxpresso_4.2.3_255/lpcxpresso/tools/bin/../lib/gcc/arm-none-eabi/4.5.1/../../../../arm-none-eabi/lib/thumb2/libcr_newlib_nohost.a(close.o)
 .debug_abbrev  0x00008925       0xb8 /usr/local/lpcxpresso_4.2.3_255/lpcxpresso/tools/bin/../lib/gcc/arm-none-eabi/4.5.1/../../../../arm-none-eabi/lib/thumb2/libcr_newlib_nohost.a(fstat.o)
 .debug_abbrev  0x000089dd       0x63 /usr/local/lpcxpresso_4.2.3_255/lpcxpresso/tools/bin/../lib/gcc/arm-none-eabi/4.5.1/../../../../arm-none-eabi/lib/thumb2/libcr_newlib_nohost.a(isatty.o)
 .debug_abbrev  0x00008a40       0x81 /usr/local/lpcxpresso_4.2.3_255/lpcxpresso/tools/bin/../lib/gcc/arm-none-eabi/4.5.1/../../../../arm-none-eabi/lib/thumb2/libcr_newlib_nohost.a(lseek.o)
 .debug_abbrev  0x00008ac1       0x8a /usr/local/lpcxpresso_4.2.3_255/lpcxpresso/tools/bin/../lib/gcc/arm-none-eabi/4.5.1/../../../../arm-none-eabi/lib/thumb2/libcr_newlib_nohost.a(read.o)
 .debug_abbrev  0x00008b4b       0x8a /usr/local/lpcxpresso_4.2.3_255/lpcxpresso/tools/bin/../lib/gcc/arm-none-eabi/4.5.1/../../../../arm-none-eabi/lib/thumb2/libcr_newlib_nohost.a(write.o)
 .debug_abbrev  0x00008bd5       0x70 /usr/local/lpcxpresso_4.2.3_255/lpcxpresso/tools/bin/../lib/gcc/arm-none-eabi/4.5.1/../../../../arm-none-eabi/lib/thumb2/libcr_newlib_nohost.a(_cr_check_heap.o)

.debug_info     0x00000000    0x2aeec
 .debug_info    0x00000000      0x75f ./LedBlinky.o
 .debug_info    0x0000075f      0x942 ./cr_startup_lpc17.o
 .debug_info    0x000010a1      0x639 ./lcd_i2c.o
 .debug_info    0x000016da      0x4ce ./main.o
 .debug_info    0x00001ba8     0x119e ./uart_fullmodem_test.o
 .debug_info    0x00002d46      0xf66 ./webserver/emac.o
 .debug_info    0x00003cac      0x446 ./webserver/http-strings.o
 .debug_info    0x000040f2      0xd7f ./webserver/httpd-cgi.o
 .debug_info    0x00004e71      0x586 ./webserver/httpd-fs.o
 .debug_info    0x000053f7      0xb5d ./webserver/httpd.o
 .debug_info    0x00005f54      0xa44 ./webserver/psock.o
 .debug_info    0x00006998      0x186 ./webserver/timer.o
 .debug_info    0x00006b1e     0x1437 ./webserver/uIP_Task.o
 .debug_info    0x00007f55     0x1484 ./webserver/uip.o
 .debug_info    0x000093d9      0x506 ./webserver/uip_arp.o
 .debug_info    0x000098df     0x1970 ./uip_ftp/Connections.o
 .debug_info    0x0000b24f      0xb53 ./uip_ftp/FTPD.o
 .debug_info    0x0000bda2      0x169 ./uip_ftp/FTP_Strings.o
 .debug_info    0x0000bf0b     0x1953 ./uip_ftp/ftp_main.o
 .debug_info    0x0000d85e      0x642 ./driver_source/lpc17xx_adc.o
 .debug_info    0x0000dea0     0x12d8 ./driver_source/lpc17xx_can.o
 .debug_info    0x0000f178      0x71d ./driver_source/lpc17xx_clkpwr.o
 .debug_info    0x0000f895      0x2d8 ./driver_source/lpc17xx_dac.o
 .debug_info    0x0000fb6d     0x11ab ./driver_source/lpc17xx_emac.o
 .debug_info    0x00010d18     0x10bc ./driver_source/lpc17xx_gpdma.o
 .debug_info    0x00011dd4      0xcfa ./driver_source/lpc17xx_gpio.o
 .debug_info    0x00012ace     0x121c ./driver_source/lpc17xx_i2c.o
 .debug_info    0x00013cea      0xa58 ./driver_source/lpc17xx_i2s.o
 .debug_info    0x00014742       0xca ./driver_source/lpc17xx_libcfg_default.o
 .debug_info    0x0001480c      0x807 ./driver_source/lpc17xx_mcpwm.o
 .debug_info    0x00015013      0x419 ./driver_source/lpc17xx_nvic.o
 .debug_info    0x0001542c      0x613 ./driver_source/lpc17xx_pinsel.o
 .debug_info    0x00015a3f      0x845 ./driver_source/lpc17xx_pwm.o
 .debug_info    0x00016284      0x866 ./driver_source/lpc17xx_qei.o
 .debug_info    0x00016aea      0x330 ./driver_source/lpc17xx_rit.o
 .debug_info    0x00016e1a      0xa59 ./driver_source/lpc17xx_rtc.o
 .debug_info    0x00017873      0xdb7 ./driver_source/lpc17xx_sd.o
 .debug_info    0x0001862a      0x968 ./driver_source/lpc17xx_spi.o
 .debug_info    0x00018f92      0xb79 ./driver_source/lpc17xx_ssp.o
 .debug_info    0x00019b0b      0x93d ./driver_source/lpc17xx_timer.o
 .debug_info    0x0001a448     0x1a12 ./driver_source/lpc17xx_uart.o
 .debug_info    0x0001be5a      0x46b ./driver_source/lpc17xx_wdt.o
 .debug_info    0x0001c2c5       0x29 ./Zigbee/.kdbgrc.uart.o
 .debug_info    0x0001c2ee      0x2fa ./Zigbee/Zigbee_task.o
 .debug_info    0x0001c5e8     0x1049 ./Zigbee/uart.o
 .debug_info    0x0001d631     0x1120 ./UsbHost/Uart/usbhost_uart.o
 .debug_info    0x0001e751      0x5d5 ./UsbHost/MassStorage/usbhost_ms.o
 .debug_info    0x0001ed26      0x664 ./UsbHost/Main/usbhost_main.o
 .debug_info    0x0001f38a      0xa26 ./UsbHost/Host/usb_ms_diskio.o
 .debug_info    0x0001fdb0     0x20ac ./UsbHost/Host/usbhost_lpc17xx.o
 .debug_info    0x00021e5c      0xd7e ./LPCUSB/USB_CDC.o
 .debug_info    0x00022bda      0x43b ./LPCUSB/usbcontrol.o
 .debug_info    0x00023015     0x1510 ./LPCUSB/usbhw_lpc.o
 .debug_info    0x00024525      0x13c ./LPCUSB/usbinit.o
 .debug_info    0x00024661      0x588 ./LPCUSB/usbstdreq.o
 .debug_info    0x00024be9      0x1d4 ./FatFs/option/cc932.o