Archive member included because of file (symbol)

/home/nlv14991/workspaceLPC/STE-LPC1768-/CMSISv2p00_LPC17xx/Debug/libCMSISv2p00_LPC17xx.a(system_LPC17xx.o)
                              ./cr_startup_lpc17.o (SystemInit)
/home/nlv14991/workspaceLPC/STE-LPC1768-/FreeRTOS_Library/Debug/libFreeRTOS_Library.a(queue.o)
                              ./webserver/uIP_Task.o (xQueueCreate)
/home/nlv14991/workspaceLPC/STE-LPC1768-/FreeRTOS_Library/Debug/libFreeRTOS_Library.a(tasks.o)
                              ./main.o (xTaskGenericCreate)
/home/nlv14991/workspaceLPC/STE-LPC1768-/FreeRTOS_Library/Debug/libFreeRTOS_Library.a(heap_2.o)
                              /home/nlv14991/workspaceLPC/STE-LPC1768-/FreeRTOS_Library/Debug/libFreeRTOS_Library.a(queue.o) (pvPortMalloc)
/home/nlv14991/workspaceLPC/STE-LPC1768-/FreeRTOS_Library/Debug/libFreeRTOS_Library.a(port.o)
                              /home/nlv14991/workspaceLPC/STE-LPC1768-/FreeRTOS_Library/Debug/libFreeRTOS_Library.a(tasks.o) (pxPortInitialiseStack)
/home/nlv14991/workspaceLPC/STE-LPC1768-/FreeRTOS_Library/Debug/libFreeRTOS_Library.a(list.o)
                              /home/nlv14991/workspaceLPC/STE-LPC1768-/FreeRTOS_Library/Debug/libFreeRTOS_Library.a(queue.o) (vListInitialise)
/usr/local/lpcxpresso_4.2.3_255/lpcxpresso/tools/bin/../lib/gcc/arm-none-eabi/4.5.1/thumb2/libgcc.a(_aeabi_uldivmod.o)
                              ./driver_source/lpc17xx_i2s.o (__aeabi_uldivmod)
/usr/local/lpcxpresso_4.2.3_255/lpcxpresso/tools/bin/../lib/gcc/arm-none-eabi/4.5.1/thumb2/libgcc.a(bpabi.o)
                              /usr/local/lpcxpresso_4.2.3_255/lpcxpresso/tools/bin/../lib/gcc/arm-none-eabi/4.5.1/thumb2/libgcc.a(_aeabi_uldivmod.o) (__gnu_uldivmod_helper)
/usr/local/lpcxpresso_4.2.3_255/lpcxpresso/tools/bin/../lib/gcc/arm-none-eabi/4.5.1/thumb2/libgcc.a(_dvmd_tls.o)
                              /usr/local/lpcxpresso_4.2.3_255/lpcxpresso/tools/bin/../lib/gcc/arm-none-eabi/4.5.1/thumb2/libgcc.a(_aeabi_uldivmod.o) (__aeabi_ldiv0)
/usr/local/lpcxpresso_4.2.3_255/lpcxpresso/tools/bin/../lib/gcc/arm-none-eabi/4.5.1/thumb2/libgcc.a(_divdi3.o)
                              /usr/local/lpcxpresso_4.2.3_255/lpcxpresso/tools/bin/../lib/gcc/arm-none-eabi/4.5.1/thumb2/libgcc.a(bpabi.o) (__divdi3)
/usr/local/lpcxpresso_4.2.3_255/lpcxpresso/tools/bin/../lib/gcc/arm-none-eabi/4.5.1/thumb2/libgcc.a(_udivdi3.o)
                              /usr/local/lpcxpresso_4.2.3_255/lpcxpresso/tools/bin/../lib/gcc/arm-none-eabi/4.5.1/thumb2/libgcc.a(bpabi.o) (__udivdi3)
/usr/local/lpcxpresso_4.2.3_255/lpcxpresso/tools/bin/../lib/gcc/arm-none-eabi/4.5.1/thumb2/libgcc.a(_udivsi3.o)
                              /usr/local/lpcxpresso_4.2.3_255/lpcxpresso/tools/bin/../lib/gcc/arm-none-eabi/4.5.1/thumb2/libgcc.a(_divdi3.o) (__aeabi_uidiv)
/usr/local/lpcxpresso_4.2.3_255/lpcxpresso/tools/bin/../lib/gcc/arm-none-eabi/4.5.1/../../../../arm-none-eabi/lib/thumb2/libc.a(lib_a-memcmp.o)
                              /home/nlv14991/workspaceLPC/STE-LPC1768-/FreeRTOS_Library/Debug/libFreeRTOS_Library.a(tasks.o) (memcmp)
/usr/local/lpcxpresso_4.2.3_255/lpcxpresso/tools/bin/../lib/gcc/arm-none-eabi/4.5.1/../../../../arm-none-eabi/lib/thumb2/libc.a(lib_a-memcpy.o)
                              ./webserver/httpd.o (memcpy)
/usr/local/lpcxpresso_4.2.3_255/lpcxpresso/tools/bin/../lib/gcc/arm-none-eabi/4.5.1/../../../../arm-none-eabi/lib/thumb2/libc.a(lib_a-memset.o)
                              ./webserver/uip_arp.o (memset)
/usr/local/lpcxpresso_4.2.3_255/lpcxpresso/tools/bin/../lib/gcc/arm-none-eabi/4.5.1/../../../../arm-none-eabi/lib/thumb2/libc.a(lib_a-printf.o)
                              ./webserver/psock.o (printf)
/usr/local/lpcxpresso_4.2.3_255/lpcxpresso/tools/bin/../lib/gcc/arm-none-eabi/4.5.1/../../../../arm-none-eabi/lib/thumb2/libc.a(lib_a-snprintf.o)
                              ./webserver/httpd-cgi.o (snprintf)
/usr/local/lpcxpresso_4.2.3_255/lpcxpresso/tools/bin/../lib/gcc/arm-none-eabi/4.5.1/../../../../arm-none-eabi/lib/thumb2/libc.a(lib_a-sprintf.o)
                              ./cr_startup_lpc17.o (sprintf)
/usr/local/lpcxpresso_4.2.3_255/lpcxpresso/tools/bin/../lib/gcc/arm-none-eabi/4.5.1/../../../../arm-none-eabi/lib/thumb2/libc.a(lib_a-sscanf.o)
                              ./webserver/uIP_Task.o (sscanf)
/usr/local/lpcxpresso_4.2.3_255/lpcxpresso/tools/bin/../lib/gcc/arm-none-eabi/4.5.1/../../../../arm-none-eabi/lib/thumb2/libc.a(lib_a-stdio.o)
                              /usr/local/lpcxpresso_4.2.3_255/lpcxpresso/tools/bin/../lib/gcc/arm-none-eabi/4.5.1/../../../../arm-none-eabi/lib/thumb2/libc.a(lib_a-sscanf.o) (__seofread)
/usr/local/lpcxpresso_4.2.3_255/lpcxpresso/tools/bin/../lib/gcc/arm-none-eabi/4.5.1/../../../../arm-none-eabi/lib/thumb2/libc.a(lib_a-strcat.o)
                              ./webserver/httpd-cgi.o (strcat)
/usr/local/lpcxpresso_4.2.3_255/lpcxpresso/tools/bin/../lib/gcc/arm-none-eabi/4.5.1/../../../../arm-none-eabi/lib/thumb2/libc.a(lib_a-strchr.o)
[...]
Memory Configuration

Name             Origin             Length             Attributes
MFlash512        0x00000000         0x00080000         xr
RamLoc32         0x10000000         0x00008000         xrw
RamAHB32         0x2007c000         0x00008000         xrw
*default*        0x00000000         0xffffffff

Linker script and memory map

LOAD ./LedBlinky.o
LOAD ./cr_startup_lpc17.o
LOAD ./lcd_i2c.o
LOAD ./main.o
LOAD ./uart_fullmodem_test.o
LOAD ./webserver/emac.o
LOAD ./webserver/http-strings.o
LOAD ./webserver/httpd-cgi.o
LOAD ./webserver/httpd-fs.o
LOAD ./webserver/httpd.o
LOAD ./webserver/psock.o
LOAD ./webserver/timer.o
LOAD ./webserver/uIP_Task.o
LOAD ./webserver/uip.o
LOAD ./webserver/uip_arp.o
LOAD ./uip_ftp/Connections.o
LOAD ./uip_ftp/FTPD.o
LOAD ./uip_ftp/FTP_Strings.o
LOAD ./uip_ftp/ftp_main.o
LOAD ./driver_source/lpc17xx_adc.o
LOAD ./driver_source/lpc17xx_can.o
LOAD ./driver_source/lpc17xx_clkpwr.o
LOAD ./driver_source/lpc17xx_dac.o
LOAD ./driver_source/lpc17xx_emac.o
LOAD ./driver_source/lpc17xx_gpdma.o
LOAD ./driver_source/lpc17xx_gpio.o
LOAD ./driver_source/lpc17xx_i2c.o
LOAD ./driver_source/lpc17xx_i2s.o
LOAD ./driver_source/lpc17xx_libcfg_default.o
LOAD ./driver_source/lpc17xx_mcpwm.o
LOAD ./driver_source/lpc17xx_nvic.o
LOAD ./driver_source/lpc17xx_pinsel.o
LOAD ./driver_source/lpc17xx_pwm.o
LOAD ./driver_source/lpc17xx_qei.o
LOAD ./driver_source/lpc17xx_rit.o
LOAD ./driver_source/lpc17xx_rtc.o
LOAD ./driver_source/lpc17xx_sd.o
LOAD ./driver_source/lpc17xx_spi.o
LOAD ./driver_source/lpc17xx_ssp.o
LOAD ./driver_source/lpc17xx_timer.o
LOAD ./driver_source/lpc17xx_uart.o
LOAD ./driver_source/lpc17xx_wdt.o
LOAD ./UsbHost/Uart/usbhost_uart.o
LOAD ./UsbHost/MassStorage/usbhost_ms.o
LOAD ./UsbHost/Main/usbhost_main.o
LOAD ./UsbHost/Host/usb_ms_diskio.o
LOAD ./UsbHost/Host/usbhost_lpc17xx.o
LOAD ./LPCUSB/USB_CDC.o
LOAD ./LPCUSB/usbcontrol.o
LOAD ./LPCUSB/usbhw_lpc.o
LOAD ./LPCUSB/usbinit.o
LOAD ./LPCUSB/usbstdreq.o
LOAD ./FatFs/option/cc932.o
LOAD ./FatFs/option/syncobj.o
LOAD ./FatFs/option/syscall.o
LOAD ./FatFs/diskio.o
LOAD ./FatFs/ff.o
LOAD /home/nlv14991/workspaceLPC/STE-LPC1768-/CMSISv2p00_LPC17xx/Debug/libCMSISv2p00_LPC17xx.a
LOAD /home/nlv14991/workspaceLPC/STE-LPC1768-/FreeRTOS_Library/Debug/libFreeRTOS_Library.a
START GROUP
LOAD /usr/local/lpcxpresso_4.2.3_255/lpcxpresso/tools/bin/../lib/gcc/arm-none-eabi/4.5.1/thumb2/libgcc.a
LOAD /usr/local/lpcxpresso_4.2.3_255/lpcxpresso/tools/bin/../lib/gcc/arm-none-eabi/4.5.1/../../../../arm-none-eabi/lib/thumb2/libc.a
LOAD /usr/local/lpcxpresso_4.2.3_255/lpcxpresso/tools/bin/../lib/gcc/arm-none-eabi/4.5.1/../../../../arm-none-eabi/lib/thumb2/libm.a
LOAD /usr/local/lpcxpresso_4.2.3_255/lpcxpresso/tools/bin/../lib/gcc/arm-none-eabi/4.5.1/../../../../arm-none-eabi/lib/thumb2/libcr_newlib_nohost.a
END GROUP
                0x00080000                __top_MFlash512 = 0x80000
                0x10008000                __top_RamLoc32 = 0x10008000
                0x20084000                __top_RamAHB32 = 0x20084000

.text           0x00000000    0x30900
 FILL mask 0xff
 *(.isr_vector)
 .isr_vector    0x00000000       0xc4 ./cr_startup_lpc17.o
                0x00000000                g_pfnVectors
                0x000000c4                . = ALIGN (0x4)
                0x000000c4                __section_table_start = .
                0x000000c4                __data_section_table = .
                0x000000c4        0x4 LONG 0x30908 LOADADDR (.data)
                0x000000c8        0x4 LONG 0x10000000 ADDR (.data)
                0x000000cc        0x4 LONG 0x5dc SIZEOF (.data)
                0x000000d0        0x4 LONG 0x30908 LOADADDR (.data_RAM2)
                0x000000d4        0x4 LONG 0x2007c000 ADDR (.data_RAM2)
                0x000000d8        0x4 LONG 0x0 SIZEOF (.data_RAM2)
                0x000000dc                __data_section_table_end = .
                0x000000dc                __bss_section_table = .
                0x000000dc        0x4 LONG 0x100005e0 ADDR (.bss)
                0x000000e0        0x4 LONG 0x5948 SIZEOF (.bss)
                0x000000e4        0x4 LONG 0x2007c000 ADDR (.bss_RAM2)
                0x000000e8        0x4 LONG 0x0 SIZEOF (.bss_RAM2)
                0x000000ec                __bss_section_table_end = .
                0x000000ec                __section_table_end = .
 *(.after_vectors*)
 *(.text*)
 .text.SysTick_Handler
                0x000000ec       0x10 ./LedBlinky.o
                0x000000ec                SysTick_Handler
 .text.NMI_Handler
                0x000000fc        0x4 ./cr_startup_lpc17.o
                0x000000fc                NMI_Handler
 .text.HardFault_Handler
                0x00000100       0x14 ./cr_startup_lpc17.o
                0x00000100                HardFault_Handler
 .text.MemManage_Handler
                0x00000114        0x4 ./cr_startup_lpc17.o
                0x00000114                MemManage_Handler
 .text.BusFault_Handler
                0x00000118        0x4 ./cr_startup_lpc17.o
                0x00000118                BusFault_Handler
 .text.UsageFault_Handler
                0x0000011c        0x4 ./cr_startup_lpc17.o
                0x0000011c                UsageFault_Handler
 .text.DebugMon_Handler
                0x00000120        0x4 ./cr_startup_lpc17.o
                0x00000120                DebugMon_Handler
 .text.Reset_Handler
                0x00000124       0xbc ./cr_startup_lpc17.o
                0x00000124                Reset_Handler
                0x00000124                ResetISR
 .text.hard_fault_handler_c
                0x000001e0       0x84 ./cr_startup_lpc17.o
                0x000001e0                hard_fault_handler_c
 .text.IntDefaultHandler
                0x00000264       0x18 ./cr_startup_lpc17.o
                0x00000264                TIMER2_IRQHandler
                0x00000264                RIT_IRQHandler
                0x00000264                PWM1_IRQHandler
                0x00000264                EINT2_IRQHandler
                0x00000264                EINT3_IRQHandler
                0x00000264                TIMER3_IRQHandler
                0x00000264                PLL0_IRQHandler
                0x00000264                CAN_IRQHandler
                0x00000264                PLL1_IRQHandler
                0x00000264                RTC_IRQHandler
                0x00000264                TIMER0_IRQHandler
                0x00000264                EINT1_IRQHandler
                0x00000264                TIMER1_IRQHandler
                0x00000264                ADC_IRQHandler
                0x00000264                BOD_IRQHandler
                0x00000264                WDT_IRQHandler
                0x00000264                QEI_IRQHandler
                0x00000264                EINT0_IRQHandler
                0x00000264                MCPWM_IRQHandler
 .text.LCD_Init
                0x0000027c       0xc8 ./lcd_i2c.o
                0x0000027c                LCD_Init
 .text.LCD_ClearScreen
                0x00000344       0xd4 ./lcd_i2c.o
                0x00000344                LCD_ClearScreen
 .text.LCD_PrintText
                0x00000418      0x120 ./lcd_i2c.o
                0x00000418                LCD_PrintText
 .text.main     0x00000538       0x7c ./main.o
                0x00000538                main
 .text.vSoftwareInterruptHandler
                0x000005b4       0x54 ./main.o
                0x000005b4                vSoftwareInterruptHandler
 .text.vApplicationMallocFailedHook
                0x00000608        0x4 ./main.o
                0x00000608                vApplicationMallocFailedHook
 .text.vApplicationStackOverflowHook
                0x0000060c       0x10 ./main.o
                0x0000060c                vApplicationStackOverflowHook
 .text.vApplicationIdleHook
                0x0000061c        0x4 ./main.o
                0x0000061c                vApplicationIdleHook
 .text.vApplicationTickHook
                0x00000620        0x4 ./main.o
                0x00000620                vApplicationTickHook
 .text.lEMACInit
                0x00000624      0x988 ./webserver/emac.o
                0x00000624                lEMACInit
 .text.ulGetEMACRxData
                0x00000fac      0x228 ./webserver/emac.o
                0x00000fac                ulGetEMACRxData
 .text.vSendEMACTxData
                0x000011d4      0x234 ./webserver/emac.o
                0x000011d4                vSendEMACTxData
 .text.vEMAC_ISR
                0x00001408       0xfc ./webserver/emac.o
                0x00001408                vEMAC_ISR
 .text.nullfunction
                0x00001504        0x8 ./webserver/httpd-cgi.o
 .text.lcd_io   0x0000150c       0x4c ./webserver/httpd-cgi.o
 .text.led_io   0x00001558       0x4c ./webserver/httpd-cgi.o
 .text.run_time
                0x000015a4       0x4c ./webserver/httpd-cgi.o
 .text.rtos_stats
                0x000015f0       0x48 ./webserver/httpd-cgi.o
 .text.net_stats
                0x00001638       0x4c ./webserver/httpd-cgi.o
 .text.tcp_stats
                0x00001684       0x5c ./webserver/httpd-cgi.o
 .text.generate_lcd_txt
                0x000016e0       0x24 ./webserver/httpd-cgi.o
 .text.generate_io_state
                0x00001704       0x3c ./webserver/httpd-cgi.o
 .text.generate_runtime_stats
                0x00001740       0x3c ./webserver/httpd-cgi.o
 .text.generate_rtos_stats
                0x0000177c       0x44 ./webserver/httpd-cgi.o
 .text.generate_net_stats
                0x000017c0       0x30 ./webserver/httpd-cgi.o
 .text.generate_tcp_stats
                0x000017f0       0xd4 ./webserver/httpd-cgi.o
 .text.file_stats
                0x000018c4       0x54 ./webserver/httpd-cgi.o
 .text.generate_file_stats
                0x00001918       0x28 ./webserver/httpd-cgi.o
 .text.httpd_cgi
                0x00001940       0x48 ./webserver/httpd-cgi.o
                0x00001940                httpd_cgi
 .text.httpd_fs_open
                0x00001988       0x70 ./webserver/httpd-fs.o
                0x00001988                httpd_fs_open
 .text.httpd_fs_count
                0x000019f8       0x60 ./webserver/httpd-fs.o
                0x000019f8                httpd_fs_count
 .text.handle_input
                0x00001a58      0x118 ./webserver/httpd.o
 .text.send_headers
                0x00001b70      0x214 ./webserver/httpd.o
 .text.generate_part_of_file
                0x00001d84       0x3c ./webserver/httpd.o
 .text.handle_output
                0x00001dc0      0x320 ./webserver/httpd.o
 .text.httpd_appcall
                0x000020e0       0xa4 ./webserver/httpd.o
                0x000020e0                httpd_appcall
 .text.networkd_appcall
                0x00002184       0x1c ./webserver/httpd.o
                0x00002184                networkd_appcall
 .text.httpd_init
                0x000021a0        0x8 ./webserver/httpd.o
                0x000021a0                httpd_init
 .text.psock_send
                0x000021a8       0xc8 ./webserver/psock.o
                0x000021a8                psock_send
 .text.psock_generator_send
                0x00002270      0x130 ./webserver/psock.o
                0x00002270                psock_generator_send
 .text.psock_datalen
                0x000023a0        0xc ./webserver/psock.o
                0x000023a0                psock_datalen
 .text.psock_readto
                0x000023ac      0x188 ./webserver/psock.o
                0x000023ac                psock_readto
 .text.psock_init
                0x00002534       0x18 ./webserver/psock.o
                0x00002534                psock_init
 .text.psock_sink_receive
                0x0000254c       0x9c ./webserver/psock.o
                0x0000254c                psock_sink_receive
 .text.timer_set
                0x000025e8       0x10 ./webserver/timer.o
                0x000025e8                timer_set
 .text.timer_reset
                0x000025f8        0xc ./webserver/timer.o
                0x000025f8                timer_reset
 .text.timer_expired
                0x00002604       0x18 ./webserver/timer.o
                0x00002604                timer_expired
 .text.clock_time
                0x0000261c        0x4 ./webserver/uIP_Task.o
                0x0000261c                clock_time
 .text.vuIP_Task
                0x00002620      0x414 ./webserver/uIP_Task.o
                0x00002620                vuIP_Task
 .text.vApplicationProcessFormInput
                0x00002a34      0x1cc ./webserver/uIP_Task.o
                0x00002a34                vApplicationProcessFormInput
 .text.uip_add_rcv_nxt
                0x00002c00       0xa0 ./webserver/uip.o
 .text.uip_add32
                0x00002ca0       0x64 ./webserver/uip.o
                0x00002ca0                uip_add32
 .text.uip_tcpchksum
                0x00002d04      0x1e8 ./webserver/uip.o
                0x00002d04                uip_tcpchksum
 .text.uip_init
                0x00002eec       0x64 ./webserver/uip.o
                0x00002eec                uip_init
 .text.uip_connect
                0x00002f50      0x384 ./webserver/uip.o
                0x00002f50                uip_connect
 .text.uip_unlisten
                0x000032d4       0xac ./webserver/uip.o
                0x000032d4                uip_unlisten
 .text.uip_listen
                0x00003380       0xa4 ./webserver/uip.o
                0x00003380                uip_listen
 .text.uip_process
                0x00003424     0x1ac0 ./webserver/uip.o
                0x00003424                uip_process
 .text.htons    0x00004ee4        0xc ./webserver/uip.o
                0x00004ee4                htons
 .text.uip_send
                0x00004ef0       0x30 ./webserver/uip.o
                0x00004ef0                uip_send
 .text.uip_arp_update
                0x00004f20      0x32c ./webserver/uip_arp.o
 .text.uip_arp_timer
                0x0000524c       0x64 ./webserver/uip_arp.o
                0x0000524c                uip_arp_timer
 .text.uip_arp_ipin
                0x000052b0       0x68 ./webserver/uip_arp.o
                0x000052b0                uip_arp_ipin
 .text.uip_arp_arpin
                0x00005318      0x150 ./webserver/uip_arp.o
                0x00005318                uip_arp_arpin
 .text.uip_arp_out
                0x00005468      0x2c0 ./webserver/uip_arp.o
                0x00005468                uip_arp_out
 .text.Append_part_of_file
                0x00005728       0x68 ./uip_ftp/Connections.o
 .text.Generate_part_of_file
                0x00005790       0x78 ./uip_ftp/Connections.o
 .text.Generate_list_data
                0x00005808      0x14c ./uip_ftp/Connections.o
 .text.Generate_help_data
                0x00005954       0x68 ./uip_ftp/Connections.o
 .text.Send_257_response
                0x000059bc       0x20 ./uip_ftp/Connections.o
 .text.Cmd_syst
                0x000059dc       0xcc ./uip_ftp/Connections.o
                0x000059dc                Cmd_syst
 .text.Cmd_help
                0x00005aa8       0xd0 ./uip_ftp/Connections.o
                0x00005aa8                Cmd_help
 .text.Cmd_stru
                0x00005b78       0x8c ./uip_ftp/Connections.o
                0x00005b78                Cmd_stru
 .text.Cmd_mode
                0x00005c04       0x8c ./uip_ftp/Connections.o
                0x00005c04                Cmd_mode
 .text.Cmd_abor
                0x00005c90       0x60 ./uip_ftp/Connections.o
                0x00005c90                Cmd_abor
 .text.Cmd_type
                0x00005cf0       0xa4 ./uip_ftp/Connections.o
                0x00005cf0                Cmd_type
 .text.Cmd_noop
                0x00005d94       0x4c ./uip_ftp/Connections.o
                0x00005d94                Cmd_noop
 .text.Cmd_quit
                0x00005de0       0x58 ./uip_ftp/Connections.o
                0x00005de0                Cmd_quit
 .text.Cmd_user
                0x00005e38       0x8c ./uip_ftp/Connections.o
                0x00005e38                Cmd_user
 .text.Cmd_ukwn
                0x00005ec4       0x48 ./uip_ftp/Connections.o
                0x00005ec4                Cmd_ukwn
 .text.Cmd_cdup
                0x00005f0c      0x108 ./uip_ftp/Connections.o
                0x00005f0c                Cmd_cdup
 .text.Cmd_pwd  0x00006014       0x70 ./uip_ftp/Connections.o
                0x00006014                Cmd_pwd
 .text.Cmd_cwd  0x00006084      0x194 ./uip_ftp/Connections.o
                0x00006084                Cmd_cwd
 .text.Cmd_rmd  0x00006218      0x310 ./uip_ftp/Connections.o
                0x00006218                Cmd_rmd
 .text.Cmd_dele
                0x00006528      0x314 ./uip_ftp/Connections.o
                0x00006528                Cmd_dele
 .text.Cmd_mkd  0x0000683c      0x224 ./uip_ftp/Connections.o
                0x0000683c                Cmd_mkd
 .text.Send_PASV_response
                0x00006a60       0x8c ./uip_ftp/Connections.o
 .text.Cmd_stor
                0x00006aec      0x1c8 ./uip_ftp/Connections.o
                0x00006aec                Cmd_stor
 .text.Cmd_retr
                0x00006cb4      0x258 ./uip_ftp/Connections.o
                0x00006cb4                Cmd_retr
 .text.Cmd_list
                0x00006f0c      0x258 ./uip_ftp/Connections.o
                0x00006f0c                Cmd_list
 .text.Cmd_port
                0x00007164      0x190 ./uip_ftp/Connections.o
                0x00007164                Cmd_port
 .text.Cmd_pasv
                0x000072f4       0x84 ./uip_ftp/Connections.o
                0x000072f4                Cmd_pasv
 .text.handle_cmd_input
                0x00007378      0x128 ./uip_ftp/Connections.o
                0x00007378                handle_cmd_input
 .text.handle_cmd_output
                0x000074a0      0x11c ./uip_ftp/Connections.o
                0x000074a0                handle_cmd_output
 .text.CloseFile
                0x000075bc       0x1c ./uip_ftp/Connections.o
                0x000075bc                CloseFile
 .text.handle_data_connection
                0x000075d8      0x1dc ./uip_ftp/Connections.o
                0x000075d8                handle_data_connection
 .text.ftpd_appcall
                0x000077b4      0x498 ./uip_ftp/FTPD.o
                0x000077b4                ftpd_appcall
 .text.ftpd_init
                0x00007c4c       0x28 ./uip_ftp/FTPD.o
                0x00007c4c                ftpd_init
 .text.appdata_init
                0x00007c74       0x78 ./uip_ftp/ftp_main.o
                0x00007c74                appdata_init
 .text.CLKPWR_SetPCLKDiv
                0x00007cec       0x5c ./driver_source/lpc17xx_clkpwr.o
                0x00007cec                CLKPWR_SetPCLKDiv
 .text.CLKPWR_GetPCLK
                0x00007d48       0x44 ./driver_source/lpc17xx_clkpwr.o
                0x00007d48                CLKPWR_GetPCLK
 .text.CLKPWR_ConfigPPWR
                0x00007d8c       0x4c ./driver_source/lpc17xx_clkpwr.o
                0x00007d8c                CLKPWR_ConfigPPWR
 .text.GPDMA_IntHandler
                0x00007dd8      0x2c0 ./driver_source/lpc17xx_gpdma.o
                0x00007dd8                GPDMA_IntHandler
 .text.GPIO_SetDir
                0x00008098       0x28 ./driver_source/lpc17xx_gpio.o
                0x00008098                GPIO_SetDir
 .text.GPIO_SetValue
                0x000080c0       0x18 ./driver_source/lpc17xx_gpio.o
                0x000080c0                GPIO_SetValue
 .text.GPIO_ClearValue
                0x000080d8       0x18 ./driver_source/lpc17xx_gpio.o
                0x000080d8                GPIO_ClearValue
 .text.GPIO_ReadValue
                0x000080f0       0x1c ./driver_source/lpc17xx_gpio.o
                0x000080f0                GPIO_ReadValue
 .text.I2C_MasterHandler
                0x0000810c      0x264 ./driver_source/lpc17xx_i2c.o
                0x0000810c                I2C_MasterHandler
 .text.I2C_Init
                0x00008370      0x104 ./driver_source/lpc17xx_i2c.o
                0x00008370                I2C_Init
 .text.I2C_Cmd  0x00008474       0x64 ./driver_source/lpc17xx_i2c.o
                0x00008474                I2C_Cmd
 .text.I2C_MasterTransferData
                0x000084d8      0x328 ./driver_source/lpc17xx_i2c.o
                0x000084d8                I2C_MasterTransferData
 .text.I2C0_StdIntHandler
                0x00008800       0x18 ./driver_source/lpc17xx_i2c.o
                0x00008800                I2C0_StdIntHandler
 .text.I2C1_StdIntHandler
                0x00008818       0x18 ./driver_source/lpc17xx_i2c.o
                0x00008818                I2C1_StdIntHandler
 .text.I2C2_StdIntHandler
                0x00008830       0x18 ./driver_source/lpc17xx_i2c.o
                0x00008830                I2C2_StdIntHandler
 .text.I2S_IntHandler
                0x00008848       0x5c ./driver_source/lpc17xx_i2s.o
                0x00008848                I2S_IntHandler
 .text.check_failed
                0x000088a4        0x4 ./driver_source/lpc17xx_libcfg_default.o
                0x000088a4                check_failed
 .text.PINSEL_ConfigPin
                0x000088a8       0xa4 ./driver_source/lpc17xx_pinsel.o
                0x000088a8                PINSEL_ConfigPin
 .text.RTC_Init
                0x0000894c       0x38 ./driver_source/lpc17xx_rtc.o
                0x0000894c                RTC_Init
 .text.RTC_ResetClockTickCounter
                0x00008984       0x34 ./driver_source/lpc17xx_rtc.o
                0x00008984                RTC_ResetClockTickCounter
 .text.RTC_Cmd  0x000089b8       0x4c ./driver_source/lpc17xx_rtc.o
                0x000089b8                RTC_Cmd
 .text.RTC_SetTime
                0x00008a04      0x144 ./driver_source/lpc17xx_rtc.o
                0x00008a04                RTC_SetTime
 .text.RTC_GetFullTime
                0x00008b48       0x70 ./driver_source/lpc17xx_rtc.o
                0x00008b48                RTC_GetFullTime
 .text.RTC_CalibCounterCmd
                0x00008bb8       0x50 ./driver_source/lpc17xx_rtc.o
                0x00008bb8                RTC_CalibCounterCmd
 .text.LPC17xx_SD_SendCmd
                0x00008c08      0x1d0 ./driver_source/lpc17xx_sd.o
 .text.LPC17xx_SD_WirteDataBlock
                0x00008dd8      0x12c ./driver_source/lpc17xx_sd.o
 .text.MMC_disk_initialize
                0x00008f04      0x1b4 ./driver_source/lpc17xx_sd.o
                0x00008f04                MMC_disk_initialize
 .text.MMC_disk_ioctl
                0x000090b8      0x69c ./driver_source/lpc17xx_sd.o
                0x000090b8                MMC_disk_ioctl
 .text.MMC_disk_read
                0x00009754      0x388 ./driver_source/lpc17xx_sd.o
                0x00009754                MMC_disk_read
 .text.MMC_disk_status
                0x00009adc       0x14 ./driver_source/lpc17xx_sd.o
                0x00009adc                MMC_disk_status
 .text.MMC_disk_write
                0x00009af0      0x21c ./driver_source/lpc17xx_sd.o
                0x00009af0                MMC_disk_write
 .text.SPI_IntHandler
                0x00009d0c       0xe8 ./driver_source/lpc17xx_spi.o
                0x00009d0c                SPI_IntHandler
 .text.SPI_Init
                0x00009df4      0x100 ./driver_source/lpc17xx_spi.o
                0x00009df4                SPI_Init
 .text.SPI_ConfigStructInit
                0x00009ef4       0x20 ./driver_source/lpc17xx_spi.o
                0x00009ef4                SPI_ConfigStructInit
 .text.SPI_SendData
                0x00009f14       0x24 ./driver_source/lpc17xx_spi.o
                0x00009f14                SPI_SendData
 .text.SPI_ReceiveData
                0x00009f38       0x24 ./driver_source/lpc17xx_spi.o
                0x00009f38                SPI_ReceiveData
 .text.SSP0_StdIntHandler
                0x00009f5c       0x18 ./driver_source/lpc17xx_ssp.o
                0x00009f5c                SSP0_StdIntHandler
 .text.SSP1_StdIntHandler
                0x00009f74       0x18 ./driver_source/lpc17xx_ssp.o
                0x00009f74                SSP1_StdIntHandler
 .text.uart_set_divisors
                0x00009f8c      0x65c ./driver_source/lpc17xx_uart.o
                0x00009f8c                uart_set_divisors
 .text.UART_GenIntHandler
                0x0000a5e8      0x114 ./driver_source/lpc17xx_uart.o
                0x0000a5e8                UART_GenIntHandler
 .text.UART_Init
                0x0000a6fc      0x234 ./driver_source/lpc17xx_uart.o
                0x0000a6fc                UART_Init
 .text.UART_ConfigStructInit
                0x0000a930       0x14 ./driver_source/lpc17xx_uart.o
                0x0000a930                UART_ConfigStructInit
 .text.UART_IntConfig
                0x0000a944      0x13c ./driver_source/lpc17xx_uart.o
                0x0000a944                UART_IntConfig
 .text.UART_CheckBusy
                0x0000aa80       0x10 ./driver_source/lpc17xx_uart.o
                0x0000aa80                UART_CheckBusy
 .text.UART_FIFOConfig
                0x0000aa90       0xf8 ./driver_source/lpc17xx_uart.o
                0x0000aa90                UART_FIFOConfig
 .text.UART_FIFOConfigStructInit
                0x0000ab88       0x10 ./driver_source/lpc17xx_uart.o
                0x0000ab88                UART_FIFOConfigStructInit
 .text.UART_TxCmd
                0x0000ab98       0x8c ./driver_source/lpc17xx_uart.o
                0x0000ab98                UART_TxCmd
 .text.UART_FullModemForcePinState
                0x0000ac24       0x74 ./driver_source/lpc17xx_uart.o
                0x0000ac24                UART_FullModemForcePinState
 .text.UART_Send
                0x0000ac98      0x3b4 ./driver_source/lpc17xx_uart.o
                0x0000ac98                UART_Send
 .text.UART_Receive
                0x0000b04c      0x5bc ./driver_source/lpc17xx_uart.o
                0x0000b04c                UART_Receive
 .text.UART_SetupCbs
                0x0000b608       0x88 ./driver_source/lpc17xx_uart.o
                0x0000b608                UART_SetupCbs
 .text.UART0_StdIntHandler
                0x0000b690        0xc ./driver_source/lpc17xx_uart.o
                0x0000b690                UART0_StdIntHandler
 .text.UART1_StdIntHandler
                0x0000b69c       0x18 ./driver_source/lpc17xx_uart.o
                0x0000b69c                UART1_StdIntHandler
 .text.UART2_StdIntHandler
                0x0000b6b4        0xc ./driver_source/lpc17xx_uart.o
                0x0000b6b4                UART2_StdIntHandler
 .text.UART3_StdIntHandler
                0x0000b6c0        0xc ./driver_source/lpc17xx_uart.o
                0x0000b6c0                UART3_StdIntHandler
 .text.UART1_IntReceive_usb
                0x0000b6cc       0xa4 ./UsbHost/Uart/usbhost_uart.o
                0x0000b6cc                UART1_IntReceive_usb
 .text.UART1_IntErr_usb
                0x0000b770       0x24 ./UsbHost/Uart/usbhost_uart.o
                0x0000b770                UART1_IntErr_usb
 .text.UART1_IntTransmit_usb
                0x0000b794       0xd4 ./UsbHost/Uart/usbhost_uart.o
                0x0000b794                UART1_IntTransmit_usb
 .text.UART_Init_usb
                0x0000b868      0x11c ./UsbHost/Uart/usbhost_uart.o
                0x0000b868                UART_Init_usb
 .text.UART_Printf
                0x0000b984       0x90 ./UsbHost/Uart/usbhost_uart.o
                0x0000b984                UART_Printf
 .text.MS_ParseConfiguration
                0x0000ba14      0x100 ./UsbHost/MassStorage/usbhost_ms.o
                0x0000ba14                MS_ParseConfiguration
 .text.Fill_MSCommand
                0x0000bb14      0x12c ./UsbHost/MassStorage/usbhost_ms.o
                0x0000bb14                Fill_MSCommand
 .text.MS_BulkSend
                0x0000bc40       0x94 ./UsbHost/MassStorage/usbhost_ms.o
                0x0000bc40                MS_BulkSend
 .text.MS_BulkRecv
                0x0000bcd4       0xa4 ./UsbHost/MassStorage/usbhost_ms.o
                0x0000bcd4                MS_BulkRecv
 .text.MS_Inquire
                0x0000bd78       0xb8 ./UsbHost/MassStorage/usbhost_ms.o
                0x0000bd78                MS_Inquire
 .text.MS_ReadCapacity
                0x0000be30       0x98 ./UsbHost/MassStorage/usbhost_ms.o
                0x0000be30                MS_ReadCapacity
 .text.MS_TestUnitReady
                0x0000bec8       0x64 ./UsbHost/MassStorage/usbhost_ms.o
                0x0000bec8                MS_TestUnitReady
 .text.MS_Init  0x0000bf2c      0x144 ./UsbHost/MassStorage/usbhost_ms.o
                0x0000bf2c                MS_Init
 .text.usb_host_main
                0x0000c070      0x110 ./UsbHost/Main/usbhost_main.o
                0x0000c070                usb_host_main
 .text.get_fattime
                0x0000c180       0x3c ./UsbHost/Host/usb_ms_diskio.o
                0x0000c180                get_fattime
 .text.USB_disk_initialize
                0x0000c1bc       0xdc ./UsbHost/Host/usb_ms_diskio.o
                0x0000c1bc                USB_disk_initialize
 .text.USB_disk_ioctl
                0x0000c298       0x3c ./UsbHost/Host/usb_ms_diskio.o
                0x0000c298                USB_disk_ioctl
 .text.USB_disk_read
                0x0000c2d4       0x14 ./UsbHost/Host/usb_ms_diskio.o
                0x0000c2d4                USB_disk_read
 .text.USB_disk_status
                0x0000c2e8        0x4 ./UsbHost/Host/usb_ms_diskio.o
                0x0000c2e8                USB_disk_status
 .text.USB_disk_write
                0x0000c2ec       0x14 ./UsbHost/Host/usb_ms_diskio.o
                0x0000c2ec                USB_disk_write
 .text.Host_Init
                0x0000c300      0x24c ./UsbHost/Host/usbhost_lpc17xx.o
                0x0000c300                Host_Init
 .text.USB_IRQHandler_host
                0x0000c54c       0xf8 ./UsbHost/Host/usbhost_lpc17xx.o
                0x0000c54c                USB_IRQHandler_host
 .text.Host_ProcessTD
                0x0000c644       0xec ./UsbHost/Host/usbhost_lpc17xx.o
                0x0000c644                Host_ProcessTD
 .text.Host_EnumDev
                0x0000c730      0x470 ./UsbHost/Host/usbhost_lpc17xx.o
                0x0000c730                Host_EnumDev
 .text.Host_CtrlRecv
                0x0000cba0      0x120 ./UsbHost/Host/usbhost_lpc17xx.o
                0x0000cba0                Host_CtrlRecv
 .text.WriteLE32U
                0x0000ccc0       0x24 ./UsbHost/Host/usbhost_lpc17xx.o
                0x0000ccc0                WriteLE32U
 .text.ReadLE16U
                0x0000cce4       0x18 ./UsbHost/Host/usbhost_lpc17xx.o
                0x0000cce4                ReadLE16U
 .text.ReadBE32U
                0x0000ccfc       0x24 ./UsbHost/Host/usbhost_lpc17xx.o
                0x0000ccfc                ReadBE32U
 .text.WriteBE32U
                0x0000cd20       0x24 ./UsbHost/Host/usbhost_lpc17xx.o
                0x0000cd20                WriteBE32U
 .text.WriteBE16U
                0x0000cd44       0x10 ./UsbHost/Host/usbhost_lpc17xx.o
                0x0000cd44                WriteBE16U
 .text.ff_convert
                0x0000cd54      0x218 ./FatFs/option/cc932.o
                0x0000cd54                ff_convert
 .text.ff_wtoupper
                0x0000cf6c       0x34 ./FatFs/option/cc932.o
                0x0000cf6c                ff_wtoupper
 .text.disk_initialize
                0x0000cfa0       0x58 ./FatFs/diskio.o
                0x0000cfa0                disk_initialize
 .text.disk_status
                0x0000cff8       0x20 ./FatFs/diskio.o
                0x0000cff8                disk_status
 .text.disk_read
                0x0000d018       0x28 ./FatFs/diskio.o
                0x0000d018                disk_read
 .text.disk_write
                0x0000d040       0x28 ./FatFs/diskio.o
                0x0000d040                disk_write
 .text.disk_ioctl
                0x0000d068       0x30 ./FatFs/diskio.o
                0x0000d068                disk_ioctl
 .text.get_fileinfo
                0x0000d098      0x330 ./FatFs/ff.o
 .text.chk_mounted
                0x0000d3c8      0x468 ./FatFs/ff.o
 .text.sync     0x0000d830      0x1c4 ./FatFs/ff.o
 .text.get_fat  0x0000d9f4      0x508 ./FatFs/ff.o
                0x0000d9f4                get_fat
 .text.dir_sdi  0x0000defc       0xb4 ./FatFs/ff.o
 .text.put_fat  0x0000dfb0      0x5e4 ./FatFs/ff.o
                0x0000dfb0                put_fat
 .text.create_chain
                0x0000e594      0x178 ./FatFs/ff.o
 .text.dir_next
                0x0000e70c      0x3a0 ./FatFs/ff.o
 .text.dir_find
                0x0000eaac      0x694 ./FatFs/ff.o
 .text.follow_path
                0x0000f140      0x5f8 ./FatFs/ff.o
 .text.dir_remove
                0x0000f738      0x18c ./FatFs/ff.o
 .text.dir_read
                0x0000f8c4      0x4f0 ./FatFs/ff.o
 .text.dir_register
                0x0000fdb4      0xb80 ./FatFs/ff.o
 .text.f_mount  0x00010934       0x3c ./FatFs/ff.o
                0x00010934                f_mount
 .text.f_open   0x00010970      0x3d0 ./FatFs/ff.o
                0x00010970                f_open
 .text.f_read   0x00010d40      0x3c8 ./FatFs/ff.o
                0x00010d40                f_read
 .text.f_write  0x00011108      0x450 ./FatFs/ff.o
                0x00011108                f_write
 .text.f_sync   0x00011558      0x1dc ./FatFs/ff.o
                0x00011558                f_sync
 .text.f_close  0x00011734       0x44 ./FatFs/ff.o
                0x00011734                f_close
 .text.f_chdrive
                0x00011778       0x18 ./FatFs/ff.o
                0x00011778                f_chdrive
 .text.f_chdir  0x00011790       0x70 ./FatFs/ff.o
                0x00011790                f_chdir
 .text.f_getcwd
                0x00011800      0x294 ./FatFs/ff.o
                0x00011800                f_getcwd
 .text.f_lseek  0x00011a94      0x1c8 ./FatFs/ff.o
                0x00011a94                f_lseek
 .text.f_opendir
                0x00011c5c       0x70 ./FatFs/ff.o
                0x00011c5c                f_opendir
 .text.f_readdir
                0x00011ccc       0x74 ./FatFs/ff.o
                0x00011ccc                f_readdir
 .text.f_truncate
                0x00011d40      0x170 ./FatFs/ff.o
                0x00011d40                f_truncate
 .text.f_unlink
                0x00011eb0      0x184 ./FatFs/ff.o
                0x00011eb0                f_unlink
 .text.f_mkdir  0x00012034      0x444 ./FatFs/ff.o
                0x00012034                f_mkdir
 .text.SystemInit
                0x00012478       0xe4 /home/nlv14991/workspaceLPC/STE-LPC1768-/CMSISv2p00_LPC17xx/Debug/libCMSISv2p00_LPC17xx.a(system_LPC17xx.o)
                0x00012478                SystemInit
 .text          0x0001255c      0x510 /home/nlv14991/workspaceLPC/STE-LPC1768-/FreeRTOS_Library/Debug/libFreeRTOS_Library.a(queue.o)
                0x00012658                xQueueCreate
                0x000126c4                xQueueCreateCountingSemaphore
                0x000126d4                xQueueGenericSend
                0x000127c4                xQueueCreateMutex
                0x00012808                xQueueGenericSendFromISR
                0x00012868                xQueueGenericReceive
                0x000129b0                xQueueReceiveFromISR
                0x00012a24                uxQueueMessagesWaiting
                0x00012a38                uxQueueMessagesWaitingFromISR
                0x00012a3c                vQueueDelete
                0x00012a50                xQueueIsQueueEmptyFromISR
                0x00012a5c                xQueueIsQueueFullFromISR
 .text          0x00012a6c      0xb58 /home/nlv14991/workspaceLPC/STE-LPC1768-/FreeRTOS_Library/Debug/libFreeRTOS_Library.a(tasks.o)
                0x00012a6c                xTaskGenericCreate
                0x00012c30                vTaskDelete
                0x00012ca0                uxTaskPriorityGet
                0x00012cc8                vTaskPrioritySet
                0x00012d78                xTaskIsTaskSuspended
                0x00012da0                vTaskResume
                0x00012e1c                xTaskResumeFromISR
                0x00012e94                vTaskStartScheduler
                0x00012ee8                vTaskEndScheduler
                0x00012f04                vTaskSuspendAll
                0x00012f18                xTaskGetTickCount
                0x00012f34                xTaskGetTickCountFromISR
                0x00012f44                uxTaskGetNumberOfTasks
                0x00012f50                vTaskIncrementTick
                0x00013014                xTaskResumeAll
                0x0001316c                vTaskDelay
                0x000131c0                vTaskDelayUntil
                0x00013244                vTaskSwitchContext
                0x0001331c                vTaskSuspend
                0x00013388                vTaskPlaceOnEventList
                0x000133f0                xTaskRemoveFromEventList
                0x00013458                vTaskSetTimeOutState
                0x00013470                xTaskCheckForTimeOut
                0x000134ec                vTaskMissedYield
                0x000134fc                xTaskGetCurrentTaskHandle
                0x00013508                vTaskPriorityInherit
                0x00013574                vTaskPriorityDisinherit
 .text          0x000135c4      0x134 /home/nlv14991/workspaceLPC/STE-LPC1768-/FreeRTOS_Library/Debug/libFreeRTOS_Library.a(heap_2.o)
                0x000135c4                pvPortMalloc
                0x0001369c                vPortFree
                0x000136e4                xPortGetFreeHeapSize
                0x000136f4                vPortInitialiseBlocks
 .text          0x000136f8      0x158 /home/nlv14991/workspaceLPC/STE-LPC1768-/FreeRTOS_Library/Debug/libFreeRTOS_Library.a(port.o)
                0x000136f8                pxPortInitialiseStack
                0x0001371c                vPortSVCHandler
                0x0001373c                vPortStartFirstTask
                0x00013748                xPortStartScheduler
                0x0001379c                vPortEndScheduler
                0x000137a0                vPortYieldFromISR
                0x000137b0                vPortEnterCritical
                0x000137c8                vPortExitCritical
                0x000137e4                xPortPendSVHandler
                0x00013820                xPortSysTickHandler
 .text          0x00013850       0x9c /home/nlv14991/workspaceLPC/STE-LPC1768-/FreeRTOS_Library/Debug/libFreeRTOS_Library.a(list.o)
                0x00013850                vListInitialise
                0x00013868                vListInitialiseItem
                0x00013870                vListInsertEnd
                0x0001388c                vListInsert
                0x000138c8                vListRemove
 .text          0x000138ec       0x2c /usr/local/lpcxpresso_4.2.3_255/lpcxpresso/tools/bin/../lib/gcc/arm-none-eabi/4.5.1/thumb2/libgcc.a(_aeabi_uldivmod.o)
                0x000138ec                __aeabi_uldivmod
 .text          0x00013918       0x60 /usr/local/lpcxpresso_4.2.3_255/lpcxpresso/tools/bin/../lib/gcc/arm-none-eabi/4.5.1/thumb2/libgcc.a(bpabi.o)
                0x00013918                __gnu_ldivmod_helper
                0x00013948                __gnu_uldivmod_helper
 .text          0x00013978        0x4 /usr/local/lpcxpresso_4.2.3_255/lpcxpresso/tools/bin/../lib/gcc/arm-none-eabi/4.5.1/thumb2/libgcc.a(_dvmd_tls.o)
                0x00013978                __aeabi_ldiv0
                0x00013978                __aeabi_idiv0
 .text          0x0001397c      0x364 /usr/local/lpcxpresso_4.2.3_255/lpcxpresso/tools/bin/../lib/gcc/arm-none-eabi/4.5.1/thumb2/libgcc.a(_divdi3.o)
                0x0001397c                __divdi3
 .text          0x00013ce0      0x314 /usr/local/lpcxpresso_4.2.3_255/lpcxpresso/tools/bin/../lib/gcc/arm-none-eabi/4.5.1/thumb2/libgcc.a(_udivdi3.o)
                0x00013ce0                __udivdi3
 *fill*         0x00013ff4        0x4 00
 .text          0x00013ff8      0x278 /usr/local/lpcxpresso_4.2.3_255/lpcxpresso/tools/bin/../lib/gcc/arm-none-eabi/4.5.1/thumb2/libgcc.a(_udivsi3.o)
                0x00013ff8                __udivsi3
                0x00013ff8                __aeabi_uidiv
                0x00014254                __aeabi_uidivmod
 .text          0x00014270       0x58 /usr/local/lpcxpresso_4.2.3_255/lpcxpresso/tools/bin/../lib/gcc/arm-none-eabi/4.5.1/../../../../arm-none-eabi/lib/thumb2/libc.a(lib_a-memcmp.o)
                0x00014270                memcmp
 .text          0x000142c8      0x150 /usr/local/lpcxpresso_4.2.3_255/lpcxpresso/tools/bin/../lib/gcc/arm-none-eabi/4.5.1/../../../../arm-none-eabi/lib/thumb2/libc.a(lib_a-memcpy.o)
                0x000142c8                memcpy
 .text          0x00014418       0xb4 /usr/local/lpcxpresso_4.2.3_255/lpcxpresso/tools/bin/../lib/gcc/arm-none-eabi/4.5.1/../../../../arm-none-eabi/lib/thumb2/libc.a(lib_a-memset.o)
                0x00014418                memset
 .text          0x000144cc       0xd0 /usr/local/lpcxpresso_4.2.3_255/lpcxpresso/tools/bin/../lib/gcc/arm-none-eabi/4.5.1/../../../../arm-none-eabi/lib/thumb2/libc.a(lib_a-snprintf.o)
                0x000144cc                _snprintf_r
                0x00014530                snprintf
 .text          0x0001459c       0x94 /usr/local/lpcxpresso_4.2.3_255/lpcxpresso/tools/bin/../lib/gcc/arm-none-eabi/4.5.1/../../../../arm-none-eabi/lib/thumb2/libc.a(lib_a-sprintf.o)
                0x0001459c                _sprintf_r
                0x000145e0                sprintf
 .text          0x00014630       0xb4 /usr/local/lpcxpresso_4.2.3_255/lpcxpresso/tools/bin/../lib/gcc/arm-none-eabi/4.5.1/../../../../arm-none-eabi/lib/thumb2/libc.a(lib_a-sscanf.o)
                0x00014630                sscanf
                0x0001468c                _sscanf_r
 .text          0x000146e4       0x94 /usr/local/lpcxpresso_4.2.3_255/lpcxpresso/tools/bin/../lib/gcc/arm-none-eabi/4.5.1/../../../../arm-none-eabi/lib/thumb2/libc.a(lib_a-stdio.o)
                0x000146e4                __sread
                0x00014708                __seofread
                0x0001470c                __swrite
                0x00014748                __sseek
                0x00014770                __sclose
 .text          0x00014778       0x50 /usr/local/lpcxpresso_4.2.3_255/lpcxpresso/tools/bin/../lib/gcc/arm-none-eabi/4.5.1/../../../../arm-none-eabi/lib/thumb2/libc.a(lib_a-strcat.o)
                0x00014778                strcat
 .text          0x000147c8      0x10c /usr/local/lpcxpresso_4.2.3_255/lpcxpresso/tools/bin/../lib/gcc/arm-none-eabi/4.5.1/../../../../arm-none-eabi/lib/thumb2/libc.a(lib_a-strchr.o)
                0x000147c8                strchr
 .text          0x000148d4      0x1dc /usr/local/lpcxpresso_4.2.3_255/lpcxpresso/tools/bin/../lib/gcc/arm-none-eabi/4.5.1/../../../../arm-none-eabi/lib/thumb2/libc.a(lib_a-strcmp.o)
                0x000148d4                strcmp
 .text          0x00014ab0       0xbc /usr/local/lpcxpresso_4.2.3_255/lpcxpresso/tools/bin/../lib/gcc/arm-none-eabi/4.5.1/../../../../arm-none-eabi/lib/thumb2/libc.a(lib_a-strcpy.o)
                0x00014ab0                strcpy
 .text          0x00014b6c       0x60 /usr/local/lpcxpresso_4.2.3_255/lpcxpresso/tools/bin/../lib/gcc/arm-none-eabi/4.5.1/../../../../arm-none-eabi/lib/thumb2/libc.a(lib_a-strlen.o)
                0x00014b6c                strlen
 .text          0x00014bcc       0xa0 /usr/local/lpcxpresso_4.2.3_255/lpcxpresso/tools/bin/../lib/gcc/arm-none-eabi/4.5.1/../../../../arm-none-eabi/lib/thumb2/libc.a(lib_a-strncmp.o)
                0x00014bcc                strncmp
 .text          0x00014c6c       0x7c /usr/local/lpcxpresso_4.2.3_255/lpcxpresso/tools/bin/../lib/gcc/arm-none-eabi/4.5.1/../../../../arm-none-eabi/lib/thumb2/libc.a(lib_a-strncpy.o)
                0x00014c6c                strncpy
 .text          0x00014ce8       0x28 /usr/local/lpcxpresso_4.2.3_255/lpcxpresso/tools/bin/../lib/gcc/arm-none-eabi/4.5.1/../../../../arm-none-eabi/lib/thumb2/libc.a(lib_a-strrchr.o)
                0x00014ce8                strrchr
 .text          0x00014d10      0x510 /usr/local/lpcxpresso_4.2.3_255/lpcxpresso/tools/bin/../lib/gcc/arm-none-eabi/4.5.1/../../../../arm-none-eabi/lib/thumb2/libc.a(lib_a-strstr.o)
                0x00015004                strstr
 .text          0x00015220     0x1658 /usr/local/lpcxpresso_4.2.3_255/lpcxpresso/tools/bin/../lib/gcc/arm-none-eabi/4.5.1/../../../../arm-none-eabi/lib/thumb2/libc.a(lib_a-svfprintf.o)
                0x00015220                _svfprintf_r
 .text          0x00016878      0xfa0 /usr/local/lpcxpresso_4.2.3_255/lpcxpresso/tools/bin/../lib/gcc/arm-none-eabi/4.5.1/../../../../arm-none-eabi/lib/thumb2/libc.a(lib_a-svfscanf.o)
                0x00016878                __ssvfscanf_r
 .text          0x00017818       0x4c /usr/local/lpcxpresso_4.2.3_255/lpcxpresso/tools/bin/../lib/gcc/arm-none-eabi/4.5.1/../../../../arm-none-eabi/lib/thumb2/libc.a(lib_a-vsprintf.o)
                0x00017818                _vsprintf_r
                0x0001784c                vsprintf
 .text          0x00017864       0x2c /usr/local/lpcxpresso_4.2.3_255/lpcxpresso/tools/bin/../lib/gcc/arm-none-eabi/4.5.1/../../../../arm-none-eabi/lib/thumb2/libc.a(lib_a-writer.o)
                0x00017864                _write_r
 .text          0x00017890       0x28 /usr/local/lpcxpresso_4.2.3_255/lpcxpresso/tools/bin/../lib/gcc/arm-none-eabi/4.5.1/../../../../arm-none-eabi/lib/thumb2/libc.a(lib_a-closer.o)
                0x00017890                _close_r
 .text          0x000178b8     0x1000 /usr/local/lpcxpresso_4.2.3_255/lpcxpresso/tools/bin/../lib/gcc/arm-none-eabi/4.5.1/../../../../arm-none-eabi/lib/thumb2/libc.a(lib_a-dtoa.o)
                0x000179e4                _dtoa_r
 .text          0x000188b8      0x1f4 /usr/local/lpcxpresso_4.2.3_255/lpcxpresso/tools/bin/../lib/gcc/arm-none-eabi/4.5.1/../../../../arm-none-eabi/lib/thumb2/libc.a(lib_a-fflush.o)
                0x000188b8                _fflush_r
                0x00018a84                fflush
 .text          0x00018aac      0x220 /usr/local/lpcxpresso_4.2.3_255/lpcxpresso/tools/bin/../lib/gcc/arm-none-eabi/4.5.1/../../../../arm-none-eabi/lib/thumb2/libc.a(lib_a-findfp.o)
                0x00018ab4                _cleanup_r
                0x00018ac0                __sfmoreglue
                0x00018af0                _cleanup
                0x00018afc                __sinit
                0x00018c04                __sfp
                0x00018c8c                __sfp_lock_acquire
                0x00018c90                __sfp_lock_release
                0x00018c94                __sinit_lock_acquire
                0x00018c98                __sinit_lock_release
                0x00018c9c                __fp_lock_all
                0x00018cb4                __fp_unlock_all
 .text          0x00018ccc      0x240 /usr/local/lpcxpresso_4.2.3_255/lpcxpresso/tools/bin/../lib/gcc/arm-none-eabi/4.5.1/../../../../arm-none-eabi/lib/thumb2/libc.a(lib_a-freer.o)
                0x00018ccc                _malloc_trim_r
                0x00018d74                _free_r
 .text          0x00018f0c       0xa0 /usr/local/lpcxpresso_4.2.3_255/lpcxpresso/tools/bin/../lib/gcc/arm-none-eabi/4.5.1/../../../../arm-none-eabi/lib/thumb2/libc.a(lib_a-fwalk.o)
                0x00018f0c                _fwalk
                0x00018f58                _fwalk_reent
 .text          0x00018fac       0x1c /usr/local/lpcxpresso_4.2.3_255/lpcxpresso/tools/bin/../lib/gcc/arm-none-eabi/4.5.1/../../../../arm-none-eabi/lib/thumb2/libc.a(lib_a-iswspace.o)
                0x00018fac                iswspace
 .text          0x00018fc8       0xa0 /usr/local/lpcxpresso_4.2.3_255/lpcxpresso/tools/bin/../lib/gcc/arm-none-eabi/4.5.1/../../../../arm-none-eabi/lib/thumb2/libc.a(lib_a-locale.o)
                0x00018fc8                _setlocale_r
                0x00019024                __locale_charset
                0x00019030                __locale_mb_cur_max
                0x0001903c                __locale_msgcharset
                0x00019044                __locale_cjk_lang
                0x00019048                _localeconv_r
                0x00019050                setlocale
                0x00019060                localeconv
 .text          0x00019068       0x2c /usr/local/lpcxpresso_4.2.3_255/lpcxpresso/tools/bin/../lib/gcc/arm-none-eabi/4.5.1/../../../../arm-none-eabi/lib/thumb2/libc.a(lib_a-lseekr.o)
                0x00019068                _lseek_r
 .text          0x00019094       0x20 /usr/local/lpcxpresso_4.2.3_255/lpcxpresso/tools/bin/../lib/gcc/arm-none-eabi/4.5.1/../../../../arm-none-eabi/lib/thumb2/libc.a(lib_a-malloc.o)
                0x00019094                malloc
                0x000190a4                free
 .text          0x000190b4      0x57c /usr/local/lpcxpresso_4.2.3_255/lpcxpresso/tools/bin/../lib/gcc/arm-none-eabi/4.5.1/../../../../arm-none-eabi/lib/thumb2/libc.a(lib_a-mallocr.o)
                0x000190b4                _malloc_r
 .text          0x00019630       0xe8 /usr/local/lpcxpresso_4.2.3_255/lpcxpresso/tools/bin/../lib/gcc/arm-none-eabi/4.5.1/../../../../arm-none-eabi/lib/thumb2/libc.a(lib_a-mbrtowc.o)
                0x00019630                _mbrtowc_r
                0x00019698                mbrtowc
 .text          0x00019718       0x5c /usr/local/lpcxpresso_4.2.3_255/lpcxpresso/tools/bin/../lib/gcc/arm-none-eabi/4.5.1/../../../../arm-none-eabi/lib/thumb2/libc.a(lib_a-mbtowc_r.o)
                0x00019718                __ascii_mbtowc
                0x00019740                _mbtowc_r
 .text          0x00019774       0x88 /usr/local/lpcxpresso_4.2.3_255/lpcxpresso/tools/bin/../lib/gcc/arm-none-eabi/4.5.1/../../../../arm-none-eabi/lib/thumb2/libc.a(lib_a-memchr.o)
                0x00019774                memchr
 .text          0x000197fc        0x8 /usr/local/lpcxpresso_4.2.3_255/lpcxpresso/tools/bin/../lib/gcc/arm-none-eabi/4.5.1/../../../../arm-none-eabi/lib/thumb2/libc.a(lib_a-mlock.o)
                0x000197fc                __malloc_lock
                0x00019800                __malloc_unlock
 .text          0x00019804      0x920 /usr/local/lpcxpresso_4.2.3_255/lpcxpresso/tools/bin/../lib/gcc/arm-none-eabi/4.5.1/../../../../arm-none-eabi/lib/thumb2/libc.a(lib_a-mprec.o)
                0x00019804                _Balloc
                0x0001986c                _Bfree
                0x000198a4                __multadd
                0x00019928                __s2b
                0x000199bc                __hi0bits
                0x000199fc                __lo0bits
                0x00019a60                __i2b
                0x00019a74                __multiply
                0x00019b9c                __pow5mult
                0x00019c40                __lshift
                0x00019cec                __mcmp
                0x00019d28                __mdiff
                0x00019e20                __ulp
                0x00019e68                __b2d
                0x00019f14                __d2b
                0x00019fdc                __ratio
                0x0001a04c                _mprec_log10
                0x0001a080                __copybits
                0x0001a0c8                __any_on
 .text          0x0001a124       0x2c /usr/local/lpcxpresso_4.2.3_255/lpcxpresso/tools/bin/../lib/gcc/arm-none-eabi/4.5.1/../../../../arm-none-eabi/lib/thumb2/libc.a(lib_a-readr.o)
                0x0001a124                _read_r
 .text          0x0001a150       0x90 /usr/local/lpcxpresso_4.2.3_255/lpcxpresso/tools/bin/../lib/gcc/arm-none-eabi/4.5.1/../../../../arm-none-eabi/lib/thumb2/libc.a(lib_a-s_fpclassify.o)
                0x0001a150                __fpclassifyd
 .text          0x0001a1e0       0x28 /usr/local/lpcxpresso_4.2.3_255/lpcxpresso/tools/bin/../lib/gcc/arm-none-eabi/4.5.1/../../../../arm-none-eabi/lib/thumb2/libc.a(lib_a-sbrkr.o)
                0x0001a1e0                _sbrk_r
 .text          0x0001a208       0x78 /usr/local/lpcxpresso_4.2.3_255/lpcxpresso/tools/bin/../lib/gcc/arm-none-eabi/4.5.1/../../../../arm-none-eabi/lib/thumb2/libc.a(lib_a-sccl.o)
                0x0001a208                __sccl
 .text          0x0001a280        0x8 /usr/local/lpcxpresso_4.2.3_255/lpcxpresso/tools/bin/../lib/gcc/arm-none-eabi/4.5.1/../../../../arm-none-eabi/lib/thumb2/libc.a(lib_a-sf_nan.o)
                0x0001a280                nanf
 .text          0x0001a288     0x1098 /usr/local/lpcxpresso_4.2.3_255/lpcxpresso/tools/bin/../lib/gcc/arm-none-eabi/4.5.1/../../../../arm-none-eabi/lib/thumb2/libc.a(lib_a-strtod.o)
                0x0001a2b8                _strtod_r
                0x0001b24c                strtod
                0x0001b260                strtof
 .text          0x0001b320      0x17c /usr/local/lpcxpresso_4.2.3_255/lpcxpresso/tools/bin/../lib/gcc/arm-none-eabi/4.5.1/../../../../arm-none-eabi/lib/thumb2/libc.a(lib_a-strtol.o)
                0x0001b320                _strtol_r
                0x0001b484                strtol
 .text          0x0001b49c      0x1d0 /usr/local/lpcxpresso_4.2.3_255/lpcxpresso/tools/bin/../lib/gcc/arm-none-eabi/4.5.1/../../../../arm-none-eabi/lib/thumb2/libc.a(lib_a-strtoll_r.o)
                0x0001b49c                _strtoll_r
 .text          0x0001b66c      0x17c /usr/local/lpcxpresso_4.2.3_255/lpcxpresso/tools/bin/../lib/gcc/arm-none-eabi/4.5.1/../../../../arm-none-eabi/lib/thumb2/libc.a(lib_a-strtoul.o)
                0x0001b66c                _strtoul_r
                0x0001b7d0                strtoul
 .text          0x0001b7e8      0x1d0 /usr/local/lpcxpresso_4.2.3_255/lpcxpresso/tools/bin/../lib/gcc/arm-none-eabi/4.5.1/../../../../arm-none-eabi/lib/thumb2/libc.a(lib_a-strtoull_r.o)
                0x0001b7e8                _strtoull_r
 .text          0x0001b9b8      0xbe4 /usr/local/lpcxpresso_4.2.3_255/lpcxpresso/tools/bin/../lib/gcc/arm-none-eabi/4.5.1/../../../../arm-none-eabi/lib/thumb2/libc.a(lib_a-svfiprintf.o)
                0x0001b9b8                __ssprint_r
                0x0001bac0                _svfiprintf_r
 .text          0x0001c59c      0xc14 /usr/local/lpcxpresso_4.2.3_255/lpcxpresso/tools/bin/../lib/gcc/arm-none-eabi/4.5.1/../../../../arm-none-eabi/lib/thumb2/libc.a(lib_a-svfiscanf.o)
                0x0001c59c                _sungetc_r
                0x0001c628                __ssrefill_r
                0x0001c664                _sfread_r
                0x0001c6dc                __ssvfiscanf_r
 .text          0x0001d1b0      0x1ac /usr/local/lpcxpresso_4.2.3_255/lpcxpresso/tools/bin/../lib/gcc/arm-none-eabi/4.5.1/../../../../arm-none-eabi/lib/thumb2/libc.a(lib_a-ungetc.o)
                0x0001d1b0                __submore
                0x0001d234                _ungetc_r
                0x0001d34c                ungetc
 .text          0x0001d35c       0x5c /usr/local/lpcxpresso_4.2.3_255/lpcxpresso/tools/bin/../lib/gcc/arm-none-eabi/4.5.1/../../../../arm-none-eabi/lib/thumb2/libc.a(lib_a-callocr.o)
                0x0001d35c                _calloc_r
 .text          0x0001d3b8       0xc4 /usr/local/lpcxpresso_4.2.3_255/lpcxpresso/tools/bin/../lib/gcc/arm-none-eabi/4.5.1/../../../../arm-none-eabi/lib/thumb2/libc.a(lib_a-fclose.o)
                0x0001d3b8                _fclose_r
                0x0001d46c                fclose
 .text          0x0001d47c      0x688 /usr/local/lpcxpresso_4.2.3_255/lpcxpresso/tools/bin/../lib/gcc/arm-none-eabi/4.5.1/../../../../arm-none-eabi/lib/thumb2/libc.a(lib_a-gdtoa-gethex.o)
                0x0001d514                __hexdig_init
                0x0001d56c                __gethex
 .text          0x0001db04      0x1cc /usr/local/lpcxpresso_4.2.3_255/lpcxpresso/tools/bin/../lib/gcc/arm-none-eabi/4.5.1/../../../../arm-none-eabi/lib/thumb2/libc.a(lib_a-gdtoa-hexnan.o)
                0x0001db04                __hexnan
 .text          0x0001dcd0       0xa0 /usr/local/lpcxpresso_4.2.3_255/lpcxpresso/tools/bin/../lib/gcc/arm-none-eabi/4.5.1/../../../../arm-none-eabi/lib/thumb2/libc.a(lib_a-memmove.o)
                0x0001dcd0                memmove
 .text          0x0001dd70      0x41c /usr/local/lpcxpresso_4.2.3_255/lpcxpresso/tools/bin/../lib/gcc/arm-none-eabi/4.5.1/../../../../arm-none-eabi/lib/thumb2/libc.a(lib_a-reallocr.o)
                0x0001dd70                _realloc_r
 .text          0x0001e18c       0x3c /usr/local/lpcxpresso_4.2.3_255/lpcxpresso/tools/bin/../lib/gcc/arm-none-eabi/4.5.1/../../../../arm-none-eabi/lib/thumb2/libcr_newlib_nohost.a(_cr_sbrk.o)
                0x0001e18c                _sbrk
 .text          0x0001e1c8       0x10 /usr/local/lpcxpresso_4.2.3_255/lpcxpresso/tools/bin/../lib/gcc/arm-none-eabi/4.5.1/../../../../arm-none-eabi/lib/thumb2/libcr_newlib_nohost.a(close.o)
                0x0001e1c8                _close
 .text          0x0001e1d8       0x10 /usr/local/lpcxpresso_4.2.3_255/lpcxpresso/tools/bin/../lib/gcc/arm-none-eabi/4.5.1/../../../../arm-none-eabi/lib/thumb2/libcr_newlib_nohost.a(lseek.o)
                0x0001e1d8                _lseek
 .text          0x0001e1e8       0x10 /usr/local/lpcxpresso_4.2.3_255/lpcxpresso/tools/bin/../lib/gcc/arm-none-eabi/4.5.1/../../../../arm-none-eabi/lib/thumb2/libcr_newlib_nohost.a(read.o)
                0x0001e1e8                _read
 .text          0x0001e1f8       0x10 /usr/local/lpcxpresso_4.2.3_255/lpcxpresso/tools/bin/../lib/gcc/arm-none-eabi/4.5.1/../../../../arm-none-eabi/lib/thumb2/libcr_newlib_nohost.a(write.o)
                0x0001e1f8                _write
 .text          0x0001e208       0x2c /usr/local/lpcxpresso_4.2.3_255/lpcxpresso/tools/bin/../lib/gcc/arm-none-eabi/4.5.1/../../../../arm-none-eabi/lib/thumb2/libcr_newlib_nohost.a(_cr_check_heap.o)
                0x0001e208                __check_heap_overflow
 .text          0x0001e234      0x370 /usr/local/lpcxpresso_4.2.3_255/lpcxpresso/tools/bin/../lib/gcc/arm-none-eabi/4.5.1/thumb2/libgcc.a(_arm_addsubdf3.o)
                0x0001e234                __aeabi_drsub
                0x0001e23c                __aeabi_dsub
                0x0001e23c                __subdf3
                0x0001e240                __adddf3
                0x0001e240                __aeabi_dadd
                0x0001e4b8                __aeabi_ui2d
                0x0001e4b8                __floatunsidf
                0x0001e4d8                __floatsidf
                0x0001e4d8                __aeabi_i2d
                0x0001e4fc                __extendsfdf2
                0x0001e4fc                __aeabi_f2d
                0x0001e538                __aeabi_ul2d
                0x0001e538                __floatundidf
                0x0001e548                __floatdidf
                0x0001e548                __aeabi_l2d
 .text          0x0001e5a4      0x424 /usr/local/lpcxpresso_4.2.3_255/lpcxpresso/tools/bin/../lib/gcc/arm-none-eabi/4.5.1/thumb2/libgcc.a(_arm_muldivdf3.o)
                0x0001e5a4                __aeabi_dmul
                0x0001e5a4                __muldf3
                0x0001e7f8                __aeabi_ddiv
                0x0001e7f8                __divdf3
 .text          0x0001e9c8      0x110 /usr/local/lpcxpresso_4.2.3_255/lpcxpresso/tools/bin/../lib/gcc/arm-none-eabi/4.5.1/thumb2/libgcc.a(_arm_cmpdf2.o)
                0x0001e9c8                __gtdf2
                0x0001e9c8                __gedf2
                0x0001e9d0                __ltdf2
                0x0001e9d0                __ledf2
                0x0001e9d8                __cmpdf2
                0x0001e9d8                __eqdf2
                0x0001e9d8                __nedf2
                0x0001ea54                __aeabi_cdrcmple
                0x0001ea64                __aeabi_cdcmple
                0x0001ea64                __aeabi_cdcmpeq
                0x0001ea74                __aeabi_dcmpeq
                0x0001ea88                __aeabi_dcmplt
                0x0001ea9c                __aeabi_dcmple
                0x0001eab0                __aeabi_dcmpge
                0x0001eac4                __aeabi_dcmpgt
 .text          0x0001ead8       0x50 /usr/local/lpcxpresso_4.2.3_255/lpcxpresso/tools/bin/../lib/gcc/arm-none-eabi/4.5.1/thumb2/libgcc.a(_arm_fixdfsi.o)
                0x0001ead8                __fixdfsi
                0x0001ead8                __aeabi_d2iz
 .text          0x0001eb28       0x40 /usr/local/lpcxpresso_4.2.3_255/lpcxpresso/tools/bin/../lib/gcc/arm-none-eabi/4.5.1/thumb2/libgcc.a(_arm_fixunsdfsi.o)
                0x0001eb28                __fixunsdfsi
                0x0001eb28                __aeabi_d2uiz
 .text          0x0001eb68       0xa0 /usr/local/lpcxpresso_4.2.3_255/lpcxpresso/tools/bin/../lib/gcc/arm-none-eabi/4.5.1/thumb2/libgcc.a(_arm_truncdfsf2.o)
                0x0001eb68                __aeabi_d2f
                0x0001eb68                __truncdfsf2
 .text          0x0001ec08       0xec /usr/local/lpcxpresso_4.2.3_255/lpcxpresso/tools/bin/../lib/gcc/arm-none-eabi/4.5.1/thumb2/libgcc.a(_arm_cmpsf2.o)
                0x0001ec08                __gtsf2
                0x0001ec08                __gesf2
                0x0001ec10                __lesf2
                0x0001ec10                __ltsf2
                0x0001ec18                __nesf2
                0x0001ec18                __eqsf2
                0x0001ec18                __cmpsf2
                0x0001ec78                __aeabi_cfrcmple
                0x0001ec80                __aeabi_cfcmple
                0x0001ec80                __aeabi_cfcmpeq
                0x0001ec90                __aeabi_fcmpeq
                0x0001eca4                __aeabi_fcmplt
                0x0001ecb8                __aeabi_fcmple
                0x0001eccc                __aeabi_fcmpge
                0x0001ece0                __aeabi_fcmpgt
 .text          0x0001ecf4        0xc /usr/local/lpcxpresso_4.2.3_255/lpcxpresso/tools/bin/../lib/gcc/arm-none-eabi/4.5.1/../../../../arm-none-eabi/lib/thumb2/libc.a(lib_a-errno.o)
                0x0001ecf4                __errno
 *(.rodata .rodata.*)
 .rodata.str1.4
                0x0001ed00       0x75 ./cr_startup_lpc17.o
                                 0x78 (size before relaxing)
 *fill*         0x0001ed75        0x3 00
 .rodata.str1.4
                0x0001ed78       0x27 ./main.o
                                 0x28 (size before relaxing)
 *fill*         0x0001ed9f        0x1 00
 .rodata        0x0001eda0      0x288 ./webserver/http-strings.o
                0x0001eda0                http_http
                0x0001eda8                http_200
                0x0001edb0                http_301
                0x0001edb8                http_302
                0x0001edc0                http_get
                0x0001edc8                http_10
                0x0001edd4                http_11
                0x0001ede0                http_content_type
                0x0001edf0                http_texthtml
                0x0001edfc                http_location
                0x0001ee08                http_host
                0x0001ee10                http_crnl
                0x0001ee14                http_index_html
                0x0001ee20                http_404_html
                0x0001ee2c                http_referer
                0x0001ee38                http_header_200
                0x0001ee8c                http_header_404
                0x0001eee8                http_content_type_plain
                0x0001ef08                http_content_type_html
                0x0001ef24                http_content_type_css
                0x0001ef40                http_content_type_text
                0x0001ef5c                http_content_type_png
                0x0001ef78                http_content_type_gif
                0x0001ef94                http_content_type_jpg
                0x0001efb4                http_content_type_binary
                0x0001efe0                http_html
                0x0001efe8                http_shtml
                0x0001eff0                http_htm
                0x0001eff8                http_css
                0x0001f000                http_png
                0x0001f008                http_gif
                0x0001f010                http_jpg
                0x0001f018                http_text
                0x0001f020                http_txt
 .rodata        0x0001f028       0xc0 ./webserver/httpd-cgi.o
 .rodata.str1.4
                0x0001f0e8      0x183 ./webserver/httpd-cgi.o
                                0x184 (size before relaxing)
 *fill*         0x0001f26b        0x1 00
 .rodata        0x0001f26c     0x1578 ./webserver/httpd-fs.o
                0x0001f26c                file_tcp_shtml
                0x0001f280                file_404_html
                0x0001f294                file_index_html
                0x0001f2a8                file_index_shtml
                0x0001f2bc                file_io_shtml
                0x0001f2d0                file_runtime_shtml
                0x0001f2e4                file_stats_shtml
 .rodata.str1.4
                0x000207e4      0x131 ./webserver/uIP_Task.o
                                0x134 (size before relaxing)
 *fill*         0x00020915        0x3 00
 .rodata        0x00020918        0x8 ./webserver/uip_arp.o
 .rodata        0x00020920       0xf0 ./uip_ftp/Connections.o
                0x00020950                Cmd_dictionary
 .rodata.str1.4
                0x00020a10      0xacc ./uip_ftp/Connections.o
 .rodata.str1.4
                0x000214dc      0x1cc ./uip_ftp/FTPD.o
                                0x1e0 (size before relaxing)
 .rodata        0x000216a8       0x3c ./driver_source/lpc17xx_gpio.o
 .rodata.str1.4
                0x000216e4       0x1f ./driver_source/lpc17xx_i2c.o
                                 0x20 (size before relaxing)
 *fill*         0x00021703        0x1 00
 .rodata.str1.4
                0x00021704       0x1f ./driver_source/lpc17xx_rtc.o
                                 0x20 (size before relaxing)
 *fill*         0x00021723        0x1 00
 .rodata.str1.4
                0x00021724       0x1f ./driver_source/lpc17xx_spi.o
                                 0x20 (size before relaxing)
 *fill*         0x00021743        0x1 00
 .rodata        0x00021744        0x8 ./driver_source/lpc17xx_uart.o
 .rodata.str1.4
                0x0002174c       0x20 ./driver_source/lpc17xx_uart.o
 .rodata        0x0002176c        0x8 ./UsbHost/MassStorage/usbhost_ms.o
 .rodata.str1.4
                0x00021774       0x5f ./UsbHost/MassStorage/usbhost_ms.o
                                 0x60 (size before relaxing)
 *fill*         0x000217d3        0x1 00
 .rodata.str1.4
                0x000217d4       0x9f ./UsbHost/Main/usbhost_main.o
                                 0xa4 (size before relaxing)
 *fill*         0x00021873        0x1 00
 .rodata        0x00021874       0x10 ./UsbHost/Host/usbhost_lpc17xx.o
 .rodata.str1.4
                0x00021884       0x9f ./UsbHost/Host/usbhost_lpc17xx.o
                                 0xc4 (size before relaxing)
 *fill*         0x00021923        0x1 00
 .rodata        0x00021924     0xeab0 ./FatFs/option/cc932.o
 .rodata.str1.4
                0x000303d4       0x3f ./FatFs/diskio.o
                                 0x40 (size before relaxing)
 *fill*         0x00030413        0x1 00
 .rodata        0x00030414       0xb0 ./FatFs/ff.o
 .rodata.str1.4
                0x000304c4       0x48 ./FatFs/ff.o
 .rodata        0x0003050c       0x14 /home/nlv14991/workspaceLPC/STE-LPC1768-/FreeRTOS_Library/Debug/libFreeRTOS_Library.a(tasks.o)
 .rodata.str1.4
                0x00030520        0x5 /home/nlv14991/workspaceLPC/STE-LPC1768-/FreeRTOS_Library/Debug/libFreeRTOS_Library.a(tasks.o)
                                  0x8 (size before relaxing)
 *fill*         0x00030525        0x3 00
 .rodata        0x00030528       0x20 /usr/local/lpcxpresso_4.2.3_255/lpcxpresso/tools/bin/../lib/gcc/arm-none-eabi/4.5.1/../../../../arm-none-eabi/lib/thumb2/libc.a(lib_a-svfprintf.o)
 .rodata.str1.4
                0x00030548       0x42 /usr/local/lpcxpresso_4.2.3_255/lpcxpresso/tools/bin/../lib/gcc/arm-none-eabi/4.5.1/../../../../arm-none-eabi/lib/thumb2/libc.a(lib_a-svfprintf.o)
                                 0x44 (size before relaxing)
 *fill*         0x0003058a        0x2 00
 .rodata        0x0003058c       0x24 /usr/local/lpcxpresso_4.2.3_255/lpcxpresso/tools/bin/../lib/gcc/arm-none-eabi/4.5.1/../../../../arm-none-eabi/lib/thumb2/libc.a(lib_a-svfscanf.o)
 .rodata.str1.4
                0x000305b0        0x5 /usr/local/lpcxpresso_4.2.3_255/lpcxpresso/tools/bin/../lib/gcc/arm-none-eabi/4.5.1/../../../../arm-none-eabi/lib/thumb2/libc.a(lib_a-svfscanf.o)
                                  0x8 (size before relaxing)
 *fill*         0x000305b5        0x3 00
 .rodata        0x000305b8      0x104 /usr/local/lpcxpresso_4.2.3_255/lpcxpresso/tools/bin/../lib/gcc/arm-none-eabi/4.5.1/../../../../arm-none-eabi/lib/thumb2/libc.a(lib_a-ctype_.o)
                0x000305b8                _ctype_
 .rodata.str1.4
                0x000306bc       0x10 /usr/local/lpcxpresso_4.2.3_255/lpcxpresso/tools/bin/../lib/gcc/arm-none-eabi/4.5.1/../../../../arm-none-eabi/lib/thumb2/libc.a(lib_a-dtoa.o)
                                 0x14 (size before relaxing)
 .rodata        0x000306cc       0x60 /usr/local/lpcxpresso_4.2.3_255/lpcxpresso/tools/bin/../lib/gcc/arm-none-eabi/4.5.1/../../../../arm-none-eabi/lib/thumb2/libc.a(lib_a-findfp.o)
                0x000306cc                __sf_fake_stdin
                0x000306ec                __sf_fake_stdout
                0x0003070c                __sf_fake_stderr
 .rodata        0x0003072c        0x4 /usr/local/lpcxpresso_4.2.3_255/lpcxpresso/tools/bin/../lib/gcc/arm-none-eabi/4.5.1/../../../../arm-none-eabi/lib/thumb2/libc.a(lib_a-impure.o)
                0x0003072c                _global_impure_ptr
 .rodata.str1.4
                0x00030730        0x2 /usr/local/lpcxpresso_4.2.3_255/lpcxpresso/tools/bin/../lib/gcc/arm-none-eabi/4.5.1/../../../../arm-none-eabi/lib/thumb2/libc.a(lib_a-impure.o)
                                  0x4 (size before relaxing)
 *fill*         0x00030732        0x2 00
 .rodata.str1.4
                0x00030734        0xa /usr/local/lpcxpresso_4.2.3_255/lpcxpresso/tools/bin/../lib/gcc/arm-none-eabi/4.5.1/../../../../arm-none-eabi/lib/thumb2/libc.a(lib_a-locale.o)
                                 0x14 (size before relaxing)
 .rodata.str1.4
                0x00000000        0x4 /usr/local/lpcxpresso_4.2.3_255/lpcxpresso/tools/bin/../lib/gcc/arm-none-eabi/4.5.1/../../../../arm-none-eabi/lib/thumb2/libc.a(lib_a-mbrtowc.o)
 *fill*         0x0003073e        0x2 00
 .rodata        0x00030740      0x128 /usr/local/lpcxpresso_4.2.3_255/lpcxpresso/tools/bin/../lib/gcc/arm-none-eabi/4.5.1/../../../../arm-none-eabi/lib/thumb2/libc.a(lib_a-mprec.o)
                0x00030750                __mprec_tens
                0x00030818                __mprec_bigtens
                0x00030840                __mprec_tinytens
 .rodata        0x00030868       0x28 /usr/local/lpcxpresso_4.2.3_255/lpcxpresso/tools/bin/../lib/gcc/arm-none-eabi/4.5.1/../../../../arm-none-eabi/lib/thumb2/libc.a(lib_a-strtod.o)
 .rodata.str1.4
                0x00030890        0xf /usr/local/lpcxpresso_4.2.3_255/lpcxpresso/tools/bin/../lib/gcc/arm-none-eabi/4.5.1/../../../../arm-none-eabi/lib/thumb2/libc.a(lib_a-strtod.o)
                                 0x10 (size before relaxing)
 *fill*         0x0003089f        0x1 00
 .rodata        0x000308a0       0x20 /usr/local/lpcxpresso_4.2.3_255/lpcxpresso/tools/bin/../lib/gcc/arm-none-eabi/4.5.1/../../../../arm-none-eabi/lib/thumb2/libc.a(lib_a-svfiprintf.o)
 .rodata.str1.4
                0x00000000       0x30 /usr/local/lpcxpresso_4.2.3_255/lpcxpresso/tools/bin/../lib/gcc/arm-none-eabi/4.5.1/../../../../arm-none-eabi/lib/thumb2/libc.a(lib_a-svfiprintf.o)
 .rodata        0x000308c0       0x24 /usr/local/lpcxpresso_4.2.3_255/lpcxpresso/tools/bin/../lib/gcc/arm-none-eabi/4.5.1/../../../../arm-none-eabi/lib/thumb2/libc.a(lib_a-svfiscanf.o)
 .rodata.str1.4
                0x000308e4       0x1c /usr/local/lpcxpresso_4.2.3_255/lpcxpresso/tools/bin/../lib/gcc/arm-none-eabi/4.5.1/../../../../arm-none-eabi/lib/thumb2/libc.a(lib_a-gdtoa-gethex.o)
                0x00030900                . = ALIGN (0x4)

.glue_7         0x00030900        0x0
 .glue_7        0x00000000        0x0 linker stubs

.glue_7t        0x00030900        0x0
 .glue_7t       0x00000000        0x0 linker stubs

.vfp11_veneer   0x00030900        0x0
 .vfp11_veneer  0x00000000        0x0 linker stubs

.v4_bx          0x00030900        0x0
 .v4_bx         0x00000000        0x0 linker stubs

.ARM.extab
 *(.ARM.extab* .gnu.linkonce.armextab.*)
                0x00030900                __exidx_start = .

.ARM.exidx      0x00030900        0x8
 *(.ARM.exidx* .gnu.linkonce.armexidx.*)
 .ARM.exidx     0x00030900        0x8 /usr/local/lpcxpresso_4.2.3_255/lpcxpresso/tools/bin/../lib/gcc/arm-none-eabi/4.5.1/thumb2/libgcc.a(_divdi3.o)
 .ARM.exidx     0x00030908        0x0 /usr/local/lpcxpresso_4.2.3_255/lpcxpresso/tools/bin/../lib/gcc/arm-none-eabi/4.5.1/thumb2/libgcc.a(_udivdi3.o)
                                  0x8 (size before relaxing)
                0x00030908                __exidx_end = .
                0x00030908                _etext = .

.data_RAM2      0x2007c000        0x0 load address 0x00030908
 FILL mask 0xff
 *(.data.$RAM2*)
 *(.data.$RamAHB32*)
                0x2007c000                . = ALIGN (0x4)

.uninit_RESERVED
 *(.bss.$RESERVED*)

.data           0x10000000      0x5dc load address 0x00030908
 FILL mask 0xff
                0x10000000                _data = .
 *(vtable)
 *(.data*)
 .data          0x10000000       0x20 ./webserver/httpd-cgi.o
 .data          0x10000020        0x1 ./driver_source/lpc17xx_sd.o
 *fill*         0x10000021        0x3 00
 .data.SystemCoreClock
                0x10000024        0x4 /home/nlv14991/workspaceLPC/STE-LPC1768-/CMSISv2p00_LPC17xx/Debug/libCMSISv2p00_LPC17xx.a(system_LPC17xx.o)
                0x10000024                SystemCoreClock
 .data          0x10000028        0x4 /home/nlv14991/workspaceLPC/STE-LPC1768-/FreeRTOS_Library/Debug/libFreeRTOS_Library.a(port.o)
 .data          0x1000002c        0x4 /usr/local/lpcxpresso_4.2.3_255/lpcxpresso/tools/bin/../lib/gcc/arm-none-eabi/4.5.1/../../../../arm-none-eabi/lib/thumb2/libc.a(lib_a-ctype_.o)
                0x1000002c                __ctype_ptr__
 .data          0x10000030       0xf4 /usr/local/lpcxpresso_4.2.3_255/lpcxpresso/tools/bin/../lib/gcc/arm-none-eabi/4.5.1/../../../../arm-none-eabi/lib/thumb2/libc.a(lib_a-impure.o)
                0x10000030                _impure_ptr
 .data          0x10000124       0x7c /usr/local/lpcxpresso_4.2.3_255/lpcxpresso/tools/bin/../lib/gcc/arm-none-eabi/4.5.1/../../../../arm-none-eabi/lib/thumb2/libc.a(lib_a-locale.o)
                0x10000144                __mb_cur_max
 .data          0x100001a0      0x410 /usr/local/lpcxpresso_4.2.3_255/lpcxpresso/tools/bin/../lib/gcc/arm-none-eabi/4.5.1/../../../../arm-none-eabi/lib/thumb2/libc.a(lib_a-mallocr.o)
                0x100001a0                __malloc_av_
                0x100005a8                __malloc_sbrk_base
                0x100005ac                __malloc_trim_threshold
 .data          0x100005b0        0x4 /usr/local/lpcxpresso_4.2.3_255/lpcxpresso/tools/bin/../lib/gcc/arm-none-eabi/4.5.1/../../../../arm-none-eabi/lib/thumb2/libc.a(lib_a-mbtowc_r.o)
                0x100005b0                __mbtowc
 .data          0x100005b4       0x28 /usr/local/lpcxpresso_4.2.3_255/lpcxpresso/tools/bin/../lib/gcc/arm-none-eabi/4.5.1/../../../../arm-none-eabi/lib/thumb2/libc.a(lib_a-strtod.o)
                0x100005dc                . = ALIGN (0x4)
                0x100005dc                _edata = .

.bss_RAM2       0x2007c000        0x0
 *(.bss.$RAM2*)
 *(.bss.$RamAHB32*)
                0x2007c000                . = ALIGN (0x4)

.bss            0x100005e0     0x5948
                0x100005e0                _bss = .
 *(.bss*)
 .bss           0x100005e0        0x8 ./webserver/emac.o
 .bss           0x100005e8       0x84 ./webserver/httpd-cgi.o
                0x100005e8                lRefreshCount
 .bss           0x1000066c       0x10 ./webserver/httpd-fs.o
 .bss           0x1000067c        0x4 ./webserver/uIP_Task.o
                0x1000067c                xEMACSemaphore
 .bss           0x10000680       0x18 ./webserver/uip.o
                0x10000690                uip_ethaddr
 .bss           0x10000698       0x68 ./webserver/uip_arp.o
 .bss           0x10000700      0x620 ./uip_ftp/Connections.o
 .bss           0x10000d20       0x20 ./driver_source/lpc17xx_gpdma.o
 .bss           0x10000d40       0x24 ./driver_source/lpc17xx_i2c.o
 .bss           0x10000d64        0x8 ./driver_source/lpc17xx_i2s.o
 .bss           0x10000d6c       0x40 ./driver_source/lpc17xx_sd.o
 .bss           0x10000dac        0xc ./driver_source/lpc17xx_spi.o
 .bss           0x10000db8       0x18 ./driver_source/lpc17xx_ssp.o
 .bss           0x10000dd0       0x44 ./driver_source/lpc17xx_uart.o
                0x10000dd0                pfnModemCbs
                0x10000dd4                uartCbsDat
 .bss           0x10000e14       0x2c ./UsbHost/Uart/usbhost_uart.o
 .bss           0x10000e40      0x100 ./UsbHost/Main/usbhost_main.o
 .bss           0x10000f40        0x3 ./UsbHost/Host/usb_ms_diskio.o
 *fill*         0x10000f43        0x1 00
 .bss           0x10000f44        0xc ./UsbHost/Host/usbhost_lpc17xx.o
                0x10000f44                HOST_RhscIntr
                0x10000f48                HOST_TDControlStatus
                0x10000f4c                HOST_WdhIntr
 .bss           0x10000f50      0x220 ./FatFs/ff.o
 .bss           0x10001170      0x100 /home/nlv14991/workspaceLPC/STE-LPC1768-/FreeRTOS_Library/Debug/libFreeRTOS_Library.a(tasks.o)
                0x10001174                pxCurrentTCB
 .bss           0x10001270     0x2820 /home/nlv14991/workspaceLPC/STE-LPC1768-/FreeRTOS_Library/Debug/libFreeRTOS_Library.a(heap_2.o)
 .bss           0x10003a90       0x34 /usr/local/lpcxpresso_4.2.3_255/lpcxpresso/tools/bin/../lib/gcc/arm-none-eabi/4.5.1/../../../../arm-none-eabi/lib/thumb2/libc.a(lib_a-mallocr.o)
                0x10003a90                __malloc_top_pad
                0x10003a94                __malloc_current_mallinfo
                0x10003abc                __malloc_max_sbrked_mem
                0x10003ac0                __malloc_max_total_mem
 *(COMMON)
 COMMON         0x10003ac4        0x4 ./LedBlinky.o
                0x10003ac4                SysTickCnt
 COMMON         0x10003ac8       0x51 ./lcd_i2c.o
                0x10003ac8                transferMCfg
                0x10003af4                master_test
                0x10003af8                Master_Buf
 *fill*         0x10003b19        0x3 00
 COMMON         0x10003b1c        0x4 ./main.o
                0x10003b1c                xCountingSemaphore
 COMMON         0x10003b20        0x4 ./webserver/emac.o
                0x10003b20                uip_buf
 COMMON         0x10003b24        0x8 ./webserver/httpd-cgi.o
                0x10003b24                ulString
                0x10003b28                pcStatus
 COMMON         0x10003b2c      0x8c2 ./webserver/uip.o
                0x10003b2c                uip_len
                0x10003b30                uip_sappdata
                0x10003b34                uip_acc32
                0x10003b38                uip_flags
                0x10003b3c                uip_appdata
                0x10003b40                uip_conn
                0x10003b44                uip_conns
                0x10004364                uip_listenports
                0x100043b4                uip_draddr
                0x100043b8                uip_stat
                0x100043e4                uip_netmask
                0x100043e8                uip_hostaddr
                0x100043ec                uip_slen
 *fill*         0x100043ee        0x2 00
 COMMON         0x100043f0      0xb44 ./uip_ftp/FTPD.o
                0x100043f0                driveAttached
                0x100043f4                ftpd_state
 COMMON         0x10004f34      0x1b8 ./uip_ftp/ftp_main.o
                0x10004f34                tcp_appdata
 COMMON         0x100050ec      0x218 ./UsbHost/Uart/usbhost_uart.o
                0x100050ec                RTS_State_usb
                0x100050f0                TxIntStat_usb
                0x100050f4                rb_usb
 COMMON         0x10005304        0x4 ./UsbHost/MassStorage/usbhost_ms.o
                0x10005304                MS_BlkSize
 COMMON         0x10005308      0xaec ./UsbHost/Main/usbhost_main.o
                0x10005308                File1
                0x10005530                USBFs
                0x10005bcc                File2
 COMMON         0x10005df4       0x2c ./UsbHost/Host/usbhost_lpc17xx.o
                0x10005df4                TDBufNonVol
                0x10005df8                FATBuffer
                0x10005dfc                Hcca
                0x10005e00                TDTail
                0x10005e04                EDBulkOut
                0x10005e08                UserBuffer
                0x10005e0c                gUSBConnected
                0x10005e10                TDBuffer
                0x10005e14                EDBulkIn
                0x10005e18                EDCtrl
                0x10005e1c                TDHead
 COMMON         0x10005e20        0x4 /usr/local/lpcxpresso_4.2.3_255/lpcxpresso/tools/bin/../lib/gcc/arm-none-eabi/4.5.1/../../../../arm-none-eabi/lib/thumb2/libc.a(lib_a-reent.o)
                0x10005e20                errno
 COMMON         0x10005e24      0x100 /usr/local/lpcxpresso_4.2.3_255/lpcxpresso/tools/bin/../lib/gcc/arm-none-eabi/4.5.1/../../../../arm-none-eabi/lib/thumb2/libc.a(lib_a-gdtoa-gethex.o)
                0x10005e24                __hexdig
 COMMON         0x10005f24        0x4 /usr/local/lpcxpresso_4.2.3_255/lpcxpresso/tools/bin/../lib/gcc/arm-none-eabi/4.5.1/../../../../arm-none-eabi/lib/thumb2/libcr_newlib_nohost.a(_cr_sbrk.o)
                0x10005f24                __end_of_heap
                0x10005f28                . = ALIGN (0x4)
                0x10005f28                _ebss = .
                0x10005f28                PROVIDE (end, .)
                0x10005f28                PROVIDE (_pvHeapStart, .)
                0x10008000                PROVIDE (_vStackTop, (__top_RamLoc32 - 0x0))
OUTPUT(example_driver.axf elf32-littlearm)

.debug_abbrev   0x00000000     0x8756
 .debug_abbrev  0x00000000      0x276 ./LedBlinky.o
 .debug_abbrev  0x00000276      0x202 ./cr_startup_lpc17.o
 .debug_abbrev  0x00000478      0x2b6 ./lcd_i2c.o
 .debug_abbrev  0x0000072e      0x1a5 ./main.o
 .debug_abbrev  0x000008d3      0x3a2 ./uart_fullmodem_test.o
 .debug_abbrev  0x00000c75      0x2df ./webserver/emac.o
 .debug_abbrev  0x00000f54       0x4b ./webserver/http-strings.o
 .debug_abbrev  0x00000f9f      0x26f ./webserver/httpd-cgi.o
 .debug_abbrev  0x0000120e      0x1a2 ./webserver/httpd-fs.o
 .debug_abbrev  0x000013b0      0x292 ./webserver/httpd.o
 .debug_abbrev  0x00001642      0x2c1 ./webserver/psock.o
 .debug_abbrev  0x00001903       0xee ./webserver/timer.o
 .debug_abbrev  0x000019f1      0x351 ./webserver/uIP_Task.o
 .debug_abbrev  0x00001d42      0x384 ./webserver/uip.o
 .debug_abbrev  0x000020c6      0x196 ./webserver/uip_arp.o
 .debug_abbrev  0x0000225c      0x363 ./uip_ftp/Connections.o
 .debug_abbrev  0x000025bf      0x21b ./uip_ftp/FTPD.o
 .debug_abbrev  0x000027da       0x3b ./uip_ftp/FTP_Strings.o
 .debug_abbrev  0x00002815      0x2fa ./uip_ftp/ftp_main.o
 .debug_abbrev  0x00002b0f      0x165 ./driver_source/lpc17xx_adc.o
 .debug_abbrev  0x00002c74      0x228 ./driver_source/lpc17xx_can.o
 .debug_abbrev  0x00002e9c      0x20b ./driver_source/lpc17xx_clkpwr.o
 .debug_abbrev  0x000030a7      0x14e ./driver_source/lpc17xx_dac.o
 .debug_abbrev  0x000031f5      0x377 ./driver_source/lpc17xx_emac.o
 .debug_abbrev  0x0000356c      0x213 ./driver_source/lpc17xx_gpdma.o
 .debug_abbrev  0x0000377f      0x1f9 ./driver_source/lpc17xx_gpio.o
 .debug_abbrev  0x00003978      0x375 ./driver_source/lpc17xx_i2c.o
 .debug_abbrev  0x00003ced      0x263 ./driver_source/lpc17xx_i2s.o
 .debug_abbrev  0x00003f50       0x6a ./driver_source/lpc17xx_libcfg_default.o
 .debug_abbrev  0x00003fba      0x189 ./driver_source/lpc17xx_mcpwm.o
 .debug_abbrev  0x00004143      0x124 ./driver_source/lpc17xx_nvic.o
 .debug_abbrev  0x00004267      0x1af ./driver_source/lpc17xx_pinsel.o
 .debug_abbrev  0x00004416      0x1ad ./driver_source/lpc17xx_pwm.o
 .debug_abbrev  0x000045c3      0x1f6 ./driver_source/lpc17xx_qei.o
 .debug_abbrev  0x000047b9      0x120 ./driver_source/lpc17xx_rit.o
 .debug_abbrev  0x000048d9      0x191 ./driver_source/lpc17xx_rtc.o
 .debug_abbrev  0x00004a6a      0x383 ./driver_source/lpc17xx_sd.o
 .debug_abbrev  0x00004ded      0x2e7 ./driver_source/lpc17xx_spi.o
 .debug_abbrev  0x000050d4      0x2e4 ./driver_source/lpc17xx_ssp.o
 .debug_abbrev  0x000053b8      0x26e ./driver_source/lpc17xx_timer.o
 .debug_abbrev  0x00005626      0x40a ./driver_source/lpc17xx_uart.o
 .debug_abbrev  0x00005a30      0x1e2 ./driver_source/lpc17xx_wdt.o
 .debug_abbrev  0x00005c12      0x34d ./UsbHost/Uart/usbhost_uart.o
 .debug_abbrev  0x00005f5f      0x210 ./UsbHost/MassStorage/usbhost_ms.o
 .debug_abbrev  0x0000616f      0x186 ./UsbHost/Main/usbhost_main.o
 .debug_abbrev  0x000062f5      0x238 ./UsbHost/Host/usb_ms_diskio.o
 .debug_abbrev  0x0000652d      0x427 ./UsbHost/Host/usbhost_lpc17xx.o
 .debug_abbrev  0x00006954      0x2f8 ./LPCUSB/USB_CDC.o
 .debug_abbrev  0x00006c4c      0x1d0 ./LPCUSB/usbcontrol.o
 .debug_abbrev  0x00006e1c      0x367 ./LPCUSB/usbhw_lpc.o
 .debug_abbrev  0x00007183       0xc5 ./LPCUSB/usbinit.o
 .debug_abbrev  0x00007248      0x22e ./LPCUSB/usbstdreq.o
 .debug_abbrev  0x00007476       0xd4 ./FatFs/option/cc932.o
 .debug_abbrev  0x0000754a       0x2c ./FatFs/option/syncobj.o
 .debug_abbrev  0x00007576       0x2c ./FatFs/option/syscall.o
 .debug_abbrev  0x000075a2      0x12a ./FatFs/diskio.o
 .debug_abbrev  0x000076cc      0x2eb ./FatFs/ff.o
 .debug_abbrev  0x000079b7       0xe3 /home/nlv14991/workspaceLPC/STE-LPC1768-/CMSISv2p00_LPC17xx/Debug/libCMSISv2p00_LPC17xx.a(system_LPC17xx.o)
 .debug_abbrev  0x00007a9a      0x1e4 /home/nlv14991/workspaceLPC/STE-LPC1768-/FreeRTOS_Library/Debug/libFreeRTOS_Library.a(queue.o)
 .debug_abbrev  0x00007c7e      0x2f9 /home/nlv14991/workspaceLPC/STE-LPC1768-/FreeRTOS_Library/Debug/libFreeRTOS_Library.a(tasks.o)
 .debug_abbrev  0x00007f77      0x1a5 /home/nlv14991/workspaceLPC/STE-LPC1768-/FreeRTOS_Library/Debug/libFreeRTOS_Library.a(heap_2.o)
 .debug_abbrev  0x0000811c      0x128 /home/nlv14991/workspaceLPC/STE-LPC1768-/FreeRTOS_Library/Debug/libFreeRTOS_Library.a(port.o)
 .debug_abbrev  0x00008244       0xe9 /home/nlv14991/workspaceLPC/STE-LPC1768-/FreeRTOS_Library/Debug/libFreeRTOS_Library.a(list.o)
 .debug_abbrev  0x0000832d       0xa6 /usr/local/lpcxpresso_4.2.3_255/lpcxpresso/tools/bin/../lib/gcc/arm-none-eabi/4.5.1/../../../../arm-none-eabi/lib/thumb2/libcr_newlib_nohost.a(_cr_sbrk.o)
 .debug_abbrev  0x000083d3       0x63 /usr/local/lpcxpresso_4.2.3_255/lpcxpresso/tools/bin/../lib/gcc/arm-none-eabi/4.5.1/../../../../arm-none-eabi/lib/thumb2/libcr_newlib_nohost.a(close.o)
 .debug_abbrev  0x00008436       0xb8 /usr/local/lpcxpresso_4.2.3_255/lpcxpresso/tools/bin/../lib/gcc/arm-none-eabi/4.5.1/../../../../arm-none-eabi/lib/thumb2/libcr_newlib_nohost.a(fstat.o)
 .debug_abbrev  0x000084ee       0x63 /usr/local/lpcxpresso_4.2.3_255/lpcxpresso/tools/bin/../lib/gcc/arm-none-eabi/4.5.1/../../../../arm-none-eabi/lib/thumb2/libcr_newlib_nohost.a(isatty.o)
 .debug_abbrev  0x00008551       0x81 /usr/local/lpcxpresso_4.2.3_255/lpcxpresso/tools/bin/../lib/gcc/arm-none-eabi/4.5.1/../../../../arm-none-eabi/lib/thumb2/libcr_newlib_nohost.a(lseek.o)
 .debug_abbrev  0x000085d2       0x8a /usr/local/lpcxpresso_4.2.3_255/lpcxpresso/tools/bin/../lib/gcc/arm-none-eabi/4.5.1/../../../../arm-none-eabi/lib/thumb2/libcr_newlib_nohost.a(read.o)
 .debug_abbrev  0x0000865c       0x8a /usr/local/lpcxpresso_4.2.3_255/lpcxpresso/tools/bin/../lib/gcc/arm-none-eabi/4.5.1/../../../../arm-none-eabi/lib/thumb2/libcr_newlib_nohost.a(write.o)
 .debug_abbrev  0x000086e6       0x70 /usr/local/lpcxpresso_4.2.3_255/lpcxpresso/tools/bin/../lib/gcc/arm-none-eabi/4.5.1/../../../../arm-none-eabi/lib/thumb2/libcr_newlib_nohost.a(_cr_check_heap.o)

.debug_info     0x00000000    0x29b80
 .debug_info    0x00000000      0x75f ./LedBlinky.o
 .debug_info    0x0000075f      0x942 ./cr_startup_lpc17.o
 .debug_info    0x000010a1      0x639 ./lcd_i2c.o
 .debug_info    0x000016da      0x4ce ./main.o
 .debug_info    0x00001ba8     0x119e ./uart_fullmodem_test.o
 .debug_info    0x00002d46      0xf66 ./webserver/emac.o
 .debug_info    0x00003cac      0x446 ./webserver/http-strings.o
 .debug_info    0x000040f2      0xd7f ./webserver/httpd-cgi.o
 .debug_info    0x00004e71      0x586 ./webserver/httpd-fs.o
 .debug_info    0x000053f7      0xb5d ./webserver/httpd.o
 .debug_info    0x00005f54      0xa44 ./webserver/psock.o
 .debug_info    0x00006998      0x186 ./webserver/timer.o
 .debug_info    0x00006b1e     0x1437 ./webserver/uIP_Task.o
 .debug_info    0x00007f55     0x1484 ./webserver/uip.o
 .debug_info    0x000093d9      0x506 ./webserver/uip_arp.o
 .debug_info    0x000098df     0x1970 ./uip_ftp/Connections.o
 .debug_info    0x0000b24f      0xb53 ./uip_ftp/FTPD.o
 .debug_info    0x0000bda2      0x169 ./uip_ftp/FTP_Strings.o
 .debug_info    0x0000bf0b     0x1953 ./uip_ftp/ftp_main.o
 .debug_info    0x0000d85e      0x642 ./driver_source/lpc17xx_adc.o
 .debug_info    0x0000dea0     0x12d8 ./driver_source/lpc17xx_can.o
 .debug_info    0x0000f178      0x71d ./driver_source/lpc17xx_clkpwr.o
 .debug_info    0x0000f895      0x2d8 ./driver_source/lpc17xx_dac.o
 .debug_info    0x0000fb6d     0x11ab ./driver_source/lpc17xx_emac.o
 .debug_info    0x00010d18     0x10bc ./driver_source/lpc17xx_gpdma.o
 .debug_info    0x00011dd4      0xcfa ./driver_source/lpc17xx_gpio.o
 .debug_info    0x00012ace     0x121c ./driver_source/lpc17xx_i2c.o
 .debug_info    0x00013cea      0xa58 ./driver_source/lpc17xx_i2s.o
 .debug_info    0x00014742       0xca ./driver_source/lpc17xx_libcfg_default.o
 .debug_info    0x0001480c      0x807 ./driver_source/lpc17xx_mcpwm.o
 .debug_info    0x00015013      0x419 ./driver_source/lpc17xx_nvic.o
 .debug_info    0x0001542c      0x613 ./driver_source/lpc17xx_pinsel.o
 .debug_info    0x00015a3f      0x845 ./driver_source/lpc17xx_pwm.o
 .debug_info    0x00016284      0x866 ./driver_source/lpc17xx_qei.o
 .debug_info    0x00016aea      0x330 ./driver_source/lpc17xx_rit.o
 .debug_info    0x00016e1a      0xa59 ./driver_source/lpc17xx_rtc.o
 .debug_info    0x00017873      0xdb7 ./driver_source/lpc17xx_sd.o
 .debug_info    0x0001862a      0x968 ./driver_source/lpc17xx_spi.o
 .debug_info    0x00018f92      0xb79 ./driver_source/lpc17xx_ssp.o
 .debug_info    0x00019b0b      0x93d ./driver_source/lpc17xx_timer.o
 .debug_info    0x0001a448     0x1a12 ./driver_source/lpc17xx_uart.o
 .debug_info    0x0001be5a      0x46b ./driver_source/lpc17xx_wdt.o
 .debug_info    0x0001c2c5     0x1120 ./UsbHost/Uart/usbhost_uart.o
 .debug_info    0x0001d3e5      0x5d5 ./UsbHost/MassStorage/usbhost_ms.o
 .debug_info    0x0001d9ba      0x664 ./UsbHost/Main/usbhost_main.o
 .debug_info    0x0001e01e      0xa26 ./UsbHost/Host/usb_ms_diskio.o
 .debug_info    0x0001ea44     0x20ac ./UsbHost/Host/usbhost_lpc17xx.o
 .debug_info    0x00020af0      0xd7e ./LPCUSB/USB_CDC.o
 .debug_info    0x0002186e      0x43b ./LPCUSB/usbcontrol.o
 .debug_info    0x00021ca9     0x1510 ./LPCUSB/usbhw_lpc.o
 .debug_info    0x000231b9      0x13c ./LPCUSB/usbinit.o
 .debug_info    0x000232f5      0x588 ./LPCUSB/usbstdreq.o
 .debug_info    0x0002387d      0x1d4 ./FatFs/option/cc932.o
 .debug_info    0x00023a51       0x62 ./FatFs/option/syncobj.o
 .debug_info    0x00023ab3       0x77 ./FatFs/option/syscall.o
 .debug_info    0x00023b2a      0x34d ./FatFs/diskio.o
 .debug_info    0x00023e77     0x31e6 ./FatFs/ff.o
 .debug_info    0x0002705d      0x38f /home/nlv14991/workspaceLPC/STE-LPC1768-/CMSISv2p00_LPC17xx/Debug/libCMSISv2p00_LPC17xx.a(system_LPC17xx.o)
 .debug_info    0x000273ec      0x85a /home/nlv14991/workspaceLPC/STE-LPC1768-/FreeRTOS_Library/Debug/libFreeRTOS_Library.a(queue.o)
 .debug_info    0x00027c46      0xf3c /home/nlv14991/workspaceLPC/STE-LPC1768-/FreeRTOS_Library/Debug/libFreeRTOS_Library.a(tasks.o)
 .debug_info    0x00028b82      0x2f5 /home/nlv14991/workspaceLPC/STE-LPC1768-/FreeRTOS_Library/Debug/libFreeRTOS_Library.a(heap_2.o)
 .debug_info    0x00028e77      0x226 /home/nlv14991/workspaceLPC/STE-LPC1768-/FreeRTOS_Library/Debug/libFreeRTOS_Library.a(port.o)
 .debug_info    0x0002909d      0x2d9 /home/nlv14991/workspaceLPC/STE-LPC1768-/FreeRTOS_Library/Debug/libFreeRTOS_Library.a(list.o)
 .debug_info    0x00029376      0x102 /usr/local/lpcxpresso_4.2.3_255/lpcxpresso/tools/bin/../lib/gcc/arm-none-eabi/4.5.1/../../../../arm-none-eabi/lib/thumb2/libcr_newlib_nohost.a(_cr_sbrk.o)
 .debug_info    0x00029478       0xb9 /usr/local/lpcxpresso_4.2.3_255/lpcxpresso/tools/bin/../lib/gcc/arm-none-eabi/4.5.1/../../../../arm-none-eabi/lib/thumb2/libcr_newlib_nohost.a(close.o)
 .debug_info    0x00029531      0x25a /usr/local/lpcxpresso_4.2.3_255/lpcxpresso/tools/bin/../lib/gcc/arm-none-eabi/4.5.1/../../../../arm-none-eabi/lib/thumb2/libcr_newlib_nohost.a(fstat.o)
 .debug_info    0x0002978b       0xb9 /usr/local/lpcxpresso_4.2.3_255/lpcxpresso/tools/bin/../lib/gcc/arm-none-eabi/4.5.1/../../../../arm-none-eabi/lib/thumb2/libcr_newlib_nohost.a(isatty.o)
 .debug_info    0x00029844       0xd5 /usr/local/lpcxpresso_4.2.3_255/lpcxpresso/tools/bin/../lib/gcc/arm-none-eabi/4.5.1/../../../../arm-none-eabi/lib/thumb2/libcr_newlib_nohost.a(lseek.o)
 .debug_info    0x00029919       0xdb /usr/local/lpcxpresso_4.2.3_255/lpcxpresso/tools/bin/../lib/gcc/arm-none-eabi/4.5.1/../../../../arm-none-eabi/lib/thumb2/libcr_newlib_nohost.a(read.o)
 .debug_info    0x000299f4       0xdb /usr/local/lpcxpresso_4.2.3_255/lpcxpresso/tools/bin/../lib/gcc/arm-none-eabi/4.5.1/../../../../arm-none-eabi/lib/thumb2/libcr_newlib_nohost.a(write.o)