Archive member included because of file (symbol)

/home/nlv14991/workspaceLPC/STE-LPC1768-/CMSISv1p30_LPC17xx/Debug/libCMSISv1p30_LPC17xx.a(system_LPC17xx.o)
                              ./cr_startup_lpc17.o (SystemInit)
/home/nlv14991/workspaceLPC/STE-LPC1768-/FreeRTOS_Library/Debug/libFreeRTOS_Library.a(queue.o)
                              ./webserver/uIP_Task.o (xQueueCreate)
/home/nlv14991/workspaceLPC/STE-LPC1768-/FreeRTOS_Library/Debug/libFreeRTOS_Library.a(tasks.o)
                              ./main.o (xTaskGenericCreate)
/home/nlv14991/workspaceLPC/STE-LPC1768-/FreeRTOS_Library/Debug/libFreeRTOS_Library.a(heap_2.o)
                              /home/nlv14991/workspaceLPC/STE-LPC1768-/FreeRTOS_Library/Debug/libFreeRTOS_Library.a(queue.o) (pvPortMalloc)
/home/nlv14991/workspaceLPC/STE-LPC1768-/FreeRTOS_Library/Debug/libFreeRTOS_Library.a(port.o)
                              /home/nlv14991/workspaceLPC/STE-LPC1768-/FreeRTOS_Library/Debug/libFreeRTOS_Library.a(tasks.o) (pxPortInitialiseStack)
/home/nlv14991/workspaceLPC/STE-LPC1768-/FreeRTOS_Library/Debug/libFreeRTOS_Library.a(list.o)
                              /home/nlv14991/workspaceLPC/STE-LPC1768-/FreeRTOS_Library/Debug/libFreeRTOS_Library.a(queue.o) (vListInitialise)
/usr/local/lpcxpresso_4.2.3_255/lpcxpresso/tools/bin/../lib/gcc/arm-none-eabi/4.5.1/thumb2/libgcc.a(_aeabi_uldivmod.o)
                              ./driver_source/lpc17xx_i2s.o (__aeabi_uldivmod)
/usr/local/lpcxpresso_4.2.3_255/lpcxpresso/tools/bin/../lib/gcc/arm-none-eabi/4.5.1/thumb2/libgcc.a(bpabi.o)
                              /usr/local/lpcxpresso_4.2.3_255/lpcxpresso/tools/bin/../lib/gcc/arm-none-eabi/4.5.1/thumb2/libgcc.a(_aeabi_uldivmod.o) (__gnu_uldivmod_helper)
/usr/local/lpcxpresso_4.2.3_255/lpcxpresso/tools/bin/../lib/gcc/arm-none-eabi/4.5.1/thumb2/libgcc.a(_dvmd_tls.o)
                              /usr/local/lpcxpresso_4.2.3_255/lpcxpresso/tools/bin/../lib/gcc/arm-none-eabi/4.5.1/thumb2/libgcc.a(_aeabi_uldivmod.o) (__aeabi_ldiv0)
/usr/local/lpcxpresso_4.2.3_255/lpcxpresso/tools/bin/../lib/gcc/arm-none-eabi/4.5.1/thumb2/libgcc.a(_divdi3.o)
                              /usr/local/lpcxpresso_4.2.3_255/lpcxpresso/tools/bin/../lib/gcc/arm-none-eabi/4.5.1/thumb2/libgcc.a(bpabi.o) (__divdi3)
/usr/local/lpcxpresso_4.2.3_255/lpcxpresso/tools/bin/../lib/gcc/arm-none-eabi/4.5.1/thumb2/libgcc.a(_udivdi3.o)
                              /usr/local/lpcxpresso_4.2.3_255/lpcxpresso/tools/bin/../lib/gcc/arm-none-eabi/4.5.1/thumb2/libgcc.a(bpabi.o) (__udivdi3)
/usr/local/lpcxpresso_4.2.3_255/lpcxpresso/tools/bin/../lib/gcc/arm-none-eabi/4.5.1/thumb2/libgcc.a(_udivsi3.o)
                              /usr/local/lpcxpresso_4.2.3_255/lpcxpresso/tools/bin/../lib/gcc/arm-none-eabi/4.5.1/thumb2/libgcc.a(_divdi3.o) (__aeabi_uidiv)
/usr/local/lpcxpresso_4.2.3_255/lpcxpresso/tools/bin/../lib/gcc/arm-none-eabi/4.5.1/../../../../arm-none-eabi/lib/thumb2/libc.a(lib_a-memcmp.o)
                              /home/nlv14991/workspaceLPC/STE-LPC1768-/FreeRTOS_Library/Debug/libFreeRTOS_Library.a(tasks.o) (memcmp)
/usr/local/lpcxpresso_4.2.3_255/lpcxpresso/tools/bin/../lib/gcc/arm-none-eabi/4.5.1/../../../../arm-none-eabi/lib/thumb2/libc.a(lib_a-memcpy.o)
                              ./webserver/httpd.o (memcpy)
/usr/local/lpcxpresso_4.2.3_255/lpcxpresso/tools/bin/../lib/gcc/arm-none-eabi/4.5.1/../../../../arm-none-eabi/lib/thumb2/libc.a(lib_a-memset.o)
                              ./webserver/uip_arp.o (memset)
/usr/local/lpcxpresso_4.2.3_255/lpcxpresso/tools/bin/../lib/gcc/arm-none-eabi/4.5.1/../../../../arm-none-eabi/lib/thumb2/libc.a(lib_a-printf.o)
                              ./webserver/psock.o (printf)
/usr/local/lpcxpresso_4.2.3_255/lpcxpresso/tools/bin/../lib/gcc/arm-none-eabi/4.5.1/../../../../arm-none-eabi/lib/thumb2/libc.a(lib_a-snprintf.o)
                              ./webserver/httpd-cgi.o (snprintf)
/usr/local/lpcxpresso_4.2.3_255/lpcxpresso/tools/bin/../lib/gcc/arm-none-eabi/4.5.1/../../../../arm-none-eabi/lib/thumb2/libc.a(lib_a-sprintf.o)
                              ./cr_startup_lpc17.o (sprintf)
/usr/local/lpcxpresso_4.2.3_255/lpcxpresso/tools/bin/../lib/gcc/arm-none-eabi/4.5.1/../../../../arm-none-eabi/lib/thumb2/libc.a(lib_a-sscanf.o)
                              ./webserver/uIP_Task.o (sscanf)
/usr/local/lpcxpresso_4.2.3_255/lpcxpresso/tools/bin/../lib/gcc/arm-none-eabi/4.5.1/../../../../arm-none-eabi/lib/thumb2/libc.a(lib_a-stdio.o)
                              /usr/local/lpcxpresso_4.2.3_255/lpcxpresso/tools/bin/../lib/gcc/arm-none-eabi/4.5.1/../../../../arm-none-eabi/lib/thumb2/libc.a(lib_a-sscanf.o) (__seofread)
/usr/local/lpcxpresso_4.2.3_255/lpcxpresso/tools/bin/../lib/gcc/arm-none-eabi/4.5.1/../../../../arm-none-eabi/lib/thumb2/libc.a(lib_a-strcat.o)
                              ./webserver/httpd-cgi.o (strcat)
/usr/local/lpcxpresso_4.2.3_255/lpcxpresso/tools/bin/../lib/gcc/arm-none-eabi/4.5.1/../../../../arm-none-eabi/lib/thumb2/libc.a(lib_a-strchr.o)
[...]
Memory Configuration

Name             Origin             Length             Attributes
MFlash512        0x00000000         0x00080000         xr
RamLoc32         0x10000000         0x00008000         xrw
RamAHB32         0x2007c000         0x00008000         xrw
*default*        0x00000000         0xffffffff

Linker script and memory map

LOAD ./LedBlinky.o
LOAD ./cr_startup_lpc17.o
LOAD ./lcd_i2c.o
LOAD ./main.o
LOAD ./uart_fullmodem_test.o
LOAD ./webserver/emac.o
LOAD ./webserver/http-strings.o
LOAD ./webserver/httpd-cgi.o
LOAD ./webserver/httpd-fs.o
LOAD ./webserver/httpd.o
LOAD ./webserver/psock.o
LOAD ./webserver/timer.o
LOAD ./webserver/uIP_Task.o
LOAD ./webserver/uip.o
LOAD ./webserver/uip_arp.o
LOAD ./uip_ftp/Connections.o
LOAD ./uip_ftp/FTPD.o
LOAD ./uip_ftp/FTP_Strings.o
LOAD ./uip_ftp/ftp_main.o
LOAD ./driver_source/lpc17xx_adc.o
LOAD ./driver_source/lpc17xx_can.o
LOAD ./driver_source/lpc17xx_clkpwr.o
LOAD ./driver_source/lpc17xx_dac.o
LOAD ./driver_source/lpc17xx_emac.o
LOAD ./driver_source/lpc17xx_gpdma.o
LOAD ./driver_source/lpc17xx_gpio.o
LOAD ./driver_source/lpc17xx_i2c.o
LOAD ./driver_source/lpc17xx_i2s.o
LOAD ./driver_source/lpc17xx_libcfg_default.o
LOAD ./driver_source/lpc17xx_mcpwm.o
LOAD ./driver_source/lpc17xx_nvic.o
LOAD ./driver_source/lpc17xx_pinsel.o
LOAD ./driver_source/lpc17xx_pwm.o
LOAD ./driver_source/lpc17xx_qei.o
LOAD ./driver_source/lpc17xx_rit.o
LOAD ./driver_source/lpc17xx_rtc.o
LOAD ./driver_source/lpc17xx_sd.o
LOAD ./driver_source/lpc17xx_spi.o
LOAD ./driver_source/lpc17xx_ssp.o
LOAD ./driver_source/lpc17xx_timer.o
LOAD ./driver_source/lpc17xx_uart.o
LOAD ./driver_source/lpc17xx_wdt.o
LOAD ./UsbHost/Uart/usbhost_uart.o
LOAD ./UsbHost/MassStorage/usbhost_ms.o
LOAD ./UsbHost/Main/usbhost_main.o
LOAD ./UsbHost/Host/usb_ms_diskio.o
LOAD ./UsbHost/Host/usbhost_lpc17xx.o
LOAD ./LPCUSB/USB_CDC.o
LOAD ./LPCUSB/usbcontrol.o
LOAD ./LPCUSB/usbhw_lpc.o
LOAD ./LPCUSB/usbinit.o
LOAD ./LPCUSB/usbstdreq.o
LOAD ./FatFs/option/cc932.o
LOAD ./FatFs/option/syncobj.o
LOAD ./FatFs/option/syscall.o
LOAD ./FatFs/diskio.o
LOAD ./FatFs/ff.o
LOAD /home/nlv14991/workspaceLPC/STE-LPC1768-/CMSISv1p30_LPC17xx/Debug/libCMSISv1p30_LPC17xx.a
LOAD /home/nlv14991/workspaceLPC/STE-LPC1768-/FreeRTOS_Library/Debug/libFreeRTOS_Library.a
START GROUP
LOAD /usr/local/lpcxpresso_4.2.3_255/lpcxpresso/tools/bin/../lib/gcc/arm-none-eabi/4.5.1/thumb2/libgcc.a
LOAD /usr/local/lpcxpresso_4.2.3_255/lpcxpresso/tools/bin/../lib/gcc/arm-none-eabi/4.5.1/../../../../arm-none-eabi/lib/thumb2/libc.a
LOAD /usr/local/lpcxpresso_4.2.3_255/lpcxpresso/tools/bin/../lib/gcc/arm-none-eabi/4.5.1/../../../../arm-none-eabi/lib/thumb2/libm.a
LOAD /usr/local/lpcxpresso_4.2.3_255/lpcxpresso/tools/bin/../lib/gcc/arm-none-eabi/4.5.1/../../../../arm-none-eabi/lib/thumb2/libcr_newlib_nohost.a
END GROUP
                0x00080000                __top_MFlash512 = 0x80000
                0x10008000                __top_RamLoc32 = 0x10008000
                0x20084000                __top_RamAHB32 = 0x20084000

.text           0x00000000    0x308c8
 FILL mask 0xff
 *(.isr_vector)
 .isr_vector    0x00000000       0xc4 ./cr_startup_lpc17.o
                0x00000000                g_pfnVectors
                0x000000c4                . = ALIGN (0x4)
                0x000000c4                __section_table_start = .
                0x000000c4                __data_section_table = .
                0x000000c4        0x4 LONG 0x308d0 LOADADDR (.data)
                0x000000c8        0x4 LONG 0x10000000 ADDR (.data)
                0x000000cc        0x4 LONG 0x5dc SIZEOF (.data)
                0x000000d0        0x4 LONG 0x308d0 LOADADDR (.data_RAM2)
                0x000000d4        0x4 LONG 0x2007c000 ADDR (.data_RAM2)
                0x000000d8        0x4 LONG 0x0 SIZEOF (.data_RAM2)
                0x000000dc                __data_section_table_end = .
                0x000000dc                __bss_section_table = .
                0x000000dc        0x4 LONG 0x100005e0 ADDR (.bss)
                0x000000e0        0x4 LONG 0x5948 SIZEOF (.bss)
                0x000000e4        0x4 LONG 0x2007c000 ADDR (.bss_RAM2)
                0x000000e8        0x4 LONG 0x0 SIZEOF (.bss_RAM2)
                0x000000ec                __bss_section_table_end = .
                0x000000ec                __section_table_end = .
 *(.after_vectors*)
 *(.text*)
 .text.SysTick_Handler
                0x000000ec       0x10 ./LedBlinky.o
                0x000000ec                SysTick_Handler
 .text.vLEDTask
                0x000000fc       0xa4 ./LedBlinky.o
                0x000000fc                vLEDTask
 .text.NMI_Handler
                0x000001a0        0x4 ./cr_startup_lpc17.o
                0x000001a0                NMI_Handler
 .text.HardFault_Handler
                0x000001a4       0x14 ./cr_startup_lpc17.o
                0x000001a4                HardFault_Handler
 .text.MemManage_Handler
                0x000001b8        0x4 ./cr_startup_lpc17.o
                0x000001b8                MemManage_Handler
 .text.BusFault_Handler
                0x000001bc        0x4 ./cr_startup_lpc17.o
                0x000001bc                BusFault_Handler
 .text.UsageFault_Handler
                0x000001c0        0x4 ./cr_startup_lpc17.o
                0x000001c0                UsageFault_Handler
 .text.DebugMon_Handler
                0x000001c4        0x4 ./cr_startup_lpc17.o
                0x000001c4                DebugMon_Handler
 .text.Reset_Handler
                0x000001c8       0xbc ./cr_startup_lpc17.o
                0x000001c8                Reset_Handler
                0x000001c8                ResetISR
 .text.hard_fault_handler_c
                0x00000284       0x84 ./cr_startup_lpc17.o
                0x00000284                hard_fault_handler_c
 .text.IntDefaultHandler
                0x00000308       0x18 ./cr_startup_lpc17.o
                0x00000308                TIMER2_IRQHandler
                0x00000308                RIT_IRQHandler
                0x00000308                PWM1_IRQHandler
                0x00000308                EINT2_IRQHandler
                0x00000308                EINT3_IRQHandler
                0x00000308                TIMER3_IRQHandler
                0x00000308                PLL0_IRQHandler
                0x00000308                CAN_IRQHandler
                0x00000308                PLL1_IRQHandler
                0x00000308                RTC_IRQHandler
                0x00000308                TIMER0_IRQHandler
                0x00000308                EINT1_IRQHandler
                0x00000308                TIMER1_IRQHandler
                0x00000308                ADC_IRQHandler
                0x00000308                BOD_IRQHandler
                0x00000308                WDT_IRQHandler
                0x00000308                QEI_IRQHandler
                0x00000308                EINT0_IRQHandler
                0x00000308                MCPWM_IRQHandler
 .text.LCD_Init
                0x00000320       0xc8 ./lcd_i2c.o
                0x00000320                LCD_Init
 .text.LCD_ClearScreen
                0x000003e8       0xd4 ./lcd_i2c.o
                0x000003e8                LCD_ClearScreen
 .text.LCD_PrintText
                0x000004bc      0x120 ./lcd_i2c.o
                0x000004bc                LCD_PrintText
 .text.main     0x000005dc       0xa0 ./main.o
                0x000005dc                main
 .text.vSoftwareInterruptHandler
                0x0000067c       0x54 ./main.o
                0x0000067c                vSoftwareInterruptHandler
 .text.vApplicationMallocFailedHook
                0x000006d0        0x4 ./main.o
                0x000006d0                vApplicationMallocFailedHook
 .text.vApplicationStackOverflowHook
                0x000006d4       0x10 ./main.o
                0x000006d4                vApplicationStackOverflowHook
 .text.vApplicationIdleHook
                0x000006e4        0x4 ./main.o
                0x000006e4                vApplicationIdleHook
 .text.vApplicationTickHook
                0x000006e8        0x4 ./main.o
                0x000006e8                vApplicationTickHook
 .text.lEMACInit
                0x000006ec      0x988 ./webserver/emac.o
                0x000006ec                lEMACInit
 .text.ulGetEMACRxData
                0x00001074      0x228 ./webserver/emac.o
                0x00001074                ulGetEMACRxData
 .text.vSendEMACTxData
                0x0000129c      0x234 ./webserver/emac.o
                0x0000129c                vSendEMACTxData
 .text.vEMAC_ISR
                0x000014d0       0xfc ./webserver/emac.o
                0x000014d0                vEMAC_ISR
 .text.nullfunction
                0x000015cc        0x8 ./webserver/httpd-cgi.o
 .text.lcd_io   0x000015d4       0x4c ./webserver/httpd-cgi.o
 .text.led_io   0x00001620       0x4c ./webserver/httpd-cgi.o
 .text.run_time
                0x0000166c       0x4c ./webserver/httpd-cgi.o
 .text.rtos_stats
                0x000016b8       0x48 ./webserver/httpd-cgi.o
 .text.net_stats
                0x00001700       0x4c ./webserver/httpd-cgi.o
 .text.tcp_stats
                0x0000174c       0x5c ./webserver/httpd-cgi.o
 .text.generate_lcd_txt
                0x000017a8       0x24 ./webserver/httpd-cgi.o
 .text.generate_io_state
                0x000017cc       0x3c ./webserver/httpd-cgi.o
 .text.generate_runtime_stats
                0x00001808       0x3c ./webserver/httpd-cgi.o
 .text.generate_rtos_stats
                0x00001844       0x44 ./webserver/httpd-cgi.o
 .text.generate_net_stats
                0x00001888       0x30 ./webserver/httpd-cgi.o
 .text.generate_tcp_stats
                0x000018b8       0xd4 ./webserver/httpd-cgi.o
 .text.file_stats
                0x0000198c       0x54 ./webserver/httpd-cgi.o
 .text.generate_file_stats
                0x000019e0       0x28 ./webserver/httpd-cgi.o
 .text.httpd_cgi
                0x00001a08       0x48 ./webserver/httpd-cgi.o
                0x00001a08                httpd_cgi
 .text.httpd_fs_open
                0x00001a50       0x70 ./webserver/httpd-fs.o
                0x00001a50                httpd_fs_open
 .text.httpd_fs_count
                0x00001ac0       0x60 ./webserver/httpd-fs.o
                0x00001ac0                httpd_fs_count
 .text.handle_input
                0x00001b20      0x118 ./webserver/httpd.o
 .text.send_headers
                0x00001c38      0x214 ./webserver/httpd.o
 .text.generate_part_of_file
                0x00001e4c       0x3c ./webserver/httpd.o
 .text.handle_output
                0x00001e88      0x320 ./webserver/httpd.o
 .text.httpd_appcall
                0x000021a8       0xa4 ./webserver/httpd.o
                0x000021a8                httpd_appcall
 .text.networkd_appcall
                0x0000224c       0x1c ./webserver/httpd.o
                0x0000224c                networkd_appcall
 .text.httpd_init
                0x00002268        0x8 ./webserver/httpd.o
                0x00002268                httpd_init
 .text.psock_send
                0x00002270       0xc8 ./webserver/psock.o
                0x00002270                psock_send
 .text.psock_generator_send
                0x00002338      0x130 ./webserver/psock.o
                0x00002338                psock_generator_send
 .text.psock_datalen
                0x00002468        0xc ./webserver/psock.o
                0x00002468                psock_datalen
 .text.psock_readto
                0x00002474      0x188 ./webserver/psock.o
                0x00002474                psock_readto
 .text.psock_init
                0x000025fc       0x18 ./webserver/psock.o
                0x000025fc                psock_init
 .text.psock_sink_receive
                0x00002614       0x9c ./webserver/psock.o
                0x00002614                psock_sink_receive
 .text.timer_set
                0x000026b0       0x10 ./webserver/timer.o
                0x000026b0                timer_set
 .text.timer_reset
                0x000026c0        0xc ./webserver/timer.o
                0x000026c0                timer_reset
 .text.timer_expired
                0x000026cc       0x18 ./webserver/timer.o
                0x000026cc                timer_expired
 .text.clock_time
                0x000026e4        0x4 ./webserver/uIP_Task.o
                0x000026e4                clock_time
 .text.vuIP_Task
                0x000026e8      0x414 ./webserver/uIP_Task.o
                0x000026e8                vuIP_Task
 .text.vApplicationProcessFormInput
                0x00002afc      0x18c ./webserver/uIP_Task.o
                0x00002afc                vApplicationProcessFormInput
 .text.uip_add_rcv_nxt
                0x00002c88       0xa0 ./webserver/uip.o
 .text.uip_add32
                0x00002d28       0x64 ./webserver/uip.o
                0x00002d28                uip_add32
 .text.uip_tcpchksum
                0x00002d8c      0x1e8 ./webserver/uip.o
                0x00002d8c                uip_tcpchksum
 .text.uip_init
                0x00002f74       0x64 ./webserver/uip.o
                0x00002f74                uip_init
 .text.uip_connect
                0x00002fd8      0x384 ./webserver/uip.o
                0x00002fd8                uip_connect
 .text.uip_unlisten
                0x0000335c       0xac ./webserver/uip.o
                0x0000335c                uip_unlisten
 .text.uip_listen
                0x00003408       0xa4 ./webserver/uip.o
                0x00003408                uip_listen
 .text.uip_process
                0x000034ac     0x1ac0 ./webserver/uip.o
                0x000034ac                uip_process
 .text.htons    0x00004f6c        0xc ./webserver/uip.o
                0x00004f6c                htons
 .text.uip_send
                0x00004f78       0x30 ./webserver/uip.o
                0x00004f78                uip_send
 .text.uip_arp_update
                0x00004fa8      0x32c ./webserver/uip_arp.o
 .text.uip_arp_timer
                0x000052d4       0x64 ./webserver/uip_arp.o
                0x000052d4                uip_arp_timer
 .text.uip_arp_ipin
                0x00005338       0x68 ./webserver/uip_arp.o
                0x00005338                uip_arp_ipin
 .text.uip_arp_arpin
                0x000053a0      0x150 ./webserver/uip_arp.o
                0x000053a0                uip_arp_arpin
 .text.uip_arp_out
                0x000054f0      0x2c0 ./webserver/uip_arp.o
                0x000054f0                uip_arp_out
 .text.Append_part_of_file
                0x000057b0       0x68 ./uip_ftp/Connections.o
 .text.Generate_part_of_file
                0x00005818       0x78 ./uip_ftp/Connections.o
 .text.Generate_list_data
                0x00005890      0x14c ./uip_ftp/Connections.o
 .text.Generate_help_data
                0x000059dc       0x68 ./uip_ftp/Connections.o
 .text.Send_257_response
                0x00005a44       0x20 ./uip_ftp/Connections.o
 .text.Cmd_help
                0x00005a64       0xcc ./uip_ftp/Connections.o
                0x00005a64                Cmd_help
 .text.Cmd_stru
                0x00005b30       0x8c ./uip_ftp/Connections.o
                0x00005b30                Cmd_stru
 .text.Cmd_mode
                0x00005bbc       0x8c ./uip_ftp/Connections.o
                0x00005bbc                Cmd_mode
 .text.Cmd_abor
                0x00005c48       0x5c ./uip_ftp/Connections.o
                0x00005c48                Cmd_abor
 .text.Cmd_type
                0x00005ca4       0xa0 ./uip_ftp/Connections.o
                0x00005ca4                Cmd_type
 .text.Cmd_noop
                0x00005d44       0x4c ./uip_ftp/Connections.o
                0x00005d44                Cmd_noop
 .text.Cmd_quit
                0x00005d90       0x58 ./uip_ftp/Connections.o
                0x00005d90                Cmd_quit
 .text.Cmd_user
                0x00005de8       0x8c ./uip_ftp/Connections.o
                0x00005de8                Cmd_user
 .text.Cmd_ukwn
                0x00005e74       0x48 ./uip_ftp/Connections.o
                0x00005e74                Cmd_ukwn
 .text.Cmd_cdup
                0x00005ebc      0x108 ./uip_ftp/Connections.o
                0x00005ebc                Cmd_cdup
 .text.Cmd_pwd  0x00005fc4       0x70 ./uip_ftp/Connections.o
                0x00005fc4                Cmd_pwd
 .text.Cmd_cwd  0x00006034      0x194 ./uip_ftp/Connections.o
                0x00006034                Cmd_cwd
 .text.Cmd_rmd  0x000061c8      0x310 ./uip_ftp/Connections.o
                0x000061c8                Cmd_rmd
 .text.Cmd_dele
                0x000064d8      0x310 ./uip_ftp/Connections.o
                0x000064d8                Cmd_dele
 .text.Cmd_mkd  0x000067e8      0x224 ./uip_ftp/Connections.o
                0x000067e8                Cmd_mkd
 .text.Send_PASV_response
                0x00006a0c       0x8c ./uip_ftp/Connections.o
 .text.Cmd_stor
                0x00006a98      0x1cc ./uip_ftp/Connections.o
                0x00006a98                Cmd_stor
 .text.Cmd_retr
                0x00006c64      0x254 ./uip_ftp/Connections.o
                0x00006c64                Cmd_retr
 .text.Cmd_list
                0x00006eb8      0x258 ./uip_ftp/Connections.o
                0x00006eb8                Cmd_list
 .text.Cmd_port
                0x00007110      0x190 ./uip_ftp/Connections.o
                0x00007110                Cmd_port
 .text.Cmd_pasv
                0x000072a0       0x84 ./uip_ftp/Connections.o
                0x000072a0                Cmd_pasv
 .text.handle_cmd_input
                0x00007324      0x128 ./uip_ftp/Connections.o
                0x00007324                handle_cmd_input
 .text.handle_cmd_output
                0x0000744c      0x11c ./uip_ftp/Connections.o
                0x0000744c                handle_cmd_output
 .text.CloseFile
                0x00007568       0x1c ./uip_ftp/Connections.o
                0x00007568                CloseFile
 .text.handle_data_connection
                0x00007584      0x1dc ./uip_ftp/Connections.o
                0x00007584                handle_data_connection
 .text.ftpd_appcall
                0x00007760      0x498 ./uip_ftp/FTPD.o
                0x00007760                ftpd_appcall
 .text.ftpd_init
                0x00007bf8       0x28 ./uip_ftp/FTPD.o
                0x00007bf8                ftpd_init
 .text.appdata_init
                0x00007c20       0x78 ./uip_ftp/ftp_main.o
                0x00007c20                appdata_init
 .text.CLKPWR_SetPCLKDiv
                0x00007c98       0x5c ./driver_source/lpc17xx_clkpwr.o
                0x00007c98                CLKPWR_SetPCLKDiv
 .text.CLKPWR_GetPCLK
                0x00007cf4       0x44 ./driver_source/lpc17xx_clkpwr.o
                0x00007cf4                CLKPWR_GetPCLK
 .text.CLKPWR_ConfigPPWR
                0x00007d38       0x4c ./driver_source/lpc17xx_clkpwr.o
                0x00007d38                CLKPWR_ConfigPPWR
 .text.GPDMA_IntHandler
                0x00007d84      0x2c0 ./driver_source/lpc17xx_gpdma.o
                0x00007d84                GPDMA_IntHandler
 .text.GPIO_SetDir
                0x00008044       0x28 ./driver_source/lpc17xx_gpio.o
                0x00008044                GPIO_SetDir
 .text.GPIO_SetValue
                0x0000806c       0x18 ./driver_source/lpc17xx_gpio.o
                0x0000806c                GPIO_SetValue
 .text.GPIO_ClearValue
                0x00008084       0x18 ./driver_source/lpc17xx_gpio.o
                0x00008084                GPIO_ClearValue
 .text.GPIO_ReadValue
                0x0000809c       0x1c ./driver_source/lpc17xx_gpio.o
                0x0000809c                GPIO_ReadValue
 .text.I2C_MasterHandler
                0x000080b8      0x264 ./driver_source/lpc17xx_i2c.o
                0x000080b8                I2C_MasterHandler
 .text.I2C_Init
                0x0000831c      0x104 ./driver_source/lpc17xx_i2c.o
                0x0000831c                I2C_Init
 .text.I2C_Cmd  0x00008420       0x64 ./driver_source/lpc17xx_i2c.o
                0x00008420                I2C_Cmd
 .text.I2C_MasterTransferData
                0x00008484      0x328 ./driver_source/lpc17xx_i2c.o
                0x00008484                I2C_MasterTransferData
 .text.I2C0_StdIntHandler
                0x000087ac       0x18 ./driver_source/lpc17xx_i2c.o
                0x000087ac                I2C0_StdIntHandler
 .text.I2C1_StdIntHandler
                0x000087c4       0x18 ./driver_source/lpc17xx_i2c.o
                0x000087c4                I2C1_StdIntHandler
 .text.I2C2_StdIntHandler
                0x000087dc       0x18 ./driver_source/lpc17xx_i2c.o
                0x000087dc                I2C2_StdIntHandler
 .text.I2S_IntHandler
                0x000087f4       0x5c ./driver_source/lpc17xx_i2s.o
                0x000087f4                I2S_IntHandler
 .text.check_failed
                0x00008850        0x4 ./driver_source/lpc17xx_libcfg_default.o
                0x00008850                check_failed
 .text.PINSEL_ConfigPin
                0x00008854       0xa4 ./driver_source/lpc17xx_pinsel.o
                0x00008854                PINSEL_ConfigPin
 .text.RTC_Init
                0x000088f8       0x38 ./driver_source/lpc17xx_rtc.o
                0x000088f8                RTC_Init
 .text.RTC_ResetClockTickCounter
                0x00008930       0x34 ./driver_source/lpc17xx_rtc.o
                0x00008930                RTC_ResetClockTickCounter
 .text.RTC_Cmd  0x00008964       0x4c ./driver_source/lpc17xx_rtc.o
                0x00008964                RTC_Cmd
 .text.RTC_SetTime
                0x000089b0      0x144 ./driver_source/lpc17xx_rtc.o
                0x000089b0                RTC_SetTime
 .text.RTC_GetFullTime
                0x00008af4       0x70 ./driver_source/lpc17xx_rtc.o
                0x00008af4                RTC_GetFullTime
 .text.RTC_CalibCounterCmd
                0x00008b64       0x50 ./driver_source/lpc17xx_rtc.o
                0x00008b64                RTC_CalibCounterCmd
 .text.LPC17xx_SD_SendCmd
                0x00008bb4      0x1d0 ./driver_source/lpc17xx_sd.o
 .text.LPC17xx_SD_WirteDataBlock
                0x00008d84      0x12c ./driver_source/lpc17xx_sd.o
 .text.MMC_disk_initialize
                0x00008eb0      0x1b4 ./driver_source/lpc17xx_sd.o
                0x00008eb0                MMC_disk_initialize
 .text.MMC_disk_ioctl
                0x00009064      0x69c ./driver_source/lpc17xx_sd.o
                0x00009064                MMC_disk_ioctl
 .text.MMC_disk_read
                0x00009700      0x388 ./driver_source/lpc17xx_sd.o
                0x00009700                MMC_disk_read
 .text.MMC_disk_status
                0x00009a88       0x14 ./driver_source/lpc17xx_sd.o
                0x00009a88                MMC_disk_status
 .text.MMC_disk_write
                0x00009a9c      0x21c ./driver_source/lpc17xx_sd.o
                0x00009a9c                MMC_disk_write
 .text.SPI_IntHandler
                0x00009cb8       0xe8 ./driver_source/lpc17xx_spi.o
                0x00009cb8                SPI_IntHandler
 .text.SPI_Init
                0x00009da0      0x100 ./driver_source/lpc17xx_spi.o
                0x00009da0                SPI_Init
 .text.SPI_ConfigStructInit
                0x00009ea0       0x20 ./driver_source/lpc17xx_spi.o
                0x00009ea0                SPI_ConfigStructInit
 .text.SPI_SendData
                0x00009ec0       0x24 ./driver_source/lpc17xx_spi.o
                0x00009ec0                SPI_SendData
 .text.SPI_ReceiveData
                0x00009ee4       0x24 ./driver_source/lpc17xx_spi.o
                0x00009ee4                SPI_ReceiveData
 .text.SSP0_StdIntHandler
                0x00009f08       0x18 ./driver_source/lpc17xx_ssp.o
                0x00009f08                SSP0_StdIntHandler
 .text.SSP1_StdIntHandler
                0x00009f20       0x18 ./driver_source/lpc17xx_ssp.o
                0x00009f20                SSP1_StdIntHandler
 .text.uart_set_divisors
                0x00009f38      0x65c ./driver_source/lpc17xx_uart.o
                0x00009f38                uart_set_divisors
 .text.UART_GenIntHandler
                0x0000a594      0x114 ./driver_source/lpc17xx_uart.o
                0x0000a594                UART_GenIntHandler
 .text.UART_Init
                0x0000a6a8      0x234 ./driver_source/lpc17xx_uart.o
                0x0000a6a8                UART_Init
 .text.UART_ConfigStructInit
                0x0000a8dc       0x14 ./driver_source/lpc17xx_uart.o
                0x0000a8dc                UART_ConfigStructInit
 .text.UART_IntConfig
                0x0000a8f0      0x13c ./driver_source/lpc17xx_uart.o
                0x0000a8f0                UART_IntConfig
 .text.UART_CheckBusy
                0x0000aa2c       0x10 ./driver_source/lpc17xx_uart.o
                0x0000aa2c                UART_CheckBusy
 .text.UART_FIFOConfig
                0x0000aa3c       0xf8 ./driver_source/lpc17xx_uart.o
                0x0000aa3c                UART_FIFOConfig
 .text.UART_FIFOConfigStructInit
                0x0000ab34       0x10 ./driver_source/lpc17xx_uart.o
                0x0000ab34                UART_FIFOConfigStructInit
 .text.UART_TxCmd
                0x0000ab44       0x8c ./driver_source/lpc17xx_uart.o
                0x0000ab44                UART_TxCmd
 .text.UART_FullModemForcePinState
                0x0000abd0       0x74 ./driver_source/lpc17xx_uart.o
                0x0000abd0                UART_FullModemForcePinState
 .text.UART_Send
                0x0000ac44      0x3b4 ./driver_source/lpc17xx_uart.o
                0x0000ac44                UART_Send
 .text.UART_Receive
                0x0000aff8      0x5bc ./driver_source/lpc17xx_uart.o
                0x0000aff8                UART_Receive
 .text.UART_SetupCbs
                0x0000b5b4       0x88 ./driver_source/lpc17xx_uart.o
                0x0000b5b4                UART_SetupCbs
 .text.UART0_StdIntHandler
                0x0000b63c        0xc ./driver_source/lpc17xx_uart.o
                0x0000b63c                UART0_StdIntHandler
 .text.UART1_StdIntHandler
                0x0000b648       0x18 ./driver_source/lpc17xx_uart.o
                0x0000b648                UART1_StdIntHandler
 .text.UART2_StdIntHandler
                0x0000b660        0xc ./driver_source/lpc17xx_uart.o
                0x0000b660                UART2_StdIntHandler
 .text.UART3_StdIntHandler
                0x0000b66c        0xc ./driver_source/lpc17xx_uart.o
                0x0000b66c                UART3_StdIntHandler
 .text.UART1_IntReceive_usb
                0x0000b678       0xa4 ./UsbHost/Uart/usbhost_uart.o
                0x0000b678                UART1_IntReceive_usb
 .text.UART1_IntErr_usb
                0x0000b71c       0x24 ./UsbHost/Uart/usbhost_uart.o
                0x0000b71c                UART1_IntErr_usb
 .text.UART1_IntTransmit_usb
                0x0000b740       0xd4 ./UsbHost/Uart/usbhost_uart.o
                0x0000b740                UART1_IntTransmit_usb
 .text.UART_Init_usb
                0x0000b814      0x11c ./UsbHost/Uart/usbhost_uart.o
                0x0000b814                UART_Init_usb
 .text.UART_Printf
                0x0000b930       0x90 ./UsbHost/Uart/usbhost_uart.o
                0x0000b930                UART_Printf
 .text.MS_ParseConfiguration
                0x0000b9c0      0x100 ./UsbHost/MassStorage/usbhost_ms.o
                0x0000b9c0                MS_ParseConfiguration
 .text.Fill_MSCommand
                0x0000bac0      0x12c ./UsbHost/MassStorage/usbhost_ms.o
                0x0000bac0                Fill_MSCommand
 .text.MS_BulkSend
                0x0000bbec       0x94 ./UsbHost/MassStorage/usbhost_ms.o
                0x0000bbec                MS_BulkSend
 .text.MS_BulkRecv
                0x0000bc80       0xa4 ./UsbHost/MassStorage/usbhost_ms.o
                0x0000bc80                MS_BulkRecv
 .text.MS_Inquire
                0x0000bd24       0xb8 ./UsbHost/MassStorage/usbhost_ms.o
                0x0000bd24                MS_Inquire
 .text.MS_ReadCapacity
                0x0000bddc       0x98 ./UsbHost/MassStorage/usbhost_ms.o
                0x0000bddc                MS_ReadCapacity
 .text.MS_TestUnitReady
                0x0000be74       0x64 ./UsbHost/MassStorage/usbhost_ms.o
                0x0000be74                MS_TestUnitReady
 .text.MS_Init  0x0000bed8      0x144 ./UsbHost/MassStorage/usbhost_ms.o
                0x0000bed8                MS_Init
 .text.usb_host_main
                0x0000c01c      0x110 ./UsbHost/Main/usbhost_main.o
                0x0000c01c                usb_host_main
 .text.get_fattime
                0x0000c12c       0x3c ./UsbHost/Host/usb_ms_diskio.o
                0x0000c12c                get_fattime
 .text.USB_disk_initialize
                0x0000c168       0xdc ./UsbHost/Host/usb_ms_diskio.o
                0x0000c168                USB_disk_initialize
 .text.USB_disk_ioctl
                0x0000c244       0x3c ./UsbHost/Host/usb_ms_diskio.o
                0x0000c244                USB_disk_ioctl
 .text.USB_disk_read
                0x0000c280       0x14 ./UsbHost/Host/usb_ms_diskio.o
                0x0000c280                USB_disk_read
 .text.USB_disk_status
                0x0000c294        0x4 ./UsbHost/Host/usb_ms_diskio.o
                0x0000c294                USB_disk_status
 .text.USB_disk_write
                0x0000c298       0x14 ./UsbHost/Host/usb_ms_diskio.o
                0x0000c298                USB_disk_write
 .text.Host_Init
                0x0000c2ac      0x24c ./UsbHost/Host/usbhost_lpc17xx.o
                0x0000c2ac                Host_Init
 .text.USB_IRQHandler_host
                0x0000c4f8       0xf8 ./UsbHost/Host/usbhost_lpc17xx.o
                0x0000c4f8                USB_IRQHandler_host
 .text.Host_ProcessTD
                0x0000c5f0       0xec ./UsbHost/Host/usbhost_lpc17xx.o
                0x0000c5f0                Host_ProcessTD
 .text.Host_EnumDev
                0x0000c6dc      0x470 ./UsbHost/Host/usbhost_lpc17xx.o
                0x0000c6dc                Host_EnumDev
 .text.Host_CtrlRecv
                0x0000cb4c      0x120 ./UsbHost/Host/usbhost_lpc17xx.o
                0x0000cb4c                Host_CtrlRecv
 .text.WriteLE32U
                0x0000cc6c       0x24 ./UsbHost/Host/usbhost_lpc17xx.o
                0x0000cc6c                WriteLE32U
 .text.ReadLE16U
                0x0000cc90       0x18 ./UsbHost/Host/usbhost_lpc17xx.o
                0x0000cc90                ReadLE16U
 .text.ReadBE32U
                0x0000cca8       0x24 ./UsbHost/Host/usbhost_lpc17xx.o
                0x0000cca8                ReadBE32U
 .text.WriteBE32U
                0x0000cccc       0x24 ./UsbHost/Host/usbhost_lpc17xx.o
                0x0000cccc                WriteBE32U
 .text.WriteBE16U
                0x0000ccf0       0x10 ./UsbHost/Host/usbhost_lpc17xx.o
                0x0000ccf0                WriteBE16U
 .text.ff_convert
                0x0000cd00      0x218 ./FatFs/option/cc932.o
                0x0000cd00                ff_convert
 .text.ff_wtoupper
                0x0000cf18       0x34 ./FatFs/option/cc932.o
                0x0000cf18                ff_wtoupper
 .text.disk_initialize
                0x0000cf4c       0x58 ./FatFs/diskio.o
                0x0000cf4c                disk_initialize
 .text.disk_status
                0x0000cfa4       0x20 ./FatFs/diskio.o
                0x0000cfa4                disk_status
 .text.disk_read
                0x0000cfc4       0x28 ./FatFs/diskio.o
                0x0000cfc4                disk_read
 .text.disk_write
                0x0000cfec       0x28 ./FatFs/diskio.o
                0x0000cfec                disk_write
 .text.disk_ioctl
                0x0000d014       0x30 ./FatFs/diskio.o
                0x0000d014                disk_ioctl
 .text.get_fileinfo
                0x0000d044      0x330 ./FatFs/ff.o
 .text.chk_mounted
                0x0000d374      0x468 ./FatFs/ff.o
 .text.sync     0x0000d7dc      0x1c4 ./FatFs/ff.o
 .text.get_fat  0x0000d9a0      0x508 ./FatFs/ff.o
                0x0000d9a0                get_fat
 .text.dir_sdi  0x0000dea8       0xb4 ./FatFs/ff.o
 .text.put_fat  0x0000df5c      0x5e4 ./FatFs/ff.o
                0x0000df5c                put_fat
 .text.create_chain
                0x0000e540      0x178 ./FatFs/ff.o
 .text.dir_next
                0x0000e6b8      0x3a0 ./FatFs/ff.o
 .text.dir_find
                0x0000ea58      0x694 ./FatFs/ff.o
 .text.follow_path
                0x0000f0ec      0x5f8 ./FatFs/ff.o
 .text.dir_remove
                0x0000f6e4      0x18c ./FatFs/ff.o
 .text.dir_read
                0x0000f870      0x4f0 ./FatFs/ff.o
 .text.dir_register
                0x0000fd60      0xb80 ./FatFs/ff.o
 .text.f_mount  0x000108e0       0x3c ./FatFs/ff.o
                0x000108e0                f_mount
 .text.f_open   0x0001091c      0x3d0 ./FatFs/ff.o
                0x0001091c                f_open
 .text.f_read   0x00010cec      0x3c8 ./FatFs/ff.o
                0x00010cec                f_read
 .text.f_write  0x000110b4      0x450 ./FatFs/ff.o
                0x000110b4                f_write
 .text.f_sync   0x00011504      0x1dc ./FatFs/ff.o
                0x00011504                f_sync
 .text.f_close  0x000116e0       0x44 ./FatFs/ff.o
                0x000116e0                f_close
 .text.f_chdrive
                0x00011724       0x18 ./FatFs/ff.o
                0x00011724                f_chdrive
 .text.f_chdir  0x0001173c       0x70 ./FatFs/ff.o
                0x0001173c                f_chdir
 .text.f_getcwd
                0x000117ac      0x294 ./FatFs/ff.o
                0x000117ac                f_getcwd
 .text.f_lseek  0x00011a40      0x1c8 ./FatFs/ff.o
                0x00011a40                f_lseek
 .text.f_opendir
                0x00011c08       0x70 ./FatFs/ff.o
                0x00011c08                f_opendir
 .text.f_readdir
                0x00011c78       0x74 ./FatFs/ff.o
                0x00011c78                f_readdir
 .text.f_truncate
                0x00011cec      0x170 ./FatFs/ff.o
                0x00011cec                f_truncate
 .text.f_unlink
                0x00011e5c      0x184 ./FatFs/ff.o
                0x00011e5c                f_unlink
 .text.f_mkdir  0x00011fe0      0x444 ./FatFs/ff.o
                0x00011fe0                f_mkdir
 .text.SystemInit
                0x00012424      0x14c /home/nlv14991/workspaceLPC/STE-LPC1768-/CMSISv1p30_LPC17xx/Debug/libCMSISv1p30_LPC17xx.a(system_LPC17xx.o)
                0x00012424                SystemInit
 .text          0x00012570      0x510 /home/nlv14991/workspaceLPC/STE-LPC1768-/FreeRTOS_Library/Debug/libFreeRTOS_Library.a(queue.o)
                0x0001266c                xQueueCreate
                0x000126d8                xQueueCreateCountingSemaphore
                0x000126e8                xQueueGenericSend
                0x000127d8                xQueueCreateMutex
                0x0001281c                xQueueGenericSendFromISR
                0x0001287c                xQueueGenericReceive
                0x000129c4                xQueueReceiveFromISR
                0x00012a38                uxQueueMessagesWaiting
                0x00012a4c                uxQueueMessagesWaitingFromISR
                0x00012a50                vQueueDelete
                0x00012a64                xQueueIsQueueEmptyFromISR
                0x00012a70                xQueueIsQueueFullFromISR
 .text          0x00012a80      0xb58 /home/nlv14991/workspaceLPC/STE-LPC1768-/FreeRTOS_Library/Debug/libFreeRTOS_Library.a(tasks.o)
                0x00012a80                xTaskGenericCreate
                0x00012c44                vTaskDelete
                0x00012cb4                uxTaskPriorityGet
                0x00012cdc                vTaskPrioritySet
                0x00012d8c                xTaskIsTaskSuspended
                0x00012db4                vTaskResume
                0x00012e30                xTaskResumeFromISR
                0x00012ea8                vTaskStartScheduler
                0x00012efc                vTaskEndScheduler
                0x00012f18                vTaskSuspendAll
                0x00012f2c                xTaskGetTickCount
                0x00012f48                xTaskGetTickCountFromISR
                0x00012f58                uxTaskGetNumberOfTasks
                0x00012f64                vTaskIncrementTick
                0x00013028                xTaskResumeAll
                0x00013180                vTaskDelay
                0x000131d4                vTaskDelayUntil
                0x00013258                vTaskSwitchContext
                0x00013330                vTaskSuspend
                0x0001339c                vTaskPlaceOnEventList
                0x00013404                xTaskRemoveFromEventList
                0x0001346c                vTaskSetTimeOutState
                0x00013484                xTaskCheckForTimeOut
                0x00013500                vTaskMissedYield
                0x00013510                xTaskGetCurrentTaskHandle
                0x0001351c                vTaskPriorityInherit
                0x00013588                vTaskPriorityDisinherit
 .text          0x000135d8      0x134 /home/nlv14991/workspaceLPC/STE-LPC1768-/FreeRTOS_Library/Debug/libFreeRTOS_Library.a(heap_2.o)
                0x000135d8                pvPortMalloc
                0x000136b0                vPortFree
                0x000136f8                xPortGetFreeHeapSize
                0x00013708                vPortInitialiseBlocks
 .text          0x0001370c      0x158 /home/nlv14991/workspaceLPC/STE-LPC1768-/FreeRTOS_Library/Debug/libFreeRTOS_Library.a(port.o)
                0x0001370c                pxPortInitialiseStack
                0x00013730                vPortSVCHandler
                0x00013750                vPortStartFirstTask
                0x0001375c                xPortStartScheduler
                0x000137b0                vPortEndScheduler
                0x000137b4                vPortYieldFromISR
                0x000137c4                vPortEnterCritical
                0x000137dc                vPortExitCritical
                0x000137f8                xPortPendSVHandler
                0x00013834                xPortSysTickHandler
 .text          0x00013864       0x9c /home/nlv14991/workspaceLPC/STE-LPC1768-/FreeRTOS_Library/Debug/libFreeRTOS_Library.a(list.o)
                0x00013864                vListInitialise
                0x0001387c                vListInitialiseItem
                0x00013884                vListInsertEnd
                0x000138a0                vListInsert
                0x000138dc                vListRemove
 .text          0x00013900       0x2c /usr/local/lpcxpresso_4.2.3_255/lpcxpresso/tools/bin/../lib/gcc/arm-none-eabi/4.5.1/thumb2/libgcc.a(_aeabi_uldivmod.o)
                0x00013900                __aeabi_uldivmod
 .text          0x0001392c       0x60 /usr/local/lpcxpresso_4.2.3_255/lpcxpresso/tools/bin/../lib/gcc/arm-none-eabi/4.5.1/thumb2/libgcc.a(bpabi.o)
                0x0001392c                __gnu_ldivmod_helper
                0x0001395c                __gnu_uldivmod_helper
 .text          0x0001398c        0x4 /usr/local/lpcxpresso_4.2.3_255/lpcxpresso/tools/bin/../lib/gcc/arm-none-eabi/4.5.1/thumb2/libgcc.a(_dvmd_tls.o)
                0x0001398c                __aeabi_ldiv0
                0x0001398c                __aeabi_idiv0
 .text          0x00013990      0x364 /usr/local/lpcxpresso_4.2.3_255/lpcxpresso/tools/bin/../lib/gcc/arm-none-eabi/4.5.1/thumb2/libgcc.a(_divdi3.o)
                0x00013990                __divdi3
 .text          0x00013cf4      0x314 /usr/local/lpcxpresso_4.2.3_255/lpcxpresso/tools/bin/../lib/gcc/arm-none-eabi/4.5.1/thumb2/libgcc.a(_udivdi3.o)
                0x00013cf4                __udivdi3
 .text          0x00014008      0x278 /usr/local/lpcxpresso_4.2.3_255/lpcxpresso/tools/bin/../lib/gcc/arm-none-eabi/4.5.1/thumb2/libgcc.a(_udivsi3.o)
                0x00014008                __udivsi3
                0x00014008                __aeabi_uidiv
                0x00014264                __aeabi_uidivmod
 .text          0x00014280       0x58 /usr/local/lpcxpresso_4.2.3_255/lpcxpresso/tools/bin/../lib/gcc/arm-none-eabi/4.5.1/../../../../arm-none-eabi/lib/thumb2/libc.a(lib_a-memcmp.o)
                0x00014280                memcmp
 .text          0x000142d8      0x150 /usr/local/lpcxpresso_4.2.3_255/lpcxpresso/tools/bin/../lib/gcc/arm-none-eabi/4.5.1/../../../../arm-none-eabi/lib/thumb2/libc.a(lib_a-memcpy.o)
                0x000142d8                memcpy
 .text          0x00014428       0xb4 /usr/local/lpcxpresso_4.2.3_255/lpcxpresso/tools/bin/../lib/gcc/arm-none-eabi/4.5.1/../../../../arm-none-eabi/lib/thumb2/libc.a(lib_a-memset.o)
                0x00014428                memset
 .text          0x000144dc       0xd0 /usr/local/lpcxpresso_4.2.3_255/lpcxpresso/tools/bin/../lib/gcc/arm-none-eabi/4.5.1/../../../../arm-none-eabi/lib/thumb2/libc.a(lib_a-snprintf.o)
                0x000144dc                _snprintf_r
                0x00014540                snprintf
 .text          0x000145ac       0x94 /usr/local/lpcxpresso_4.2.3_255/lpcxpresso/tools/bin/../lib/gcc/arm-none-eabi/4.5.1/../../../../arm-none-eabi/lib/thumb2/libc.a(lib_a-sprintf.o)
                0x000145ac                _sprintf_r
                0x000145f0                sprintf
 .text          0x00014640       0xb4 /usr/local/lpcxpresso_4.2.3_255/lpcxpresso/tools/bin/../lib/gcc/arm-none-eabi/4.5.1/../../../../arm-none-eabi/lib/thumb2/libc.a(lib_a-sscanf.o)
                0x00014640                sscanf
                0x0001469c                _sscanf_r
 .text          0x000146f4       0x94 /usr/local/lpcxpresso_4.2.3_255/lpcxpresso/tools/bin/../lib/gcc/arm-none-eabi/4.5.1/../../../../arm-none-eabi/lib/thumb2/libc.a(lib_a-stdio.o)
                0x000146f4                __sread
                0x00014718                __seofread
                0x0001471c                __swrite
                0x00014758                __sseek
                0x00014780                __sclose
 .text          0x00014788       0x50 /usr/local/lpcxpresso_4.2.3_255/lpcxpresso/tools/bin/../lib/gcc/arm-none-eabi/4.5.1/../../../../arm-none-eabi/lib/thumb2/libc.a(lib_a-strcat.o)
                0x00014788                strcat
 .text          0x000147d8      0x10c /usr/local/lpcxpresso_4.2.3_255/lpcxpresso/tools/bin/../lib/gcc/arm-none-eabi/4.5.1/../../../../arm-none-eabi/lib/thumb2/libc.a(lib_a-strchr.o)
                0x000147d8                strchr
 .text          0x000148e4      0x1dc /usr/local/lpcxpresso_4.2.3_255/lpcxpresso/tools/bin/../lib/gcc/arm-none-eabi/4.5.1/../../../../arm-none-eabi/lib/thumb2/libc.a(lib_a-strcmp.o)
                0x000148e4                strcmp
 .text          0x00014ac0       0xbc /usr/local/lpcxpresso_4.2.3_255/lpcxpresso/tools/bin/../lib/gcc/arm-none-eabi/4.5.1/../../../../arm-none-eabi/lib/thumb2/libc.a(lib_a-strcpy.o)
                0x00014ac0                strcpy
 .text          0x00014b7c       0x60 /usr/local/lpcxpresso_4.2.3_255/lpcxpresso/tools/bin/../lib/gcc/arm-none-eabi/4.5.1/../../../../arm-none-eabi/lib/thumb2/libc.a(lib_a-strlen.o)
                0x00014b7c                strlen
 .text          0x00014bdc       0xa0 /usr/local/lpcxpresso_4.2.3_255/lpcxpresso/tools/bin/../lib/gcc/arm-none-eabi/4.5.1/../../../../arm-none-eabi/lib/thumb2/libc.a(lib_a-strncmp.o)
                0x00014bdc                strncmp
 .text          0x00014c7c       0x7c /usr/local/lpcxpresso_4.2.3_255/lpcxpresso/tools/bin/../lib/gcc/arm-none-eabi/4.5.1/../../../../arm-none-eabi/lib/thumb2/libc.a(lib_a-strncpy.o)
                0x00014c7c                strncpy
 .text          0x00014cf8       0x28 /usr/local/lpcxpresso_4.2.3_255/lpcxpresso/tools/bin/../lib/gcc/arm-none-eabi/4.5.1/../../../../arm-none-eabi/lib/thumb2/libc.a(lib_a-strrchr.o)
                0x00014cf8                strrchr
 .text          0x00014d20      0x510 /usr/local/lpcxpresso_4.2.3_255/lpcxpresso/tools/bin/../lib/gcc/arm-none-eabi/4.5.1/../../../../arm-none-eabi/lib/thumb2/libc.a(lib_a-strstr.o)
                0x00015014                strstr
 .text          0x00015230     0x1658 /usr/local/lpcxpresso_4.2.3_255/lpcxpresso/tools/bin/../lib/gcc/arm-none-eabi/4.5.1/../../../../arm-none-eabi/lib/thumb2/libc.a(lib_a-svfprintf.o)
                0x00015230                _svfprintf_r
 .text          0x00016888      0xfa0 /usr/local/lpcxpresso_4.2.3_255/lpcxpresso/tools/bin/../lib/gcc/arm-none-eabi/4.5.1/../../../../arm-none-eabi/lib/thumb2/libc.a(lib_a-svfscanf.o)
                0x00016888                __ssvfscanf_r
 .text          0x00017828       0x4c /usr/local/lpcxpresso_4.2.3_255/lpcxpresso/tools/bin/../lib/gcc/arm-none-eabi/4.5.1/../../../../arm-none-eabi/lib/thumb2/libc.a(lib_a-vsprintf.o)
                0x00017828                _vsprintf_r
                0x0001785c                vsprintf
 .text          0x00017874       0x2c /usr/local/lpcxpresso_4.2.3_255/lpcxpresso/tools/bin/../lib/gcc/arm-none-eabi/4.5.1/../../../../arm-none-eabi/lib/thumb2/libc.a(lib_a-writer.o)
                0x00017874                _write_r
 .text          0x000178a0       0x28 /usr/local/lpcxpresso_4.2.3_255/lpcxpresso/tools/bin/../lib/gcc/arm-none-eabi/4.5.1/../../../../arm-none-eabi/lib/thumb2/libc.a(lib_a-closer.o)
                0x000178a0                _close_r
 .text          0x000178c8     0x1000 /usr/local/lpcxpresso_4.2.3_255/lpcxpresso/tools/bin/../lib/gcc/arm-none-eabi/4.5.1/../../../../arm-none-eabi/lib/thumb2/libc.a(lib_a-dtoa.o)
                0x000179f4                _dtoa_r
 .text          0x000188c8      0x1f4 /usr/local/lpcxpresso_4.2.3_255/lpcxpresso/tools/bin/../lib/gcc/arm-none-eabi/4.5.1/../../../../arm-none-eabi/lib/thumb2/libc.a(lib_a-fflush.o)
                0x000188c8                _fflush_r
                0x00018a94                fflush
 .text          0x00018abc      0x220 /usr/local/lpcxpresso_4.2.3_255/lpcxpresso/tools/bin/../lib/gcc/arm-none-eabi/4.5.1/../../../../arm-none-eabi/lib/thumb2/libc.a(lib_a-findfp.o)
                0x00018ac4                _cleanup_r
                0x00018ad0                __sfmoreglue
                0x00018b00                _cleanup
                0x00018b0c                __sinit
                0x00018c14                __sfp
                0x00018c9c                __sfp_lock_acquire
                0x00018ca0                __sfp_lock_release
                0x00018ca4                __sinit_lock_acquire
                0x00018ca8                __sinit_lock_release
                0x00018cac                __fp_lock_all
                0x00018cc4                __fp_unlock_all
 .text          0x00018cdc      0x240 /usr/local/lpcxpresso_4.2.3_255/lpcxpresso/tools/bin/../lib/gcc/arm-none-eabi/4.5.1/../../../../arm-none-eabi/lib/thumb2/libc.a(lib_a-freer.o)
                0x00018cdc                _malloc_trim_r
                0x00018d84                _free_r
 .text          0x00018f1c       0xa0 /usr/local/lpcxpresso_4.2.3_255/lpcxpresso/tools/bin/../lib/gcc/arm-none-eabi/4.5.1/../../../../arm-none-eabi/lib/thumb2/libc.a(lib_a-fwalk.o)
                0x00018f1c                _fwalk
                0x00018f68                _fwalk_reent
 .text          0x00018fbc       0x1c /usr/local/lpcxpresso_4.2.3_255/lpcxpresso/tools/bin/../lib/gcc/arm-none-eabi/4.5.1/../../../../arm-none-eabi/lib/thumb2/libc.a(lib_a-iswspace.o)
                0x00018fbc                iswspace
 .text          0x00018fd8       0xa0 /usr/local/lpcxpresso_4.2.3_255/lpcxpresso/tools/bin/../lib/gcc/arm-none-eabi/4.5.1/../../../../arm-none-eabi/lib/thumb2/libc.a(lib_a-locale.o)
                0x00018fd8                _setlocale_r
                0x00019034                __locale_charset
                0x00019040                __locale_mb_cur_max
                0x0001904c                __locale_msgcharset
                0x00019054                __locale_cjk_lang
                0x00019058                _localeconv_r
                0x00019060                setlocale
                0x00019070                localeconv
 .text          0x00019078       0x2c /usr/local/lpcxpresso_4.2.3_255/lpcxpresso/tools/bin/../lib/gcc/arm-none-eabi/4.5.1/../../../../arm-none-eabi/lib/thumb2/libc.a(lib_a-lseekr.o)
                0x00019078                _lseek_r
 .text          0x000190a4       0x20 /usr/local/lpcxpresso_4.2.3_255/lpcxpresso/tools/bin/../lib/gcc/arm-none-eabi/4.5.1/../../../../arm-none-eabi/lib/thumb2/libc.a(lib_a-malloc.o)
                0x000190a4                malloc
                0x000190b4                free
 .text          0x000190c4      0x57c /usr/local/lpcxpresso_4.2.3_255/lpcxpresso/tools/bin/../lib/gcc/arm-none-eabi/4.5.1/../../../../arm-none-eabi/lib/thumb2/libc.a(lib_a-mallocr.o)
                0x000190c4                _malloc_r
 .text          0x00019640       0xe8 /usr/local/lpcxpresso_4.2.3_255/lpcxpresso/tools/bin/../lib/gcc/arm-none-eabi/4.5.1/../../../../arm-none-eabi/lib/thumb2/libc.a(lib_a-mbrtowc.o)
                0x00019640                _mbrtowc_r
                0x000196a8                mbrtowc
 .text          0x00019728       0x5c /usr/local/lpcxpresso_4.2.3_255/lpcxpresso/tools/bin/../lib/gcc/arm-none-eabi/4.5.1/../../../../arm-none-eabi/lib/thumb2/libc.a(lib_a-mbtowc_r.o)
                0x00019728                __ascii_mbtowc
                0x00019750                _mbtowc_r
 .text          0x00019784       0x88 /usr/local/lpcxpresso_4.2.3_255/lpcxpresso/tools/bin/../lib/gcc/arm-none-eabi/4.5.1/../../../../arm-none-eabi/lib/thumb2/libc.a(lib_a-memchr.o)
                0x00019784                memchr
 .text          0x0001980c        0x8 /usr/local/lpcxpresso_4.2.3_255/lpcxpresso/tools/bin/../lib/gcc/arm-none-eabi/4.5.1/../../../../arm-none-eabi/lib/thumb2/libc.a(lib_a-mlock.o)
                0x0001980c                __malloc_lock
                0x00019810                __malloc_unlock
 .text          0x00019814      0x920 /usr/local/lpcxpresso_4.2.3_255/lpcxpresso/tools/bin/../lib/gcc/arm-none-eabi/4.5.1/../../../../arm-none-eabi/lib/thumb2/libc.a(lib_a-mprec.o)
                0x00019814                _Balloc
                0x0001987c                _Bfree
                0x000198b4                __multadd
                0x00019938                __s2b
                0x000199cc                __hi0bits
                0x00019a0c                __lo0bits
                0x00019a70                __i2b
                0x00019a84                __multiply
                0x00019bac                __pow5mult
                0x00019c50                __lshift
                0x00019cfc                __mcmp
                0x00019d38                __mdiff
                0x00019e30                __ulp
                0x00019e78                __b2d
                0x00019f24                __d2b
                0x00019fec                __ratio
                0x0001a05c                _mprec_log10
                0x0001a090                __copybits
                0x0001a0d8                __any_on
 .text          0x0001a134       0x2c /usr/local/lpcxpresso_4.2.3_255/lpcxpresso/tools/bin/../lib/gcc/arm-none-eabi/4.5.1/../../../../arm-none-eabi/lib/thumb2/libc.a(lib_a-readr.o)
                0x0001a134                _read_r
 .text          0x0001a160       0x90 /usr/local/lpcxpresso_4.2.3_255/lpcxpresso/tools/bin/../lib/gcc/arm-none-eabi/4.5.1/../../../../arm-none-eabi/lib/thumb2/libc.a(lib_a-s_fpclassify.o)
                0x0001a160                __fpclassifyd
 .text          0x0001a1f0       0x28 /usr/local/lpcxpresso_4.2.3_255/lpcxpresso/tools/bin/../lib/gcc/arm-none-eabi/4.5.1/../../../../arm-none-eabi/lib/thumb2/libc.a(lib_a-sbrkr.o)
                0x0001a1f0                _sbrk_r
 .text          0x0001a218       0x78 /usr/local/lpcxpresso_4.2.3_255/lpcxpresso/tools/bin/../lib/gcc/arm-none-eabi/4.5.1/../../../../arm-none-eabi/lib/thumb2/libc.a(lib_a-sccl.o)
                0x0001a218                __sccl
 .text          0x0001a290        0x8 /usr/local/lpcxpresso_4.2.3_255/lpcxpresso/tools/bin/../lib/gcc/arm-none-eabi/4.5.1/../../../../arm-none-eabi/lib/thumb2/libc.a(lib_a-sf_nan.o)
                0x0001a290                nanf
 .text          0x0001a298     0x1098 /usr/local/lpcxpresso_4.2.3_255/lpcxpresso/tools/bin/../lib/gcc/arm-none-eabi/4.5.1/../../../../arm-none-eabi/lib/thumb2/libc.a(lib_a-strtod.o)
                0x0001a2c8                _strtod_r
                0x0001b25c                strtod
                0x0001b270                strtof
 .text          0x0001b330      0x17c /usr/local/lpcxpresso_4.2.3_255/lpcxpresso/tools/bin/../lib/gcc/arm-none-eabi/4.5.1/../../../../arm-none-eabi/lib/thumb2/libc.a(lib_a-strtol.o)
                0x0001b330                _strtol_r
                0x0001b494                strtol
 .text          0x0001b4ac      0x1d0 /usr/local/lpcxpresso_4.2.3_255/lpcxpresso/tools/bin/../lib/gcc/arm-none-eabi/4.5.1/../../../../arm-none-eabi/lib/thumb2/libc.a(lib_a-strtoll_r.o)
                0x0001b4ac                _strtoll_r
 .text          0x0001b67c      0x17c /usr/local/lpcxpresso_4.2.3_255/lpcxpresso/tools/bin/../lib/gcc/arm-none-eabi/4.5.1/../../../../arm-none-eabi/lib/thumb2/libc.a(lib_a-strtoul.o)
                0x0001b67c                _strtoul_r
                0x0001b7e0                strtoul
 .text          0x0001b7f8      0x1d0 /usr/local/lpcxpresso_4.2.3_255/lpcxpresso/tools/bin/../lib/gcc/arm-none-eabi/4.5.1/../../../../arm-none-eabi/lib/thumb2/libc.a(lib_a-strtoull_r.o)
                0x0001b7f8                _strtoull_r
 .text          0x0001b9c8      0xbe4 /usr/local/lpcxpresso_4.2.3_255/lpcxpresso/tools/bin/../lib/gcc/arm-none-eabi/4.5.1/../../../../arm-none-eabi/lib/thumb2/libc.a(lib_a-svfiprintf.o)
                0x0001b9c8                __ssprint_r
                0x0001bad0                _svfiprintf_r
 .text          0x0001c5ac      0xc14 /usr/local/lpcxpresso_4.2.3_255/lpcxpresso/tools/bin/../lib/gcc/arm-none-eabi/4.5.1/../../../../arm-none-eabi/lib/thumb2/libc.a(lib_a-svfiscanf.o)
                0x0001c5ac                _sungetc_r
                0x0001c638                __ssrefill_r
                0x0001c674                _sfread_r
                0x0001c6ec                __ssvfiscanf_r
 .text          0x0001d1c0      0x1ac /usr/local/lpcxpresso_4.2.3_255/lpcxpresso/tools/bin/../lib/gcc/arm-none-eabi/4.5.1/../../../../arm-none-eabi/lib/thumb2/libc.a(lib_a-ungetc.o)
                0x0001d1c0                __submore
                0x0001d244                _ungetc_r
                0x0001d35c                ungetc
 .text          0x0001d36c       0x5c /usr/local/lpcxpresso_4.2.3_255/lpcxpresso/tools/bin/../lib/gcc/arm-none-eabi/4.5.1/../../../../arm-none-eabi/lib/thumb2/libc.a(lib_a-callocr.o)
                0x0001d36c                _calloc_r
 .text          0x0001d3c8       0xc4 /usr/local/lpcxpresso_4.2.3_255/lpcxpresso/tools/bin/../lib/gcc/arm-none-eabi/4.5.1/../../../../arm-none-eabi/lib/thumb2/libc.a(lib_a-fclose.o)
                0x0001d3c8                _fclose_r
                0x0001d47c                fclose
 .text          0x0001d48c      0x688 /usr/local/lpcxpresso_4.2.3_255/lpcxpresso/tools/bin/../lib/gcc/arm-none-eabi/4.5.1/../../../../arm-none-eabi/lib/thumb2/libc.a(lib_a-gdtoa-gethex.o)
                0x0001d524                __hexdig_init
                0x0001d57c                __gethex
 .text          0x0001db14      0x1cc /usr/local/lpcxpresso_4.2.3_255/lpcxpresso/tools/bin/../lib/gcc/arm-none-eabi/4.5.1/../../../../arm-none-eabi/lib/thumb2/libc.a(lib_a-gdtoa-hexnan.o)
                0x0001db14                __hexnan
 .text          0x0001dce0       0xa0 /usr/local/lpcxpresso_4.2.3_255/lpcxpresso/tools/bin/../lib/gcc/arm-none-eabi/4.5.1/../../../../arm-none-eabi/lib/thumb2/libc.a(lib_a-memmove.o)
                0x0001dce0                memmove
 .text          0x0001dd80      0x41c /usr/local/lpcxpresso_4.2.3_255/lpcxpresso/tools/bin/../lib/gcc/arm-none-eabi/4.5.1/../../../../arm-none-eabi/lib/thumb2/libc.a(lib_a-reallocr.o)
                0x0001dd80                _realloc_r
 .text          0x0001e19c       0x3c /usr/local/lpcxpresso_4.2.3_255/lpcxpresso/tools/bin/../lib/gcc/arm-none-eabi/4.5.1/../../../../arm-none-eabi/lib/thumb2/libcr_newlib_nohost.a(_cr_sbrk.o)
                0x0001e19c                _sbrk
 .text          0x0001e1d8       0x10 /usr/local/lpcxpresso_4.2.3_255/lpcxpresso/tools/bin/../lib/gcc/arm-none-eabi/4.5.1/../../../../arm-none-eabi/lib/thumb2/libcr_newlib_nohost.a(close.o)
                0x0001e1d8                _close
 .text          0x0001e1e8       0x10 /usr/local/lpcxpresso_4.2.3_255/lpcxpresso/tools/bin/../lib/gcc/arm-none-eabi/4.5.1/../../../../arm-none-eabi/lib/thumb2/libcr_newlib_nohost.a(lseek.o)
                0x0001e1e8                _lseek
 .text          0x0001e1f8       0x10 /usr/local/lpcxpresso_4.2.3_255/lpcxpresso/tools/bin/../lib/gcc/arm-none-eabi/4.5.1/../../../../arm-none-eabi/lib/thumb2/libcr_newlib_nohost.a(read.o)
                0x0001e1f8                _read
 .text          0x0001e208       0x10 /usr/local/lpcxpresso_4.2.3_255/lpcxpresso/tools/bin/../lib/gcc/arm-none-eabi/4.5.1/../../../../arm-none-eabi/lib/thumb2/libcr_newlib_nohost.a(write.o)
                0x0001e208                _write
 .text          0x0001e218       0x2c /usr/local/lpcxpresso_4.2.3_255/lpcxpresso/tools/bin/../lib/gcc/arm-none-eabi/4.5.1/../../../../arm-none-eabi/lib/thumb2/libcr_newlib_nohost.a(_cr_check_heap.o)
                0x0001e218                __check_heap_overflow
 .text          0x0001e244      0x370 /usr/local/lpcxpresso_4.2.3_255/lpcxpresso/tools/bin/../lib/gcc/arm-none-eabi/4.5.1/thumb2/libgcc.a(_arm_addsubdf3.o)
                0x0001e244                __aeabi_drsub
                0x0001e24c                __aeabi_dsub
                0x0001e24c                __subdf3
                0x0001e250                __adddf3
                0x0001e250                __aeabi_dadd
                0x0001e4c8                __aeabi_ui2d
                0x0001e4c8                __floatunsidf
                0x0001e4e8                __floatsidf
                0x0001e4e8                __aeabi_i2d
                0x0001e50c                __extendsfdf2
                0x0001e50c                __aeabi_f2d
                0x0001e548                __aeabi_ul2d
                0x0001e548                __floatundidf
                0x0001e558                __floatdidf
                0x0001e558                __aeabi_l2d
 .text          0x0001e5b4      0x424 /usr/local/lpcxpresso_4.2.3_255/lpcxpresso/tools/bin/../lib/gcc/arm-none-eabi/4.5.1/thumb2/libgcc.a(_arm_muldivdf3.o)
                0x0001e5b4                __aeabi_dmul
                0x0001e5b4                __muldf3
                0x0001e808                __aeabi_ddiv
                0x0001e808                __divdf3
 .text          0x0001e9d8      0x110 /usr/local/lpcxpresso_4.2.3_255/lpcxpresso/tools/bin/../lib/gcc/arm-none-eabi/4.5.1/thumb2/libgcc.a(_arm_cmpdf2.o)
                0x0001e9d8                __gtdf2
                0x0001e9d8                __gedf2
                0x0001e9e0                __ltdf2
                0x0001e9e0                __ledf2
                0x0001e9e8                __cmpdf2
                0x0001e9e8                __eqdf2
                0x0001e9e8                __nedf2
                0x0001ea64                __aeabi_cdrcmple
                0x0001ea74                __aeabi_cdcmple
                0x0001ea74                __aeabi_cdcmpeq
                0x0001ea84                __aeabi_dcmpeq
                0x0001ea98                __aeabi_dcmplt
                0x0001eaac                __aeabi_dcmple
                0x0001eac0                __aeabi_dcmpge
                0x0001ead4                __aeabi_dcmpgt
 .text          0x0001eae8       0x50 /usr/local/lpcxpresso_4.2.3_255/lpcxpresso/tools/bin/../lib/gcc/arm-none-eabi/4.5.1/thumb2/libgcc.a(_arm_fixdfsi.o)
                0x0001eae8                __fixdfsi
                0x0001eae8                __aeabi_d2iz
 .text          0x0001eb38       0x40 /usr/local/lpcxpresso_4.2.3_255/lpcxpresso/tools/bin/../lib/gcc/arm-none-eabi/4.5.1/thumb2/libgcc.a(_arm_fixunsdfsi.o)
                0x0001eb38                __fixunsdfsi
                0x0001eb38                __aeabi_d2uiz
 .text          0x0001eb78       0xa0 /usr/local/lpcxpresso_4.2.3_255/lpcxpresso/tools/bin/../lib/gcc/arm-none-eabi/4.5.1/thumb2/libgcc.a(_arm_truncdfsf2.o)
                0x0001eb78                __aeabi_d2f
                0x0001eb78                __truncdfsf2
 .text          0x0001ec18       0xec /usr/local/lpcxpresso_4.2.3_255/lpcxpresso/tools/bin/../lib/gcc/arm-none-eabi/4.5.1/thumb2/libgcc.a(_arm_cmpsf2.o)
                0x0001ec18                __gtsf2
                0x0001ec18                __gesf2
                0x0001ec20                __lesf2
                0x0001ec20                __ltsf2
                0x0001ec28                __nesf2
                0x0001ec28                __eqsf2
                0x0001ec28                __cmpsf2
                0x0001ec88                __aeabi_cfrcmple
                0x0001ec90                __aeabi_cfcmple
                0x0001ec90                __aeabi_cfcmpeq
                0x0001eca0                __aeabi_fcmpeq
                0x0001ecb4                __aeabi_fcmplt
                0x0001ecc8                __aeabi_fcmple
                0x0001ecdc                __aeabi_fcmpge
                0x0001ecf0                __aeabi_fcmpgt
 .text          0x0001ed04        0xc /usr/local/lpcxpresso_4.2.3_255/lpcxpresso/tools/bin/../lib/gcc/arm-none-eabi/4.5.1/../../../../arm-none-eabi/lib/thumb2/libc.a(lib_a-errno.o)
                0x0001ed04                __errno
 *(.rodata .rodata.*)
 .rodata        0x0001ed10        0xc ./LedBlinky.o
                0x0001ed10                led_mask
 .rodata.str1.4
                0x0001ed1c       0x75 ./cr_startup_lpc17.o
                                 0x78 (size before relaxing)
 *fill*         0x0001ed91        0x3 00
 .rodata.str1.4
                0x0001ed94       0x33 ./main.o
                                 0x34 (size before relaxing)
 *fill*         0x0001edc7        0x1 00
 .rodata        0x0001edc8      0x288 ./webserver/http-strings.o
                0x0001edc8                http_http
                0x0001edd0                http_200
                0x0001edd8                http_301
                0x0001ede0                http_302
                0x0001ede8                http_get
                0x0001edf0                http_10
                0x0001edfc                http_11
                0x0001ee08                http_content_type
                0x0001ee18                http_texthtml
                0x0001ee24                http_location
                0x0001ee30                http_host
                0x0001ee38                http_crnl
                0x0001ee3c                http_index_html
                0x0001ee48                http_404_html
                0x0001ee54                http_referer
                0x0001ee60                http_header_200
                0x0001eeb4                http_header_404
                0x0001ef10                http_content_type_plain
                0x0001ef30                http_content_type_html
                0x0001ef4c                http_content_type_css
                0x0001ef68                http_content_type_text
                0x0001ef84                http_content_type_png
                0x0001efa0                http_content_type_gif
                0x0001efbc                http_content_type_jpg
                0x0001efdc                http_content_type_binary
                0x0001f008                http_html
                0x0001f010                http_shtml
                0x0001f018                http_htm
                0x0001f020                http_css
                0x0001f028                http_png
                0x0001f030                http_gif
                0x0001f038                http_jpg
                0x0001f040                http_text
                0x0001f048                http_txt
 .rodata        0x0001f050       0xc0 ./webserver/httpd-cgi.o
 .rodata.str1.4
                0x0001f110      0x183 ./webserver/httpd-cgi.o
                                0x184 (size before relaxing)
 *fill*         0x0001f293        0x1 00
 .rodata        0x0001f294     0x1578 ./webserver/httpd-fs.o
                0x0001f294                file_tcp_shtml
                0x0001f2a8                file_404_html
                0x0001f2bc                file_index_html
                0x0001f2d0                file_index_shtml
                0x0001f2e4                file_io_shtml
                0x0001f2f8                file_runtime_shtml
                0x0001f30c                file_stats_shtml
 .rodata.str1.4
                0x0002080c      0x10b ./webserver/uIP_Task.o
                                0x10c (size before relaxing)
 *fill*         0x00020917        0x1 00
 .rodata        0x00020918        0x8 ./webserver/uip_arp.o
 .rodata        0x00020920       0xe8 ./uip_ftp/Connections.o
                0x00020950                Cmd_dictionary
 .rodata.str1.4
                0x00020a08      0xa9c ./uip_ftp/Connections.o
 .rodata.str1.4
                0x000214a4      0x1cc ./uip_ftp/FTPD.o
                                0x1e0 (size before relaxing)
 .rodata        0x00021670       0x3c ./driver_source/lpc17xx_gpio.o
 .rodata.str1.4
                0x000216ac       0x1f ./driver_source/lpc17xx_i2c.o
                                 0x20 (size before relaxing)
 *fill*         0x000216cb        0x1 00
 .rodata.str1.4
                0x000216cc       0x1f ./driver_source/lpc17xx_rtc.o
                                 0x20 (size before relaxing)
 *fill*         0x000216eb        0x1 00
 .rodata.str1.4
                0x000216ec       0x1f ./driver_source/lpc17xx_spi.o
                                 0x20 (size before relaxing)
 *fill*         0x0002170b        0x1 00
 .rodata        0x0002170c        0x8 ./driver_source/lpc17xx_uart.o
 .rodata.str1.4
                0x00021714       0x20 ./driver_source/lpc17xx_uart.o
 .rodata        0x00021734        0x8 ./UsbHost/MassStorage/usbhost_ms.o
 .rodata.str1.4
                0x0002173c       0x5f ./UsbHost/MassStorage/usbhost_ms.o
                                 0x60 (size before relaxing)
 *fill*         0x0002179b        0x1 00
 .rodata.str1.4
                0x0002179c       0x9f ./UsbHost/Main/usbhost_main.o
                                 0xa4 (size before relaxing)
 *fill*         0x0002183b        0x1 00
 .rodata        0x0002183c       0x10 ./UsbHost/Host/usbhost_lpc17xx.o
 .rodata.str1.4
                0x0002184c       0x9f ./UsbHost/Host/usbhost_lpc17xx.o
                                 0xc4 (size before relaxing)
 *fill*         0x000218eb        0x1 00
 .rodata        0x000218ec     0xeab0 ./FatFs/option/cc932.o
 .rodata.str1.4
                0x0003039c       0x3f ./FatFs/diskio.o
                                 0x40 (size before relaxing)
 *fill*         0x000303db        0x1 00
 .rodata        0x000303dc       0xb0 ./FatFs/ff.o
 .rodata.str1.4
                0x0003048c       0x48 ./FatFs/ff.o
 .rodata        0x000304d4       0x14 /home/nlv14991/workspaceLPC/STE-LPC1768-/FreeRTOS_Library/Debug/libFreeRTOS_Library.a(tasks.o)
 .rodata.str1.4
                0x000304e8        0x5 /home/nlv14991/workspaceLPC/STE-LPC1768-/FreeRTOS_Library/Debug/libFreeRTOS_Library.a(tasks.o)
                                  0x8 (size before relaxing)
 *fill*         0x000304ed        0x3 00
 .rodata        0x000304f0       0x20 /usr/local/lpcxpresso_4.2.3_255/lpcxpresso/tools/bin/../lib/gcc/arm-none-eabi/4.5.1/../../../../arm-none-eabi/lib/thumb2/libc.a(lib_a-svfprintf.o)
 .rodata.str1.4
                0x00030510       0x42 /usr/local/lpcxpresso_4.2.3_255/lpcxpresso/tools/bin/../lib/gcc/arm-none-eabi/4.5.1/../../../../arm-none-eabi/lib/thumb2/libc.a(lib_a-svfprintf.o)
                                 0x44 (size before relaxing)
 *fill*         0x00030552        0x2 00
 .rodata        0x00030554       0x24 /usr/local/lpcxpresso_4.2.3_255/lpcxpresso/tools/bin/../lib/gcc/arm-none-eabi/4.5.1/../../../../arm-none-eabi/lib/thumb2/libc.a(lib_a-svfscanf.o)
 .rodata.str1.4
                0x00030578        0x5 /usr/local/lpcxpresso_4.2.3_255/lpcxpresso/tools/bin/../lib/gcc/arm-none-eabi/4.5.1/../../../../arm-none-eabi/lib/thumb2/libc.a(lib_a-svfscanf.o)
                                  0x8 (size before relaxing)
 *fill*         0x0003057d        0x3 00
 .rodata        0x00030580      0x104 /usr/local/lpcxpresso_4.2.3_255/lpcxpresso/tools/bin/../lib/gcc/arm-none-eabi/4.5.1/../../../../arm-none-eabi/lib/thumb2/libc.a(lib_a-ctype_.o)
                0x00030580                _ctype_
 .rodata.str1.4
                0x00030684       0x10 /usr/local/lpcxpresso_4.2.3_255/lpcxpresso/tools/bin/../lib/gcc/arm-none-eabi/4.5.1/../../../../arm-none-eabi/lib/thumb2/libc.a(lib_a-dtoa.o)
                                 0x14 (size before relaxing)
 .rodata        0x00030694       0x60 /usr/local/lpcxpresso_4.2.3_255/lpcxpresso/tools/bin/../lib/gcc/arm-none-eabi/4.5.1/../../../../arm-none-eabi/lib/thumb2/libc.a(lib_a-findfp.o)
                0x00030694                __sf_fake_stdin
                0x000306b4                __sf_fake_stdout
                0x000306d4                __sf_fake_stderr
 .rodata        0x000306f4        0x4 /usr/local/lpcxpresso_4.2.3_255/lpcxpresso/tools/bin/../lib/gcc/arm-none-eabi/4.5.1/../../../../arm-none-eabi/lib/thumb2/libc.a(lib_a-impure.o)
                0x000306f4                _global_impure_ptr
 .rodata.str1.4
                0x000306f8        0x2 /usr/local/lpcxpresso_4.2.3_255/lpcxpresso/tools/bin/../lib/gcc/arm-none-eabi/4.5.1/../../../../arm-none-eabi/lib/thumb2/libc.a(lib_a-impure.o)
                                  0x4 (size before relaxing)
 *fill*         0x000306fa        0x2 00
 .rodata.str1.4
                0x000306fc        0xa /usr/local/lpcxpresso_4.2.3_255/lpcxpresso/tools/bin/../lib/gcc/arm-none-eabi/4.5.1/../../../../arm-none-eabi/lib/thumb2/libc.a(lib_a-locale.o)
                                 0x14 (size before relaxing)
 .rodata.str1.4
                0x00000000        0x4 /usr/local/lpcxpresso_4.2.3_255/lpcxpresso/tools/bin/../lib/gcc/arm-none-eabi/4.5.1/../../../../arm-none-eabi/lib/thumb2/libc.a(lib_a-mbrtowc.o)
 *fill*         0x00030706        0x2 00
 .rodata        0x00030708      0x128 /usr/local/lpcxpresso_4.2.3_255/lpcxpresso/tools/bin/../lib/gcc/arm-none-eabi/4.5.1/../../../../arm-none-eabi/lib/thumb2/libc.a(lib_a-mprec.o)
                0x00030718                __mprec_tens
                0x000307e0                __mprec_bigtens
                0x00030808                __mprec_tinytens
 .rodata        0x00030830       0x28 /usr/local/lpcxpresso_4.2.3_255/lpcxpresso/tools/bin/../lib/gcc/arm-none-eabi/4.5.1/../../../../arm-none-eabi/lib/thumb2/libc.a(lib_a-strtod.o)
 .rodata.str1.4
                0x00030858        0xf /usr/local/lpcxpresso_4.2.3_255/lpcxpresso/tools/bin/../lib/gcc/arm-none-eabi/4.5.1/../../../../arm-none-eabi/lib/thumb2/libc.a(lib_a-strtod.o)
                                 0x10 (size before relaxing)
 *fill*         0x00030867        0x1 00
 .rodata        0x00030868       0x20 /usr/local/lpcxpresso_4.2.3_255/lpcxpresso/tools/bin/../lib/gcc/arm-none-eabi/4.5.1/../../../../arm-none-eabi/lib/thumb2/libc.a(lib_a-svfiprintf.o)
 .rodata.str1.4
                0x00000000       0x30 /usr/local/lpcxpresso_4.2.3_255/lpcxpresso/tools/bin/../lib/gcc/arm-none-eabi/4.5.1/../../../../arm-none-eabi/lib/thumb2/libc.a(lib_a-svfiprintf.o)
 .rodata        0x00030888       0x24 /usr/local/lpcxpresso_4.2.3_255/lpcxpresso/tools/bin/../lib/gcc/arm-none-eabi/4.5.1/../../../../arm-none-eabi/lib/thumb2/libc.a(lib_a-svfiscanf.o)
 .rodata.str1.4
                0x000308ac       0x1c /usr/local/lpcxpresso_4.2.3_255/lpcxpresso/tools/bin/../lib/gcc/arm-none-eabi/4.5.1/../../../../arm-none-eabi/lib/thumb2/libc.a(lib_a-gdtoa-gethex.o)
                0x000308c8                . = ALIGN (0x4)

.glue_7         0x000308c8        0x0
 .glue_7        0x00000000        0x0 linker stubs

.glue_7t        0x000308c8        0x0
 .glue_7t       0x00000000        0x0 linker stubs

.vfp11_veneer   0x000308c8        0x0
 .vfp11_veneer  0x00000000        0x0 linker stubs

.v4_bx          0x000308c8        0x0
 .v4_bx         0x00000000        0x0 linker stubs

.ARM.extab
 *(.ARM.extab* .gnu.linkonce.armextab.*)
                0x000308c8                __exidx_start = .

.ARM.exidx      0x000308c8        0x8
 *(.ARM.exidx* .gnu.linkonce.armexidx.*)
 .ARM.exidx     0x000308c8        0x8 /usr/local/lpcxpresso_4.2.3_255/lpcxpresso/tools/bin/../lib/gcc/arm-none-eabi/4.5.1/thumb2/libgcc.a(_divdi3.o)
 .ARM.exidx     0x000308d0        0x0 /usr/local/lpcxpresso_4.2.3_255/lpcxpresso/tools/bin/../lib/gcc/arm-none-eabi/4.5.1/thumb2/libgcc.a(_udivdi3.o)
                                  0x8 (size before relaxing)
                0x000308d0                __exidx_end = .
                0x000308d0                _etext = .

.data_RAM2      0x2007c000        0x0 load address 0x000308d0
 FILL mask 0xff
 *(.data.$RAM2*)
 *(.data.$RamAHB32*)
                0x2007c000                . = ALIGN (0x4)

.uninit_RESERVED
 *(.bss.$RESERVED*)

.data           0x10000000      0x5dc load address 0x000308d0
 FILL mask 0xff
                0x10000000                _data = .
 *(vtable)
 *(.data*)
 .data          0x10000000       0x20 ./webserver/httpd-cgi.o
 .data          0x10000020        0x1 ./driver_source/lpc17xx_sd.o
 *fill*         0x10000021        0x3 00
 .data          0x10000024        0x4 /home/nlv14991/workspaceLPC/STE-LPC1768-/CMSISv1p30_LPC17xx/Debug/libCMSISv1p30_LPC17xx.a(system_LPC17xx.o)
                0x10000024                SystemCoreClock
 .data          0x10000028        0x4 /home/nlv14991/workspaceLPC/STE-LPC1768-/FreeRTOS_Library/Debug/libFreeRTOS_Library.a(port.o)
 .data          0x1000002c        0x4 /usr/local/lpcxpresso_4.2.3_255/lpcxpresso/tools/bin/../lib/gcc/arm-none-eabi/4.5.1/../../../../arm-none-eabi/lib/thumb2/libc.a(lib_a-ctype_.o)
                0x1000002c                __ctype_ptr__
 .data          0x10000030       0xf4 /usr/local/lpcxpresso_4.2.3_255/lpcxpresso/tools/bin/../lib/gcc/arm-none-eabi/4.5.1/../../../../arm-none-eabi/lib/thumb2/libc.a(lib_a-impure.o)
                0x10000030                _impure_ptr
 .data          0x10000124       0x7c /usr/local/lpcxpresso_4.2.3_255/lpcxpresso/tools/bin/../lib/gcc/arm-none-eabi/4.5.1/../../../../arm-none-eabi/lib/thumb2/libc.a(lib_a-locale.o)
                0x10000144                __mb_cur_max
 .data          0x100001a0      0x410 /usr/local/lpcxpresso_4.2.3_255/lpcxpresso/tools/bin/../lib/gcc/arm-none-eabi/4.5.1/../../../../arm-none-eabi/lib/thumb2/libc.a(lib_a-mallocr.o)
                0x100001a0                __malloc_av_
                0x100005a8                __malloc_sbrk_base
                0x100005ac                __malloc_trim_threshold
 .data          0x100005b0        0x4 /usr/local/lpcxpresso_4.2.3_255/lpcxpresso/tools/bin/../lib/gcc/arm-none-eabi/4.5.1/../../../../arm-none-eabi/lib/thumb2/libc.a(lib_a-mbtowc_r.o)
                0x100005b0                __mbtowc
 .data          0x100005b4       0x28 /usr/local/lpcxpresso_4.2.3_255/lpcxpresso/tools/bin/../lib/gcc/arm-none-eabi/4.5.1/../../../../arm-none-eabi/lib/thumb2/libc.a(lib_a-strtod.o)
                0x100005dc                . = ALIGN (0x4)
                0x100005dc                _edata = .

.bss_RAM2       0x2007c000        0x0
 *(.bss.$RAM2*)
 *(.bss.$RamAHB32*)
                0x2007c000                . = ALIGN (0x4)

.bss            0x100005e0     0x5948
                0x100005e0                _bss = .
 *(.bss*)
 .bss           0x100005e0        0x8 ./webserver/emac.o
 .bss           0x100005e8       0x84 ./webserver/httpd-cgi.o
                0x100005e8                lRefreshCount
 .bss           0x1000066c       0x10 ./webserver/httpd-fs.o
 .bss           0x1000067c        0x4 ./webserver/uIP_Task.o
                0x1000067c                xEMACSemaphore
 .bss           0x10000680       0x18 ./webserver/uip.o
                0x10000690                uip_ethaddr
 .bss           0x10000698       0x68 ./webserver/uip_arp.o
 .bss           0x10000700      0x620 ./uip_ftp/Connections.o
 .bss           0x10000d20       0x20 ./driver_source/lpc17xx_gpdma.o
 .bss           0x10000d40       0x24 ./driver_source/lpc17xx_i2c.o
 .bss           0x10000d64        0x8 ./driver_source/lpc17xx_i2s.o
 .bss           0x10000d6c       0x40 ./driver_source/lpc17xx_sd.o
 .bss           0x10000dac        0xc ./driver_source/lpc17xx_spi.o
 .bss           0x10000db8       0x18 ./driver_source/lpc17xx_ssp.o
 .bss           0x10000dd0       0x44 ./driver_source/lpc17xx_uart.o
                0x10000dd0                pfnModemCbs
                0x10000dd4                uartCbsDat
 .bss           0x10000e14       0x2c ./UsbHost/Uart/usbhost_uart.o
 .bss           0x10000e40      0x100 ./UsbHost/Main/usbhost_main.o
 .bss           0x10000f40        0x3 ./UsbHost/Host/usb_ms_diskio.o
 *fill*         0x10000f43        0x1 00
 .bss           0x10000f44        0xc ./UsbHost/Host/usbhost_lpc17xx.o
                0x10000f44                HOST_RhscIntr
                0x10000f48                HOST_TDControlStatus
                0x10000f4c                HOST_WdhIntr
 .bss           0x10000f50      0x220 ./FatFs/ff.o
 .bss           0x10001170      0x100 /home/nlv14991/workspaceLPC/STE-LPC1768-/FreeRTOS_Library/Debug/libFreeRTOS_Library.a(tasks.o)
                0x10001174                pxCurrentTCB
 .bss           0x10001270     0x2820 /home/nlv14991/workspaceLPC/STE-LPC1768-/FreeRTOS_Library/Debug/libFreeRTOS_Library.a(heap_2.o)
 .bss           0x10003a90       0x34 /usr/local/lpcxpresso_4.2.3_255/lpcxpresso/tools/bin/../lib/gcc/arm-none-eabi/4.5.1/../../../../arm-none-eabi/lib/thumb2/libc.a(lib_a-mallocr.o)
                0x10003a90                __malloc_top_pad
                0x10003a94                __malloc_current_mallinfo
                0x10003abc                __malloc_max_sbrked_mem
                0x10003ac0                __malloc_max_total_mem
 *(COMMON)
 COMMON         0x10003ac4        0x4 ./LedBlinky.o
                0x10003ac4                SysTickCnt
 COMMON         0x10003ac8       0x51 ./lcd_i2c.o
                0x10003ac8                transferMCfg
                0x10003af4                master_test
                0x10003af8                Master_Buf
 *fill*         0x10003b19        0x3 00
 COMMON         0x10003b1c        0x4 ./main.o
                0x10003b1c                xCountingSemaphore
 COMMON         0x10003b20        0x4 ./webserver/emac.o
                0x10003b20                uip_buf
 COMMON         0x10003b24        0x8 ./webserver/httpd-cgi.o
                0x10003b24                ulString
                0x10003b28                pcStatus
 COMMON         0x10003b2c      0x8c2 ./webserver/uip.o
                0x10003b2c                uip_len
                0x10003b30                uip_sappdata
                0x10003b34                uip_acc32
                0x10003b38                uip_flags
                0x10003b3c                uip_appdata
                0x10003b40                uip_conn
                0x10003b44                uip_conns
                0x10004364                uip_listenports
                0x100043b4                uip_draddr
                0x100043b8                uip_stat
                0x100043e4                uip_netmask
                0x100043e8                uip_hostaddr
                0x100043ec                uip_slen
 *fill*         0x100043ee        0x2 00
 COMMON         0x100043f0      0xb44 ./uip_ftp/FTPD.o
                0x100043f0                driveAttached
                0x100043f4                ftpd_state
 COMMON         0x10004f34      0x1b8 ./uip_ftp/ftp_main.o
                0x10004f34                tcp_appdata
 COMMON         0x100050ec      0x218 ./UsbHost/Uart/usbhost_uart.o
                0x100050ec                RTS_State_usb
                0x100050f0                TxIntStat_usb
                0x100050f4                rb_usb
 COMMON         0x10005304        0x4 ./UsbHost/MassStorage/usbhost_ms.o
                0x10005304                MS_BlkSize
 COMMON         0x10005308      0xaec ./UsbHost/Main/usbhost_main.o
                0x10005308                File1
                0x10005530                USBFs
                0x10005bcc                File2
 COMMON         0x10005df4       0x2c ./UsbHost/Host/usbhost_lpc17xx.o
                0x10005df4                TDBufNonVol
                0x10005df8                FATBuffer
                0x10005dfc                Hcca
                0x10005e00                TDTail
                0x10005e04                EDBulkOut
                0x10005e08                UserBuffer
                0x10005e0c                gUSBConnected
                0x10005e10                TDBuffer
                0x10005e14                EDBulkIn
                0x10005e18                EDCtrl
                0x10005e1c                TDHead
 COMMON         0x10005e20        0x4 /usr/local/lpcxpresso_4.2.3_255/lpcxpresso/tools/bin/../lib/gcc/arm-none-eabi/4.5.1/../../../../arm-none-eabi/lib/thumb2/libc.a(lib_a-reent.o)
                0x10005e20                errno
 COMMON         0x10005e24      0x100 /usr/local/lpcxpresso_4.2.3_255/lpcxpresso/tools/bin/../lib/gcc/arm-none-eabi/4.5.1/../../../../arm-none-eabi/lib/thumb2/libc.a(lib_a-gdtoa-gethex.o)
                0x10005e24                __hexdig
 COMMON         0x10005f24        0x4 /usr/local/lpcxpresso_4.2.3_255/lpcxpresso/tools/bin/../lib/gcc/arm-none-eabi/4.5.1/../../../../arm-none-eabi/lib/thumb2/libcr_newlib_nohost.a(_cr_sbrk.o)
                0x10005f24                __end_of_heap
                0x10005f28                . = ALIGN (0x4)
                0x10005f28                _ebss = .
                0x10005f28                PROVIDE (end, .)
                0x10005f28                PROVIDE (_pvHeapStart, .)
                0x10008000                PROVIDE (_vStackTop, (__top_RamLoc32 - 0x0))
OUTPUT(example_driver.axf elf32-littlearm)

.debug_abbrev   0x00000000     0x86d7
 .debug_abbrev  0x00000000      0x276 ./LedBlinky.o
 .debug_abbrev  0x00000276      0x211 ./cr_startup_lpc17.o
 .debug_abbrev  0x00000487      0x2b6 ./lcd_i2c.o
 .debug_abbrev  0x0000073d      0x1a5 ./main.o
 .debug_abbrev  0x000008e2      0x3a2 ./uart_fullmodem_test.o
 .debug_abbrev  0x00000c84      0x2df ./webserver/emac.o
 .debug_abbrev  0x00000f63       0x4b ./webserver/http-strings.o
 .debug_abbrev  0x00000fae      0x26f ./webserver/httpd-cgi.o
 .debug_abbrev  0x0000121d      0x1a2 ./webserver/httpd-fs.o
 .debug_abbrev  0x000013bf      0x292 ./webserver/httpd.o
 .debug_abbrev  0x00001651      0x2c1 ./webserver/psock.o
 .debug_abbrev  0x00001912       0xee ./webserver/timer.o
 .debug_abbrev  0x00001a00      0x348 ./webserver/uIP_Task.o
 .debug_abbrev  0x00001d48      0x384 ./webserver/uip.o
 .debug_abbrev  0x000020cc      0x196 ./webserver/uip_arp.o
 .debug_abbrev  0x00002262      0x363 ./uip_ftp/Connections.o
 .debug_abbrev  0x000025c5      0x21b ./uip_ftp/FTPD.o
 .debug_abbrev  0x000027e0       0x3b ./uip_ftp/FTP_Strings.o
 .debug_abbrev  0x0000281b      0x2fa ./uip_ftp/ftp_main.o
 .debug_abbrev  0x00002b15      0x165 ./driver_source/lpc17xx_adc.o
 .debug_abbrev  0x00002c7a      0x228 ./driver_source/lpc17xx_can.o
 .debug_abbrev  0x00002ea2      0x1de ./driver_source/lpc17xx_clkpwr.o
 .debug_abbrev  0x00003080      0x14e ./driver_source/lpc17xx_dac.o
 .debug_abbrev  0x000031ce      0x377 ./driver_source/lpc17xx_emac.o
 .debug_abbrev  0x00003545      0x1f7 ./driver_source/lpc17xx_gpdma.o
 .debug_abbrev  0x0000373c      0x1f9 ./driver_source/lpc17xx_gpio.o
 .debug_abbrev  0x00003935      0x375 ./driver_source/lpc17xx_i2c.o
 .debug_abbrev  0x00003caa      0x263 ./driver_source/lpc17xx_i2s.o
 .debug_abbrev  0x00003f0d       0x6a ./driver_source/lpc17xx_libcfg_default.o
 .debug_abbrev  0x00003f77      0x189 ./driver_source/lpc17xx_mcpwm.o
 .debug_abbrev  0x00004100       0xf9 ./driver_source/lpc17xx_nvic.o
 .debug_abbrev  0x000041f9      0x1af ./driver_source/lpc17xx_pinsel.o
 .debug_abbrev  0x000043a8      0x1ad ./driver_source/lpc17xx_pwm.o
 .debug_abbrev  0x00004555      0x1f6 ./driver_source/lpc17xx_qei.o
 .debug_abbrev  0x0000474b      0x120 ./driver_source/lpc17xx_rit.o
 .debug_abbrev  0x0000486b      0x191 ./driver_source/lpc17xx_rtc.o
 .debug_abbrev  0x000049fc      0x383 ./driver_source/lpc17xx_sd.o
 .debug_abbrev  0x00004d7f      0x2e7 ./driver_source/lpc17xx_spi.o
 .debug_abbrev  0x00005066      0x2e4 ./driver_source/lpc17xx_ssp.o
 .debug_abbrev  0x0000534a      0x26e ./driver_source/lpc17xx_timer.o
 .debug_abbrev  0x000055b8      0x40a ./driver_source/lpc17xx_uart.o
 .debug_abbrev  0x000059c2      0x1e0 ./driver_source/lpc17xx_wdt.o
 .debug_abbrev  0x00005ba2      0x34d ./UsbHost/Uart/usbhost_uart.o
 .debug_abbrev  0x00005eef      0x210 ./UsbHost/MassStorage/usbhost_ms.o
 .debug_abbrev  0x000060ff      0x186 ./UsbHost/Main/usbhost_main.o
 .debug_abbrev  0x00006285      0x238 ./UsbHost/Host/usb_ms_diskio.o
 .debug_abbrev  0x000064bd      0x418 ./UsbHost/Host/usbhost_lpc17xx.o
 .debug_abbrev  0x000068d5      0x2f8 ./LPCUSB/USB_CDC.o
 .debug_abbrev  0x00006bcd      0x1d0 ./LPCUSB/usbcontrol.o
 .debug_abbrev  0x00006d9d      0x367 ./LPCUSB/usbhw_lpc.o
 .debug_abbrev  0x00007104       0xc5 ./LPCUSB/usbinit.o
 .debug_abbrev  0x000071c9      0x22e ./LPCUSB/usbstdreq.o
 .debug_abbrev  0x000073f7       0xd4 ./FatFs/option/cc932.o
 .debug_abbrev  0x000074cb       0x2c ./FatFs/option/syncobj.o
 .debug_abbrev  0x000074f7       0x2c ./FatFs/option/syscall.o
 .debug_abbrev  0x00007523      0x12a ./FatFs/diskio.o
 .debug_abbrev  0x0000764d      0x2eb ./FatFs/ff.o
 .debug_abbrev  0x00007938       0xe3 /home/nlv14991/workspaceLPC/STE-LPC1768-/CMSISv1p30_LPC17xx/Debug/libCMSISv1p30_LPC17xx.a(system_LPC17xx.o)
 .debug_abbrev  0x00007a1b      0x1e4 /home/nlv14991/workspaceLPC/STE-LPC1768-/FreeRTOS_Library/Debug/libFreeRTOS_Library.a(queue.o)
 .debug_abbrev  0x00007bff      0x2f9 /home/nlv14991/workspaceLPC/STE-LPC1768-/FreeRTOS_Library/Debug/libFreeRTOS_Library.a(tasks.o)
 .debug_abbrev  0x00007ef8      0x1a5 /home/nlv14991/workspaceLPC/STE-LPC1768-/FreeRTOS_Library/Debug/libFreeRTOS_Library.a(heap_2.o)
 .debug_abbrev  0x0000809d      0x128 /home/nlv14991/workspaceLPC/STE-LPC1768-/FreeRTOS_Library/Debug/libFreeRTOS_Library.a(port.o)
 .debug_abbrev  0x000081c5       0xe9 /home/nlv14991/workspaceLPC/STE-LPC1768-/FreeRTOS_Library/Debug/libFreeRTOS_Library.a(list.o)
 .debug_abbrev  0x000082ae       0xa6 /usr/local/lpcxpresso_4.2.3_255/lpcxpresso/tools/bin/../lib/gcc/arm-none-eabi/4.5.1/../../../../arm-none-eabi/lib/thumb2/libcr_newlib_nohost.a(_cr_sbrk.o)
 .debug_abbrev  0x00008354       0x63 /usr/local/lpcxpresso_4.2.3_255/lpcxpresso/tools/bin/../lib/gcc/arm-none-eabi/4.5.1/../../../../arm-none-eabi/lib/thumb2/libcr_newlib_nohost.a(close.o)
 .debug_abbrev  0x000083b7       0xb8 /usr/local/lpcxpresso_4.2.3_255/lpcxpresso/tools/bin/../lib/gcc/arm-none-eabi/4.5.1/../../../../arm-none-eabi/lib/thumb2/libcr_newlib_nohost.a(fstat.o)
 .debug_abbrev  0x0000846f       0x63 /usr/local/lpcxpresso_4.2.3_255/lpcxpresso/tools/bin/../lib/gcc/arm-none-eabi/4.5.1/../../../../arm-none-eabi/lib/thumb2/libcr_newlib_nohost.a(isatty.o)
 .debug_abbrev  0x000084d2       0x81 /usr/local/lpcxpresso_4.2.3_255/lpcxpresso/tools/bin/../lib/gcc/arm-none-eabi/4.5.1/../../../../arm-none-eabi/lib/thumb2/libcr_newlib_nohost.a(lseek.o)
 .debug_abbrev  0x00008553       0x8a /usr/local/lpcxpresso_4.2.3_255/lpcxpresso/tools/bin/../lib/gcc/arm-none-eabi/4.5.1/../../../../arm-none-eabi/lib/thumb2/libcr_newlib_nohost.a(read.o)
 .debug_abbrev  0x000085dd       0x8a /usr/local/lpcxpresso_4.2.3_255/lpcxpresso/tools/bin/../lib/gcc/arm-none-eabi/4.5.1/../../../../arm-none-eabi/lib/thumb2/libcr_newlib_nohost.a(write.o)
 .debug_abbrev  0x00008667       0x70 /usr/local/lpcxpresso_4.2.3_255/lpcxpresso/tools/bin/../lib/gcc/arm-none-eabi/4.5.1/../../../../arm-none-eabi/lib/thumb2/libcr_newlib_nohost.a(_cr_check_heap.o)

.debug_info     0x00000000    0x2920e
 .debug_info    0x00000000      0x741 ./LedBlinky.o
 .debug_info    0x00000741      0x924 ./cr_startup_lpc17.o
 .debug_info    0x00001065      0x62e ./lcd_i2c.o
 .debug_info    0x00001693      0x4c3 ./main.o
 .debug_info    0x00001b56     0x1190 ./uart_fullmodem_test.o
 .debug_info    0x00002ce6      0xf3d ./webserver/emac.o
 .debug_info    0x00003c23      0x446 ./webserver/http-strings.o
 .debug_info    0x00004069      0xd74 ./webserver/httpd-cgi.o
 .debug_info    0x00004ddd      0x586 ./webserver/httpd-fs.o
 .debug_info    0x00005363      0xb5d ./webserver/httpd.o
 .debug_info    0x00005ec0      0xa44 ./webserver/psock.o
 .debug_info    0x00006904      0x17b ./webserver/timer.o
 .debug_info    0x00006a7f     0x1400 ./webserver/uIP_Task.o
 .debug_info    0x00007e7f     0x1479 ./webserver/uip.o
 .debug_info    0x000092f8      0x506 ./webserver/uip_arp.o
 .debug_info    0x000097fe     0x1922 ./uip_ftp/Connections.o
 .debug_info    0x0000b120      0xb48 ./uip_ftp/FTPD.o
 .debug_info    0x0000bc68      0x169 ./uip_ftp/FTP_Strings.o
 .debug_info    0x0000bdd1     0x1935 ./uip_ftp/ftp_main.o
 .debug_info    0x0000d706      0x637 ./driver_source/lpc17xx_adc.o
 .debug_info    0x0000dd3d     0x12cd ./driver_source/lpc17xx_can.o
 .debug_info    0x0000f00a      0x6d0 ./driver_source/lpc17xx_clkpwr.o
 .debug_info    0x0000f6da      0x2cd ./driver_source/lpc17xx_dac.o
 .debug_info    0x0000f9a7     0x11ab ./driver_source/lpc17xx_emac.o
 .debug_info    0x00010b52      0xcb4 ./driver_source/lpc17xx_gpdma.o
 .debug_info    0x00011806      0xcf1 ./driver_source/lpc17xx_gpio.o
 .debug_info    0x000124f7     0x121c ./driver_source/lpc17xx_i2c.o
 .debug_info    0x00013713      0xa4d ./driver_source/lpc17xx_i2s.o
 .debug_info    0x00014160       0xca ./driver_source/lpc17xx_libcfg_default.o
 .debug_info    0x0001422a      0x7fc ./driver_source/lpc17xx_mcpwm.o
 .debug_info    0x00014a26      0x3fb ./driver_source/lpc17xx_nvic.o
 .debug_info    0x00014e21      0x608 ./driver_source/lpc17xx_pinsel.o
 .debug_info    0x00015429      0x83a ./driver_source/lpc17xx_pwm.o
 .debug_info    0x00015c63      0x85b ./driver_source/lpc17xx_qei.o
 .debug_info    0x000164be      0x325 ./driver_source/lpc17xx_rit.o
 .debug_info    0x000167e3      0xa4e ./driver_source/lpc17xx_rtc.o
 .debug_info    0x00017231      0xdac ./driver_source/lpc17xx_sd.o
 .debug_info    0x00017fdd      0x968 ./driver_source/lpc17xx_spi.o
 .debug_info    0x00018945      0xb79 ./driver_source/lpc17xx_ssp.o
 .debug_info    0x000194be      0x932 ./driver_source/lpc17xx_timer.o
 .debug_info    0x00019df0     0x1889 ./driver_source/lpc17xx_uart.o
 .debug_info    0x0001b679      0x45e ./driver_source/lpc17xx_wdt.o
 .debug_info    0x0001bad7     0x1112 ./UsbHost/Uart/usbhost_uart.o
 .debug_info    0x0001cbe9      0x5ca ./UsbHost/MassStorage/usbhost_ms.o
 .debug_info    0x0001d1b3      0x659 ./UsbHost/Main/usbhost_main.o
 .debug_info    0x0001d80c      0xa1b ./UsbHost/Host/usb_ms_diskio.o
 .debug_info    0x0001e227     0x2055 ./UsbHost/Host/usbhost_lpc17xx.o
 .debug_info    0x0002027c      0xd60 ./LPCUSB/USB_CDC.o
 .debug_info    0x00020fdc      0x430 ./LPCUSB/usbcontrol.o
 .debug_info    0x0002140c     0x14cc ./LPCUSB/usbhw_lpc.o
 .debug_info    0x000228d8      0x131 ./LPCUSB/usbinit.o
 .debug_info    0x00022a09      0x57d ./LPCUSB/usbstdreq.o
 .debug_info    0x00022f86      0x1d4 ./FatFs/option/cc932.o
 .debug_info    0x0002315a       0x62 ./FatFs/option/syncobj.o
 .debug_info    0x000231bc       0x77 ./FatFs/option/syscall.o
 .debug_info    0x00023233      0x342 ./FatFs/diskio.o
 .debug_info    0x00023575     0x31e6 ./FatFs/ff.o
 .debug_info    0x0002675b      0x356 /home/nlv14991/workspaceLPC/STE-LPC1768-/CMSISv1p30_LPC17xx/Debug/libCMSISv1p30_LPC17xx.a(system_LPC17xx.o)
 .debug_info    0x00026ab1      0x84f /home/nlv14991/workspaceLPC/STE-LPC1768-/FreeRTOS_Library/Debug/libFreeRTOS_Library.a(queue.o)
 .debug_info    0x00027300      0xf31 /home/nlv14991/workspaceLPC/STE-LPC1768-/FreeRTOS_Library/Debug/libFreeRTOS_Library.a(tasks.o)
 .debug_info    0x00028231      0x2ea /home/nlv14991/workspaceLPC/STE-LPC1768-/FreeRTOS_Library/Debug/libFreeRTOS_Library.a(heap_2.o)
 .debug_info    0x0002851b      0x21b /home/nlv14991/workspaceLPC/STE-LPC1768-/FreeRTOS_Library/Debug/libFreeRTOS_Library.a(port.o)
 .debug_info    0x00028736      0x2ce /home/nlv14991/workspaceLPC/STE-LPC1768-/FreeRTOS_Library/Debug/libFreeRTOS_Library.a(list.o)
 .debug_info    0x00028a04      0x102 /usr/local/lpcxpresso_4.2.3_255/lpcxpresso/tools/bin/../lib/gcc/arm-none-eabi/4.5.1/../../../../arm-none-eabi/lib/thumb2/libcr_newlib_nohost.a(_cr_sbrk.o)
 .debug_info    0x00028b06       0xb9 /usr/local/lpcxpresso_4.2.3_255/lpcxpresso/tools/bin/../lib/gcc/arm-none-eabi/4.5.1/../../../../arm-none-eabi/lib/thumb2/libcr_newlib_nohost.a(close.o)
 .debug_info    0x00028bbf      0x25a /usr/local/lpcxpresso_4.2.3_255/lpcxpresso/tools/bin/../lib/gcc/arm-none-eabi/4.5.1/../../../../arm-none-eabi/lib/thumb2/libcr_newlib_nohost.a(fstat.o)
 .debug_info    0x00028e19       0xb9 /usr/local/lpcxpresso_4.2.3_255/lpcxpresso/tools/bin/../lib/gcc/arm-none-eabi/4.5.1/../../../../arm-none-eabi/lib/thumb2/libcr_newlib_nohost.a(isatty.o)
 .debug_info    0x00028ed2       0xd5 /usr/local/lpcxpresso_4.2.3_255/lpcxpresso/tools/bin/../lib/gcc/arm-none-eabi/4.5.1/../../../../arm-none-eabi/lib/thumb2/libcr_newlib_nohost.a(lseek.o)
 .debug_info    0x00028fa7       0xdb /usr/local/lpcxpresso_4.2.3_255/lpcxpresso/tools/bin/../lib/gcc/arm-none-eabi/4.5.1/../../../../arm-none-eabi/lib/thumb2/libcr_newlib_nohost.a(read.o)