Archive member included because of file (symbol)

/home/nlv14991/workspaceLPC/STE-LPC1768-/CMSISv1p30_LPC17xx/Debug/libCMSISv1p30_LPC17xx.a(system_LPC17xx.o)
                              ./cr_startup_lpc17.o (SystemInit)
/home/nlv14991/workspaceLPC/STE-LPC1768-/FreeRTOS_Library/Debug/libFreeRTOS_Library.a(queue.o)
                              ./webserver/uIP_Task.o (xQueueCreate)
/home/nlv14991/workspaceLPC/STE-LPC1768-/FreeRTOS_Library/Debug/libFreeRTOS_Library.a(tasks.o)
                              ./main.o (xTaskGenericCreate)
/home/nlv14991/workspaceLPC/STE-LPC1768-/FreeRTOS_Library/Debug/libFreeRTOS_Library.a(heap_2.o)
                              /home/nlv14991/workspaceLPC/STE-LPC1768-/FreeRTOS_Library/Debug/libFreeRTOS_Library.a(queue.o) (pvPortMalloc)
/home/nlv14991/workspaceLPC/STE-LPC1768-/FreeRTOS_Library/Debug/libFreeRTOS_Library.a(port.o)
                              /home/nlv14991/workspaceLPC/STE-LPC1768-/FreeRTOS_Library/Debug/libFreeRTOS_Library.a(tasks.o) (pxPortInitialiseStack)
/home/nlv14991/workspaceLPC/STE-LPC1768-/FreeRTOS_Library/Debug/libFreeRTOS_Library.a(list.o)
                              /home/nlv14991/workspaceLPC/STE-LPC1768-/FreeRTOS_Library/Debug/libFreeRTOS_Library.a(queue.o) (vListInitialise)
/usr/local/lpcxpresso_4.2.3_255/lpcxpresso/tools/bin/../lib/gcc/arm-none-eabi/4.5.1/thumb2/libgcc.a(_aeabi_uldivmod.o)
                              ./driver_source/lpc17xx_i2s.o (__aeabi_uldivmod)
/usr/local/lpcxpresso_4.2.3_255/lpcxpresso/tools/bin/../lib/gcc/arm-none-eabi/4.5.1/thumb2/libgcc.a(bpabi.o)
                              /usr/local/lpcxpresso_4.2.3_255/lpcxpresso/tools/bin/../lib/gcc/arm-none-eabi/4.5.1/thumb2/libgcc.a(_aeabi_uldivmod.o) (__gnu_uldivmod_helper)
/usr/local/lpcxpresso_4.2.3_255/lpcxpresso/tools/bin/../lib/gcc/arm-none-eabi/4.5.1/thumb2/libgcc.a(_dvmd_tls.o)
                              /usr/local/lpcxpresso_4.2.3_255/lpcxpresso/tools/bin/../lib/gcc/arm-none-eabi/4.5.1/thumb2/libgcc.a(_aeabi_uldivmod.o) (__aeabi_ldiv0)
/usr/local/lpcxpresso_4.2.3_255/lpcxpresso/tools/bin/../lib/gcc/arm-none-eabi/4.5.1/thumb2/libgcc.a(_divdi3.o)
                              /usr/local/lpcxpresso_4.2.3_255/lpcxpresso/tools/bin/../lib/gcc/arm-none-eabi/4.5.1/thumb2/libgcc.a(bpabi.o) (__divdi3)
/usr/local/lpcxpresso_4.2.3_255/lpcxpresso/tools/bin/../lib/gcc/arm-none-eabi/4.5.1/thumb2/libgcc.a(_udivdi3.o)
                              /usr/local/lpcxpresso_4.2.3_255/lpcxpresso/tools/bin/../lib/gcc/arm-none-eabi/4.5.1/thumb2/libgcc.a(bpabi.o) (__udivdi3)
/usr/local/lpcxpresso_4.2.3_255/lpcxpresso/tools/bin/../lib/gcc/arm-none-eabi/4.5.1/thumb2/libgcc.a(_udivsi3.o)
                              /usr/local/lpcxpresso_4.2.3_255/lpcxpresso/tools/bin/../lib/gcc/arm-none-eabi/4.5.1/thumb2/libgcc.a(_divdi3.o) (__aeabi_uidiv)
/usr/local/lpcxpresso_4.2.3_255/lpcxpresso/tools/bin/../lib/gcc/arm-none-eabi/4.5.1/../../../../arm-none-eabi/lib/thumb2/libc.a(lib_a-memcmp.o)
                              /home/nlv14991/workspaceLPC/STE-LPC1768-/FreeRTOS_Library/Debug/libFreeRTOS_Library.a(tasks.o) (memcmp)
/usr/local/lpcxpresso_4.2.3_255/lpcxpresso/tools/bin/../lib/gcc/arm-none-eabi/4.5.1/../../../../arm-none-eabi/lib/thumb2/libc.a(lib_a-memcpy.o)
                              ./webserver/httpd.o (memcpy)
/usr/local/lpcxpresso_4.2.3_255/lpcxpresso/tools/bin/../lib/gcc/arm-none-eabi/4.5.1/../../../../arm-none-eabi/lib/thumb2/libc.a(lib_a-memset.o)
                              ./webserver/uip_arp.o (memset)
/usr/local/lpcxpresso_4.2.3_255/lpcxpresso/tools/bin/../lib/gcc/arm-none-eabi/4.5.1/../../../../arm-none-eabi/lib/thumb2/libc.a(lib_a-printf.o)
                              ./webserver/psock.o (printf)
/usr/local/lpcxpresso_4.2.3_255/lpcxpresso/tools/bin/../lib/gcc/arm-none-eabi/4.5.1/../../../../arm-none-eabi/lib/thumb2/libc.a(lib_a-snprintf.o)
                              ./webserver/httpd-cgi.o (snprintf)
/usr/local/lpcxpresso_4.2.3_255/lpcxpresso/tools/bin/../lib/gcc/arm-none-eabi/4.5.1/../../../../arm-none-eabi/lib/thumb2/libc.a(lib_a-sprintf.o)
                              ./cr_startup_lpc17.o (sprintf)
/usr/local/lpcxpresso_4.2.3_255/lpcxpresso/tools/bin/../lib/gcc/arm-none-eabi/4.5.1/../../../../arm-none-eabi/lib/thumb2/libc.a(lib_a-sscanf.o)
                              ./webserver/uIP_Task.o (sscanf)
/usr/local/lpcxpresso_4.2.3_255/lpcxpresso/tools/bin/../lib/gcc/arm-none-eabi/4.5.1/../../../../arm-none-eabi/lib/thumb2/libc.a(lib_a-stdio.o)
                              /usr/local/lpcxpresso_4.2.3_255/lpcxpresso/tools/bin/../lib/gcc/arm-none-eabi/4.5.1/../../../../arm-none-eabi/lib/thumb2/libc.a(lib_a-sscanf.o) (__seofread)
/usr/local/lpcxpresso_4.2.3_255/lpcxpresso/tools/bin/../lib/gcc/arm-none-eabi/4.5.1/../../../../arm-none-eabi/lib/thumb2/libc.a(lib_a-strcat.o)
                              ./webserver/httpd-cgi.o (strcat)
/usr/local/lpcxpresso_4.2.3_255/lpcxpresso/tools/bin/../lib/gcc/arm-none-eabi/4.5.1/../../../../arm-none-eabi/lib/thumb2/libc.a(lib_a-strchr.o)
[...]
Memory Configuration

Name             Origin             Length             Attributes
MFlash512        0x00000000         0x00080000         xr
RamLoc32         0x10000000         0x00008000         xrw
RamAHB32         0x2007c000         0x00008000         xrw
*default*        0x00000000         0xffffffff

Linker script and memory map

LOAD ./LedBlinky.o
LOAD ./cr_startup_lpc17.o
LOAD ./lcd_i2c.o
LOAD ./main.o
LOAD ./uart_fullmodem_test.o
LOAD ./webserver/emac.o
LOAD ./webserver/http-strings.o
LOAD ./webserver/httpd-cgi.o
LOAD ./webserver/httpd-fs.o
LOAD ./webserver/httpd.o
LOAD ./webserver/psock.o
LOAD ./webserver/timer.o
LOAD ./webserver/uIP_Task.o
LOAD ./webserver/uip.o
LOAD ./webserver/uip_arp.o
LOAD ./uip_ftp/Connections.o
LOAD ./uip_ftp/FTPD.o
LOAD ./uip_ftp/FTP_Strings.o
LOAD ./uip_ftp/ftp_main.o
LOAD ./driver_source/lpc17xx_adc.o
LOAD ./driver_source/lpc17xx_can.o
LOAD ./driver_source/lpc17xx_clkpwr.o
LOAD ./driver_source/lpc17xx_dac.o
LOAD ./driver_source/lpc17xx_emac.o
LOAD ./driver_source/lpc17xx_gpdma.o
LOAD ./driver_source/lpc17xx_gpio.o
LOAD ./driver_source/lpc17xx_i2c.o
LOAD ./driver_source/lpc17xx_i2s.o
LOAD ./driver_source/lpc17xx_libcfg_default.o
LOAD ./driver_source/lpc17xx_mcpwm.o
LOAD ./driver_source/lpc17xx_nvic.o
LOAD ./driver_source/lpc17xx_pinsel.o
LOAD ./driver_source/lpc17xx_pwm.o
LOAD ./driver_source/lpc17xx_qei.o
LOAD ./driver_source/lpc17xx_rit.o
LOAD ./driver_source/lpc17xx_rtc.o
LOAD ./driver_source/lpc17xx_sd.o
LOAD ./driver_source/lpc17xx_spi.o
LOAD ./driver_source/lpc17xx_ssp.o
LOAD ./driver_source/lpc17xx_timer.o
LOAD ./driver_source/lpc17xx_uart.o
LOAD ./driver_source/lpc17xx_wdt.o
LOAD ./UsbHost/Uart/usbhost_uart.o
LOAD ./UsbHost/MassStorage/usbhost_ms.o
LOAD ./UsbHost/Main/usbhost_main.o
LOAD ./UsbHost/Host/usb_ms_diskio.o
LOAD ./UsbHost/Host/usbhost_lpc17xx.o
LOAD ./LPCUSB/USB_CDC.o
LOAD ./LPCUSB/usbcontrol.o
LOAD ./LPCUSB/usbhw_lpc.o
LOAD ./LPCUSB/usbinit.o
LOAD ./LPCUSB/usbstdreq.o
LOAD ./FatFs/option/cc932.o
LOAD ./FatFs/option/syncobj.o
LOAD ./FatFs/option/syscall.o
LOAD ./FatFs/diskio.o
LOAD ./FatFs/ff.o
LOAD /home/nlv14991/workspaceLPC/STE-LPC1768-/CMSISv1p30_LPC17xx/Debug/libCMSISv1p30_LPC17xx.a
LOAD /home/nlv14991/workspaceLPC/STE-LPC1768-/FreeRTOS_Library/Debug/libFreeRTOS_Library.a
START GROUP
LOAD /usr/local/lpcxpresso_4.2.3_255/lpcxpresso/tools/bin/../lib/gcc/arm-none-eabi/4.5.1/thumb2/libgcc.a
LOAD /usr/local/lpcxpresso_4.2.3_255/lpcxpresso/tools/bin/../lib/gcc/arm-none-eabi/4.5.1/../../../../arm-none-eabi/lib/thumb2/libc.a
LOAD /usr/local/lpcxpresso_4.2.3_255/lpcxpresso/tools/bin/../lib/gcc/arm-none-eabi/4.5.1/../../../../arm-none-eabi/lib/thumb2/libm.a
LOAD /usr/local/lpcxpresso_4.2.3_255/lpcxpresso/tools/bin/../lib/gcc/arm-none-eabi/4.5.1/../../../../arm-none-eabi/lib/thumb2/libcr_newlib_nohost.a
END GROUP
                0x00080000                __top_MFlash512 = 0x80000
                0x10008000                __top_RamLoc32 = 0x10008000
                0x20084000                __top_RamAHB32 = 0x20084000

.text           0x00000000    0x309e0
 FILL mask 0xff
 *(.isr_vector)
 .isr_vector    0x00000000       0xc4 ./cr_startup_lpc17.o
                0x00000000                g_pfnVectors
                0x000000c4                . = ALIGN (0x4)
                0x000000c4                __section_table_start = .
                0x000000c4                __data_section_table = .
                0x000000c4        0x4 LONG 0x309e8 LOADADDR (.data)
                0x000000c8        0x4 LONG 0x10000000 ADDR (.data)
                0x000000cc        0x4 LONG 0x5dc SIZEOF (.data)
                0x000000d0        0x4 LONG 0x309e8 LOADADDR (.data_RAM2)
                0x000000d4        0x4 LONG 0x2007c000 ADDR (.data_RAM2)
                0x000000d8        0x4 LONG 0x0 SIZEOF (.data_RAM2)
                0x000000dc                __data_section_table_end = .
                0x000000dc                __bss_section_table = .
                0x000000dc        0x4 LONG 0x100005e0 ADDR (.bss)
                0x000000e0        0x4 LONG 0x5948 SIZEOF (.bss)
                0x000000e4        0x4 LONG 0x2007c000 ADDR (.bss_RAM2)
                0x000000e8        0x4 LONG 0x0 SIZEOF (.bss_RAM2)
                0x000000ec                __bss_section_table_end = .
                0x000000ec                __section_table_end = .
 *(.after_vectors*)
 *(.text*)
 .text.SysTick_Handler
                0x000000ec       0x10 ./LedBlinky.o
                0x000000ec                SysTick_Handler
 .text.vLEDTask
                0x000000fc       0xa4 ./LedBlinky.o
                0x000000fc                vLEDTask
 .text.NMI_Handler
                0x000001a0        0x4 ./cr_startup_lpc17.o
                0x000001a0                NMI_Handler
 .text.HardFault_Handler
                0x000001a4       0x14 ./cr_startup_lpc17.o
                0x000001a4                HardFault_Handler
 .text.MemManage_Handler
                0x000001b8        0x4 ./cr_startup_lpc17.o
                0x000001b8                MemManage_Handler
 .text.BusFault_Handler
                0x000001bc        0x4 ./cr_startup_lpc17.o
                0x000001bc                BusFault_Handler
 .text.UsageFault_Handler
                0x000001c0        0x4 ./cr_startup_lpc17.o
                0x000001c0                UsageFault_Handler
 .text.DebugMon_Handler
                0x000001c4        0x4 ./cr_startup_lpc17.o
                0x000001c4                DebugMon_Handler
 .text.Reset_Handler
                0x000001c8       0xbc ./cr_startup_lpc17.o
                0x000001c8                Reset_Handler
                0x000001c8                ResetISR
 .text.hard_fault_handler_c
                0x00000284       0x84 ./cr_startup_lpc17.o
                0x00000284                hard_fault_handler_c
 .text.IntDefaultHandler
                0x00000308       0x18 ./cr_startup_lpc17.o
                0x00000308                TIMER2_IRQHandler
                0x00000308                RIT_IRQHandler
                0x00000308                PWM1_IRQHandler
                0x00000308                EINT2_IRQHandler
                0x00000308                EINT3_IRQHandler
                0x00000308                TIMER3_IRQHandler
                0x00000308                PLL0_IRQHandler
                0x00000308                CAN_IRQHandler
                0x00000308                PLL1_IRQHandler
                0x00000308                RTC_IRQHandler
                0x00000308                TIMER0_IRQHandler
                0x00000308                EINT1_IRQHandler
                0x00000308                TIMER1_IRQHandler
                0x00000308                ADC_IRQHandler
                0x00000308                BOD_IRQHandler
                0x00000308                WDT_IRQHandler
                0x00000308                QEI_IRQHandler
                0x00000308                EINT0_IRQHandler
                0x00000308                MCPWM_IRQHandler
 .text.LCD_Init
                0x00000320       0xc8 ./lcd_i2c.o
                0x00000320                LCD_Init
 .text.LCD_ClearScreen
                0x000003e8       0xd4 ./lcd_i2c.o
                0x000003e8                LCD_ClearScreen
 .text.LCD_PrintText
                0x000004bc      0x120 ./lcd_i2c.o
                0x000004bc                LCD_PrintText
 .text.main     0x000005dc       0xa0 ./main.o
                0x000005dc                main
 .text.vSoftwareInterruptHandler
                0x0000067c       0x54 ./main.o
                0x0000067c                vSoftwareInterruptHandler
 .text.vApplicationMallocFailedHook
                0x000006d0        0x4 ./main.o
                0x000006d0                vApplicationMallocFailedHook
 .text.vApplicationStackOverflowHook
                0x000006d4       0x10 ./main.o
                0x000006d4                vApplicationStackOverflowHook
 .text.vApplicationIdleHook
                0x000006e4        0x4 ./main.o
                0x000006e4                vApplicationIdleHook
 .text.vApplicationTickHook
                0x000006e8        0x4 ./main.o
                0x000006e8                vApplicationTickHook
 .text.lEMACInit
                0x000006ec      0x988 ./webserver/emac.o
                0x000006ec                lEMACInit
 .text.ulGetEMACRxData
                0x00001074      0x228 ./webserver/emac.o
                0x00001074                ulGetEMACRxData
 .text.vSendEMACTxData
                0x0000129c      0x234 ./webserver/emac.o
                0x0000129c                vSendEMACTxData
 .text.vEMAC_ISR
                0x000014d0       0xfc ./webserver/emac.o
                0x000014d0                vEMAC_ISR
 .text.nullfunction
                0x000015cc        0x8 ./webserver/httpd-cgi.o
 .text.lcd_io   0x000015d4       0x4c ./webserver/httpd-cgi.o
 .text.led_io   0x00001620       0x4c ./webserver/httpd-cgi.o
 .text.run_time
                0x0000166c       0x4c ./webserver/httpd-cgi.o
 .text.rtos_stats
                0x000016b8       0x48 ./webserver/httpd-cgi.o
 .text.net_stats
                0x00001700       0x4c ./webserver/httpd-cgi.o
 .text.tcp_stats
                0x0000174c       0x5c ./webserver/httpd-cgi.o
 .text.generate_lcd_txt
                0x000017a8       0x24 ./webserver/httpd-cgi.o
 .text.generate_io_state
                0x000017cc       0x3c ./webserver/httpd-cgi.o
 .text.generate_runtime_stats
                0x00001808       0x3c ./webserver/httpd-cgi.o
 .text.generate_rtos_stats
                0x00001844       0x44 ./webserver/httpd-cgi.o
 .text.generate_net_stats
                0x00001888       0x30 ./webserver/httpd-cgi.o
 .text.generate_tcp_stats
                0x000018b8       0xd4 ./webserver/httpd-cgi.o
 .text.file_stats
                0x0000198c       0x54 ./webserver/httpd-cgi.o
 .text.generate_file_stats
                0x000019e0       0x28 ./webserver/httpd-cgi.o
 .text.httpd_cgi
                0x00001a08       0x48 ./webserver/httpd-cgi.o
                0x00001a08                httpd_cgi
 .text.httpd_fs_open
                0x00001a50       0x70 ./webserver/httpd-fs.o
                0x00001a50                httpd_fs_open
 .text.httpd_fs_count
                0x00001ac0       0x60 ./webserver/httpd-fs.o
                0x00001ac0                httpd_fs_count
 .text.handle_input
                0x00001b20      0x118 ./webserver/httpd.o
 .text.send_headers
                0x00001c38      0x214 ./webserver/httpd.o
 .text.generate_part_of_file
                0x00001e4c       0x3c ./webserver/httpd.o
 .text.handle_output
                0x00001e88      0x320 ./webserver/httpd.o
 .text.httpd_appcall
                0x000021a8       0xa4 ./webserver/httpd.o
                0x000021a8                httpd_appcall
 .text.networkd_appcall
                0x0000224c       0x1c ./webserver/httpd.o
                0x0000224c                networkd_appcall
 .text.httpd_init
                0x00002268        0x8 ./webserver/httpd.o
                0x00002268                httpd_init
 .text.psock_send
                0x00002270       0xc8 ./webserver/psock.o
                0x00002270                psock_send
 .text.psock_generator_send
                0x00002338      0x130 ./webserver/psock.o
                0x00002338                psock_generator_send
 .text.psock_datalen
                0x00002468        0xc ./webserver/psock.o
                0x00002468                psock_datalen
 .text.psock_readto
                0x00002474      0x188 ./webserver/psock.o
                0x00002474                psock_readto
 .text.psock_init
                0x000025fc       0x18 ./webserver/psock.o
                0x000025fc                psock_init
 .text.psock_sink_receive
                0x00002614       0x9c ./webserver/psock.o
                0x00002614                psock_sink_receive
 .text.timer_set
                0x000026b0       0x10 ./webserver/timer.o
                0x000026b0                timer_set
 .text.timer_reset
                0x000026c0        0xc ./webserver/timer.o
                0x000026c0                timer_reset
 .text.timer_expired
                0x000026cc       0x18 ./webserver/timer.o
                0x000026cc                timer_expired
 .text.clock_time
                0x000026e4        0x4 ./webserver/uIP_Task.o
                0x000026e4                clock_time
 .text.vuIP_Task
                0x000026e8      0x414 ./webserver/uIP_Task.o
                0x000026e8                vuIP_Task
 .text.vApplicationProcessFormInput
                0x00002afc      0x18c ./webserver/uIP_Task.o
                0x00002afc                vApplicationProcessFormInput
 .text.uip_add_rcv_nxt
                0x00002c88       0xa0 ./webserver/uip.o
 .text.uip_add32
                0x00002d28       0x64 ./webserver/uip.o
                0x00002d28                uip_add32
 .text.uip_tcpchksum
                0x00002d8c      0x1e8 ./webserver/uip.o
                0x00002d8c                uip_tcpchksum
 .text.uip_init
                0x00002f74       0x64 ./webserver/uip.o
                0x00002f74                uip_init
 .text.uip_connect
                0x00002fd8      0x384 ./webserver/uip.o
                0x00002fd8                uip_connect
 .text.uip_unlisten
                0x0000335c       0xac ./webserver/uip.o
                0x0000335c                uip_unlisten
 .text.uip_listen
                0x00003408       0xa4 ./webserver/uip.o
                0x00003408                uip_listen
 .text.uip_process
                0x000034ac     0x1ac0 ./webserver/uip.o
                0x000034ac                uip_process
 .text.htons    0x00004f6c        0xc ./webserver/uip.o
                0x00004f6c                htons
 .text.uip_send
                0x00004f78       0x30 ./webserver/uip.o
                0x00004f78                uip_send
 .text.uip_arp_update
                0x00004fa8      0x32c ./webserver/uip_arp.o
 .text.uip_arp_timer
                0x000052d4       0x64 ./webserver/uip_arp.o
                0x000052d4                uip_arp_timer
 .text.uip_arp_ipin
                0x00005338       0x68 ./webserver/uip_arp.o
                0x00005338                uip_arp_ipin
 .text.uip_arp_arpin
                0x000053a0      0x150 ./webserver/uip_arp.o
                0x000053a0                uip_arp_arpin
 .text.uip_arp_out
                0x000054f0      0x2c0 ./webserver/uip_arp.o
                0x000054f0                uip_arp_out
 .text.Append_part_of_file
                0x000057b0       0x68 ./uip_ftp/Connections.o
 .text.Generate_part_of_file
                0x00005818       0x78 ./uip_ftp/Connections.o
 .text.Generate_list_data
                0x00005890      0x14c ./uip_ftp/Connections.o
 .text.Generate_help_data
                0x000059dc       0x68 ./uip_ftp/Connections.o
 .text.Send_257_response
                0x00005a44       0x20 ./uip_ftp/Connections.o
 .text.Cmd_syst
                0x00005a64       0xcc ./uip_ftp/Connections.o
                0x00005a64                Cmd_syst
 .text.Cmd_help
                0x00005b30       0xd0 ./uip_ftp/Connections.o
                0x00005b30                Cmd_help
 .text.Cmd_stru
                0x00005c00       0x8c ./uip_ftp/Connections.o
                0x00005c00                Cmd_stru
 .text.Cmd_mode
                0x00005c8c       0x8c ./uip_ftp/Connections.o
                0x00005c8c                Cmd_mode
 .text.Cmd_abor
                0x00005d18       0x60 ./uip_ftp/Connections.o
                0x00005d18                Cmd_abor
 .text.Cmd_type
                0x00005d78       0xa4 ./uip_ftp/Connections.o
                0x00005d78                Cmd_type
 .text.Cmd_noop
                0x00005e1c       0x4c ./uip_ftp/Connections.o
                0x00005e1c                Cmd_noop
 .text.Cmd_quit
                0x00005e68       0x58 ./uip_ftp/Connections.o
                0x00005e68                Cmd_quit
 .text.Cmd_user
                0x00005ec0       0x8c ./uip_ftp/Connections.o
                0x00005ec0                Cmd_user
 .text.Cmd_ukwn
                0x00005f4c       0x48 ./uip_ftp/Connections.o
                0x00005f4c                Cmd_ukwn
 .text.Cmd_cdup
                0x00005f94      0x108 ./uip_ftp/Connections.o
                0x00005f94                Cmd_cdup
 .text.Cmd_pwd  0x0000609c       0x70 ./uip_ftp/Connections.o
                0x0000609c                Cmd_pwd
 .text.Cmd_cwd  0x0000610c      0x194 ./uip_ftp/Connections.o
                0x0000610c                Cmd_cwd
 .text.Cmd_rmd  0x000062a0      0x310 ./uip_ftp/Connections.o
                0x000062a0                Cmd_rmd
 .text.Cmd_dele
                0x000065b0      0x314 ./uip_ftp/Connections.o
                0x000065b0                Cmd_dele
 .text.Cmd_mkd  0x000068c4      0x224 ./uip_ftp/Connections.o
                0x000068c4                Cmd_mkd
 .text.Send_PASV_response
                0x00006ae8       0x8c ./uip_ftp/Connections.o
 .text.Cmd_stor
                0x00006b74      0x1c8 ./uip_ftp/Connections.o
                0x00006b74                Cmd_stor
 .text.Cmd_retr
                0x00006d3c      0x258 ./uip_ftp/Connections.o
                0x00006d3c                Cmd_retr
 .text.Cmd_list
                0x00006f94      0x258 ./uip_ftp/Connections.o
                0x00006f94                Cmd_list
 .text.Cmd_port
                0x000071ec      0x190 ./uip_ftp/Connections.o
                0x000071ec                Cmd_port
 .text.Cmd_pasv
                0x0000737c       0x84 ./uip_ftp/Connections.o
                0x0000737c                Cmd_pasv
 .text.handle_cmd_input
                0x00007400      0x128 ./uip_ftp/Connections.o
                0x00007400                handle_cmd_input
 .text.handle_cmd_output
                0x00007528      0x11c ./uip_ftp/Connections.o
                0x00007528                handle_cmd_output
 .text.CloseFile
                0x00007644       0x1c ./uip_ftp/Connections.o
                0x00007644                CloseFile
 .text.handle_data_connection
                0x00007660      0x1dc ./uip_ftp/Connections.o
                0x00007660                handle_data_connection
 .text.ftpd_appcall
                0x0000783c      0x498 ./uip_ftp/FTPD.o
                0x0000783c                ftpd_appcall
 .text.ftpd_init
                0x00007cd4       0x28 ./uip_ftp/FTPD.o
                0x00007cd4                ftpd_init
 .text.appdata_init
                0x00007cfc       0x78 ./uip_ftp/ftp_main.o
                0x00007cfc                appdata_init
 .text.CLKPWR_SetPCLKDiv
                0x00007d74       0x5c ./driver_source/lpc17xx_clkpwr.o
                0x00007d74                CLKPWR_SetPCLKDiv
 .text.CLKPWR_GetPCLK
                0x00007dd0       0x44 ./driver_source/lpc17xx_clkpwr.o
                0x00007dd0                CLKPWR_GetPCLK
 .text.CLKPWR_ConfigPPWR
                0x00007e14       0x4c ./driver_source/lpc17xx_clkpwr.o
                0x00007e14                CLKPWR_ConfigPPWR
 .text.GPDMA_IntHandler
                0x00007e60      0x2c0 ./driver_source/lpc17xx_gpdma.o
                0x00007e60                GPDMA_IntHandler
 .text.GPIO_SetDir
                0x00008120       0x28 ./driver_source/lpc17xx_gpio.o
                0x00008120                GPIO_SetDir
 .text.GPIO_SetValue
                0x00008148       0x18 ./driver_source/lpc17xx_gpio.o
                0x00008148                GPIO_SetValue
 .text.GPIO_ClearValue
                0x00008160       0x18 ./driver_source/lpc17xx_gpio.o
                0x00008160                GPIO_ClearValue
 .text.GPIO_ReadValue
                0x00008178       0x1c ./driver_source/lpc17xx_gpio.o
                0x00008178                GPIO_ReadValue
 .text.I2C_MasterHandler
                0x00008194      0x264 ./driver_source/lpc17xx_i2c.o
                0x00008194                I2C_MasterHandler
 .text.I2C_Init
                0x000083f8      0x104 ./driver_source/lpc17xx_i2c.o
                0x000083f8                I2C_Init
 .text.I2C_Cmd  0x000084fc       0x64 ./driver_source/lpc17xx_i2c.o
                0x000084fc                I2C_Cmd
 .text.I2C_MasterTransferData
                0x00008560      0x328 ./driver_source/lpc17xx_i2c.o
                0x00008560                I2C_MasterTransferData
 .text.I2C0_StdIntHandler
                0x00008888       0x18 ./driver_source/lpc17xx_i2c.o
                0x00008888                I2C0_StdIntHandler
 .text.I2C1_StdIntHandler
                0x000088a0       0x18 ./driver_source/lpc17xx_i2c.o
                0x000088a0                I2C1_StdIntHandler
 .text.I2C2_StdIntHandler
                0x000088b8       0x18 ./driver_source/lpc17xx_i2c.o
                0x000088b8                I2C2_StdIntHandler
 .text.I2S_IntHandler
                0x000088d0       0x5c ./driver_source/lpc17xx_i2s.o
                0x000088d0                I2S_IntHandler
 .text.check_failed
                0x0000892c        0x4 ./driver_source/lpc17xx_libcfg_default.o
                0x0000892c                check_failed
 .text.PINSEL_ConfigPin
                0x00008930       0xa4 ./driver_source/lpc17xx_pinsel.o
                0x00008930                PINSEL_ConfigPin
 .text.RTC_Init
                0x000089d4       0x38 ./driver_source/lpc17xx_rtc.o
                0x000089d4                RTC_Init
 .text.RTC_ResetClockTickCounter
                0x00008a0c       0x34 ./driver_source/lpc17xx_rtc.o
                0x00008a0c                RTC_ResetClockTickCounter
 .text.RTC_Cmd  0x00008a40       0x4c ./driver_source/lpc17xx_rtc.o
                0x00008a40                RTC_Cmd
 .text.RTC_SetTime
                0x00008a8c      0x144 ./driver_source/lpc17xx_rtc.o
                0x00008a8c                RTC_SetTime
 .text.RTC_GetFullTime
                0x00008bd0       0x70 ./driver_source/lpc17xx_rtc.o
                0x00008bd0                RTC_GetFullTime
 .text.RTC_CalibCounterCmd
                0x00008c40       0x50 ./driver_source/lpc17xx_rtc.o
                0x00008c40                RTC_CalibCounterCmd
 .text.LPC17xx_SD_SendCmd
                0x00008c90      0x1d0 ./driver_source/lpc17xx_sd.o
 .text.LPC17xx_SD_WirteDataBlock
                0x00008e60      0x12c ./driver_source/lpc17xx_sd.o
 .text.MMC_disk_initialize
                0x00008f8c      0x1b4 ./driver_source/lpc17xx_sd.o
                0x00008f8c                MMC_disk_initialize
 .text.MMC_disk_ioctl
                0x00009140      0x69c ./driver_source/lpc17xx_sd.o
                0x00009140                MMC_disk_ioctl
 .text.MMC_disk_read
                0x000097dc      0x388 ./driver_source/lpc17xx_sd.o
                0x000097dc                MMC_disk_read
 .text.MMC_disk_status
                0x00009b64       0x14 ./driver_source/lpc17xx_sd.o
                0x00009b64                MMC_disk_status
 .text.MMC_disk_write
                0x00009b78      0x21c ./driver_source/lpc17xx_sd.o
                0x00009b78                MMC_disk_write
 .text.SPI_IntHandler
                0x00009d94       0xe8 ./driver_source/lpc17xx_spi.o
                0x00009d94                SPI_IntHandler
 .text.SPI_Init
                0x00009e7c      0x100 ./driver_source/lpc17xx_spi.o
                0x00009e7c                SPI_Init
 .text.SPI_ConfigStructInit
                0x00009f7c       0x20 ./driver_source/lpc17xx_spi.o
                0x00009f7c                SPI_ConfigStructInit
 .text.SPI_SendData
                0x00009f9c       0x24 ./driver_source/lpc17xx_spi.o
                0x00009f9c                SPI_SendData
 .text.SPI_ReceiveData
                0x00009fc0       0x24 ./driver_source/lpc17xx_spi.o
                0x00009fc0                SPI_ReceiveData
 .text.SSP0_StdIntHandler
                0x00009fe4       0x18 ./driver_source/lpc17xx_ssp.o
                0x00009fe4                SSP0_StdIntHandler
 .text.SSP1_StdIntHandler
                0x00009ffc       0x18 ./driver_source/lpc17xx_ssp.o
                0x00009ffc                SSP1_StdIntHandler
 .text.uart_set_divisors
                0x0000a014      0x65c ./driver_source/lpc17xx_uart.o
                0x0000a014                uart_set_divisors
 .text.UART_GenIntHandler
                0x0000a670      0x114 ./driver_source/lpc17xx_uart.o
                0x0000a670                UART_GenIntHandler
 .text.UART_Init
                0x0000a784      0x234 ./driver_source/lpc17xx_uart.o
                0x0000a784                UART_Init
 .text.UART_ConfigStructInit
                0x0000a9b8       0x14 ./driver_source/lpc17xx_uart.o
                0x0000a9b8                UART_ConfigStructInit
 .text.UART_IntConfig
                0x0000a9cc      0x13c ./driver_source/lpc17xx_uart.o
                0x0000a9cc                UART_IntConfig
 .text.UART_CheckBusy
                0x0000ab08       0x10 ./driver_source/lpc17xx_uart.o
                0x0000ab08                UART_CheckBusy
 .text.UART_FIFOConfig
                0x0000ab18       0xf8 ./driver_source/lpc17xx_uart.o
                0x0000ab18                UART_FIFOConfig
 .text.UART_FIFOConfigStructInit
                0x0000ac10       0x10 ./driver_source/lpc17xx_uart.o
                0x0000ac10                UART_FIFOConfigStructInit
 .text.UART_TxCmd
                0x0000ac20       0x8c ./driver_source/lpc17xx_uart.o
                0x0000ac20                UART_TxCmd
 .text.UART_FullModemForcePinState
                0x0000acac       0x74 ./driver_source/lpc17xx_uart.o
                0x0000acac                UART_FullModemForcePinState
 .text.UART_Send
                0x0000ad20      0x3b4 ./driver_source/lpc17xx_uart.o
                0x0000ad20                UART_Send
 .text.UART_Receive
                0x0000b0d4      0x5bc ./driver_source/lpc17xx_uart.o
                0x0000b0d4                UART_Receive
 .text.UART_SetupCbs
                0x0000b690       0x88 ./driver_source/lpc17xx_uart.o
                0x0000b690                UART_SetupCbs
 .text.UART0_StdIntHandler
                0x0000b718        0xc ./driver_source/lpc17xx_uart.o
                0x0000b718                UART0_StdIntHandler
 .text.UART1_StdIntHandler
                0x0000b724       0x18 ./driver_source/lpc17xx_uart.o
                0x0000b724                UART1_StdIntHandler
 .text.UART2_StdIntHandler
                0x0000b73c        0xc ./driver_source/lpc17xx_uart.o
                0x0000b73c                UART2_StdIntHandler
 .text.UART3_StdIntHandler
                0x0000b748        0xc ./driver_source/lpc17xx_uart.o
                0x0000b748                UART3_StdIntHandler
 .text.UART1_IntReceive_usb
                0x0000b754       0xa4 ./UsbHost/Uart/usbhost_uart.o
                0x0000b754                UART1_IntReceive_usb
 .text.UART1_IntErr_usb
                0x0000b7f8       0x24 ./UsbHost/Uart/usbhost_uart.o
                0x0000b7f8                UART1_IntErr_usb
 .text.UART1_IntTransmit_usb
                0x0000b81c       0xd4 ./UsbHost/Uart/usbhost_uart.o
                0x0000b81c                UART1_IntTransmit_usb
 .text.UART_Init_usb
                0x0000b8f0      0x11c ./UsbHost/Uart/usbhost_uart.o
                0x0000b8f0                UART_Init_usb
 .text.UART_Printf
                0x0000ba0c       0x90 ./UsbHost/Uart/usbhost_uart.o
                0x0000ba0c                UART_Printf
 .text.MS_ParseConfiguration
                0x0000ba9c      0x100 ./UsbHost/MassStorage/usbhost_ms.o
                0x0000ba9c                MS_ParseConfiguration
 .text.Fill_MSCommand
                0x0000bb9c      0x12c ./UsbHost/MassStorage/usbhost_ms.o
                0x0000bb9c                Fill_MSCommand
 .text.MS_BulkSend
                0x0000bcc8       0x94 ./UsbHost/MassStorage/usbhost_ms.o
                0x0000bcc8                MS_BulkSend
 .text.MS_BulkRecv
                0x0000bd5c       0xa4 ./UsbHost/MassStorage/usbhost_ms.o
                0x0000bd5c                MS_BulkRecv
 .text.MS_Inquire
                0x0000be00       0xb8 ./UsbHost/MassStorage/usbhost_ms.o
                0x0000be00                MS_Inquire
 .text.MS_ReadCapacity
                0x0000beb8       0x98 ./UsbHost/MassStorage/usbhost_ms.o
                0x0000beb8                MS_ReadCapacity
 .text.MS_TestUnitReady
                0x0000bf50       0x64 ./UsbHost/MassStorage/usbhost_ms.o
                0x0000bf50                MS_TestUnitReady
 .text.MS_Init  0x0000bfb4      0x144 ./UsbHost/MassStorage/usbhost_ms.o
                0x0000bfb4                MS_Init
 .text.usb_host_main
                0x0000c0f8      0x110 ./UsbHost/Main/usbhost_main.o
                0x0000c0f8                usb_host_main
 .text.get_fattime
                0x0000c208       0x3c ./UsbHost/Host/usb_ms_diskio.o
                0x0000c208                get_fattime
 .text.USB_disk_initialize
                0x0000c244       0xdc ./UsbHost/Host/usb_ms_diskio.o
                0x0000c244                USB_disk_initialize
 .text.USB_disk_ioctl
                0x0000c320       0x3c ./UsbHost/Host/usb_ms_diskio.o
                0x0000c320                USB_disk_ioctl
 .text.USB_disk_read
                0x0000c35c       0x14 ./UsbHost/Host/usb_ms_diskio.o
                0x0000c35c                USB_disk_read
 .text.USB_disk_status
                0x0000c370        0x4 ./UsbHost/Host/usb_ms_diskio.o
                0x0000c370                USB_disk_status
 .text.USB_disk_write
                0x0000c374       0x14 ./UsbHost/Host/usb_ms_diskio.o
                0x0000c374                USB_disk_write
 .text.Host_Init
                0x0000c388      0x24c ./UsbHost/Host/usbhost_lpc17xx.o
                0x0000c388                Host_Init
 .text.USB_IRQHandler_host
                0x0000c5d4       0xf8 ./UsbHost/Host/usbhost_lpc17xx.o
                0x0000c5d4                USB_IRQHandler_host
 .text.Host_ProcessTD
                0x0000c6cc       0xec ./UsbHost/Host/usbhost_lpc17xx.o
                0x0000c6cc                Host_ProcessTD
 .text.Host_EnumDev
                0x0000c7b8      0x470 ./UsbHost/Host/usbhost_lpc17xx.o
                0x0000c7b8                Host_EnumDev
 .text.Host_CtrlRecv
                0x0000cc28      0x120 ./UsbHost/Host/usbhost_lpc17xx.o
                0x0000cc28                Host_CtrlRecv
 .text.WriteLE32U
                0x0000cd48       0x24 ./UsbHost/Host/usbhost_lpc17xx.o
                0x0000cd48                WriteLE32U
 .text.ReadLE16U
                0x0000cd6c       0x18 ./UsbHost/Host/usbhost_lpc17xx.o
                0x0000cd6c                ReadLE16U
 .text.ReadBE32U
                0x0000cd84       0x24 ./UsbHost/Host/usbhost_lpc17xx.o
                0x0000cd84                ReadBE32U
 .text.WriteBE32U
                0x0000cda8       0x24 ./UsbHost/Host/usbhost_lpc17xx.o
                0x0000cda8                WriteBE32U
 .text.WriteBE16U
                0x0000cdcc       0x10 ./UsbHost/Host/usbhost_lpc17xx.o
                0x0000cdcc                WriteBE16U
 .text.ff_convert
                0x0000cddc      0x218 ./FatFs/option/cc932.o
                0x0000cddc                ff_convert
 .text.ff_wtoupper
                0x0000cff4       0x34 ./FatFs/option/cc932.o
                0x0000cff4                ff_wtoupper
 .text.disk_initialize
                0x0000d028       0x58 ./FatFs/diskio.o
                0x0000d028                disk_initialize
 .text.disk_status
                0x0000d080       0x20 ./FatFs/diskio.o
                0x0000d080                disk_status
 .text.disk_read
                0x0000d0a0       0x28 ./FatFs/diskio.o
                0x0000d0a0                disk_read
 .text.disk_write
                0x0000d0c8       0x28 ./FatFs/diskio.o
                0x0000d0c8                disk_write
 .text.disk_ioctl
                0x0000d0f0       0x30 ./FatFs/diskio.o
                0x0000d0f0                disk_ioctl
 .text.get_fileinfo
                0x0000d120      0x330 ./FatFs/ff.o
 .text.chk_mounted
                0x0000d450      0x468 ./FatFs/ff.o
 .text.sync     0x0000d8b8      0x1c4 ./FatFs/ff.o
 .text.get_fat  0x0000da7c      0x508 ./FatFs/ff.o
                0x0000da7c                get_fat
 .text.dir_sdi  0x0000df84       0xb4 ./FatFs/ff.o
 .text.put_fat  0x0000e038      0x5e4 ./FatFs/ff.o
                0x0000e038                put_fat
 .text.create_chain
                0x0000e61c      0x178 ./FatFs/ff.o
 .text.dir_next
                0x0000e794      0x3a0 ./FatFs/ff.o
 .text.dir_find
                0x0000eb34      0x694 ./FatFs/ff.o
 .text.follow_path
                0x0000f1c8      0x5f8 ./FatFs/ff.o
 .text.dir_remove
                0x0000f7c0      0x18c ./FatFs/ff.o
 .text.dir_read
                0x0000f94c      0x4f0 ./FatFs/ff.o
 .text.dir_register
                0x0000fe3c      0xb80 ./FatFs/ff.o
 .text.f_mount  0x000109bc       0x3c ./FatFs/ff.o
                0x000109bc                f_mount
 .text.f_open   0x000109f8      0x3d0 ./FatFs/ff.o
                0x000109f8                f_open
 .text.f_read   0x00010dc8      0x3c8 ./FatFs/ff.o
                0x00010dc8                f_read
 .text.f_write  0x00011190      0x450 ./FatFs/ff.o
                0x00011190                f_write
 .text.f_sync   0x000115e0      0x1dc ./FatFs/ff.o
                0x000115e0                f_sync
 .text.f_close  0x000117bc       0x44 ./FatFs/ff.o
                0x000117bc                f_close
 .text.f_chdrive
                0x00011800       0x18 ./FatFs/ff.o
                0x00011800                f_chdrive
 .text.f_chdir  0x00011818       0x70 ./FatFs/ff.o
                0x00011818                f_chdir
 .text.f_getcwd
                0x00011888      0x294 ./FatFs/ff.o
                0x00011888                f_getcwd
 .text.f_lseek  0x00011b1c      0x1c8 ./FatFs/ff.o
                0x00011b1c                f_lseek
 .text.f_opendir
                0x00011ce4       0x70 ./FatFs/ff.o
                0x00011ce4                f_opendir
 .text.f_readdir
                0x00011d54       0x74 ./FatFs/ff.o
                0x00011d54                f_readdir
 .text.f_truncate
                0x00011dc8      0x170 ./FatFs/ff.o
                0x00011dc8                f_truncate
 .text.f_unlink
                0x00011f38      0x184 ./FatFs/ff.o
                0x00011f38                f_unlink
 .text.f_mkdir  0x000120bc      0x444 ./FatFs/ff.o
                0x000120bc                f_mkdir
 .text.SystemInit
                0x00012500      0x14c /home/nlv14991/workspaceLPC/STE-LPC1768-/CMSISv1p30_LPC17xx/Debug/libCMSISv1p30_LPC17xx.a(system_LPC17xx.o)
                0x00012500                SystemInit
 .text          0x0001264c      0x510 /home/nlv14991/workspaceLPC/STE-LPC1768-/FreeRTOS_Library/Debug/libFreeRTOS_Library.a(queue.o)
                0x00012748                xQueueCreate
                0x000127b4                xQueueCreateCountingSemaphore
                0x000127c4                xQueueGenericSend
                0x000128b4                xQueueCreateMutex
                0x000128f8                xQueueGenericSendFromISR
                0x00012958                xQueueGenericReceive
                0x00012aa0                xQueueReceiveFromISR
                0x00012b14                uxQueueMessagesWaiting
                0x00012b28                uxQueueMessagesWaitingFromISR
                0x00012b2c                vQueueDelete
                0x00012b40                xQueueIsQueueEmptyFromISR
                0x00012b4c                xQueueIsQueueFullFromISR
 .text          0x00012b5c      0xb58 /home/nlv14991/workspaceLPC/STE-LPC1768-/FreeRTOS_Library/Debug/libFreeRTOS_Library.a(tasks.o)
                0x00012b5c                xTaskGenericCreate
                0x00012d20                vTaskDelete
                0x00012d90                uxTaskPriorityGet
                0x00012db8                vTaskPrioritySet
                0x00012e68                xTaskIsTaskSuspended
                0x00012e90                vTaskResume
                0x00012f0c                xTaskResumeFromISR
                0x00012f84                vTaskStartScheduler
                0x00012fd8                vTaskEndScheduler
                0x00012ff4                vTaskSuspendAll
                0x00013008                xTaskGetTickCount
                0x00013024                xTaskGetTickCountFromISR
                0x00013034                uxTaskGetNumberOfTasks
                0x00013040                vTaskIncrementTick
                0x00013104                xTaskResumeAll
                0x0001325c                vTaskDelay
                0x000132b0                vTaskDelayUntil
                0x00013334                vTaskSwitchContext
                0x0001340c                vTaskSuspend
                0x00013478                vTaskPlaceOnEventList
                0x000134e0                xTaskRemoveFromEventList
                0x00013548                vTaskSetTimeOutState
                0x00013560                xTaskCheckForTimeOut
                0x000135dc                vTaskMissedYield
                0x000135ec                xTaskGetCurrentTaskHandle
                0x000135f8                vTaskPriorityInherit
                0x00013664                vTaskPriorityDisinherit
 .text          0x000136b4      0x134 /home/nlv14991/workspaceLPC/STE-LPC1768-/FreeRTOS_Library/Debug/libFreeRTOS_Library.a(heap_2.o)
                0x000136b4                pvPortMalloc
                0x0001378c                vPortFree
                0x000137d4                xPortGetFreeHeapSize
                0x000137e4                vPortInitialiseBlocks
 .text          0x000137e8      0x158 /home/nlv14991/workspaceLPC/STE-LPC1768-/FreeRTOS_Library/Debug/libFreeRTOS_Library.a(port.o)
                0x000137e8                pxPortInitialiseStack
                0x0001380c                vPortSVCHandler
                0x0001382c                vPortStartFirstTask
                0x00013838                xPortStartScheduler
                0x0001388c                vPortEndScheduler
                0x00013890                vPortYieldFromISR
                0x000138a0                vPortEnterCritical
                0x000138b8                vPortExitCritical
                0x000138d4                xPortPendSVHandler
                0x00013910                xPortSysTickHandler
 .text          0x00013940       0x9c /home/nlv14991/workspaceLPC/STE-LPC1768-/FreeRTOS_Library/Debug/libFreeRTOS_Library.a(list.o)
                0x00013940                vListInitialise
                0x00013958                vListInitialiseItem
                0x00013960                vListInsertEnd
                0x0001397c                vListInsert
                0x000139b8                vListRemove
 .text          0x000139dc       0x2c /usr/local/lpcxpresso_4.2.3_255/lpcxpresso/tools/bin/../lib/gcc/arm-none-eabi/4.5.1/thumb2/libgcc.a(_aeabi_uldivmod.o)
                0x000139dc                __aeabi_uldivmod
 .text          0x00013a08       0x60 /usr/local/lpcxpresso_4.2.3_255/lpcxpresso/tools/bin/../lib/gcc/arm-none-eabi/4.5.1/thumb2/libgcc.a(bpabi.o)
                0x00013a08                __gnu_ldivmod_helper
                0x00013a38                __gnu_uldivmod_helper
 .text          0x00013a68        0x4 /usr/local/lpcxpresso_4.2.3_255/lpcxpresso/tools/bin/../lib/gcc/arm-none-eabi/4.5.1/thumb2/libgcc.a(_dvmd_tls.o)
                0x00013a68                __aeabi_ldiv0
                0x00013a68                __aeabi_idiv0
 .text          0x00013a6c      0x364 /usr/local/lpcxpresso_4.2.3_255/lpcxpresso/tools/bin/../lib/gcc/arm-none-eabi/4.5.1/thumb2/libgcc.a(_divdi3.o)
                0x00013a6c                __divdi3
 .text          0x00013dd0      0x314 /usr/local/lpcxpresso_4.2.3_255/lpcxpresso/tools/bin/../lib/gcc/arm-none-eabi/4.5.1/thumb2/libgcc.a(_udivdi3.o)
                0x00013dd0                __udivdi3
 *fill*         0x000140e4        0x4 00
 .text          0x000140e8      0x278 /usr/local/lpcxpresso_4.2.3_255/lpcxpresso/tools/bin/../lib/gcc/arm-none-eabi/4.5.1/thumb2/libgcc.a(_udivsi3.o)
                0x000140e8                __udivsi3
                0x000140e8                __aeabi_uidiv
                0x00014344                __aeabi_uidivmod
 .text          0x00014360       0x58 /usr/local/lpcxpresso_4.2.3_255/lpcxpresso/tools/bin/../lib/gcc/arm-none-eabi/4.5.1/../../../../arm-none-eabi/lib/thumb2/libc.a(lib_a-memcmp.o)
                0x00014360                memcmp
 .text          0x000143b8      0x150 /usr/local/lpcxpresso_4.2.3_255/lpcxpresso/tools/bin/../lib/gcc/arm-none-eabi/4.5.1/../../../../arm-none-eabi/lib/thumb2/libc.a(lib_a-memcpy.o)
                0x000143b8                memcpy
 .text          0x00014508       0xb4 /usr/local/lpcxpresso_4.2.3_255/lpcxpresso/tools/bin/../lib/gcc/arm-none-eabi/4.5.1/../../../../arm-none-eabi/lib/thumb2/libc.a(lib_a-memset.o)
                0x00014508                memset
 .text          0x000145bc       0xd0 /usr/local/lpcxpresso_4.2.3_255/lpcxpresso/tools/bin/../lib/gcc/arm-none-eabi/4.5.1/../../../../arm-none-eabi/lib/thumb2/libc.a(lib_a-snprintf.o)
                0x000145bc                _snprintf_r
                0x00014620                snprintf
 .text          0x0001468c       0x94 /usr/local/lpcxpresso_4.2.3_255/lpcxpresso/tools/bin/../lib/gcc/arm-none-eabi/4.5.1/../../../../arm-none-eabi/lib/thumb2/libc.a(lib_a-sprintf.o)
                0x0001468c                _sprintf_r
                0x000146d0                sprintf
 .text          0x00014720       0xb4 /usr/local/lpcxpresso_4.2.3_255/lpcxpresso/tools/bin/../lib/gcc/arm-none-eabi/4.5.1/../../../../arm-none-eabi/lib/thumb2/libc.a(lib_a-sscanf.o)
                0x00014720                sscanf
                0x0001477c                _sscanf_r
 .text          0x000147d4       0x94 /usr/local/lpcxpresso_4.2.3_255/lpcxpresso/tools/bin/../lib/gcc/arm-none-eabi/4.5.1/../../../../arm-none-eabi/lib/thumb2/libc.a(lib_a-stdio.o)
                0x000147d4                __sread
                0x000147f8                __seofread
                0x000147fc                __swrite
                0x00014838                __sseek
                0x00014860                __sclose
 .text          0x00014868       0x50 /usr/local/lpcxpresso_4.2.3_255/lpcxpresso/tools/bin/../lib/gcc/arm-none-eabi/4.5.1/../../../../arm-none-eabi/lib/thumb2/libc.a(lib_a-strcat.o)
                0x00014868                strcat
 .text          0x000148b8      0x10c /usr/local/lpcxpresso_4.2.3_255/lpcxpresso/tools/bin/../lib/gcc/arm-none-eabi/4.5.1/../../../../arm-none-eabi/lib/thumb2/libc.a(lib_a-strchr.o)
                0x000148b8                strchr
 .text          0x000149c4      0x1dc /usr/local/lpcxpresso_4.2.3_255/lpcxpresso/tools/bin/../lib/gcc/arm-none-eabi/4.5.1/../../../../arm-none-eabi/lib/thumb2/libc.a(lib_a-strcmp.o)
                0x000149c4                strcmp
 .text          0x00014ba0       0xbc /usr/local/lpcxpresso_4.2.3_255/lpcxpresso/tools/bin/../lib/gcc/arm-none-eabi/4.5.1/../../../../arm-none-eabi/lib/thumb2/libc.a(lib_a-strcpy.o)
                0x00014ba0                strcpy
 .text          0x00014c5c       0x60 /usr/local/lpcxpresso_4.2.3_255/lpcxpresso/tools/bin/../lib/gcc/arm-none-eabi/4.5.1/../../../../arm-none-eabi/lib/thumb2/libc.a(lib_a-strlen.o)
                0x00014c5c                strlen
 .text          0x00014cbc       0xa0 /usr/local/lpcxpresso_4.2.3_255/lpcxpresso/tools/bin/../lib/gcc/arm-none-eabi/4.5.1/../../../../arm-none-eabi/lib/thumb2/libc.a(lib_a-strncmp.o)
                0x00014cbc                strncmp
 .text          0x00014d5c       0x7c /usr/local/lpcxpresso_4.2.3_255/lpcxpresso/tools/bin/../lib/gcc/arm-none-eabi/4.5.1/../../../../arm-none-eabi/lib/thumb2/libc.a(lib_a-strncpy.o)
                0x00014d5c                strncpy
 .text          0x00014dd8       0x28 /usr/local/lpcxpresso_4.2.3_255/lpcxpresso/tools/bin/../lib/gcc/arm-none-eabi/4.5.1/../../../../arm-none-eabi/lib/thumb2/libc.a(lib_a-strrchr.o)
                0x00014dd8                strrchr
 .text          0x00014e00      0x510 /usr/local/lpcxpresso_4.2.3_255/lpcxpresso/tools/bin/../lib/gcc/arm-none-eabi/4.5.1/../../../../arm-none-eabi/lib/thumb2/libc.a(lib_a-strstr.o)
                0x000150f4                strstr
 .text          0x00015310     0x1658 /usr/local/lpcxpresso_4.2.3_255/lpcxpresso/tools/bin/../lib/gcc/arm-none-eabi/4.5.1/../../../../arm-none-eabi/lib/thumb2/libc.a(lib_a-svfprintf.o)
                0x00015310                _svfprintf_r
 .text          0x00016968      0xfa0 /usr/local/lpcxpresso_4.2.3_255/lpcxpresso/tools/bin/../lib/gcc/arm-none-eabi/4.5.1/../../../../arm-none-eabi/lib/thumb2/libc.a(lib_a-svfscanf.o)
                0x00016968                __ssvfscanf_r
 .text          0x00017908       0x4c /usr/local/lpcxpresso_4.2.3_255/lpcxpresso/tools/bin/../lib/gcc/arm-none-eabi/4.5.1/../../../../arm-none-eabi/lib/thumb2/libc.a(lib_a-vsprintf.o)
                0x00017908                _vsprintf_r
                0x0001793c                vsprintf
 .text          0x00017954       0x2c /usr/local/lpcxpresso_4.2.3_255/lpcxpresso/tools/bin/../lib/gcc/arm-none-eabi/4.5.1/../../../../arm-none-eabi/lib/thumb2/libc.a(lib_a-writer.o)
                0x00017954                _write_r
 .text          0x00017980       0x28 /usr/local/lpcxpresso_4.2.3_255/lpcxpresso/tools/bin/../lib/gcc/arm-none-eabi/4.5.1/../../../../arm-none-eabi/lib/thumb2/libc.a(lib_a-closer.o)
                0x00017980                _close_r
 .text          0x000179a8     0x1000 /usr/local/lpcxpresso_4.2.3_255/lpcxpresso/tools/bin/../lib/gcc/arm-none-eabi/4.5.1/../../../../arm-none-eabi/lib/thumb2/libc.a(lib_a-dtoa.o)
                0x00017ad4                _dtoa_r
 .text          0x000189a8      0x1f4 /usr/local/lpcxpresso_4.2.3_255/lpcxpresso/tools/bin/../lib/gcc/arm-none-eabi/4.5.1/../../../../arm-none-eabi/lib/thumb2/libc.a(lib_a-fflush.o)
                0x000189a8                _fflush_r
                0x00018b74                fflush
 .text          0x00018b9c      0x220 /usr/local/lpcxpresso_4.2.3_255/lpcxpresso/tools/bin/../lib/gcc/arm-none-eabi/4.5.1/../../../../arm-none-eabi/lib/thumb2/libc.a(lib_a-findfp.o)
                0x00018ba4                _cleanup_r
                0x00018bb0                __sfmoreglue
                0x00018be0                _cleanup
                0x00018bec                __sinit
                0x00018cf4                __sfp
                0x00018d7c                __sfp_lock_acquire
                0x00018d80                __sfp_lock_release
                0x00018d84                __sinit_lock_acquire
                0x00018d88                __sinit_lock_release
                0x00018d8c                __fp_lock_all
                0x00018da4                __fp_unlock_all
 .text          0x00018dbc      0x240 /usr/local/lpcxpresso_4.2.3_255/lpcxpresso/tools/bin/../lib/gcc/arm-none-eabi/4.5.1/../../../../arm-none-eabi/lib/thumb2/libc.a(lib_a-freer.o)
                0x00018dbc                _malloc_trim_r
                0x00018e64                _free_r
 .text          0x00018ffc       0xa0 /usr/local/lpcxpresso_4.2.3_255/lpcxpresso/tools/bin/../lib/gcc/arm-none-eabi/4.5.1/../../../../arm-none-eabi/lib/thumb2/libc.a(lib_a-fwalk.o)
                0x00018ffc                _fwalk
                0x00019048                _fwalk_reent
 .text          0x0001909c       0x1c /usr/local/lpcxpresso_4.2.3_255/lpcxpresso/tools/bin/../lib/gcc/arm-none-eabi/4.5.1/../../../../arm-none-eabi/lib/thumb2/libc.a(lib_a-iswspace.o)
                0x0001909c                iswspace
 .text          0x000190b8       0xa0 /usr/local/lpcxpresso_4.2.3_255/lpcxpresso/tools/bin/../lib/gcc/arm-none-eabi/4.5.1/../../../../arm-none-eabi/lib/thumb2/libc.a(lib_a-locale.o)
                0x000190b8                _setlocale_r
                0x00019114                __locale_charset
                0x00019120                __locale_mb_cur_max
                0x0001912c                __locale_msgcharset
                0x00019134                __locale_cjk_lang
                0x00019138                _localeconv_r
                0x00019140                setlocale
                0x00019150                localeconv
 .text          0x00019158       0x2c /usr/local/lpcxpresso_4.2.3_255/lpcxpresso/tools/bin/../lib/gcc/arm-none-eabi/4.5.1/../../../../arm-none-eabi/lib/thumb2/libc.a(lib_a-lseekr.o)
                0x00019158                _lseek_r
 .text          0x00019184       0x20 /usr/local/lpcxpresso_4.2.3_255/lpcxpresso/tools/bin/../lib/gcc/arm-none-eabi/4.5.1/../../../../arm-none-eabi/lib/thumb2/libc.a(lib_a-malloc.o)
                0x00019184                malloc
                0x00019194                free
 .text          0x000191a4      0x57c /usr/local/lpcxpresso_4.2.3_255/lpcxpresso/tools/bin/../lib/gcc/arm-none-eabi/4.5.1/../../../../arm-none-eabi/lib/thumb2/libc.a(lib_a-mallocr.o)
                0x000191a4                _malloc_r
 .text          0x00019720       0xe8 /usr/local/lpcxpresso_4.2.3_255/lpcxpresso/tools/bin/../lib/gcc/arm-none-eabi/4.5.1/../../../../arm-none-eabi/lib/thumb2/libc.a(lib_a-mbrtowc.o)
                0x00019720                _mbrtowc_r
                0x00019788                mbrtowc
 .text          0x00019808       0x5c /usr/local/lpcxpresso_4.2.3_255/lpcxpresso/tools/bin/../lib/gcc/arm-none-eabi/4.5.1/../../../../arm-none-eabi/lib/thumb2/libc.a(lib_a-mbtowc_r.o)
                0x00019808                __ascii_mbtowc
                0x00019830                _mbtowc_r
 .text          0x00019864       0x88 /usr/local/lpcxpresso_4.2.3_255/lpcxpresso/tools/bin/../lib/gcc/arm-none-eabi/4.5.1/../../../../arm-none-eabi/lib/thumb2/libc.a(lib_a-memchr.o)
                0x00019864                memchr
 .text          0x000198ec        0x8 /usr/local/lpcxpresso_4.2.3_255/lpcxpresso/tools/bin/../lib/gcc/arm-none-eabi/4.5.1/../../../../arm-none-eabi/lib/thumb2/libc.a(lib_a-mlock.o)
                0x000198ec                __malloc_lock
                0x000198f0                __malloc_unlock
 .text          0x000198f4      0x920 /usr/local/lpcxpresso_4.2.3_255/lpcxpresso/tools/bin/../lib/gcc/arm-none-eabi/4.5.1/../../../../arm-none-eabi/lib/thumb2/libc.a(lib_a-mprec.o)
                0x000198f4                _Balloc
                0x0001995c                _Bfree
                0x00019994                __multadd
                0x00019a18                __s2b
                0x00019aac                __hi0bits
                0x00019aec                __lo0bits
                0x00019b50                __i2b
                0x00019b64                __multiply
                0x00019c8c                __pow5mult
                0x00019d30                __lshift
                0x00019ddc                __mcmp
                0x00019e18                __mdiff
                0x00019f10                __ulp
                0x00019f58                __b2d
                0x0001a004                __d2b
                0x0001a0cc                __ratio
                0x0001a13c                _mprec_log10
                0x0001a170                __copybits
                0x0001a1b8                __any_on
 .text          0x0001a214       0x2c /usr/local/lpcxpresso_4.2.3_255/lpcxpresso/tools/bin/../lib/gcc/arm-none-eabi/4.5.1/../../../../arm-none-eabi/lib/thumb2/libc.a(lib_a-readr.o)
                0x0001a214                _read_r
 .text          0x0001a240       0x90 /usr/local/lpcxpresso_4.2.3_255/lpcxpresso/tools/bin/../lib/gcc/arm-none-eabi/4.5.1/../../../../arm-none-eabi/lib/thumb2/libc.a(lib_a-s_fpclassify.o)
                0x0001a240                __fpclassifyd
 .text          0x0001a2d0       0x28 /usr/local/lpcxpresso_4.2.3_255/lpcxpresso/tools/bin/../lib/gcc/arm-none-eabi/4.5.1/../../../../arm-none-eabi/lib/thumb2/libc.a(lib_a-sbrkr.o)
                0x0001a2d0                _sbrk_r
 .text          0x0001a2f8       0x78 /usr/local/lpcxpresso_4.2.3_255/lpcxpresso/tools/bin/../lib/gcc/arm-none-eabi/4.5.1/../../../../arm-none-eabi/lib/thumb2/libc.a(lib_a-sccl.o)
                0x0001a2f8                __sccl
 .text          0x0001a370        0x8 /usr/local/lpcxpresso_4.2.3_255/lpcxpresso/tools/bin/../lib/gcc/arm-none-eabi/4.5.1/../../../../arm-none-eabi/lib/thumb2/libc.a(lib_a-sf_nan.o)
                0x0001a370                nanf
 .text          0x0001a378     0x1098 /usr/local/lpcxpresso_4.2.3_255/lpcxpresso/tools/bin/../lib/gcc/arm-none-eabi/4.5.1/../../../../arm-none-eabi/lib/thumb2/libc.a(lib_a-strtod.o)
                0x0001a3a8                _strtod_r
                0x0001b33c                strtod
                0x0001b350                strtof
 .text          0x0001b410      0x17c /usr/local/lpcxpresso_4.2.3_255/lpcxpresso/tools/bin/../lib/gcc/arm-none-eabi/4.5.1/../../../../arm-none-eabi/lib/thumb2/libc.a(lib_a-strtol.o)
                0x0001b410                _strtol_r
                0x0001b574                strtol
 .text          0x0001b58c      0x1d0 /usr/local/lpcxpresso_4.2.3_255/lpcxpresso/tools/bin/../lib/gcc/arm-none-eabi/4.5.1/../../../../arm-none-eabi/lib/thumb2/libc.a(lib_a-strtoll_r.o)
                0x0001b58c                _strtoll_r
 .text          0x0001b75c      0x17c /usr/local/lpcxpresso_4.2.3_255/lpcxpresso/tools/bin/../lib/gcc/arm-none-eabi/4.5.1/../../../../arm-none-eabi/lib/thumb2/libc.a(lib_a-strtoul.o)
                0x0001b75c                _strtoul_r
                0x0001b8c0                strtoul
 .text          0x0001b8d8      0x1d0 /usr/local/lpcxpresso_4.2.3_255/lpcxpresso/tools/bin/../lib/gcc/arm-none-eabi/4.5.1/../../../../arm-none-eabi/lib/thumb2/libc.a(lib_a-strtoull_r.o)
                0x0001b8d8                _strtoull_r
 .text          0x0001baa8      0xbe4 /usr/local/lpcxpresso_4.2.3_255/lpcxpresso/tools/bin/../lib/gcc/arm-none-eabi/4.5.1/../../../../arm-none-eabi/lib/thumb2/libc.a(lib_a-svfiprintf.o)
                0x0001baa8                __ssprint_r
                0x0001bbb0                _svfiprintf_r
 .text          0x0001c68c      0xc14 /usr/local/lpcxpresso_4.2.3_255/lpcxpresso/tools/bin/../lib/gcc/arm-none-eabi/4.5.1/../../../../arm-none-eabi/lib/thumb2/libc.a(lib_a-svfiscanf.o)
                0x0001c68c                _sungetc_r
                0x0001c718                __ssrefill_r
                0x0001c754                _sfread_r
                0x0001c7cc                __ssvfiscanf_r
 .text          0x0001d2a0      0x1ac /usr/local/lpcxpresso_4.2.3_255/lpcxpresso/tools/bin/../lib/gcc/arm-none-eabi/4.5.1/../../../../arm-none-eabi/lib/thumb2/libc.a(lib_a-ungetc.o)
                0x0001d2a0                __submore
                0x0001d324                _ungetc_r
                0x0001d43c                ungetc
 .text          0x0001d44c       0x5c /usr/local/lpcxpresso_4.2.3_255/lpcxpresso/tools/bin/../lib/gcc/arm-none-eabi/4.5.1/../../../../arm-none-eabi/lib/thumb2/libc.a(lib_a-callocr.o)
                0x0001d44c                _calloc_r
 .text          0x0001d4a8       0xc4 /usr/local/lpcxpresso_4.2.3_255/lpcxpresso/tools/bin/../lib/gcc/arm-none-eabi/4.5.1/../../../../arm-none-eabi/lib/thumb2/libc.a(lib_a-fclose.o)
                0x0001d4a8                _fclose_r
                0x0001d55c                fclose
 .text          0x0001d56c      0x688 /usr/local/lpcxpresso_4.2.3_255/lpcxpresso/tools/bin/../lib/gcc/arm-none-eabi/4.5.1/../../../../arm-none-eabi/lib/thumb2/libc.a(lib_a-gdtoa-gethex.o)
                0x0001d604                __hexdig_init
                0x0001d65c                __gethex
 .text          0x0001dbf4      0x1cc /usr/local/lpcxpresso_4.2.3_255/lpcxpresso/tools/bin/../lib/gcc/arm-none-eabi/4.5.1/../../../../arm-none-eabi/lib/thumb2/libc.a(lib_a-gdtoa-hexnan.o)
                0x0001dbf4                __hexnan
 .text          0x0001ddc0       0xa0 /usr/local/lpcxpresso_4.2.3_255/lpcxpresso/tools/bin/../lib/gcc/arm-none-eabi/4.5.1/../../../../arm-none-eabi/lib/thumb2/libc.a(lib_a-memmove.o)
                0x0001ddc0                memmove
 .text          0x0001de60      0x41c /usr/local/lpcxpresso_4.2.3_255/lpcxpresso/tools/bin/../lib/gcc/arm-none-eabi/4.5.1/../../../../arm-none-eabi/lib/thumb2/libc.a(lib_a-reallocr.o)
                0x0001de60                _realloc_r
 .text          0x0001e27c       0x3c /usr/local/lpcxpresso_4.2.3_255/lpcxpresso/tools/bin/../lib/gcc/arm-none-eabi/4.5.1/../../../../arm-none-eabi/lib/thumb2/libcr_newlib_nohost.a(_cr_sbrk.o)
                0x0001e27c                _sbrk
 .text          0x0001e2b8       0x10 /usr/local/lpcxpresso_4.2.3_255/lpcxpresso/tools/bin/../lib/gcc/arm-none-eabi/4.5.1/../../../../arm-none-eabi/lib/thumb2/libcr_newlib_nohost.a(close.o)
                0x0001e2b8                _close
 .text          0x0001e2c8       0x10 /usr/local/lpcxpresso_4.2.3_255/lpcxpresso/tools/bin/../lib/gcc/arm-none-eabi/4.5.1/../../../../arm-none-eabi/lib/thumb2/libcr_newlib_nohost.a(lseek.o)
                0x0001e2c8                _lseek
 .text          0x0001e2d8       0x10 /usr/local/lpcxpresso_4.2.3_255/lpcxpresso/tools/bin/../lib/gcc/arm-none-eabi/4.5.1/../../../../arm-none-eabi/lib/thumb2/libcr_newlib_nohost.a(read.o)
                0x0001e2d8                _read
 .text          0x0001e2e8       0x10 /usr/local/lpcxpresso_4.2.3_255/lpcxpresso/tools/bin/../lib/gcc/arm-none-eabi/4.5.1/../../../../arm-none-eabi/lib/thumb2/libcr_newlib_nohost.a(write.o)
                0x0001e2e8                _write
 .text          0x0001e2f8       0x2c /usr/local/lpcxpresso_4.2.3_255/lpcxpresso/tools/bin/../lib/gcc/arm-none-eabi/4.5.1/../../../../arm-none-eabi/lib/thumb2/libcr_newlib_nohost.a(_cr_check_heap.o)
                0x0001e2f8                __check_heap_overflow
 .text          0x0001e324      0x370 /usr/local/lpcxpresso_4.2.3_255/lpcxpresso/tools/bin/../lib/gcc/arm-none-eabi/4.5.1/thumb2/libgcc.a(_arm_addsubdf3.o)
                0x0001e324                __aeabi_drsub
                0x0001e32c                __aeabi_dsub
                0x0001e32c                __subdf3
                0x0001e330                __adddf3
                0x0001e330                __aeabi_dadd
                0x0001e5a8                __aeabi_ui2d
                0x0001e5a8                __floatunsidf
                0x0001e5c8                __floatsidf
                0x0001e5c8                __aeabi_i2d
                0x0001e5ec                __extendsfdf2
                0x0001e5ec                __aeabi_f2d
                0x0001e628                __aeabi_ul2d
                0x0001e628                __floatundidf
                0x0001e638                __floatdidf
                0x0001e638                __aeabi_l2d
 .text          0x0001e694      0x424 /usr/local/lpcxpresso_4.2.3_255/lpcxpresso/tools/bin/../lib/gcc/arm-none-eabi/4.5.1/thumb2/libgcc.a(_arm_muldivdf3.o)
                0x0001e694                __aeabi_dmul
                0x0001e694                __muldf3
                0x0001e8e8                __aeabi_ddiv
                0x0001e8e8                __divdf3
 .text          0x0001eab8      0x110 /usr/local/lpcxpresso_4.2.3_255/lpcxpresso/tools/bin/../lib/gcc/arm-none-eabi/4.5.1/thumb2/libgcc.a(_arm_cmpdf2.o)
                0x0001eab8                __gtdf2
                0x0001eab8                __gedf2
                0x0001eac0                __ltdf2
                0x0001eac0                __ledf2
                0x0001eac8                __cmpdf2
                0x0001eac8                __eqdf2
                0x0001eac8                __nedf2
                0x0001eb44                __aeabi_cdrcmple
                0x0001eb54                __aeabi_cdcmple
                0x0001eb54                __aeabi_cdcmpeq
                0x0001eb64                __aeabi_dcmpeq
                0x0001eb78                __aeabi_dcmplt
                0x0001eb8c                __aeabi_dcmple
                0x0001eba0                __aeabi_dcmpge
                0x0001ebb4                __aeabi_dcmpgt
 .text          0x0001ebc8       0x50 /usr/local/lpcxpresso_4.2.3_255/lpcxpresso/tools/bin/../lib/gcc/arm-none-eabi/4.5.1/thumb2/libgcc.a(_arm_fixdfsi.o)
                0x0001ebc8                __fixdfsi
                0x0001ebc8                __aeabi_d2iz
 .text          0x0001ec18       0x40 /usr/local/lpcxpresso_4.2.3_255/lpcxpresso/tools/bin/../lib/gcc/arm-none-eabi/4.5.1/thumb2/libgcc.a(_arm_fixunsdfsi.o)
                0x0001ec18                __fixunsdfsi
                0x0001ec18                __aeabi_d2uiz
 .text          0x0001ec58       0xa0 /usr/local/lpcxpresso_4.2.3_255/lpcxpresso/tools/bin/../lib/gcc/arm-none-eabi/4.5.1/thumb2/libgcc.a(_arm_truncdfsf2.o)
                0x0001ec58                __aeabi_d2f
                0x0001ec58                __truncdfsf2
 .text          0x0001ecf8       0xec /usr/local/lpcxpresso_4.2.3_255/lpcxpresso/tools/bin/../lib/gcc/arm-none-eabi/4.5.1/thumb2/libgcc.a(_arm_cmpsf2.o)
                0x0001ecf8                __gtsf2
                0x0001ecf8                __gesf2
                0x0001ed00                __lesf2
                0x0001ed00                __ltsf2
                0x0001ed08                __nesf2
                0x0001ed08                __eqsf2
                0x0001ed08                __cmpsf2
                0x0001ed68                __aeabi_cfrcmple
                0x0001ed70                __aeabi_cfcmple
                0x0001ed70                __aeabi_cfcmpeq
                0x0001ed80                __aeabi_fcmpeq
                0x0001ed94                __aeabi_fcmplt
                0x0001eda8                __aeabi_fcmple
                0x0001edbc                __aeabi_fcmpge
                0x0001edd0                __aeabi_fcmpgt
 .text          0x0001ede4        0xc /usr/local/lpcxpresso_4.2.3_255/lpcxpresso/tools/bin/../lib/gcc/arm-none-eabi/4.5.1/../../../../arm-none-eabi/lib/thumb2/libc.a(lib_a-errno.o)
                0x0001ede4                __errno
 *(.rodata .rodata.*)
 .rodata        0x0001edf0        0xc ./LedBlinky.o
                0x0001edf0                led_mask
 .rodata.str1.4
                0x0001edfc       0x75 ./cr_startup_lpc17.o
                                 0x78 (size before relaxing)
 *fill*         0x0001ee71        0x3 00
 .rodata.str1.4
                0x0001ee74       0x33 ./main.o
                                 0x34 (size before relaxing)
 *fill*         0x0001eea7        0x1 00
 .rodata        0x0001eea8      0x288 ./webserver/http-strings.o
                0x0001eea8                http_http
                0x0001eeb0                http_200
                0x0001eeb8                http_301
                0x0001eec0                http_302
                0x0001eec8                http_get
                0x0001eed0                http_10
                0x0001eedc                http_11
                0x0001eee8                http_content_type
                0x0001eef8                http_texthtml
                0x0001ef04                http_location
                0x0001ef10                http_host
                0x0001ef18                http_crnl
                0x0001ef1c                http_index_html
                0x0001ef28                http_404_html
                0x0001ef34                http_referer
                0x0001ef40                http_header_200
                0x0001ef94                http_header_404
                0x0001eff0                http_content_type_plain
                0x0001f010                http_content_type_html
                0x0001f02c                http_content_type_css
                0x0001f048                http_content_type_text
                0x0001f064                http_content_type_png
                0x0001f080                http_content_type_gif
                0x0001f09c                http_content_type_jpg
                0x0001f0bc                http_content_type_binary
                0x0001f0e8                http_html
                0x0001f0f0                http_shtml
                0x0001f0f8                http_htm
                0x0001f100                http_css
                0x0001f108                http_png
                0x0001f110                http_gif
                0x0001f118                http_jpg
                0x0001f120                http_text
                0x0001f128                http_txt
 .rodata        0x0001f130       0xc0 ./webserver/httpd-cgi.o
 .rodata.str1.4
                0x0001f1f0      0x183 ./webserver/httpd-cgi.o
                                0x184 (size before relaxing)
 *fill*         0x0001f373        0x1 00
 .rodata        0x0001f374     0x1578 ./webserver/httpd-fs.o
                0x0001f374                file_tcp_shtml
                0x0001f388                file_404_html
                0x0001f39c                file_index_html
                0x0001f3b0                file_index_shtml
                0x0001f3c4                file_io_shtml
                0x0001f3d8                file_runtime_shtml
                0x0001f3ec                file_stats_shtml
 .rodata.str1.4
                0x000208ec      0x10b ./webserver/uIP_Task.o
                                0x10c (size before relaxing)
 *fill*         0x000209f7        0x1 00
 .rodata        0x000209f8        0x8 ./webserver/uip_arp.o
 .rodata        0x00020a00       0xf0 ./uip_ftp/Connections.o
                0x00020a30                Cmd_dictionary
 .rodata.str1.4
                0x00020af0      0xacc ./uip_ftp/Connections.o
 .rodata.str1.4
                0x000215bc      0x1cc ./uip_ftp/FTPD.o
                                0x1e0 (size before relaxing)
 .rodata        0x00021788       0x3c ./driver_source/lpc17xx_gpio.o
 .rodata.str1.4
                0x000217c4       0x1f ./driver_source/lpc17xx_i2c.o
                                 0x20 (size before relaxing)
 *fill*         0x000217e3        0x1 00
 .rodata.str1.4
                0x000217e4       0x1f ./driver_source/lpc17xx_rtc.o
                                 0x20 (size before relaxing)
 *fill*         0x00021803        0x1 00
 .rodata.str1.4
                0x00021804       0x1f ./driver_source/lpc17xx_spi.o
                                 0x20 (size before relaxing)
 *fill*         0x00021823        0x1 00
 .rodata        0x00021824        0x8 ./driver_source/lpc17xx_uart.o
 .rodata.str1.4
                0x0002182c       0x20 ./driver_source/lpc17xx_uart.o
 .rodata        0x0002184c        0x8 ./UsbHost/MassStorage/usbhost_ms.o
 .rodata.str1.4
                0x00021854       0x5f ./UsbHost/MassStorage/usbhost_ms.o
                                 0x60 (size before relaxing)
 *fill*         0x000218b3        0x1 00
 .rodata.str1.4
                0x000218b4       0x9f ./UsbHost/Main/usbhost_main.o
                                 0xa4 (size before relaxing)
 *fill*         0x00021953        0x1 00
 .rodata        0x00021954       0x10 ./UsbHost/Host/usbhost_lpc17xx.o
 .rodata.str1.4
                0x00021964       0x9f ./UsbHost/Host/usbhost_lpc17xx.o
                                 0xc4 (size before relaxing)
 *fill*         0x00021a03        0x1 00
 .rodata        0x00021a04     0xeab0 ./FatFs/option/cc932.o
 .rodata.str1.4
                0x000304b4       0x3f ./FatFs/diskio.o
                                 0x40 (size before relaxing)
 *fill*         0x000304f3        0x1 00
 .rodata        0x000304f4       0xb0 ./FatFs/ff.o
 .rodata.str1.4
                0x000305a4       0x48 ./FatFs/ff.o
 .rodata        0x000305ec       0x14 /home/nlv14991/workspaceLPC/STE-LPC1768-/FreeRTOS_Library/Debug/libFreeRTOS_Library.a(tasks.o)
 .rodata.str1.4
                0x00030600        0x5 /home/nlv14991/workspaceLPC/STE-LPC1768-/FreeRTOS_Library/Debug/libFreeRTOS_Library.a(tasks.o)
                                  0x8 (size before relaxing)
 *fill*         0x00030605        0x3 00
 .rodata        0x00030608       0x20 /usr/local/lpcxpresso_4.2.3_255/lpcxpresso/tools/bin/../lib/gcc/arm-none-eabi/4.5.1/../../../../arm-none-eabi/lib/thumb2/libc.a(lib_a-svfprintf.o)
 .rodata.str1.4
                0x00030628       0x42 /usr/local/lpcxpresso_4.2.3_255/lpcxpresso/tools/bin/../lib/gcc/arm-none-eabi/4.5.1/../../../../arm-none-eabi/lib/thumb2/libc.a(lib_a-svfprintf.o)
                                 0x44 (size before relaxing)
 *fill*         0x0003066a        0x2 00
 .rodata        0x0003066c       0x24 /usr/local/lpcxpresso_4.2.3_255/lpcxpresso/tools/bin/../lib/gcc/arm-none-eabi/4.5.1/../../../../arm-none-eabi/lib/thumb2/libc.a(lib_a-svfscanf.o)
 .rodata.str1.4
                0x00030690        0x5 /usr/local/lpcxpresso_4.2.3_255/lpcxpresso/tools/bin/../lib/gcc/arm-none-eabi/4.5.1/../../../../arm-none-eabi/lib/thumb2/libc.a(lib_a-svfscanf.o)
                                  0x8 (size before relaxing)
 *fill*         0x00030695        0x3 00
 .rodata        0x00030698      0x104 /usr/local/lpcxpresso_4.2.3_255/lpcxpresso/tools/bin/../lib/gcc/arm-none-eabi/4.5.1/../../../../arm-none-eabi/lib/thumb2/libc.a(lib_a-ctype_.o)
                0x00030698                _ctype_
 .rodata.str1.4
                0x0003079c       0x10 /usr/local/lpcxpresso_4.2.3_255/lpcxpresso/tools/bin/../lib/gcc/arm-none-eabi/4.5.1/../../../../arm-none-eabi/lib/thumb2/libc.a(lib_a-dtoa.o)
                                 0x14 (size before relaxing)
 .rodata        0x000307ac       0x60 /usr/local/lpcxpresso_4.2.3_255/lpcxpresso/tools/bin/../lib/gcc/arm-none-eabi/4.5.1/../../../../arm-none-eabi/lib/thumb2/libc.a(lib_a-findfp.o)
                0x000307ac                __sf_fake_stdin
                0x000307cc                __sf_fake_stdout
                0x000307ec                __sf_fake_stderr
 .rodata        0x0003080c        0x4 /usr/local/lpcxpresso_4.2.3_255/lpcxpresso/tools/bin/../lib/gcc/arm-none-eabi/4.5.1/../../../../arm-none-eabi/lib/thumb2/libc.a(lib_a-impure.o)
                0x0003080c                _global_impure_ptr
 .rodata.str1.4
                0x00030810        0x2 /usr/local/lpcxpresso_4.2.3_255/lpcxpresso/tools/bin/../lib/gcc/arm-none-eabi/4.5.1/../../../../arm-none-eabi/lib/thumb2/libc.a(lib_a-impure.o)
                                  0x4 (size before relaxing)
 *fill*         0x00030812        0x2 00
 .rodata.str1.4
                0x00030814        0xa /usr/local/lpcxpresso_4.2.3_255/lpcxpresso/tools/bin/../lib/gcc/arm-none-eabi/4.5.1/../../../../arm-none-eabi/lib/thumb2/libc.a(lib_a-locale.o)
                                 0x14 (size before relaxing)
 .rodata.str1.4
                0x00000000        0x4 /usr/local/lpcxpresso_4.2.3_255/lpcxpresso/tools/bin/../lib/gcc/arm-none-eabi/4.5.1/../../../../arm-none-eabi/lib/thumb2/libc.a(lib_a-mbrtowc.o)
 *fill*         0x0003081e        0x2 00
 .rodata        0x00030820      0x128 /usr/local/lpcxpresso_4.2.3_255/lpcxpresso/tools/bin/../lib/gcc/arm-none-eabi/4.5.1/../../../../arm-none-eabi/lib/thumb2/libc.a(lib_a-mprec.o)
                0x00030830                __mprec_tens
                0x000308f8                __mprec_bigtens
                0x00030920                __mprec_tinytens
 .rodata        0x00030948       0x28 /usr/local/lpcxpresso_4.2.3_255/lpcxpresso/tools/bin/../lib/gcc/arm-none-eabi/4.5.1/../../../../arm-none-eabi/lib/thumb2/libc.a(lib_a-strtod.o)
 .rodata.str1.4
                0x00030970        0xf /usr/local/lpcxpresso_4.2.3_255/lpcxpresso/tools/bin/../lib/gcc/arm-none-eabi/4.5.1/../../../../arm-none-eabi/lib/thumb2/libc.a(lib_a-strtod.o)
                                 0x10 (size before relaxing)
 *fill*         0x0003097f        0x1 00
 .rodata        0x00030980       0x20 /usr/local/lpcxpresso_4.2.3_255/lpcxpresso/tools/bin/../lib/gcc/arm-none-eabi/4.5.1/../../../../arm-none-eabi/lib/thumb2/libc.a(lib_a-svfiprintf.o)
 .rodata.str1.4
                0x00000000       0x30 /usr/local/lpcxpresso_4.2.3_255/lpcxpresso/tools/bin/../lib/gcc/arm-none-eabi/4.5.1/../../../../arm-none-eabi/lib/thumb2/libc.a(lib_a-svfiprintf.o)
 .rodata        0x000309a0       0x24 /usr/local/lpcxpresso_4.2.3_255/lpcxpresso/tools/bin/../lib/gcc/arm-none-eabi/4.5.1/../../../../arm-none-eabi/lib/thumb2/libc.a(lib_a-svfiscanf.o)
 .rodata.str1.4
                0x000309c4       0x1c /usr/local/lpcxpresso_4.2.3_255/lpcxpresso/tools/bin/../lib/gcc/arm-none-eabi/4.5.1/../../../../arm-none-eabi/lib/thumb2/libc.a(lib_a-gdtoa-gethex.o)
                0x000309e0                . = ALIGN (0x4)

.glue_7         0x000309e0        0x0
 .glue_7        0x00000000        0x0 linker stubs

.glue_7t        0x000309e0        0x0
 .glue_7t       0x00000000        0x0 linker stubs

.vfp11_veneer   0x000309e0        0x0
 .vfp11_veneer  0x00000000        0x0 linker stubs

.v4_bx          0x000309e0        0x0
 .v4_bx         0x00000000        0x0 linker stubs

.ARM.extab
 *(.ARM.extab* .gnu.linkonce.armextab.*)
                0x000309e0                __exidx_start = .

.ARM.exidx      0x000309e0        0x8
 *(.ARM.exidx* .gnu.linkonce.armexidx.*)
 .ARM.exidx     0x000309e0        0x8 /usr/local/lpcxpresso_4.2.3_255/lpcxpresso/tools/bin/../lib/gcc/arm-none-eabi/4.5.1/thumb2/libgcc.a(_divdi3.o)
 .ARM.exidx     0x000309e8        0x0 /usr/local/lpcxpresso_4.2.3_255/lpcxpresso/tools/bin/../lib/gcc/arm-none-eabi/4.5.1/thumb2/libgcc.a(_udivdi3.o)
                                  0x8 (size before relaxing)
                0x000309e8                __exidx_end = .
                0x000309e8                _etext = .

.data_RAM2      0x2007c000        0x0 load address 0x000309e8
 FILL mask 0xff
 *(.data.$RAM2*)
 *(.data.$RamAHB32*)
                0x2007c000                . = ALIGN (0x4)

.uninit_RESERVED
 *(.bss.$RESERVED*)

.data           0x10000000      0x5dc load address 0x000309e8
 FILL mask 0xff
                0x10000000                _data = .
 *(vtable)
 *(.data*)
 .data          0x10000000       0x20 ./webserver/httpd-cgi.o
 .data          0x10000020        0x1 ./driver_source/lpc17xx_sd.o
 *fill*         0x10000021        0x3 00
 .data          0x10000024        0x4 /home/nlv14991/workspaceLPC/STE-LPC1768-/CMSISv1p30_LPC17xx/Debug/libCMSISv1p30_LPC17xx.a(system_LPC17xx.o)
                0x10000024                SystemCoreClock
 .data          0x10000028        0x4 /home/nlv14991/workspaceLPC/STE-LPC1768-/FreeRTOS_Library/Debug/libFreeRTOS_Library.a(port.o)
 .data          0x1000002c        0x4 /usr/local/lpcxpresso_4.2.3_255/lpcxpresso/tools/bin/../lib/gcc/arm-none-eabi/4.5.1/../../../../arm-none-eabi/lib/thumb2/libc.a(lib_a-ctype_.o)
                0x1000002c                __ctype_ptr__
 .data          0x10000030       0xf4 /usr/local/lpcxpresso_4.2.3_255/lpcxpresso/tools/bin/../lib/gcc/arm-none-eabi/4.5.1/../../../../arm-none-eabi/lib/thumb2/libc.a(lib_a-impure.o)
                0x10000030                _impure_ptr
 .data          0x10000124       0x7c /usr/local/lpcxpresso_4.2.3_255/lpcxpresso/tools/bin/../lib/gcc/arm-none-eabi/4.5.1/../../../../arm-none-eabi/lib/thumb2/libc.a(lib_a-locale.o)
                0x10000144                __mb_cur_max
 .data          0x100001a0      0x410 /usr/local/lpcxpresso_4.2.3_255/lpcxpresso/tools/bin/../lib/gcc/arm-none-eabi/4.5.1/../../../../arm-none-eabi/lib/thumb2/libc.a(lib_a-mallocr.o)
                0x100001a0                __malloc_av_
                0x100005a8                __malloc_sbrk_base
                0x100005ac                __malloc_trim_threshold
 .data          0x100005b0        0x4 /usr/local/lpcxpresso_4.2.3_255/lpcxpresso/tools/bin/../lib/gcc/arm-none-eabi/4.5.1/../../../../arm-none-eabi/lib/thumb2/libc.a(lib_a-mbtowc_r.o)
                0x100005b0                __mbtowc
 .data          0x100005b4       0x28 /usr/local/lpcxpresso_4.2.3_255/lpcxpresso/tools/bin/../lib/gcc/arm-none-eabi/4.5.1/../../../../arm-none-eabi/lib/thumb2/libc.a(lib_a-strtod.o)
                0x100005dc                . = ALIGN (0x4)
                0x100005dc                _edata = .

.bss_RAM2       0x2007c000        0x0
 *(.bss.$RAM2*)
 *(.bss.$RamAHB32*)
                0x2007c000                . = ALIGN (0x4)

.bss            0x100005e0     0x5948
                0x100005e0                _bss = .
 *(.bss*)
 .bss           0x100005e0        0x8 ./webserver/emac.o
 .bss           0x100005e8       0x84 ./webserver/httpd-cgi.o
                0x100005e8                lRefreshCount
 .bss           0x1000066c       0x10 ./webserver/httpd-fs.o
 .bss           0x1000067c        0x4 ./webserver/uIP_Task.o
                0x1000067c                xEMACSemaphore
 .bss           0x10000680       0x18 ./webserver/uip.o
                0x10000690                uip_ethaddr
 .bss           0x10000698       0x68 ./webserver/uip_arp.o
 .bss           0x10000700      0x620 ./uip_ftp/Connections.o
 .bss           0x10000d20       0x20 ./driver_source/lpc17xx_gpdma.o
 .bss           0x10000d40       0x24 ./driver_source/lpc17xx_i2c.o
 .bss           0x10000d64        0x8 ./driver_source/lpc17xx_i2s.o
 .bss           0x10000d6c       0x40 ./driver_source/lpc17xx_sd.o
 .bss           0x10000dac        0xc ./driver_source/lpc17xx_spi.o
 .bss           0x10000db8       0x18 ./driver_source/lpc17xx_ssp.o
 .bss           0x10000dd0       0x44 ./driver_source/lpc17xx_uart.o
                0x10000dd0                pfnModemCbs
                0x10000dd4                uartCbsDat
 .bss           0x10000e14       0x2c ./UsbHost/Uart/usbhost_uart.o
 .bss           0x10000e40      0x100 ./UsbHost/Main/usbhost_main.o
 .bss           0x10000f40        0x3 ./UsbHost/Host/usb_ms_diskio.o
 *fill*         0x10000f43        0x1 00
 .bss           0x10000f44        0xc ./UsbHost/Host/usbhost_lpc17xx.o
                0x10000f44                HOST_RhscIntr
                0x10000f48                HOST_TDControlStatus
                0x10000f4c                HOST_WdhIntr
 .bss           0x10000f50      0x220 ./FatFs/ff.o
 .bss           0x10001170      0x100 /home/nlv14991/workspaceLPC/STE-LPC1768-/FreeRTOS_Library/Debug/libFreeRTOS_Library.a(tasks.o)
                0x10001174                pxCurrentTCB
 .bss           0x10001270     0x2820 /home/nlv14991/workspaceLPC/STE-LPC1768-/FreeRTOS_Library/Debug/libFreeRTOS_Library.a(heap_2.o)
 .bss           0x10003a90       0x34 /usr/local/lpcxpresso_4.2.3_255/lpcxpresso/tools/bin/../lib/gcc/arm-none-eabi/4.5.1/../../../../arm-none-eabi/lib/thumb2/libc.a(lib_a-mallocr.o)
                0x10003a90                __malloc_top_pad
                0x10003a94                __malloc_current_mallinfo
                0x10003abc                __malloc_max_sbrked_mem
                0x10003ac0                __malloc_max_total_mem
 *(COMMON)
 COMMON         0x10003ac4        0x4 ./LedBlinky.o
                0x10003ac4                SysTickCnt
 COMMON         0x10003ac8       0x51 ./lcd_i2c.o
                0x10003ac8                transferMCfg
                0x10003af4                master_test
                0x10003af8                Master_Buf
 *fill*         0x10003b19        0x3 00
 COMMON         0x10003b1c        0x4 ./main.o
                0x10003b1c                xCountingSemaphore
 COMMON         0x10003b20        0x4 ./webserver/emac.o
                0x10003b20                uip_buf
 COMMON         0x10003b24        0x8 ./webserver/httpd-cgi.o
                0x10003b24                ulString
                0x10003b28                pcStatus
 COMMON         0x10003b2c      0x8c2 ./webserver/uip.o
                0x10003b2c                uip_len
                0x10003b30                uip_sappdata
                0x10003b34                uip_acc32
                0x10003b38                uip_flags
                0x10003b3c                uip_appdata
                0x10003b40                uip_conn
                0x10003b44                uip_conns
                0x10004364                uip_listenports
                0x100043b4                uip_draddr
                0x100043b8                uip_stat
                0x100043e4                uip_netmask
                0x100043e8                uip_hostaddr
                0x100043ec                uip_slen
 *fill*         0x100043ee        0x2 00
 COMMON         0x100043f0      0xb44 ./uip_ftp/FTPD.o
                0x100043f0                driveAttached
                0x100043f4                ftpd_state
 COMMON         0x10004f34      0x1b8 ./uip_ftp/ftp_main.o
                0x10004f34                tcp_appdata
 COMMON         0x100050ec      0x218 ./UsbHost/Uart/usbhost_uart.o
                0x100050ec                RTS_State_usb
                0x100050f0                TxIntStat_usb
                0x100050f4                rb_usb
 COMMON         0x10005304        0x4 ./UsbHost/MassStorage/usbhost_ms.o
                0x10005304                MS_BlkSize
 COMMON         0x10005308      0xaec ./UsbHost/Main/usbhost_main.o
                0x10005308                File1
                0x10005530                USBFs
                0x10005bcc                File2
 COMMON         0x10005df4       0x2c ./UsbHost/Host/usbhost_lpc17xx.o
                0x10005df4                TDBufNonVol
                0x10005df8                FATBuffer
                0x10005dfc                Hcca
                0x10005e00                TDTail
                0x10005e04                EDBulkOut
                0x10005e08                UserBuffer
                0x10005e0c                gUSBConnected
                0x10005e10                TDBuffer
                0x10005e14                EDBulkIn
                0x10005e18                EDCtrl
                0x10005e1c                TDHead
 COMMON         0x10005e20        0x4 /usr/local/lpcxpresso_4.2.3_255/lpcxpresso/tools/bin/../lib/gcc/arm-none-eabi/4.5.1/../../../../arm-none-eabi/lib/thumb2/libc.a(lib_a-reent.o)
                0x10005e20                errno
 COMMON         0x10005e24      0x100 /usr/local/lpcxpresso_4.2.3_255/lpcxpresso/tools/bin/../lib/gcc/arm-none-eabi/4.5.1/../../../../arm-none-eabi/lib/thumb2/libc.a(lib_a-gdtoa-gethex.o)
                0x10005e24                __hexdig
 COMMON         0x10005f24        0x4 /usr/local/lpcxpresso_4.2.3_255/lpcxpresso/tools/bin/../lib/gcc/arm-none-eabi/4.5.1/../../../../arm-none-eabi/lib/thumb2/libcr_newlib_nohost.a(_cr_sbrk.o)
                0x10005f24                __end_of_heap
                0x10005f28                . = ALIGN (0x4)
                0x10005f28                _ebss = .
                0x10005f28                PROVIDE (end, .)
                0x10005f28                PROVIDE (_pvHeapStart, .)
                0x10008000                PROVIDE (_vStackTop, (__top_RamLoc32 - 0x0))
OUTPUT(example_driver.axf elf32-littlearm)

.debug_abbrev   0x00000000     0x86d7
 .debug_abbrev  0x00000000      0x276 ./LedBlinky.o
 .debug_abbrev  0x00000276      0x211 ./cr_startup_lpc17.o
 .debug_abbrev  0x00000487      0x2b6 ./lcd_i2c.o
 .debug_abbrev  0x0000073d      0x1a5 ./main.o
 .debug_abbrev  0x000008e2      0x3a2 ./uart_fullmodem_test.o
 .debug_abbrev  0x00000c84      0x2df ./webserver/emac.o
 .debug_abbrev  0x00000f63       0x4b ./webserver/http-strings.o
 .debug_abbrev  0x00000fae      0x26f ./webserver/httpd-cgi.o
 .debug_abbrev  0x0000121d      0x1a2 ./webserver/httpd-fs.o
 .debug_abbrev  0x000013bf      0x292 ./webserver/httpd.o
 .debug_abbrev  0x00001651      0x2c1 ./webserver/psock.o
 .debug_abbrev  0x00001912       0xee ./webserver/timer.o
 .debug_abbrev  0x00001a00      0x348 ./webserver/uIP_Task.o
 .debug_abbrev  0x00001d48      0x384 ./webserver/uip.o
 .debug_abbrev  0x000020cc      0x196 ./webserver/uip_arp.o
 .debug_abbrev  0x00002262      0x363 ./uip_ftp/Connections.o
 .debug_abbrev  0x000025c5      0x21b ./uip_ftp/FTPD.o
 .debug_abbrev  0x000027e0       0x3b ./uip_ftp/FTP_Strings.o
 .debug_abbrev  0x0000281b      0x2fa ./uip_ftp/ftp_main.o
 .debug_abbrev  0x00002b15      0x165 ./driver_source/lpc17xx_adc.o
 .debug_abbrev  0x00002c7a      0x228 ./driver_source/lpc17xx_can.o
 .debug_abbrev  0x00002ea2      0x1de ./driver_source/lpc17xx_clkpwr.o
 .debug_abbrev  0x00003080      0x14e ./driver_source/lpc17xx_dac.o
 .debug_abbrev  0x000031ce      0x377 ./driver_source/lpc17xx_emac.o
 .debug_abbrev  0x00003545      0x1f7 ./driver_source/lpc17xx_gpdma.o
 .debug_abbrev  0x0000373c      0x1f9 ./driver_source/lpc17xx_gpio.o
 .debug_abbrev  0x00003935      0x375 ./driver_source/lpc17xx_i2c.o
 .debug_abbrev  0x00003caa      0x263 ./driver_source/lpc17xx_i2s.o
 .debug_abbrev  0x00003f0d       0x6a ./driver_source/lpc17xx_libcfg_default.o
 .debug_abbrev  0x00003f77      0x189 ./driver_source/lpc17xx_mcpwm.o
 .debug_abbrev  0x00004100       0xf9 ./driver_source/lpc17xx_nvic.o
 .debug_abbrev  0x000041f9      0x1af ./driver_source/lpc17xx_pinsel.o
 .debug_abbrev  0x000043a8      0x1ad ./driver_source/lpc17xx_pwm.o
 .debug_abbrev  0x00004555      0x1f6 ./driver_source/lpc17xx_qei.o
 .debug_abbrev  0x0000474b      0x120 ./driver_source/lpc17xx_rit.o
 .debug_abbrev  0x0000486b      0x191 ./driver_source/lpc17xx_rtc.o
 .debug_abbrev  0x000049fc      0x383 ./driver_source/lpc17xx_sd.o
 .debug_abbrev  0x00004d7f      0x2e7 ./driver_source/lpc17xx_spi.o
 .debug_abbrev  0x00005066      0x2e4 ./driver_source/lpc17xx_ssp.o
 .debug_abbrev  0x0000534a      0x26e ./driver_source/lpc17xx_timer.o
 .debug_abbrev  0x000055b8      0x40a ./driver_source/lpc17xx_uart.o
 .debug_abbrev  0x000059c2      0x1e0 ./driver_source/lpc17xx_wdt.o
 .debug_abbrev  0x00005ba2      0x34d ./UsbHost/Uart/usbhost_uart.o
 .debug_abbrev  0x00005eef      0x210 ./UsbHost/MassStorage/usbhost_ms.o
 .debug_abbrev  0x000060ff      0x186 ./UsbHost/Main/usbhost_main.o
 .debug_abbrev  0x00006285      0x238 ./UsbHost/Host/usb_ms_diskio.o
 .debug_abbrev  0x000064bd      0x418 ./UsbHost/Host/usbhost_lpc17xx.o
 .debug_abbrev  0x000068d5      0x2f8 ./LPCUSB/USB_CDC.o
 .debug_abbrev  0x00006bcd      0x1d0 ./LPCUSB/usbcontrol.o
 .debug_abbrev  0x00006d9d      0x367 ./LPCUSB/usbhw_lpc.o
 .debug_abbrev  0x00007104       0xc5 ./LPCUSB/usbinit.o
 .debug_abbrev  0x000071c9      0x22e ./LPCUSB/usbstdreq.o
 .debug_abbrev  0x000073f7       0xd4 ./FatFs/option/cc932.o
 .debug_abbrev  0x000074cb       0x2c ./FatFs/option/syncobj.o
 .debug_abbrev  0x000074f7       0x2c ./FatFs/option/syscall.o
 .debug_abbrev  0x00007523      0x12a ./FatFs/diskio.o
 .debug_abbrev  0x0000764d      0x2eb ./FatFs/ff.o
 .debug_abbrev  0x00007938       0xe3 /home/nlv14991/workspaceLPC/STE-LPC1768-/CMSISv1p30_LPC17xx/Debug/libCMSISv1p30_LPC17xx.a(system_LPC17xx.o)
 .debug_abbrev  0x00007a1b      0x1e4 /home/nlv14991/workspaceLPC/STE-LPC1768-/FreeRTOS_Library/Debug/libFreeRTOS_Library.a(queue.o)
 .debug_abbrev  0x00007bff      0x2f9 /home/nlv14991/workspaceLPC/STE-LPC1768-/FreeRTOS_Library/Debug/libFreeRTOS_Library.a(tasks.o)
 .debug_abbrev  0x00007ef8      0x1a5 /home/nlv14991/workspaceLPC/STE-LPC1768-/FreeRTOS_Library/Debug/libFreeRTOS_Library.a(heap_2.o)
 .debug_abbrev  0x0000809d      0x128 /home/nlv14991/workspaceLPC/STE-LPC1768-/FreeRTOS_Library/Debug/libFreeRTOS_Library.a(port.o)
 .debug_abbrev  0x000081c5       0xe9 /home/nlv14991/workspaceLPC/STE-LPC1768-/FreeRTOS_Library/Debug/libFreeRTOS_Library.a(list.o)
 .debug_abbrev  0x000082ae       0xa6 /usr/local/lpcxpresso_4.2.3_255/lpcxpresso/tools/bin/../lib/gcc/arm-none-eabi/4.5.1/../../../../arm-none-eabi/lib/thumb2/libcr_newlib_nohost.a(_cr_sbrk.o)
 .debug_abbrev  0x00008354       0x63 /usr/local/lpcxpresso_4.2.3_255/lpcxpresso/tools/bin/../lib/gcc/arm-none-eabi/4.5.1/../../../../arm-none-eabi/lib/thumb2/libcr_newlib_nohost.a(close.o)
 .debug_abbrev  0x000083b7       0xb8 /usr/local/lpcxpresso_4.2.3_255/lpcxpresso/tools/bin/../lib/gcc/arm-none-eabi/4.5.1/../../../../arm-none-eabi/lib/thumb2/libcr_newlib_nohost.a(fstat.o)
 .debug_abbrev  0x0000846f       0x63 /usr/local/lpcxpresso_4.2.3_255/lpcxpresso/tools/bin/../lib/gcc/arm-none-eabi/4.5.1/../../../../arm-none-eabi/lib/thumb2/libcr_newlib_nohost.a(isatty.o)
 .debug_abbrev  0x000084d2       0x81 /usr/local/lpcxpresso_4.2.3_255/lpcxpresso/tools/bin/../lib/gcc/arm-none-eabi/4.5.1/../../../../arm-none-eabi/lib/thumb2/libcr_newlib_nohost.a(lseek.o)
 .debug_abbrev  0x00008553       0x8a /usr/local/lpcxpresso_4.2.3_255/lpcxpresso/tools/bin/../lib/gcc/arm-none-eabi/4.5.1/../../../../arm-none-eabi/lib/thumb2/libcr_newlib_nohost.a(read.o)
 .debug_abbrev  0x000085dd       0x8a /usr/local/lpcxpresso_4.2.3_255/lpcxpresso/tools/bin/../lib/gcc/arm-none-eabi/4.5.1/../../../../arm-none-eabi/lib/thumb2/libcr_newlib_nohost.a(write.o)
 .debug_abbrev  0x00008667       0x70 /usr/local/lpcxpresso_4.2.3_255/lpcxpresso/tools/bin/../lib/gcc/arm-none-eabi/4.5.1/../../../../arm-none-eabi/lib/thumb2/libcr_newlib_nohost.a(_cr_check_heap.o)

.debug_info     0x00000000    0x29251
 .debug_info    0x00000000      0x741 ./LedBlinky.o
 .debug_info    0x00000741      0x924 ./cr_startup_lpc17.o
 .debug_info    0x00001065      0x62e ./lcd_i2c.o
 .debug_info    0x00001693      0x4c3 ./main.o
 .debug_info    0x00001b56     0x1190 ./uart_fullmodem_test.o
 .debug_info    0x00002ce6      0xf3d ./webserver/emac.o
 .debug_info    0x00003c23      0x446 ./webserver/http-strings.o
 .debug_info    0x00004069      0xd74 ./webserver/httpd-cgi.o
 .debug_info    0x00004ddd      0x586 ./webserver/httpd-fs.o
 .debug_info    0x00005363      0xb5d ./webserver/httpd.o
 .debug_info    0x00005ec0      0xa44 ./webserver/psock.o
 .debug_info    0x00006904      0x17b ./webserver/timer.o
 .debug_info    0x00006a7f     0x1400 ./webserver/uIP_Task.o
 .debug_info    0x00007e7f     0x1479 ./webserver/uip.o
 .debug_info    0x000092f8      0x506 ./webserver/uip_arp.o
 .debug_info    0x000097fe     0x1965 ./uip_ftp/Connections.o
 .debug_info    0x0000b163      0xb48 ./uip_ftp/FTPD.o
 .debug_info    0x0000bcab      0x169 ./uip_ftp/FTP_Strings.o
 .debug_info    0x0000be14     0x1935 ./uip_ftp/ftp_main.o
 .debug_info    0x0000d749      0x637 ./driver_source/lpc17xx_adc.o
 .debug_info    0x0000dd80     0x12cd ./driver_source/lpc17xx_can.o
 .debug_info    0x0000f04d      0x6d0 ./driver_source/lpc17xx_clkpwr.o
 .debug_info    0x0000f71d      0x2cd ./driver_source/lpc17xx_dac.o
 .debug_info    0x0000f9ea     0x11ab ./driver_source/lpc17xx_emac.o
 .debug_info    0x00010b95      0xcb4 ./driver_source/lpc17xx_gpdma.o
 .debug_info    0x00011849      0xcf1 ./driver_source/lpc17xx_gpio.o
 .debug_info    0x0001253a     0x121c ./driver_source/lpc17xx_i2c.o
 .debug_info    0x00013756      0xa4d ./driver_source/lpc17xx_i2s.o
 .debug_info    0x000141a3       0xca ./driver_source/lpc17xx_libcfg_default.o
 .debug_info    0x0001426d      0x7fc ./driver_source/lpc17xx_mcpwm.o
 .debug_info    0x00014a69      0x3fb ./driver_source/lpc17xx_nvic.o
 .debug_info    0x00014e64      0x608 ./driver_source/lpc17xx_pinsel.o
 .debug_info    0x0001546c      0x83a ./driver_source/lpc17xx_pwm.o
 .debug_info    0x00015ca6      0x85b ./driver_source/lpc17xx_qei.o
 .debug_info    0x00016501      0x325 ./driver_source/lpc17xx_rit.o
 .debug_info    0x00016826      0xa4e ./driver_source/lpc17xx_rtc.o
 .debug_info    0x00017274      0xdac ./driver_source/lpc17xx_sd.o
 .debug_info    0x00018020      0x968 ./driver_source/lpc17xx_spi.o
 .debug_info    0x00018988      0xb79 ./driver_source/lpc17xx_ssp.o
 .debug_info    0x00019501      0x932 ./driver_source/lpc17xx_timer.o
 .debug_info    0x00019e33     0x1889 ./driver_source/lpc17xx_uart.o
 .debug_info    0x0001b6bc      0x45e ./driver_source/lpc17xx_wdt.o
 .debug_info    0x0001bb1a     0x1112 ./UsbHost/Uart/usbhost_uart.o
 .debug_info    0x0001cc2c      0x5ca ./UsbHost/MassStorage/usbhost_ms.o
 .debug_info    0x0001d1f6      0x659 ./UsbHost/Main/usbhost_main.o
 .debug_info    0x0001d84f      0xa1b ./UsbHost/Host/usb_ms_diskio.o
 .debug_info    0x0001e26a     0x2055 ./UsbHost/Host/usbhost_lpc17xx.o
 .debug_info    0x000202bf      0xd60 ./LPCUSB/USB_CDC.o
 .debug_info    0x0002101f      0x430 ./LPCUSB/usbcontrol.o
 .debug_info    0x0002144f     0x14cc ./LPCUSB/usbhw_lpc.o
 .debug_info    0x0002291b      0x131 ./LPCUSB/usbinit.o
 .debug_info    0x00022a4c      0x57d ./LPCUSB/usbstdreq.o
 .debug_info    0x00022fc9      0x1d4 ./FatFs/option/cc932.o
 .debug_info    0x0002319d       0x62 ./FatFs/option/syncobj.o
 .debug_info    0x000231ff       0x77 ./FatFs/option/syscall.o
 .debug_info    0x00023276      0x342 ./FatFs/diskio.o
 .debug_info    0x000235b8     0x31e6 ./FatFs/ff.o
 .debug_info    0x0002679e      0x356 /home/nlv14991/workspaceLPC/STE-LPC1768-/CMSISv1p30_LPC17xx/Debug/libCMSISv1p30_LPC17xx.a(system_LPC17xx.o)
 .debug_info    0x00026af4      0x84f /home/nlv14991/workspaceLPC/STE-LPC1768-/FreeRTOS_Library/Debug/libFreeRTOS_Library.a(queue.o)
 .debug_info    0x00027343      0xf31 /home/nlv14991/workspaceLPC/STE-LPC1768-/FreeRTOS_Library/Debug/libFreeRTOS_Library.a(tasks.o)
 .debug_info    0x00028274      0x2ea /home/nlv14991/workspaceLPC/STE-LPC1768-/FreeRTOS_Library/Debug/libFreeRTOS_Library.a(heap_2.o)
 .debug_info    0x0002855e      0x21b /home/nlv14991/workspaceLPC/STE-LPC1768-/FreeRTOS_Library/Debug/libFreeRTOS_Library.a(port.o)
 .debug_info    0x00028779      0x2ce /home/nlv14991/workspaceLPC/STE-LPC1768-/FreeRTOS_Library/Debug/libFreeRTOS_Library.a(list.o)
 .debug_info    0x00028a47      0x102 /usr/local/lpcxpresso_4.2.3_255/lpcxpresso/tools/bin/../lib/gcc/arm-none-eabi/4.5.1/../../../../arm-none-eabi/lib/thumb2/libcr_newlib_nohost.a(_cr_sbrk.o)
 .debug_info    0x00028b49       0xb9 /usr/local/lpcxpresso_4.2.3_255/lpcxpresso/tools/bin/../lib/gcc/arm-none-eabi/4.5.1/../../../../arm-none-eabi/lib/thumb2/libcr_newlib_nohost.a(close.o)
 .debug_info    0x00028c02      0x25a /usr/local/lpcxpresso_4.2.3_255/lpcxpresso/tools/bin/../lib/gcc/arm-none-eabi/4.5.1/../../../../arm-none-eabi/lib/thumb2/libcr_newlib_nohost.a(fstat.o)
 .debug_info    0x00028e5c       0xb9 /usr/local/lpcxpresso_4.2.3_255/lpcxpresso/tools/bin/../lib/gcc/arm-none-eabi/4.5.1/../../../../arm-none-eabi/lib/thumb2/libcr_newlib_nohost.a(isatty.o)
 .debug_info    0x00028f15       0xd5 /usr/local/lpcxpresso_4.2.3_255/lpcxpresso/tools/bin/../lib/gcc/arm-none-eabi/4.5.1/../../../../arm-none-eabi/lib/thumb2/libcr_newlib_nohost.a(lseek.o)
 .debug_info    0x00028fea       0xdb /usr/local/lpcxpresso_4.2.3_255/lpcxpresso/tools/bin/../lib/gcc/arm-none-eabi/4.5.1/../../../../arm-none-eabi/lib/thumb2/libcr_newlib_nohost.a(read.o)