Archive member included because of file (symbol)

C:\Users\Sami\git\STE-LPC1768-\aes_lib\Debug\libaes_lib.a(cypher.o)
                              ./UsbHost/Main/usbhost_main.o (cryptLibError)
C:\Users\Sami\git\STE-LPC1768-\Lib_AOA\Debug\libLib_AOA.a(AndroidAccessoryCommands.o)
                              ./AOA/AndroidAccessoryHost.o (Android_GetAccessoryProtocol)
C:\Users\Sami\git\STE-LPC1768-\Lib_AOA\Debug\libLib_AOA.a(ConfigDescriptor.o)
                              ./AOA/AndroidAccessoryHost.o (ProcessConfigurationDescriptor)
C:\Users\Sami\git\STE-LPC1768-\Lib_AOA\Debug\libLib_AOA.a(DeviceDescriptor.o)
                              ./AOA/AndroidAccessoryHost.o (ProcessDeviceDescriptor)
C:\Users\Sami\git\STE-LPC1768-\nxpUSBlib\libnxpUSBlib.a(OHCI.o)
                              ./AOA/AndroidAccessoryHost.o (HcdDataTransfer)
C:\Users\Sami\git\STE-LPC1768-\nxpUSBlib\libnxpUSBlib.a(HCD.o)
                              C:\Users\Sami\git\STE-LPC1768-\nxpUSBlib\libnxpUSBlib.a(OHCI.o) (HcdDelayMS)
C:\Users\Sami\git\STE-LPC1768-\nxpUSBlib\libnxpUSBlib.a(Host_LPC.o)
                              C:\Users\Sami\git\STE-LPC1768-\nxpUSBlib\libnxpUSBlib.a(OHCI.o) (USB_Host_Enumerate)
C:\Users\Sami\git\STE-LPC1768-\nxpUSBlib\libnxpUSBlib.a(PipeStream_LPC.o)
                              ./AOA/AndroidAccessoryHost.o (Pipe_Write_Stream_LE)
C:\Users\Sami\git\STE-LPC1768-\nxpUSBlib\libnxpUSBlib.a(Pipe_LPC.o)
                              ./AOA/AndroidAccessoryHost.o (pipeselected)
C:\Users\Sami\git\STE-LPC1768-\nxpUSBlib\libnxpUSBlib.a(USBController_LPC.o)
                              ./main.o (USB_Init)
C:\Users\Sami\git\STE-LPC1768-\nxpUSBlib\libnxpUSBlib.a(ConfigDescriptor.o)
                              C:\Users\Sami\git\STE-LPC1768-\Lib_AOA\Debug\libLib_AOA.a(ConfigDescriptor.o) (USB_Host_GetDeviceConfigDescriptor)
C:\Users\Sami\git\STE-LPC1768-\nxpUSBlib\libnxpUSBlib.a(HostStandardReq.o)
                              C:\Users\Sami\git\STE-LPC1768-\Lib_AOA\Debug\libLib_AOA.a(AndroidAccessoryCommands.o) (USB_Host_SendControlRequest)
C:\Users\Sami\git\STE-LPC1768-\nxpUSBlib\libnxpUSBlib.a(USBMemory.o)
                              C:\Users\Sami\git\STE-LPC1768-\nxpUSBlib\libnxpUSBlib.a(USBController_LPC.o) (USB_Memory_Init)
C:\Users\Sami\git\STE-LPC1768-\nxpUSBlib\libnxpUSBlib.a(USBTask.o)
                              C:\Users\Sami\git\STE-LPC1768-\nxpUSBlib\libnxpUSBlib.a(USBController_LPC.o) (USB_IsInitialized)
C:\Users\Sami\git\STE-LPC1768-\nxpUSBlib\libnxpUSBlib.a(HAL_LPC17xx.o)
                              C:\Users\Sami\git\STE-LPC1768-\nxpUSBlib\libnxpUSBlib.a(USBController_LPC.o) (HAL_USBInit)
C:\Users\Sami\git\STE-LPC1768-\FreeRTOS_Library\Debug\libFreeRTOS_Library.a(port.o)
                              ./cr_startup_lpc17.o (vPortSVCHandler)
C:\Users\Sami\git\STE-LPC1768-\FreeRTOS_Library\Debug\libFreeRTOS_Library.a(basic_io.o)
                              ./main.o (vPrintString)
C:\Users\Sami\git\STE-LPC1768-\FreeRTOS_Library\Debug\libFreeRTOS_Library.a(consoleprint.o)
                              C:\Users\Sami\git\STE-LPC1768-\FreeRTOS_Library\Debug\libFreeRTOS_Library.a(basic_io.o) (consoleprint)
C:\Users\Sami\git\STE-LPC1768-\FreeRTOS_Library\Debug\libFreeRTOS_Library.a(queue.o)
                              ./webserver/uIP_Task.o (xQueueCreate)
C:\Users\Sami\git\STE-LPC1768-\FreeRTOS_Library\Debug\libFreeRTOS_Library.a(tasks.o)
                              ./main.o (xTaskGenericCreate)
C:\Users\Sami\git\STE-LPC1768-\FreeRTOS_Library\Debug\libFreeRTOS_Library.a(heap_2.o)
                              C:\Users\Sami\git\STE-LPC1768-\FreeRTOS_Library\Debug\libFreeRTOS_Library.a(queue.o) (pvPortMalloc)
C:\Users\Sami\git\STE-LPC1768-\FreeRTOS_Library\Debug\libFreeRTOS_Library.a(list.o)
                              C:\Users\Sami\git\STE-LPC1768-\FreeRTOS_Library\Debug\libFreeRTOS_Library.a(queue.o) (vListInitialise)
C:\Users\Sami\git\STE-LPC1768-\CMSISv2p00_LPC17xx\Debug\libCMSISv2p00_LPC17xx.a(system_LPC17xx.o)
                              ./cr_startup_lpc17.o (SystemInit)
c:/code_red/redsuite_5.1.2_2065/redsuite/tools/bin/../lib/gcc/arm-none-eabi/4.6.2/../../../../arm-none-eabi/lib/armv7-m\libcr_nohost.a(_cr__main.o)
                              ./cr_startup_lpc17.o (__main)
c:/code_red/redsuite_5.1.2_2065/redsuite/tools/bin/../lib/gcc/arm-none-eabi/4.6.2/../../../../arm-none-eabi/lib/armv7-m\libcr_c.a(memcpy.o)
                              ./webserver/httpd.o (memcpy)
c:/code_red/redsuite_5.1.2_2065/redsuite/tools/bin/../lib/gcc/arm-none-eabi/4.6.2/../../../../arm-none-eabi/lib/armv7-m\libcr_c.a(memset.o)
                              ./webserver/uip_arp.o (memset)
c:/code_red/redsuite_5.1.2_2065/redsuite/tools/bin/../lib/gcc/arm-none-eabi/4.6.2/../../../../arm-none-eabi/lib/armv7-m\libcr_c.a(fpprintf.o)
                              ./webserver/httpd-cgi.o (sprintf)
[...]
Memory Configuration

Name             Origin             Length             Attributes
MFlash512        0x00000000         0x00080000         xr
RamLoc32         0x10000000         0x00008000         xrw
RamAHB32         0x2007c000         0x00008000         xrw
*default*        0x00000000         0xffffffff

Linker script and memory map

LOAD ./webserver/emac.o
LOAD ./webserver/http-strings.o
LOAD ./webserver/httpd-cgi.o
LOAD ./webserver/httpd-fs.o
LOAD ./webserver/httpd.o
LOAD ./webserver/psock.o
LOAD ./webserver/timer.o
LOAD ./webserver/uIP_Task.o
LOAD ./webserver/uip.o
LOAD ./webserver/uip_arp.o
LOAD ./uip_ftp/Connections.o
LOAD ./uip_ftp/FTPD.o
LOAD ./uip_ftp/FTP_Strings.o
LOAD ./uip_ftp/ftp_main.o
LOAD ./driver_source/lpc17xx_adc.o
LOAD ./driver_source/lpc17xx_can.o
LOAD ./driver_source/lpc17xx_clkpwr.o
LOAD ./driver_source/lpc17xx_dac.o
LOAD ./driver_source/lpc17xx_emac.o
LOAD ./driver_source/lpc17xx_gpdma.o
LOAD ./driver_source/lpc17xx_gpio.o
LOAD ./driver_source/lpc17xx_i2c.o
LOAD ./driver_source/lpc17xx_i2s.o
LOAD ./driver_source/lpc17xx_libcfg_default.o
LOAD ./driver_source/lpc17xx_mcpwm.o
LOAD ./driver_source/lpc17xx_nvic.o
LOAD ./driver_source/lpc17xx_pinsel.o
LOAD ./driver_source/lpc17xx_pwm.o
LOAD ./driver_source/lpc17xx_qei.o
LOAD ./driver_source/lpc17xx_rit.o
LOAD ./driver_source/lpc17xx_rtc.o
LOAD ./driver_source/lpc17xx_sd.o
LOAD ./driver_source/lpc17xx_spi.o
LOAD ./driver_source/lpc17xx_ssp.o
LOAD ./driver_source/lpc17xx_timer.o
LOAD ./driver_source/lpc17xx_uart.o
LOAD ./driver_source/lpc17xx_wdt.o
LOAD ./board/app.o
LOAD ./board/board.o
LOAD ./board/half.o
LOAD ./board/lcd_i2c.o
LOAD ./board/sensor.o
LOAD ./Zigbee/.kdbgrc.uart.o
LOAD ./Zigbee/Zigbee_task.o
LOAD ./Zigbee/uart.o
LOAD ./UsbHost/Uart/usbhost_uart.o
LOAD ./UsbHost/MassStorage/usbhost_ms.o
LOAD ./UsbHost/Main/usbhost_main.o
LOAD ./UsbHost/Host/usb_ms_diskio.o
LOAD ./UsbHost/Host/usbhost_lpc17xx.o
LOAD ./LPCUSB/USB_CDC.o
LOAD ./LPCUSB/usbcontrol.o
LOAD ./LPCUSB/usbhw_lpc.o
LOAD ./LPCUSB/usbinit.o
LOAD ./LPCUSB/usbstdreq.o
LOAD ./FatFs/option/cc932.o
LOAD ./FatFs/option/syncobj.o
LOAD ./FatFs/option/syscall.o
LOAD ./FatFs/diskio.o
LOAD ./FatFs/ff.o
LOAD ./AOA/AOA_task.o
LOAD ./AOA/AndroidAccessoryHost.o
LOAD ./LedBlinky.o
LOAD ./cr_startup_lpc17.o
LOAD ./main.o
LOAD ./uart_fullmodem_test.o
LOAD C:\Users\Sami\git\STE-LPC1768-\aes_lib\Debug\libaes_lib.a
LOAD C:\Users\Sami\git\STE-LPC1768-\Lib_AOA\Debug\libLib_AOA.a
LOAD C:\Users\Sami\git\STE-LPC1768-\nxpUSBlib\libnxpUSBlib.a
LOAD C:\Users\Sami\git\STE-LPC1768-\FreeRTOS_Library\Debug\libFreeRTOS_Library.a
LOAD C:\Users\Sami\git\STE-LPC1768-\CMSISv2p00_LPC17xx\Debug\libCMSISv2p00_LPC17xx.a
START GROUP
LOAD c:/code_red/redsuite_5.1.2_2065/redsuite/tools/bin/../lib/gcc/arm-none-eabi/4.6.2/../../../../arm-none-eabi/lib/armv7-m\libcr_nohost.a
LOAD c:/code_red/redsuite_5.1.2_2065/redsuite/tools/bin/../lib/gcc/arm-none-eabi/4.6.2/../../../../arm-none-eabi/lib/armv7-m\libcr_c.a
LOAD c:/code_red/redsuite_5.1.2_2065/redsuite/tools/bin/../lib/gcc/arm-none-eabi/4.6.2/armv7-m\libcr_eabihelpers.a
END GROUP
                0x00080000                __top_MFlash512 = 0x80000
                0x10008000                __top_RamLoc32 = 0x10008000
                0x20084000                __top_RamAHB32 = 0x20084000

.text           0x00000000     0x8ce8
 FILL mask 0xff
 *(.isr_vector)
 .isr_vector    0x00000000       0xcc ./cr_startup_lpc17.o
                0x00000000                g_pfnVectors
                0x000000cc                . = ALIGN (0x4)
                0x000000cc                __section_table_start = .
                0x000000cc                __data_section_table = .
                0x000000cc        0x4 LONG 0x9a00 LOADADDR (.data)
                0x000000d0        0x4 LONG 0x10000000 ADDR (.data)
                0x000000d4        0x4 LONG 0xbc SIZEOF (.data)
                0x000000d8        0x4 LONG 0x8d00 LOADADDR (.data_RAM2)
                0x000000dc        0x4 LONG 0x2007c000 ADDR (.data_RAM2)
                0x000000e0        0x4 LONG 0xd00 SIZEOF (.data_RAM2)
                0x000000e4                __data_section_table_end = .
                0x000000e4                __bss_section_table = .
                0x000000e4        0x4 LONG 0x100000c0 ADDR (.bss)
                0x000000e8        0x4 LONG 0x4478 SIZEOF (.bss)
                0x000000ec        0x4 LONG 0x2007cd00 ADDR (.bss_RAM2)
                0x000000f0        0x4 LONG 0x0 SIZEOF (.bss_RAM2)
                0x000000f4                __bss_section_table_end = .
                0x000000f4                __section_table_end = .
 *(.after_vectors*)
 .after_vectors
                0x000000f4      0x174 ./cr_startup_lpc17.o
                0x000000f4                data_init
                0x00000144                bss_init
                0x00000184                ResetISR
                0x00000218                NMI_Handler
                0x00000220                HardFault_Handler
                0x00000228                MemManage_Handler
                0x00000230                BusFault_Handler
                0x00000238                UsageFault_Handler
                0x00000240                SVCall_Handler
                0x00000248                DebugMon_Handler
                0x00000250                PendSV_Handler
                0x00000260                EINT2_IRQHandler
                0x00000260                EINT3_IRQHandler
                0x00000260                CANActivity_IRQHandler
                0x00000260                TIMER3_IRQHandler
                0x00000260                UART0_IRQHandler
                0x00000260                PWM1_IRQHandler
                0x00000260                USBActivity_IRQHandler
                0x00000260                IntDefaultHandler
                0x00000260                PLL0_IRQHandler
                0x00000260                CAN_IRQHandler
                0x00000260                I2C0_IRQHandler
                0x00000260                I2C1_IRQHandler
                0x00000260                I2S_IRQHandler
                0x00000260                I2C2_IRQHandler
                0x00000260                RTC_IRQHandler
                0x00000260                TIMER0_IRQHandler
                0x00000260                SPI_IRQHandler
                0x00000260                RIT_IRQHandler
                0x00000260                EINT1_IRQHandler
                0x00000260                TIMER1_IRQHandler
                0x00000260                UART2_IRQHandler
                0x00000260                ADC_IRQHandler
                0x00000260                SSP1_IRQHandler
                0x00000260                BOD_IRQHandler
                0x00000260                SSP0_IRQHandler
                0x00000260                WDT_IRQHandler
                0x00000260                QEI_IRQHandler
                0x00000260                EINT0_IRQHandler
                0x00000260                TIMER2_IRQHandler
                0x00000260                DMA_IRQHandler
                0x00000260                PLL1_IRQHandler
                0x00000260                UART3_IRQHandler
                0x00000260                MCPWM_IRQHandler
                0x00000260                ENET_IRQHandler
 *(.text*)
 .text.CLKPWR_SetPCLKDiv
                0x00000268       0xcc ./driver_source/lpc17xx_clkpwr.o
                0x00000268                CLKPWR_SetPCLKDiv
 .text.CLKPWR_GetPCLKSEL
                0x00000334       0x54 ./driver_source/lpc17xx_clkpwr.o
                0x00000334                CLKPWR_GetPCLKSEL
 .text.CLKPWR_GetPCLK
                0x00000388       0x74 ./driver_source/lpc17xx_clkpwr.o
                0x00000388                CLKPWR_GetPCLK
 .text.CLKPWR_ConfigPPWR
                0x000003fc       0x78 ./driver_source/lpc17xx_clkpwr.o
                0x000003fc                CLKPWR_ConfigPPWR
 .text.GPIO_GetPointer
                0x00000474       0x7c ./driver_source/lpc17xx_gpio.o
 .text.GPIO_SetDir
                0x000004f0       0x54 ./driver_source/lpc17xx_gpio.o
                0x000004f0                GPIO_SetDir
 .text.GPIO_SetValue
                0x00000544       0x2c ./driver_source/lpc17xx_gpio.o
                0x00000544                GPIO_SetValue
 .text.GPIO_ClearValue
                0x00000570       0x2c ./driver_source/lpc17xx_gpio.o
                0x00000570                GPIO_ClearValue
 .text.GPIO_ReadValue
                0x0000059c       0x30 ./driver_source/lpc17xx_gpio.o
                0x0000059c                GPIO_ReadValue
 .text.NVIC_EnableIRQ
                0x000005cc       0x38 ./driver_source/lpc17xx_i2c.o
 .text.NVIC_DisableIRQ
                0x00000604       0x3c ./driver_source/lpc17xx_i2c.o
 .text.I2C_getNum
                0x00000640       0x54 ./driver_source/lpc17xx_i2c.o
 .text.I2C_Start
                0x00000694       0x44 ./driver_source/lpc17xx_i2c.o
 .text.I2C_Stop
                0x000006d8       0x38 ./driver_source/lpc17xx_i2c.o
 .text.I2C_SendByte
                0x00000710       0x50 ./driver_source/lpc17xx_i2c.o
 .text.I2C_GetByte
                0x00000760       0x5c ./driver_source/lpc17xx_i2c.o
 .text.I2C_IntCmd
                0x000007bc       0xa8 ./driver_source/lpc17xx_i2c.o
                0x000007bc                I2C_IntCmd
 .text.I2C_MasterHandler
                0x00000864      0x408 ./driver_source/lpc17xx_i2c.o
                0x00000864                I2C_MasterHandler
 .text.I2C_SetClock
                0x00000c6c       0xc8 ./driver_source/lpc17xx_i2c.o
                0x00000c6c                I2C_SetClock
 .text.I2C_Init
                0x00000d34       0xd8 ./driver_source/lpc17xx_i2c.o
                0x00000d34                I2C_Init
 .text.I2C_Cmd  0x00000e0c       0x84 ./driver_source/lpc17xx_i2c.o
                0x00000e0c                I2C_Cmd
 .text.I2C_MasterTransferData
                0x00000e90      0x390 ./driver_source/lpc17xx_i2c.o
                0x00000e90                I2C_MasterTransferData
 .text.check_failed
                0x00001220        0xc ./driver_source/lpc17xx_libcfg_default.o
                0x00001220                check_failed
 .text.PINSEL_SetPinFunc
                0x0000122c       0x9c ./driver_source/lpc17xx_pinsel.o
                0x0000122c                PINSEL_SetPinFunc
 .text.PINSEL_SetResistorMode
                0x000012c8       0x9c ./driver_source/lpc17xx_pinsel.o
                0x000012c8                PINSEL_SetResistorMode
 .text.PINSEL_SetOpenDrainMode
                0x00001364       0x7c ./driver_source/lpc17xx_pinsel.o
                0x00001364                PINSEL_SetOpenDrainMode
 .text.PINSEL_ConfigPin
                0x000013e0       0x54 ./driver_source/lpc17xx_pinsel.o
                0x000013e0                PINSEL_ConfigPin
 .text.SSP_getNum
                0x00001434       0x40 ./driver_source/lpc17xx_ssp.o
 .text.SSP_SetClock
                0x00001474       0xf8 ./driver_source/lpc17xx_ssp.o
                0x00001474                SSP_SetClock
 .text.SSP_Init
                0x0000156c      0x10c ./driver_source/lpc17xx_ssp.o
                0x0000156c                SSP_Init
 .text.SSP_ConfigStructInit
                0x00001678       0x48 ./driver_source/lpc17xx_ssp.o
                0x00001678                SSP_ConfigStructInit
 .text.SSP_Cmd  0x000016c0       0x7c ./driver_source/lpc17xx_ssp.o
                0x000016c0                SSP_Cmd
 .text.SSP_SendData
                0x0000173c       0x48 ./driver_source/lpc17xx_ssp.o
                0x0000173c                SSP_SendData
 .text.SSP_ReceiveData
                0x00001784       0x44 ./driver_source/lpc17xx_ssp.o
                0x00001784                SSP_ReceiveData
 .text.SSP_GetStatus
                0x000017c8       0x84 ./driver_source/lpc17xx_ssp.o
                0x000017c8                SSP_GetStatus
 .text.NVIC_ClearPendingIRQ
                0x0000184c       0x3c ./driver_source/lpc17xx_uart.o
 .text.getUartNum
                0x00001888       0x54 ./driver_source/lpc17xx_uart.o
                0x00001888                getUartNum
 .text.uart_set_divisors
                0x000018dc      0x26c ./driver_source/lpc17xx_uart.o
                0x000018dc                uart_set_divisors
 .text.UART_GenIntHandler
                0x00001b48      0x1c8 ./driver_source/lpc17xx_uart.o
                0x00001b48                UART_GenIntHandler
 .text.UART_Init
                0x00001d10      0x368 ./driver_source/lpc17xx_uart.o
                0x00001d10                UART_Init
 .text.UART_SendData
                0x00002078       0x78 ./driver_source/lpc17xx_uart.o
                0x00002078                UART_SendData
 .text.UART_ReceiveData
                0x000020f0       0x78 ./driver_source/lpc17xx_uart.o
                0x000020f0                UART_ReceiveData
 .text.UART_IntConfig
                0x00002168      0x1c8 ./driver_source/lpc17xx_uart.o
                0x00002168                UART_IntConfig
 .text.UART_TxCmd
                0x00002330       0xe8 ./driver_source/lpc17xx_uart.o
                0x00002330                UART_TxCmd
 .text.UART_Send
                0x00002418      0x10c ./driver_source/lpc17xx_uart.o
                0x00002418                UART_Send
 .text.UART_Receive
                0x00002524       0xd8 ./driver_source/lpc17xx_uart.o
                0x00002524                UART_Receive
 .text.UART_SetupCbs
                0x000025fc       0xb4 ./driver_source/lpc17xx_uart.o
                0x000025fc                UART_SetupCbs
 .text.UART1_StdIntHandler
                0x000026b0       0x1c ./driver_source/lpc17xx_uart.o
                0x000026b0                UART1_StdIntHandler
 *fill*         0x000026cc        0x4 00
 .text.vSensorTask
                0x000026d0      0x260 ./board/app.o
                0x000026d0                vSensorTask
 .text.NVIC_EnableIRQ
                0x00002930       0x38 ./board/board.o
 .text.rxq_put  0x00002968       0xa4 ./board/board.o
 .text.console_uartRecvCb
                0x00002a0c       0x4c ./board/board.o
 .text.console_uart_init
                0x00002a58       0xa8 ./board/board.o
                0x00002a58                console_uart_init
 .text.console_uart_sendString
                0x00002b00       0x30 ./board/board.o
                0x00002b00                console_uart_sendString
 .text.UART1_IRQHandler
                0x00002b30        0xc ./board/board.o
                0x00002b30                UART1_IRQHandler
 .text.lcd_entry
                0x00002b3c       0x34 ./board/lcd_i2c.o
                0x00002b3c                lcd_entry
 .text.LCD_Init
                0x00002b70      0x194 ./board/lcd_i2c.o
                0x00002b70                LCD_Init
 .text.LCD_ClearScreen
                0x00002d04      0x1e0 ./board/lcd_i2c.o
                0x00002d04                LCD_ClearScreen
 .text.LCD_PrintText
                0x00002ee4      0x168 ./board/lcd_i2c.o
                0x00002ee4                LCD_PrintText
 .text.vLCDTask
                0x0000304c       0x24 ./board/lcd_i2c.o
                0x0000304c                vLCDTask
 .text.sensor_spichipselect
                0x00003070       0x5c ./board/sensor.o
 .text.sensor_spiconfigure
                0x000030cc       0x70 ./board/sensor.o
                0x000030cc                sensor_spiconfigure
 .text.sensor_spisend16
                0x0000313c       0xf0 ./board/sensor.o
 .text.sensor_spireceive16
                0x0000322c       0x88 ./board/sensor.o
 .text.sensor_sensorreset
                0x000032b4       0x5c ./board/sensor.o
 .text.sensor_interrupt
                0x00003310       0x78 ./board/sensor.o
 .text.sensor_waitforinterrupt
                0x00003388       0x6c ./board/sensor.o
 .text.sensor_response
                0x000033f4       0x84 ./board/sensor.o
 .text.sensor_printcommanderror
                0x00003478       0x34 ./board/sensor.o
 .text.sensor_sendcommand
                0x000034ac       0x38 ./board/sensor.o
                0x000034ac                sensor_sendcommand
 .text.sensor_active
                0x000034e4       0x70 ./board/sensor.o
                0x000034e4                sensor_active
 .text.sensor_init
                0x00003554       0xa4 ./board/sensor.o
                0x00003554                sensor_init
 .text.EVENT_USB_Host_DeviceAttached
                0x000035f8       0x44 ./AOA/AndroidAccessoryHost.o
                0x000035f8                EVENT_USB_Host_DeviceAttached
 .text.EVENT_USB_Host_DeviceUnattached
                0x0000363c       0x38 ./AOA/AndroidAccessoryHost.o
                0x0000363c                EVENT_USB_Host_DeviceUnattached
 .text.SysTick_Handler
                0x00003674       0x24 ./LedBlinky.o
                0x00003674                SysTick_Handler
 .text.entry_led
                0x00003698       0xa0 ./LedBlinky.o
                0x00003698                entry_led
 .text.vLEDTask
                0x00003738       0x20 ./LedBlinky.o
                0x00003738                vLEDTask
 .text.main     0x00003758       0xfc ./main.o
                0x00003758                main
 .text.vApplicationMallocFailedHook
                0x00003854       0x14 ./main.o
                0x00003854                vApplicationMallocFailedHook
 .text.vApplicationStackOverflowHook
                0x00003868       0x18 ./main.o
                0x00003868                vApplicationStackOverflowHook
 .text.vApplicationIdleHook
                0x00003880        0xc ./main.o
                0x00003880                vApplicationIdleHook
 .text.vApplicationTickHook
                0x0000388c        0xc ./main.o
                0x0000388c                vApplicationTickHook
 .text.Align4k  0x00003898       0x20 C:\Users\Sami\git\STE-LPC1768-\nxpUSBlib\libnxpUSBlib.a(OHCI.o)
 .text.Offset4k
                0x000038b8       0x20 C:\Users\Sami\git\STE-LPC1768-\nxpUSBlib\libnxpUSBlib.a(OHCI.o)
 .text.HcdInitDriver
                0x000038d8       0x5c C:\Users\Sami\git\STE-LPC1768-\nxpUSBlib\libnxpUSBlib.a(OHCI.o)
                0x000038d8                HcdInitDriver
 .text.HcdDeInitDriver
                0x00003934       0x2c C:\Users\Sami\git\STE-LPC1768-\nxpUSBlib\libnxpUSBlib.a(OHCI.o)
                0x00003934                HcdDeInitDriver
 .text.HcdCancelTransfer
                0x00003960      0x134 C:\Users\Sami\git\STE-LPC1768-\nxpUSBlib\libnxpUSBlib.a(OHCI.o)
                0x00003960                HcdCancelTransfer
 .text.HcdClosePipe
                0x00003a94       0x70 C:\Users\Sami\git\STE-LPC1768-\nxpUSBlib\libnxpUSBlib.a(OHCI.o)
                0x00003a94                HcdClosePipe
 .text.OHciRhStatusChangeIsr
                0x00003b04       0x2c C:\Users\Sami\git\STE-LPC1768-\nxpUSBlib\libnxpUSBlib.a(OHCI.o)
 .text.ProcessDoneQueue
                0x00003b30      0x19c C:\Users\Sami\git\STE-LPC1768-\nxpUSBlib\libnxpUSBlib.a(OHCI.o)
 .text.HcdIrqHandler
                0x00003ccc      0x164 C:\Users\Sami\git\STE-LPC1768-\nxpUSBlib\libnxpUSBlib.a(OHCI.o)
                0x00003ccc                HcdIrqHandler
 .text.RemoveEndpoint
                0x00003e30       0x80 C:\Users\Sami\git\STE-LPC1768-\nxpUSBlib\libnxpUSBlib.a(OHCI.o)
 .text.BuildPeriodicStaticEdTree
                0x00003eb0       0x68 C:\Users\Sami\git\STE-LPC1768-\nxpUSBlib\libnxpUSBlib.a(OHCI.o)
 .text.Align16  0x00003f18       0x1c C:\Users\Sami\git\STE-LPC1768-\nxpUSBlib\libnxpUSBlib.a(OHCI.o)
 .text.HcdED    0x00003f34       0x24 C:\Users\Sami\git\STE-LPC1768-\nxpUSBlib\libnxpUSBlib.a(OHCI.o)
 .text.HcdITD   0x00003f58       0x24 C:\Users\Sami\git\STE-LPC1768-\nxpUSBlib\libnxpUSBlib.a(OHCI.o)
 .text.IsIsoEndpoint
                0x00003f7c       0x28 C:\Users\Sami\git\STE-LPC1768-\nxpUSBlib\libnxpUSBlib.a(OHCI.o)
 .text.PipehandleParse
                0x00003fa4       0x5c C:\Users\Sami\git\STE-LPC1768-\nxpUSBlib\libnxpUSBlib.a(OHCI.o)
 .text.FreeED   0x00004000       0x70 C:\Users\Sami\git\STE-LPC1768-\nxpUSBlib\libnxpUSBlib.a(OHCI.o)
 .text.FreeGtd  0x00004070       0x24 C:\Users\Sami\git\STE-LPC1768-\nxpUSBlib\libnxpUSBlib.a(OHCI.o)
 .text.FreeItd  0x00004094       0x28 C:\Users\Sami\git\STE-LPC1768-\nxpUSBlib\libnxpUSBlib.a(OHCI.o)
 .text.OHciHostInit
                0x000040bc      0x19c C:\Users\Sami\git\STE-LPC1768-\nxpUSBlib\libnxpUSBlib.a(OHCI.o)
 .text.OHciHostReset
                0x00004258       0x40 C:\Users\Sami\git\STE-LPC1768-\nxpUSBlib\libnxpUSBlib.a(OHCI.o)
 .text.OHciHostOperational
                0x00004298       0x38 C:\Users\Sami\git\STE-LPC1768-\nxpUSBlib\libnxpUSBlib.a(OHCI.o)
 .text.USB_Host_Enumerate
                0x000042d0       0x2c C:\Users\Sami\git\STE-LPC1768-\nxpUSBlib\libnxpUSBlib.a(Host_LPC.o)
                0x000042d0                USB_Host_Enumerate
 .text.USB_Host_DeEnumerate
                0x000042fc       0x78 C:\Users\Sami\git\STE-LPC1768-\nxpUSBlib\libnxpUSBlib.a(Host_LPC.o)
                0x000042fc                USB_Host_DeEnumerate
 .text.Pipe_ClosePipe
                0x00004374       0xc4 C:\Users\Sami\git\STE-LPC1768-\nxpUSBlib\libnxpUSBlib.a(Pipe_LPC.o)
                0x00004374                Pipe_ClosePipe
 .text.USB_Init
                0x00004438       0x4c C:\Users\Sami\git\STE-LPC1768-\nxpUSBlib\libnxpUSBlib.a(USBController_LPC.o)
                0x00004438                USB_Init
 .text.USB_ResetInterface
                0x00004484       0x1c C:\Users\Sami\git\STE-LPC1768-\nxpUSBlib\libnxpUSBlib.a(USBController_LPC.o)
                0x00004484                USB_ResetInterface
 .text.USB_Init_Host
                0x000044a0       0x80 C:\Users\Sami\git\STE-LPC1768-\nxpUSBlib\libnxpUSBlib.a(USBController_LPC.o)
 .text.USB_Memory_Init
                0x00004520       0x54 C:\Users\Sami\git\STE-LPC1768-\nxpUSBlib\libnxpUSBlib.a(USBMemory.o)
                0x00004520                USB_Memory_Init
 .text.USB_Memory_Free
                0x00004574      0x174 C:\Users\Sami\git\STE-LPC1768-\nxpUSBlib\libnxpUSBlib.a(USBMemory.o)
                0x00004574                USB_Memory_Free
 .text.NVIC_EnableIRQ
                0x000046e8       0x38 C:\Users\Sami\git\STE-LPC1768-\nxpUSBlib\libnxpUSBlib.a(HAL_LPC17xx.o)
 .text.HAL_USBInit
                0x00004720       0x90 C:\Users\Sami\git\STE-LPC1768-\nxpUSBlib\libnxpUSBlib.a(HAL_LPC17xx.o)
                0x00004720                HAL_USBInit
 .text.HAL_EnableUSBInterrupt
                0x000047b0       0x1c C:\Users\Sami\git\STE-LPC1768-\nxpUSBlib\libnxpUSBlib.a(HAL_LPC17xx.o)
                0x000047b0                HAL_EnableUSBInterrupt
 .text.USB_IRQHandler
                0x000047cc       0x10 C:\Users\Sami\git\STE-LPC1768-\nxpUSBlib\libnxpUSBlib.a(HAL_LPC17xx.o)
                0x000047cc                USB_IRQHandler
 .text          0x000047dc      0x150 C:\Users\Sami\git\STE-LPC1768-\FreeRTOS_Library\Debug\libFreeRTOS_Library.a(port.o)
                0x000047dc                pxPortInitialiseStack
                0x000047fc                vPortSVCHandler
                0x0000481c                vPortStartFirstTask
                0x00004828                xPortStartScheduler
                0x0000487c                vPortEndScheduler
                0x00004880                vPortYieldFromISR
                0x00004890                vPortEnterCritical
                0x000048a8                vPortExitCritical
                0x000048c0                xPortPendSVHandler
                0x000048fc                xPortSysTickHandler
 .text          0x0000492c      0xac0 C:\Users\Sami\git\STE-LPC1768-\FreeRTOS_Library\Debug\libFreeRTOS_Library.a(tasks.o)
                0x0000492c                xTaskGenericCreate
                0x00004ae0                vTaskDelete
                0x00004b48                uxTaskPriorityGet
                0x00004b70                vTaskPrioritySet
                0x00004c18                xTaskIsTaskSuspended
                0x00004c40                vTaskResume
                0x00004ca4                xTaskResumeFromISR
                0x00004d10                vTaskStartScheduler
                0x00004d5c                vTaskEndScheduler
                0x00004d78                vTaskSuspendAll
                0x00004d8c                xTaskGetTickCount
                0x00004da8                xTaskGetTickCountFromISR
                0x00004db8                uxTaskGetNumberOfTasks
                0x00004dc4                vTaskIncrementTick
                0x00004e80                xTaskResumeAll
                0x00004fcc                vTaskDelay
                0x0000501c                vTaskDelayUntil
                0x00005098                vTaskSwitchContext
                0x00005154                vTaskSuspend
                0x000051b8                vTaskPlaceOnEventList
                0x0000521c                xTaskRemoveFromEventList
                0x00005284                vTaskSetTimeOutState
                0x0000529c                xTaskCheckForTimeOut
                0x00005320                vTaskMissedYield
                0x00005330                xTaskGetCurrentTaskHandle
                0x0000533c                vTaskPriorityInherit
                0x000053a0                vTaskPriorityDisinherit
 .text          0x000053ec      0x11c C:\Users\Sami\git\STE-LPC1768-\FreeRTOS_Library\Debug\libFreeRTOS_Library.a(heap_2.o)
                0x000053ec                pvPortMalloc
                0x000054b0                vPortFree
                0x000054f4                xPortGetFreeHeapSize
                0x00005504                vPortInitialiseBlocks
 .text          0x00005508       0x98 C:\Users\Sami\git\STE-LPC1768-\FreeRTOS_Library\Debug\libFreeRTOS_Library.a(list.o)
                0x00005508                vListInitialise
                0x00005520                vListInitialiseItem
                0x00005528                vListInsertEnd
                0x00005544                vListInsert
                0x0000557c                vListRemove
 .text.SystemInit
                0x000055a0       0xe4 C:\Users\Sami\git\STE-LPC1768-\CMSISv2p00_LPC17xx\Debug\libCMSISv2p00_LPC17xx.a(system_LPC17xx.o)
                0x000055a0                SystemInit
 .text.__main   0x00005684       0x14 c:/code_red/redsuite_5.1.2_2065/redsuite/tools/bin/../lib/gcc/arm-none-eabi/4.6.2/../../../../arm-none-eabi/lib/armv7-m\libcr_nohost.a(_cr__main.o)
                0x00005684                __main
 .text.memset   0x00005698        0x4 c:/code_red/redsuite_5.1.2_2065/redsuite/tools/bin/../lib/gcc/arm-none-eabi/4.6.2/../../../../arm-none-eabi/lib/armv7-m\libcr_c.a(memset.o)
                0x00005698                memset
 .text.lose_trailing_zeros
                0x0000569c       0x1e c:/code_red/redsuite_5.1.2_2065/redsuite/tools/bin/../lib/gcc/arm-none-eabi/4.6.2/../../../../arm-none-eabi/lib/armv7-m\libcr_c.a(fpprintf.o)
 .text.fp_round
                0x000056ba       0x54 c:/code_red/redsuite_5.1.2_2065/redsuite/tools/bin/../lib/gcc/arm-none-eabi/4.6.2/../../../../arm-none-eabi/lib/armv7-m\libcr_c.a(fpprintf.o)
 .text.pr_dec.constprop.1
                0x0000570e       0x22 c:/code_red/redsuite_5.1.2_2065/redsuite/tools/bin/../lib/gcc/arm-none-eabi/4.6.2/../../../../arm-none-eabi/lib/armv7-m\libcr_c.a(fpprintf.o)
 .text.sprintf  0x00005730       0x70 c:/code_red/redsuite_5.1.2_2065/redsuite/tools/bin/../lib/gcc/arm-none-eabi/4.6.2/../../../../arm-none-eabi/lib/armv7-m\libcr_c.a(fpprintf.o)
                0x00005730                sprintf
 .text.fp_display
                0x000057a0      0x908 c:/code_red/redsuite_5.1.2_2065/redsuite/tools/bin/../lib/gcc/arm-none-eabi/4.6.2/../../../../arm-none-eabi/lib/armv7-m\libcr_c.a(fpprintf.o)
 .text._initio  0x000060a8       0x9c c:/code_red/redsuite_5.1.2_2065/redsuite/tools/bin/../lib/gcc/arm-none-eabi/4.6.2/../../../../arm-none-eabi/lib/armv7-m\libcr_c.a(initio.o)
                0x000060a8                _initio
 .text.memcmp   0x00006144       0x38 c:/code_red/redsuite_5.1.2_2065/redsuite/tools/bin/../lib/gcc/arm-none-eabi/4.6.2/../../../../arm-none-eabi/lib/armv7-m\libcr_c.a(memcmp.o)
                0x00006144                memcmp
 .text.__vfprintf
                0x0000617c      0xd54 c:/code_red/redsuite_5.1.2_2065/redsuite/tools/bin/../lib/gcc/arm-none-eabi/4.6.2/../../../../arm-none-eabi/lib/armv7-m\libcr_c.a(printf.o)
                0x0000617c                __vfprintf
 .text.setvbuf  0x00006ed0       0x48 c:/code_red/redsuite_5.1.2_2065/redsuite/tools/bin/../lib/gcc/arm-none-eabi/4.6.2/../../../../arm-none-eabi/lib/armv7-m\libcr_c.a(setvbuf.o)
                0x00006ed0                setvbuf
 .text.strlen   0x00006f18       0x4c c:/code_red/redsuite_5.1.2_2065/redsuite/tools/bin/../lib/gcc/arm-none-eabi/4.6.2/../../../../arm-none-eabi/lib/armv7-m\libcr_c.a(strlen.o)
                0x00006f18                strlen
 .text.strncpy  0x00006f64       0x54 c:/code_red/redsuite_5.1.2_2065/redsuite/tools/bin/../lib/gcc/arm-none-eabi/4.6.2/../../../../arm-none-eabi/lib/armv7-m\libcr_c.a(strncpy.o)
                0x00006f64                strncpy
 .text._deferredlazyseek
                0x00006fb8       0x44 c:/code_red/redsuite_5.1.2_2065/redsuite/tools/bin/../lib/gcc/arm-none-eabi/4.6.2/../../../../arm-none-eabi/lib/armv7-m\libcr_c.a(_deferredlazyseek.o)
                0x00006fb8                _deferredlazyseek
 .text.__flsbuf
                0x00006ffc      0x14e c:/code_red/redsuite_5.1.2_2065/redsuite/tools/bin/../lib/gcc/arm-none-eabi/4.6.2/../../../../arm-none-eabi/lib/armv7-m\libcr_c.a(_deferredlazyseek.o)
                0x00006ffc                __flsbuf
 .text._fdopen  0x0000714a       0x6c c:/code_red/redsuite_5.1.2_2065/redsuite/tools/bin/../lib/gcc/arm-none-eabi/4.6.2/../../../../arm-none-eabi/lib/armv7-m\libcr_c.a(_fdopen.o)
                0x0000714a                _fdopen
 .text._fflush  0x000071b6       0x58 c:/code_red/redsuite_5.1.2_2065/redsuite/tools/bin/../lib/gcc/arm-none-eabi/4.6.2/../../../../arm-none-eabi/lib/armv7-m\libcr_c.a(_fflush.o)
                0x000071b6                _fflush
 .text._frexpl  0x0000720e       0x60 c:/code_red/redsuite_5.1.2_2065/redsuite/tools/bin/../lib/gcc/arm-none-eabi/4.6.2/../../../../arm-none-eabi/lib/armv7-m\libcr_c.a(_frexpl.o)
                0x0000720e                _frexpl
 *fill*         0x0000726e        0x2 00
 .text._ldexpl  0x00007270       0x50 c:/code_red/redsuite_5.1.2_2065/redsuite/tools/bin/../lib/gcc/arm-none-eabi/4.6.2/../../../../arm-none-eabi/lib/armv7-m\libcr_c.a(_ldexpl.o)
                0x00007270                _ldexpl
 .text._Cwritebuf
                0x000072c0       0x84 c:/code_red/redsuite_5.1.2_2065/redsuite/tools/bin/../lib/gcc/arm-none-eabi/4.6.2/../../../../arm-none-eabi/lib/armv7-m\libcr_c.a(_writebuf.o)
                0x000072c0                _Cwritebuf
 .text.malloc   0x00007344       0xbc c:/code_red/redsuite_5.1.2_2065/redsuite/tools/bin/../lib/gcc/arm-none-eabi/4.6.2/../../../../arm-none-eabi/lib/armv7-m\libcr_c.a(alloc.o)
                0x00007344                malloc
 .text.free     0x00007400        0xa c:/code_red/redsuite_5.1.2_2065/redsuite/tools/bin/../lib/gcc/arm-none-eabi/4.6.2/../../../../arm-none-eabi/lib/armv7-m\libcr_c.a(alloc.o)
                0x00007400                free
 *fill*         0x0000740a        0x2 00
 .text._Csys_alloc
                0x0000740c       0x20 c:/code_red/redsuite_5.1.2_2065/redsuite/tools/bin/../lib/gcc/arm-none-eabi/4.6.2/../../../../arm-none-eabi/lib/armv7-m\libcr_c.a(alloc.o)
                0x0000740c                _Csys_alloc
 .text.fclose   0x0000742c       0x6c c:/code_red/redsuite_5.1.2_2065/redsuite/tools/bin/../lib/gcc/arm-none-eabi/4.6.2/../../../../arm-none-eabi/lib/armv7-m\libcr_c.a(fclose.o)
                0x0000742c                fclose
 .text.fflush   0x00007498       0x34 c:/code_red/redsuite_5.1.2_2065/redsuite/tools/bin/../lib/gcc/arm-none-eabi/4.6.2/../../../../arm-none-eabi/lib/armv7-m\libcr_c.a(fflush.o)
                0x00007498                fflush
 .text.fseek    0x000074cc      0x104 c:/code_red/redsuite_5.1.2_2065/redsuite/tools/bin/../lib/gcc/arm-none-eabi/4.6.2/../../../../arm-none-eabi/lib/armv7-m\libcr_c.a(fseek.o)
                0x000074cc                fseek
 .text.ftell    0x000075d0       0x4c c:/code_red/redsuite_5.1.2_2065/redsuite/tools/bin/../lib/gcc/arm-none-eabi/4.6.2/../../../../arm-none-eabi/lib/armv7-m\libcr_c.a(ftell.o)
                0x000075d0                ftell
 .text.remove   0x0000761c       0x14 c:/code_red/redsuite_5.1.2_2065/redsuite/tools/bin/../lib/gcc/arm-none-eabi/4.6.2/../../../../arm-none-eabi/lib/armv7-m\libcr_c.a(remove.o)
                0x0000761c                remove
 .text._do_fflush
                0x00007630       0x42 c:/code_red/redsuite_5.1.2_2065/redsuite/tools/bin/../lib/gcc/arm-none-eabi/4.6.2/../../../../arm-none-eabi/lib/armv7-m\libcr_c.a(_do_fflush.o)
                0x00007630                _do_fflush
 *fill*         0x00007672        0x2 00
 .text.__aeabi_dmul
                0x00007674      0x138 c:/code_red/redsuite_5.1.2_2065/redsuite/tools/bin/../lib/gcc/arm-none-eabi/4.6.2/armv7-m\libcr_eabihelpers.a(double.o)
                0x00007674                __aeabi_dmul
 .text.__aeabi_ddiv
                0x000077ac      0x168 c:/code_red/redsuite_5.1.2_2065/redsuite/tools/bin/../lib/gcc/arm-none-eabi/4.6.2/armv7-m\libcr_eabihelpers.a(double.o)
                0x000077ac                __aeabi_ddiv
 .text.__aeabi_dsub
                0x00007914      0x1f4 c:/code_red/redsuite_5.1.2_2065/redsuite/tools/bin/../lib/gcc/arm-none-eabi/4.6.2/armv7-m\libcr_eabihelpers.a(double.o)
                0x00007914                __aeabi_dsub
 .text.__aeabi_dadd
                0x00007b08      0x154 c:/code_red/redsuite_5.1.2_2065/redsuite/tools/bin/../lib/gcc/arm-none-eabi/4.6.2/armv7-m\libcr_eabihelpers.a(double.o)
                0x00007b08                __aeabi_dadd
 .text.__aeabi_d2f
                0x00007c5c       0x58 c:/code_red/redsuite_5.1.2_2065/redsuite/tools/bin/../lib/gcc/arm-none-eabi/4.6.2/armv7-m\libcr_eabihelpers.a(double.o)
                0x00007c5c                __aeabi_d2f
 .text.__aeabi_d2iz
                0x00007cb4       0x40 c:/code_red/redsuite_5.1.2_2065/redsuite/tools/bin/../lib/gcc/arm-none-eabi/4.6.2/armv7-m\libcr_eabihelpers.a(double.o)
                0x00007cb4                __aeabi_d2iz
 .text.__bhs_ui2d
                0x00007cf4       0x5c c:/code_red/redsuite_5.1.2_2065/redsuite/tools/bin/../lib/gcc/arm-none-eabi/4.6.2/armv7-m\libcr_eabihelpers.a(double.o)
                0x00007cf4                __bhs_ui2d
 .text.__aeabi_i2d
                0x00007d50       0x10 c:/code_red/redsuite_5.1.2_2065/redsuite/tools/bin/../lib/gcc/arm-none-eabi/4.6.2/armv7-m\libcr_eabihelpers.a(double.o)
                0x00007d50                __aeabi_i2d
 .text.__aeabi_dcmpeq
                0x00007d60       0x3c c:/code_red/redsuite_5.1.2_2065/redsuite/tools/bin/../lib/gcc/arm-none-eabi/4.6.2/armv7-m\libcr_eabihelpers.a(double.o)
                0x00007d60                __aeabi_dcmpeq
 .text.__aeabi_dcmplt
                0x00007d9c       0x5c c:/code_red/redsuite_5.1.2_2065/redsuite/tools/bin/../lib/gcc/arm-none-eabi/4.6.2/armv7-m\libcr_eabihelpers.a(double.o)
                0x00007d9c                __aeabi_dcmplt
 .text.__aeabi_dcmple
                0x00007df8       0x58 c:/code_red/redsuite_5.1.2_2065/redsuite/tools/bin/../lib/gcc/arm-none-eabi/4.6.2/armv7-m\libcr_eabihelpers.a(double.o)
                0x00007df8                __aeabi_dcmple
 .text.__aeabi_dcmpge
                0x00007e50       0x5c c:/code_red/redsuite_5.1.2_2065/redsuite/tools/bin/../lib/gcc/arm-none-eabi/4.6.2/armv7-m\libcr_eabihelpers.a(double.o)
                0x00007e50                __aeabi_dcmpge
 .text.__aeabi_fmul
                0x00007eac       0xc0 c:/code_red/redsuite_5.1.2_2065/redsuite/tools/bin/../lib/gcc/arm-none-eabi/4.6.2/armv7-m\libcr_eabihelpers.a(float.o)
                0x00007eac                __aeabi_fmul
 .text.__aeabi_fdiv
                0x00007f6c       0xc4 c:/code_red/redsuite_5.1.2_2065/redsuite/tools/bin/../lib/gcc/arm-none-eabi/4.6.2/armv7-m\libcr_eabihelpers.a(float.o)
                0x00007f6c                __aeabi_fdiv
 .text.__aeabi_fsub
                0x00008030       0xe8 c:/code_red/redsuite_5.1.2_2065/redsuite/tools/bin/../lib/gcc/arm-none-eabi/4.6.2/armv7-m\libcr_eabihelpers.a(float.o)
                0x00008030                __aeabi_fsub
 .text.__aeabi_fadd
                0x00008118       0xa4 c:/code_red/redsuite_5.1.2_2065/redsuite/tools/bin/../lib/gcc/arm-none-eabi/4.6.2/armv7-m\libcr_eabihelpers.a(float.o)
                0x00008118                __aeabi_fadd
 .text.__bhs_ui2f
                0x000081bc       0x28 c:/code_red/redsuite_5.1.2_2065/redsuite/tools/bin/../lib/gcc/arm-none-eabi/4.6.2/armv7-m\libcr_eabihelpers.a(float.o)
                0x000081bc                __bhs_ui2f
 .text.__aeabi_i2f
                0x000081e4       0x10 c:/code_red/redsuite_5.1.2_2065/redsuite/tools/bin/../lib/gcc/arm-none-eabi/4.6.2/armv7-m\libcr_eabihelpers.a(float.o)
                0x000081e4                __aeabi_i2f
 .text.__aeabi_f2d
                0x000081f4       0x3c c:/code_red/redsuite_5.1.2_2065/redsuite/tools/bin/../lib/gcc/arm-none-eabi/4.6.2/armv7-m\libcr_eabihelpers.a(float.o)
                0x000081f4                __aeabi_f2d
 .text.__aeabi_memset_lowlevel
                0x00008230       0x24 c:/code_red/redsuite_5.1.2_2065/redsuite/tools/bin/../lib/gcc/arm-none-eabi/4.6.2/armv7-m\libcr_eabihelpers.a(memcpy.o)
                0x00008230                __aeabi_lowlevel_memset
 .text.__sys_appexit
                0x00008254        0x2 c:/code_red/redsuite_5.1.2_2065/redsuite/tools/bin/../lib/gcc/arm-none-eabi/4.6.2/../../../../arm-none-eabi/lib/armv7-m\libcr_nohost.a(__sys_appexit.o)
                0x00008254                __sys_appexit
                0x00008254                __exit
 .text.__sys_close
                0x00008256        0x6 c:/code_red/redsuite_5.1.2_2065/redsuite/tools/bin/../lib/gcc/arm-none-eabi/4.6.2/../../../../arm-none-eabi/lib/armv7-m\libcr_nohost.a(__sys_close.o)
                0x00008256                __sys_close
 .text.__sys_flen
                0x0000825c        0x6 c:/code_red/redsuite_5.1.2_2065/redsuite/tools/bin/../lib/gcc/arm-none-eabi/4.6.2/../../../../arm-none-eabi/lib/armv7-m\libcr_nohost.a(__sys_flen.o)
                0x0000825c                __sys_flen
 .text.__sys_istty
                0x00008262        0x6 c:/code_red/redsuite_5.1.2_2065/redsuite/tools/bin/../lib/gcc/arm-none-eabi/4.6.2/../../../../arm-none-eabi/lib/armv7-m\libcr_nohost.a(__sys_istty.o)
                0x00008262                __sys_istty
 .text.__sys_remove
                0x00008268        0x6 c:/code_red/redsuite_5.1.2_2065/redsuite/tools/bin/../lib/gcc/arm-none-eabi/4.6.2/../../../../arm-none-eabi/lib/armv7-m\libcr_nohost.a(__sys_remove.o)
                0x00008268                __sys_remove
 .text.__sys_seek
                0x0000826e        0x6 c:/code_red/redsuite_5.1.2_2065/redsuite/tools/bin/../lib/gcc/arm-none-eabi/4.6.2/../../../../arm-none-eabi/lib/armv7-m\libcr_nohost.a(__sys_seek.o)
                0x0000826e                __sys_seek
 .text.__sys_tmpnam
                0x00008274        0x6 c:/code_red/redsuite_5.1.2_2065/redsuite/tools/bin/../lib/gcc/arm-none-eabi/4.6.2/../../../../arm-none-eabi/lib/armv7-m\libcr_nohost.a(__sys_tmpnam.o)
                0x00008274                __sys_tmpnam
 .text.__sys_write
                0x0000827a        0x4 c:/code_red/redsuite_5.1.2_2065/redsuite/tools/bin/../lib/gcc/arm-none-eabi/4.6.2/../../../../arm-none-eabi/lib/armv7-m\libcr_nohost.a(__sys_write.o)
                0x0000827a                __sys_write
                0x0000827a                __write
 *fill*         0x0000827e        0x2 00
 .text._sbrk    0x00008280       0x40 c:/code_red/redsuite_5.1.2_2065/redsuite/tools/bin/../lib/gcc/arm-none-eabi/4.6.2/../../../../arm-none-eabi/lib/armv7-m\libcr_nohost.a(_cr_sbrk.o)
                0x00008280                _sbrk
 .text.__check_heap_overflow
                0x000082c0       0x2c c:/code_red/redsuite_5.1.2_2065/redsuite/tools/bin/../lib/gcc/arm-none-eabi/4.6.2/../../../../arm-none-eabi/lib/armv7-m\libcr_nohost.a(_cr_check_heap.o)
                0x000082c0                __check_heap_overflow
 *(.rodata .rodata.*)
 .rodata        0x000082ec       0x20 ./driver_source/lpc17xx_i2c.o
 .rodata        0x0000830c       0x20 ./driver_source/lpc17xx_ssp.o
 .rodata        0x0000832c       0x20 ./driver_source/lpc17xx_uart.o
 .rodata        0x0000834c       0xd4 ./board/app.o
 .rodata        0x00008420       0x1c ./board/lcd_i2c.o
 .rodata        0x0000843c      0x360 ./board/sensor.o
 .rodata        0x0000879c      0x354 ./AOA/AndroidAccessoryHost.o
 .rodata        0x00008af0       0x20 ./LedBlinky.o
                0x00008af0                led_mask
 .rodata        0x00008b10      0x130 ./main.o
 .rodata        0x00008c40       0x14 C:\Users\Sami\git\STE-LPC1768-\FreeRTOS_Library\Debug\libFreeRTOS_Library.a(tasks.o)
 .rodata.str1.4
                0x00008c54        0x8 C:\Users\Sami\git\STE-LPC1768-\FreeRTOS_Library\Debug\libFreeRTOS_Library.a(tasks.o)
 .rodata.str1.1
                0x00008c5c       0x34 c:/code_red/redsuite_5.1.2_2065/redsuite/tools/bin/../lib/gcc/arm-none-eabi/4.6.2/../../../../arm-none-eabi/lib/armv7-m\libcr_c.a(fpprintf.o)
                                 0x35 (size before relaxing)
 .rodata.str1.1
                0x00008c90        0x4 c:/code_red/redsuite_5.1.2_2065/redsuite/tools/bin/../lib/gcc/arm-none-eabi/4.6.2/../../../../arm-none-eabi/lib/armv7-m\libcr_c.a(initio.o)
 .rodata.str1.1
                0x00008c94       0x31 c:/code_red/redsuite_5.1.2_2065/redsuite/tools/bin/../lib/gcc/arm-none-eabi/4.6.2/../../../../arm-none-eabi/lib/armv7-m\libcr_c.a(printf.o)
                                 0x38 (size before relaxing)
 *fill*         0x00008cc5        0x3 00
 .rodata.__huge_vall
                0x00008cc8        0x8 c:/code_red/redsuite_5.1.2_2065/redsuite/tools/bin/../lib/gcc/arm-none-eabi/4.6.2/../../../../arm-none-eabi/lib/armv7-m\libcr_c.a(_hugeval.o)
                0x00008cc8                __huge_vall
 .rodata.str1.1
                0x00008cd0       0x18 c:/code_red/redsuite_5.1.2_2065/redsuite/tools/bin/../lib/gcc/arm-none-eabi/4.6.2/../../../../arm-none-eabi/lib/armv7-m\libcr_c.a(alloc.o)
                0x00008ce8                . = ALIGN (0x4)

.glue_7         0x00008ce8        0x0
 .glue_7        0x00000000        0x0 linker stubs

.glue_7t        0x00008ce8        0x0
 .glue_7t       0x00000000        0x0 linker stubs

.vfp11_veneer   0x00008ce8        0x0
 .vfp11_veneer  0x00000000        0x0 linker stubs

.v4_bx          0x00008ce8        0x0
 .v4_bx         0x00000000        0x0 linker stubs

.ARM.extab
 *(.ARM.extab* .gnu.linkonce.armextab.*)
                0x00008ce8                __exidx_start = .

.ARM.exidx
 *(.ARM.exidx* .gnu.linkonce.armexidx.*)
                0x00008ce8                __exidx_end = .
                0x00008ce8                _etext = .

.data_RAM2      0x2007c000      0xd00 load address 0x00008d00
 FILL mask 0xff
 *(.data.$RAM2*)
 .data.$RAM2    0x2007c000      0x500 C:\Users\Sami\git\STE-LPC1768-\nxpUSBlib\libnxpUSBlib.a(OHCI.o)
                0x2007c000                ohci_data
 .data.$RAM2    0x2007c500      0x800 C:\Users\Sami\git\STE-LPC1768-\nxpUSBlib\libnxpUSBlib.a(USBMemory.o)
 *(.data.$RamAHB32*)
                0x2007cd00                . = ALIGN (0x4)

.uninit_RESERVED
 *(.bss.$RESERVED*)

.data           0x10000000       0xbc load address 0x00009a00
 FILL mask 0xff
                0x10000000                _data = .
 *(vtable)
 *(.data*)
 .data          0x10000000       0xb0 ./board/sensor.o
                0x10000000                mode
                0x10000004                defaultm
                0x10000010                integrationtime
                0x10000030                if2h
                0x1000004c                if2n
                0x10000068                if1h
                0x10000084                if1n
 .data          0x100000b0        0x2 ./AOA/AndroidAccessoryHost.o
 *fill*         0x100000b2        0x2 00
 .data          0x100000b4        0x4 C:\Users\Sami\git\STE-LPC1768-\FreeRTOS_Library\Debug\libFreeRTOS_Library.a(port.o)
 .data.SystemCoreClock
                0x100000b8        0x4 C:\Users\Sami\git\STE-LPC1768-\CMSISv2p00_LPC17xx\Debug\libCMSISv2p00_LPC17xx.a(system_LPC17xx.o)
                0x100000b8                SystemCoreClock
                0x100000bc                . = ALIGN (0x4)
                0x100000bc                _edata = .

.bss_RAM2       0x2007cd00        0x0
 *(.bss.$RAM2*)
 *(.bss.$RamAHB32*)
                0x2007cd00                . = ALIGN (0x4)

.bss            0x100000c0     0x4478
                0x100000c0                _bss = .
 *(.bss*)
 .bss           0x100000c0       0x24 ./driver_source/lpc17xx_i2c.o
 .bss           0x100000e4       0x18 ./driver_source/lpc17xx_ssp.o
 .bss           0x100000fc       0x44 ./driver_source/lpc17xx_uart.o
                0x100000fc                uartCbsDat
                0x1000013c                pfnModemCbs
 .bss           0x10000140      0x204 ./board/board.o
 .bss           0x10000344       0x40 ./board/sensor.o
                0x10000344                ldo_ovr
                0x10000348                factory_status
                0x10000374                CalibRead
 .bss           0x10000384      0x108 ./AOA/AndroidAccessoryHost.o
 .bss           0x1000048c      0x100 C:\Users\Sami\git\STE-LPC1768-\FreeRTOS_Library\Debug\libFreeRTOS_Library.a(tasks.o)
                0x10000490                pxCurrentTCB
 *fill*         0x1000058c        0x4 00
 .bss           0x10000590     0x3c20 C:\Users\Sami\git\STE-LPC1768-\FreeRTOS_Library\Debug\libFreeRTOS_Library.a(heap_2.o)
 .bss.errno     0x100041b0        0x4 c:/code_red/redsuite_5.1.2_2065/redsuite/tools/bin/../lib/gcc/arm-none-eabi/4.6.2/../../../../arm-none-eabi/lib/armv7-m\libcr_c.a(errno.o)
                0x100041b0                errno
 *(COMMON)
 COMMON         0x100041b4      0x148 ./board/app.o
                0x100041b4                raw_temp_data
                0x100041b8                humidity
                0x100041bc                uart_message_in
                0x100042c0                als
                0x100042c4                raw_rh_data
                0x100042c8                raw_als_data
                0x100042cc                CurAlsSensor
                0x100042d0                buf
                0x100042f8                CurRhSensor
 COMMON         0x100042fc       0x51 ./board/lcd_i2c.o
                0x100042fc                transferMCfg
                0x10004328                master_test
                0x1000432c                Master_Buf
 *fill*         0x1000434d        0x3 00
 COMMON         0x10004350        0x4 ./LedBlinky.o
                0x10004350                SysTickCnt
 COMMON         0x10004354        0x1 C:\Users\Sami\git\STE-LPC1768-\nxpUSBlib\libnxpUSBlib.a(Host_LPC.o)
                0x10004354                USB_Host_ControlPipeSize
 *fill*         0x10004355        0x3 00
 COMMON         0x10004358       0x89 C:\Users\Sami\git\STE-LPC1768-\nxpUSBlib\libnxpUSBlib.a(Pipe_LPC.o)
                0x10004358                hostportspeed
                0x1000435c                PipeInfo
                0x100043dc                hostselected
                0x100043e0                pipeselected
 COMMON         0x100043e1        0x1 C:\Users\Sami\git\STE-LPC1768-\nxpUSBlib\libnxpUSBlib.a(USBController_LPC.o)
                0x100043e1                USBPortNum
 *fill*         0x100043e2        0x2 00
 COMMON         0x100043e4        0x5 C:\Users\Sami\git\STE-LPC1768-\nxpUSBlib\libnxpUSBlib.a(USBTask.o)
                0x100043e4                USB_IsInitialized
                0x100043e8                USB_HostState
 *fill*         0x100043e9        0x3 00
 COMMON         0x100043ec        0x4 c:/code_red/redsuite_5.1.2_2065/redsuite/tools/bin/../lib/gcc/arm-none-eabi/4.6.2/../../../../arm-none-eabi/lib/armv7-m\libcr_c.a(initio.o)
                0x100043ec                _extra
 COMMON         0x100043f0      0x140 c:/code_red/redsuite_5.1.2_2065/redsuite/tools/bin/../lib/gcc/arm-none-eabi/4.6.2/../../../../arm-none-eabi/lib/armv7-m\libcr_c.a(stdio.o)
                0x100043f0                __Ciob
 COMMON         0x10004530        0x8 c:/code_red/redsuite_5.1.2_2065/redsuite/tools/bin/../lib/gcc/arm-none-eabi/4.6.2/../../../../arm-none-eabi/lib/armv7-m\libcr_c.a(__init_alloc.o)
                0x10004530                __heaps
                0x10004534                __end_of_heap
                0x10004538                . = ALIGN (0x4)
                0x10004538                _ebss = .
                0x10004538                PROVIDE (end, .)
                0x10004538                PROVIDE (_pvHeapStart, .)
                0x10008000                PROVIDE (_vStackTop, (__top_RamLoc32 - 0x0))
OUTPUT(My_Example_With_Drivers.axf elf32-littlearm)

.debug_info     0x00000000    0x2ff8b
 .debug_info    0x00000000      0xc72 ./webserver/emac.o
 .debug_info    0x00000c72      0x446 ./webserver/http-strings.o
 .debug_info    0x000010b8      0xd89 ./webserver/httpd-cgi.o
 .debug_info    0x00001e41      0x525 ./webserver/httpd-fs.o
 .debug_info    0x00002366      0xaa8 ./webserver/httpd.o
 .debug_info    0x00002e0e      0x8d0 ./webserver/psock.o
 .debug_info    0x000036de      0x18b ./webserver/timer.o
 .debug_info    0x00003869     0x1420 ./webserver/uIP_Task.o
 .debug_info    0x00004c89      0xfcd ./webserver/uip.o
 .debug_info    0x00005c56      0x506 ./webserver/uip_arp.o
 .debug_info    0x0000615c     0x1850 ./uip_ftp/Connections.o
 .debug_info    0x000079ac      0xb50 ./uip_ftp/FTPD.o
 .debug_info    0x000084fc      0x169 ./uip_ftp/FTP_Strings.o
 .debug_info    0x00008665     0x18fd ./uip_ftp/ftp_main.o
 .debug_info    0x00009f62      0x626 ./driver_source/lpc17xx_adc.o
 .debug_info    0x0000a588     0x1210 ./driver_source/lpc17xx_can.o
 .debug_info    0x0000b798      0x6d7 ./driver_source/lpc17xx_clkpwr.o
 .debug_info    0x0000be6f      0x290 ./driver_source/lpc17xx_dac.o
 .debug_info    0x0000c0ff      0xe3d ./driver_source/lpc17xx_emac.o
 .debug_info    0x0000cf3c     0x10b4 ./driver_source/lpc17xx_gpdma.o
 .debug_info    0x0000dff0      0xba0 ./driver_source/lpc17xx_gpio.o
 .debug_info    0x0000eb90      0xccf ./driver_source/lpc17xx_i2c.o
 .debug_info    0x0000f85f      0x93c ./driver_source/lpc17xx_i2s.o
 .debug_info    0x0001019b       0xcd ./driver_source/lpc17xx_libcfg_default.o
 .debug_info    0x00010268      0x811 ./driver_source/lpc17xx_mcpwm.o
 .debug_info    0x00010a79      0x417 ./driver_source/lpc17xx_nvic.o
 .debug_info    0x00010e90      0x4bc ./driver_source/lpc17xx_pinsel.o
 .debug_info    0x0001134c      0x82e ./driver_source/lpc17xx_pwm.o
 .debug_info    0x00011b7a      0x851 ./driver_source/lpc17xx_qei.o
 .debug_info    0x000123cb      0x324 ./driver_source/lpc17xx_rit.o
 .debug_info    0x000126ef      0xa1e ./driver_source/lpc17xx_rtc.o
 .debug_info    0x0001310d      0xb13 ./driver_source/lpc17xx_sd.o
 .debug_info    0x00013c20      0x64f ./driver_source/lpc17xx_spi.o
 .debug_info    0x0001426f      0x867 ./driver_source/lpc17xx_ssp.o
 .debug_info    0x00014ad6      0x84a ./driver_source/lpc17xx_timer.o
 .debug_info    0x00015320     0x172b ./driver_source/lpc17xx_uart.o
 .debug_info    0x00016a4b      0x370 ./driver_source/lpc17xx_wdt.o
 .debug_info    0x00016dbb      0x8c2 ./board/app.o
 .debug_info    0x0001767d      0xac5 ./board/board.o
 .debug_info    0x00018142      0x191 ./board/half.o
 .debug_info    0x000182d3      0x54c ./board/lcd_i2c.o
 .debug_info    0x0001881f     0x1584 ./board/sensor.o
 .debug_info    0x00019da3       0x29 ./Zigbee/.kdbgrc.uart.o
 .debug_info    0x00019dcc      0x2f9 ./Zigbee/Zigbee_task.o
 .debug_info    0x0001a0c5      0xcf3 ./Zigbee/uart.o
 .debug_info    0x0001adb8     0x1013 ./UsbHost/Uart/usbhost_uart.o
 .debug_info    0x0001bdcb      0x533 ./UsbHost/MassStorage/usbhost_ms.o
 .debug_info    0x0001c2fe      0x72e ./UsbHost/Main/usbhost_main.o
 .debug_info    0x0001ca2c      0xa37 ./UsbHost/Host/usb_ms_diskio.o
 .debug_info    0x0001d463     0x17a6 ./UsbHost/Host/usbhost_lpc17xx.o
 .debug_info    0x0001ec09      0xcc8 ./LPCUSB/USB_CDC.o
 .debug_info    0x0001f8d1      0x367 ./LPCUSB/usbcontrol.o
 .debug_info    0x0001fc38     0x1015 ./LPCUSB/usbhw_lpc.o
 .debug_info    0x00020c4d      0x145 ./LPCUSB/usbinit.o
 .debug_info    0x00020d92      0x473 ./LPCUSB/usbstdreq.o
 .debug_info    0x00021205      0x1cb ./FatFs/option/cc932.o
 .debug_info    0x000213d0       0x62 ./FatFs/option/syncobj.o
 .debug_info    0x00021432       0x70 ./FatFs/option/syscall.o
 .debug_info    0x000214a2      0x35b ./FatFs/diskio.o
 .debug_info    0x000217fd     0x1fc6 ./FatFs/ff.o
 .debug_info    0x000237c3      0x1fb ./AOA/AOA_task.o
 .debug_info    0x000239be      0xa69 ./AOA/AndroidAccessoryHost.o
 .debug_info    0x00024427      0x1e9 ./LedBlinky.o
 .debug_info    0x00024610      0x2fd ./cr_startup_lpc17.o
 .debug_info    0x0002490d      0xb93 ./main.o
 .debug_info    0x000254a0     0x1075 ./uart_fullmodem_test.o
 .debug_info    0x00026515      0xdf9 C:\Users\Sami\git\STE-LPC1768-\aes_lib\Debug\libaes_lib.a(cypher.o)
 .debug_info    0x0002730e      0x394 C:\Users\Sami\git\STE-LPC1768-\Lib_AOA\Debug\libLib_AOA.a(AndroidAccessoryCommands.o)
 .debug_info    0x000276a2      0x53a C:\Users\Sami\git\STE-LPC1768-\Lib_AOA\Debug\libLib_AOA.a(ConfigDescriptor.o)
 .debug_info    0x00027bdc      0x3db C:\Users\Sami\git\STE-LPC1768-\Lib_AOA\Debug\libLib_AOA.a(DeviceDescriptor.o)
 .debug_info    0x00027fb7     0x1e5b C:\Users\Sami\git\STE-LPC1768-\nxpUSBlib\libnxpUSBlib.a(OHCI.o)
 .debug_info    0x00029e12      0x496 C:\Users\Sami\git\STE-LPC1768-\nxpUSBlib\libnxpUSBlib.a(HCD.o)
 .debug_info    0x0002a2a8      0x7c8 C:\Users\Sami\git\STE-LPC1768-\nxpUSBlib\libnxpUSBlib.a(Host_LPC.o)
 .debug_info    0x0002aa70      0x8e9 C:\Users\Sami\git\STE-LPC1768-\nxpUSBlib\libnxpUSBlib.a(PipeStream_LPC.o)
 .debug_info    0x0002b359      0x65f C:\Users\Sami\git\STE-LPC1768-\nxpUSBlib\libnxpUSBlib.a(Pipe_LPC.o)
 .debug_info    0x0002b9b8      0x3dd C:\Users\Sami\git\STE-LPC1768-\nxpUSBlib\libnxpUSBlib.a(USBController_LPC.o)
 .debug_info    0x0002bd95      0x6cd C:\Users\Sami\git\STE-LPC1768-\nxpUSBlib\libnxpUSBlib.a(ConfigDescriptor.o)
 .debug_info    0x0002c462      0x6d1 C:\Users\Sami\git\STE-LPC1768-\nxpUSBlib\libnxpUSBlib.a(HostStandardReq.o)
 .debug_info    0x0002cb33      0x2f6 C:\Users\Sami\git\STE-LPC1768-\nxpUSBlib\libnxpUSBlib.a(USBMemory.o)
 .debug_info    0x0002ce29      0x32d C:\Users\Sami\git\STE-LPC1768-\nxpUSBlib\libnxpUSBlib.a(USBTask.o)
 .debug_info    0x0002d156      0x99d C:\Users\Sami\git\STE-LPC1768-\nxpUSBlib\libnxpUSBlib.a(HAL_LPC17xx.o)
 .debug_info    0x0002daf3      0x22f C:\Users\Sami\git\STE-LPC1768-\FreeRTOS_Library\Debug\libFreeRTOS_Library.a(port.o)
 .debug_info    0x0002dd22      0x137 C:\Users\Sami\git\STE-LPC1768-\FreeRTOS_Library\Debug\libFreeRTOS_Library.a(basic_io.o)
 .debug_info    0x0002de59       0xb2 C:\Users\Sami\git\STE-LPC1768-\FreeRTOS_Library\Debug\libFreeRTOS_Library.a(consoleprint.o)
 .debug_info    0x0002df0b      0x823 C:\Users\Sami\git\STE-LPC1768-\FreeRTOS_Library\Debug\libFreeRTOS_Library.a(queue.o)
 .debug_info    0x0002e72e      0xf03 C:\Users\Sami\git\STE-LPC1768-\FreeRTOS_Library\Debug\libFreeRTOS_Library.a(tasks.o)
 .debug_info    0x0002f631      0x2f2 C:\Users\Sami\git\STE-LPC1768-\FreeRTOS_Library\Debug\libFreeRTOS_Library.a(heap_2.o)
 .debug_info    0x0002f923      0x2d9 C:\Users\Sami\git\STE-LPC1768-\FreeRTOS_Library\Debug\libFreeRTOS_Library.a(list.o)
 .debug_info    0x0002fbfc      0x38f C:\Users\Sami\git\STE-LPC1768-\CMSISv2p00_LPC17xx\Debug\libCMSISv2p00_LPC17xx.a(system_LPC17xx.o)

.debug_abbrev   0x00000000     0x8ccd
 .debug_abbrev  0x00000000      0x203 ./webserver/emac.o
 .debug_abbrev  0x00000203       0x4b ./webserver/http-strings.o
 .debug_abbrev  0x0000024e      0x1fb ./webserver/httpd-cgi.o
 .debug_abbrev  0x00000449      0x145 ./webserver/httpd-fs.o
 .debug_abbrev  0x0000058e      0x1ed ./webserver/httpd.o
 .debug_abbrev  0x0000077b      0x1e6 ./webserver/psock.o
 .debug_abbrev  0x00000961       0xc8 ./webserver/timer.o
 .debug_abbrev  0x00000a29      0x2e1 ./webserver/uIP_Task.o
 .debug_abbrev  0x00000d0a      0x27b ./webserver/uip.o
 .debug_abbrev  0x00000f85      0x17a ./webserver/uip_arp.o
 .debug_abbrev  0x000010ff      0x252 ./uip_ftp/Connections.o
 .debug_abbrev  0x00001351      0x1f8 ./uip_ftp/FTPD.o
 .debug_abbrev  0x00001549       0x3b ./uip_ftp/FTP_Strings.o
 .debug_abbrev  0x00001584      0x2bf ./uip_ftp/ftp_main.o
 .debug_abbrev  0x00001843      0x13f ./driver_source/lpc17xx_adc.o
 .debug_abbrev  0x00001982      0x1c4 ./driver_source/lpc17xx_can.o
 .debug_abbrev  0x00001b46      0x197 ./driver_source/lpc17xx_clkpwr.o
 .debug_abbrev  0x00001cdd       0xec ./driver_source/lpc17xx_dac.o
 .debug_abbrev  0x00001dc9      0x21d ./driver_source/lpc17xx_emac.o
 .debug_abbrev  0x00001fe6      0x1ed ./driver_source/lpc17xx_gpdma.o
 .debug_abbrev  0x000021d3      0x185 ./driver_source/lpc17xx_gpio.o
 .debug_abbrev  0x00002358      0x24a ./driver_source/lpc17xx_i2c.o
 .debug_abbrev  0x000025a2      0x196 ./driver_source/lpc17xx_i2s.o
 .debug_abbrev  0x00002738       0x6a ./driver_source/lpc17xx_libcfg_default.o
 .debug_abbrev  0x000027a2      0x154 ./driver_source/lpc17xx_mcpwm.o
 .debug_abbrev  0x000028f6      0x10d ./driver_source/lpc17xx_nvic.o
 .debug_abbrev  0x00002a03      0x10a ./driver_source/lpc17xx_pinsel.o
 .debug_abbrev  0x00002b0d      0x189 ./driver_source/lpc17xx_pwm.o
 .debug_abbrev  0x00002c96      0x1c9 ./driver_source/lpc17xx_qei.o
 .debug_abbrev  0x00002e5f      0x120 ./driver_source/lpc17xx_rit.o
 .debug_abbrev  0x00002f7f      0x16b ./driver_source/lpc17xx_rtc.o
 .debug_abbrev  0x000030ea      0x23b ./driver_source/lpc17xx_sd.o
 .debug_abbrev  0x00003325      0x18e ./driver_source/lpc17xx_spi.o
 .debug_abbrev  0x000034b3      0x1d3 ./driver_source/lpc17xx_ssp.o
 .debug_abbrev  0x00003686      0x19f ./driver_source/lpc17xx_timer.o
 .debug_abbrev  0x00003825      0x28c ./driver_source/lpc17xx_uart.o
 .debug_abbrev  0x00003ab1      0x15d ./driver_source/lpc17xx_wdt.o
 .debug_abbrev  0x00003c0e      0x1ec ./board/app.o
 .debug_abbrev  0x00003dfa      0x263 ./board/board.o
 .debug_abbrev  0x0000405d       0xaa ./board/half.o
 .debug_abbrev  0x00004107      0x200 ./board/lcd_i2c.o
 .debug_abbrev  0x00004307      0x2ed ./board/sensor.o
 .debug_abbrev  0x000045f4       0x16 ./Zigbee/.kdbgrc.uart.o
 .debug_abbrev  0x0000460a      0x139 ./Zigbee/Zigbee_task.o
 .debug_abbrev  0x00004743      0x28e ./Zigbee/uart.o
 .debug_abbrev  0x000049d1      0x293 ./UsbHost/Uart/usbhost_uart.o
 .debug_abbrev  0x00004c64      0x17d ./UsbHost/MassStorage/usbhost_ms.o
 .debug_abbrev  0x00004de1      0x194 ./UsbHost/Main/usbhost_main.o
 .debug_abbrev  0x00004f75      0x203 ./UsbHost/Host/usb_ms_diskio.o
 .debug_abbrev  0x00005178      0x257 ./UsbHost/Host/usbhost_lpc17xx.o
 .debug_abbrev  0x000053cf      0x252 ./LPCUSB/USB_CDC.o
 .debug_abbrev  0x00005621      0x131 ./LPCUSB/usbcontrol.o
 .debug_abbrev  0x00005752      0x22a ./LPCUSB/usbhw_lpc.o
 .debug_abbrev  0x0000597c       0xc5 ./LPCUSB/usbinit.o
 .debug_abbrev  0x00005a41      0x180 ./LPCUSB/usbstdreq.o
 .debug_abbrev  0x00005bc1       0xbb ./FatFs/option/cc932.o
 .debug_abbrev  0x00005c7c       0x2c ./FatFs/option/syncobj.o
 .debug_abbrev  0x00005ca8       0x2c ./FatFs/option/syscall.o
 .debug_abbrev  0x00005cd4      0x123 ./FatFs/diskio.o
 .debug_abbrev  0x00005df7      0x17f ./FatFs/ff.o
 .debug_abbrev  0x00005f76       0xde ./AOA/AOA_task.o
 .debug_abbrev  0x00006054      0x26a ./AOA/AndroidAccessoryHost.o
 .debug_abbrev  0x000062be      0x126 ./LedBlinky.o
 .debug_abbrev  0x000063e4       0xd2 ./cr_startup_lpc17.o
 .debug_abbrev  0x000064b6      0x220 ./main.o
 .debug_abbrev  0x000066d6      0x297 ./uart_fullmodem_test.o
 .debug_abbrev  0x0000696d      0x300 C:\Users\Sami\git\STE-LPC1768-\aes_lib\Debug\libaes_lib.a(cypher.o)
 .debug_abbrev  0x00006c6d      0x11f C:\Users\Sami\git\STE-LPC1768-\Lib_AOA\Debug\libLib_AOA.a(AndroidAccessoryCommands.o)
 .debug_abbrev  0x00006d8c      0x133 C:\Users\Sami\git\STE-LPC1768-\Lib_AOA\Debug\libLib_AOA.a(ConfigDescriptor.o)
 .debug_abbrev  0x00006ebf      0x113 C:\Users\Sami\git\STE-LPC1768-\Lib_AOA\Debug\libLib_AOA.a(DeviceDescriptor.o)
 .debug_abbrev  0x00006fd2      0x2ae C:\Users\Sami\git\STE-LPC1768-\nxpUSBlib\libnxpUSBlib.a(OHCI.o)
 .debug_abbrev  0x00007280      0x122 C:\Users\Sami\git\STE-LPC1768-\nxpUSBlib\libnxpUSBlib.a(HCD.o)
 .debug_abbrev  0x000073a2      0x24d C:\Users\Sami\git\STE-LPC1768-\nxpUSBlib\libnxpUSBlib.a(Host_LPC.o)
 .debug_abbrev  0x000075ef      0x1de C:\Users\Sami\git\STE-LPC1768-\nxpUSBlib\libnxpUSBlib.a(PipeStream_LPC.o)
 .debug_abbrev  0x000077cd      0x1b5 C:\Users\Sami\git\STE-LPC1768-\nxpUSBlib\libnxpUSBlib.a(Pipe_LPC.o)
 .debug_abbrev  0x00007982      0x130 C:\Users\Sami\git\STE-LPC1768-\nxpUSBlib\libnxpUSBlib.a(USBController_LPC.o)
 .debug_abbrev  0x00007ab2      0x1c3 C:\Users\Sami\git\STE-LPC1768-\nxpUSBlib\libnxpUSBlib.a(ConfigDescriptor.o)
 .debug_abbrev  0x00007c75      0x1d0 C:\Users\Sami\git\STE-LPC1768-\nxpUSBlib\libnxpUSBlib.a(HostStandardReq.o)
 .debug_abbrev  0x00007e45      0x125 C:\Users\Sami\git\STE-LPC1768-\nxpUSBlib\libnxpUSBlib.a(USBMemory.o)
 .debug_abbrev  0x00007f6a      0x165 C:\Users\Sami\git\STE-LPC1768-\nxpUSBlib\libnxpUSBlib.a(USBTask.o)
 .debug_abbrev  0x000080cf      0x15c C:\Users\Sami\git\STE-LPC1768-\nxpUSBlib\libnxpUSBlib.a(HAL_LPC17xx.o)
 .debug_abbrev  0x0000822b      0x128 C:\Users\Sami\git\STE-LPC1768-\FreeRTOS_Library\Debug\libFreeRTOS_Library.a(port.o)
 .debug_abbrev  0x00008353       0xa8 C:\Users\Sami\git\STE-LPC1768-\FreeRTOS_Library\Debug\libFreeRTOS_Library.a(basic_io.o)
 .debug_abbrev  0x000083fb       0x8d C:\Users\Sami\git\STE-LPC1768-\FreeRTOS_Library\Debug\libFreeRTOS_Library.a(consoleprint.o)
 .debug_abbrev  0x00008488      0x1b3 C:\Users\Sami\git\STE-LPC1768-\FreeRTOS_Library\Debug\libFreeRTOS_Library.a(queue.o)
 .debug_abbrev  0x0000863b      0x318 C:\Users\Sami\git\STE-LPC1768-\FreeRTOS_Library\Debug\libFreeRTOS_Library.a(tasks.o)
 .debug_abbrev  0x00008953      0x1ae C:\Users\Sami\git\STE-LPC1768-\FreeRTOS_Library\Debug\libFreeRTOS_Library.a(heap_2.o)
 .debug_abbrev  0x00008b01       0xe9 C:\Users\Sami\git\STE-LPC1768-\FreeRTOS_Library\Debug\libFreeRTOS_Library.a(list.o)
 .debug_abbrev  0x00008bea       0xe3 C:\Users\Sami\git\STE-LPC1768-\CMSISv2p00_LPC17xx\Debug\libCMSISv2p00_LPC17xx.a(system_LPC17xx.o)

.debug_loc      0x00000000     0xe80e
 .debug_loc     0x00000000      0x2a0 ./webserver/emac.o
 .debug_loc     0x000002a0      0x383 ./webserver/httpd-cgi.o
 .debug_loc     0x00000623       0xe0 ./webserver/httpd-fs.o
 .debug_loc     0x00000703      0x288 ./webserver/httpd.o
 .debug_loc     0x0000098b      0x2f8 ./webserver/psock.o
 .debug_loc     0x00000c83       0xe0 ./webserver/timer.o
 .debug_loc     0x00000d63      0x174 ./webserver/uIP_Task.o
 .debug_loc     0x00000ed7      0x35c ./webserver/uip.o
 .debug_loc     0x00001233      0x12c ./webserver/uip_arp.o
 .debug_loc     0x0000135f      0x7b7 ./uip_ftp/Connections.o
 .debug_loc     0x00001b16       0xa8 ./uip_ftp/FTPD.o
 .debug_loc     0x00001bbe      0x146 ./uip_ftp/ftp_main.o
 .debug_loc     0x00001d04      0x2d8 ./driver_source/lpc17xx_adc.o
 .debug_loc     0x00001fdc      0x3f6 ./driver_source/lpc17xx_can.o
 .debug_loc     0x000023d2      0x190 ./driver_source/lpc17xx_clkpwr.o
 .debug_loc     0x00002562      0x118 ./driver_source/lpc17xx_dac.o
 .debug_loc     0x0000267a      0x598 ./driver_source/lpc17xx_emac.o
 .debug_loc     0x00002c12       0xd4 ./driver_source/lpc17xx_gpdma.o
 .debug_loc     0x00002ce6      0x4d0 ./driver_source/lpc17xx_gpio.o
 .debug_loc     0x000031b6      0x4e4 ./driver_source/lpc17xx_i2c.o
 .debug_loc     0x0000369a      0x462 ./driver_source/lpc17xx_i2s.o
 .debug_loc     0x00003afc       0x38 ./driver_source/lpc17xx_libcfg_default.o
 .debug_loc     0x00003b34      0x348 ./driver_source/lpc17xx_mcpwm.o
 .debug_loc     0x00003e7c       0xa8 ./driver_source/lpc17xx_nvic.o
 .debug_loc     0x00003f24      0x150 ./driver_source/lpc17xx_pinsel.o
 .debug_loc     0x00004074      0x310 ./driver_source/lpc17xx_pwm.o
 .debug_loc     0x00004384      0x49a ./driver_source/lpc17xx_qei.o
 .debug_loc     0x0000481e      0x188 ./driver_source/lpc17xx_rit.o
 .debug_loc     0x000049a6      0x460 ./driver_source/lpc17xx_rtc.o
 .debug_loc     0x00004e06      0x394 ./driver_source/lpc17xx_sd.o
 .debug_loc     0x0000519a      0x304 ./driver_source/lpc17xx_spi.o
 .debug_loc     0x0000549e      0x448 ./driver_source/lpc17xx_ssp.o
 .debug_loc     0x000058e6      0x348 ./driver_source/lpc17xx_timer.o
 .debug_loc     0x00005c2e      0x77a ./driver_source/lpc17xx_uart.o
 .debug_loc     0x000063a8      0x190 ./driver_source/lpc17xx_wdt.o
 .debug_loc     0x00006538      0x3ae ./board/app.o
 .debug_loc     0x000068e6      0x244 ./board/board.o
 .debug_loc     0x00006b2a       0xe0 ./board/half.o
 .debug_loc     0x00006c0a      0x17c ./board/lcd_i2c.o
 .debug_loc     0x00006d86      0xa0e ./board/sensor.o
 .debug_loc     0x00007794       0x3a ./Zigbee/Zigbee_task.o
 .debug_loc     0x000077ce      0x268 ./Zigbee/uart.o
 .debug_loc     0x00007a36      0x2a0 ./UsbHost/Uart/usbhost_uart.o
 .debug_loc     0x00007cd6      0x230 ./UsbHost/MassStorage/usbhost_ms.o
 .debug_loc     0x00007f06       0xe2 ./UsbHost/Main/usbhost_main.o
 .debug_loc     0x00007fe8      0x1b6 ./UsbHost/Host/usb_ms_diskio.o
 .debug_loc     0x0000819e      0x4fc ./UsbHost/Host/usbhost_lpc17xx.o
 .debug_loc     0x0000869a      0x232 ./LPCUSB/USB_CDC.o
 .debug_loc     0x000088cc      0x118 ./LPCUSB/usbcontrol.o
 .debug_loc     0x000089e4      0x454 ./LPCUSB/usbhw_lpc.o
 .debug_loc     0x00008e38       0x64 ./LPCUSB/usbinit.o
 .debug_loc     0x00008e9c      0x1c0 ./LPCUSB/usbstdreq.o
 .debug_loc     0x0000905c       0x70 ./FatFs/option/cc932.o
 .debug_loc     0x000090cc      0x118 ./FatFs/diskio.o
 .debug_loc     0x000091e4      0xbe6 ./FatFs/ff.o
 .debug_loc     0x00009dca       0x38 ./AOA/AOA_task.o
 .debug_loc     0x00009e02      0x1f8 ./AOA/AndroidAccessoryHost.o
 .debug_loc     0x00009ffa       0xd4 ./LedBlinky.o
 .debug_loc     0x0000a0ce      0x260 ./cr_startup_lpc17.o
 .debug_loc     0x0000a32e      0x2d4 ./main.o
 .debug_loc     0x0000a602      0x294 ./uart_fullmodem_test.o
 .debug_loc     0x0000a896      0xfba C:\Users\Sami\git\STE-LPC1768-\aes_lib\Debug\libaes_lib.a(cypher.o)
 .debug_loc     0x0000b850       0xa8 C:\Users\Sami\git\STE-LPC1768-\Lib_AOA\Debug\libLib_AOA.a(AndroidAccessoryCommands.o)
 .debug_loc     0x0000b8f8       0xaa C:\Users\Sami\git\STE-LPC1768-\Lib_AOA\Debug\libLib_AOA.a(ConfigDescriptor.o)
 .debug_loc     0x0000b9a2       0x38 C:\Users\Sami\git\STE-LPC1768-\Lib_AOA\Debug\libLib_AOA.a(DeviceDescriptor.o)
 .debug_loc     0x0000b9da      0x968 C:\Users\Sami\git\STE-LPC1768-\nxpUSBlib\libnxpUSBlib.a(OHCI.o)
 .debug_loc     0x0000c342       0xa8 C:\Users\Sami\git\STE-LPC1768-\nxpUSBlib\libnxpUSBlib.a(HCD.o)
 .debug_loc     0x0000c3ea      0x1e1 C:\Users\Sami\git\STE-LPC1768-\nxpUSBlib\libnxpUSBlib.a(Host_LPC.o)
 .debug_loc     0x0000c5cb      0x2a0 C:\Users\Sami\git\STE-LPC1768-\nxpUSBlib\libnxpUSBlib.a(PipeStream_LPC.o)
 .debug_loc     0x0000c86b      0x144 C:\Users\Sami\git\STE-LPC1768-\nxpUSBlib\libnxpUSBlib.a(Pipe_LPC.o)
 .debug_loc     0x0000c9af       0xc8 C:\Users\Sami\git\STE-LPC1768-\nxpUSBlib\libnxpUSBlib.a(USBController_LPC.o)
 .debug_loc     0x0000ca77      0x150 C:\Users\Sami\git\STE-LPC1768-\nxpUSBlib\libnxpUSBlib.a(ConfigDescriptor.o)
 .debug_loc     0x0000cbc7      0x188 C:\Users\Sami\git\STE-LPC1768-\nxpUSBlib\libnxpUSBlib.a(HostStandardReq.o)
 .debug_loc     0x0000cd4f       0xa8 C:\Users\Sami\git\STE-LPC1768-\nxpUSBlib\libnxpUSBlib.a(USBMemory.o)
 .debug_loc     0x0000cdf7       0x64 C:\Users\Sami\git\STE-LPC1768-\nxpUSBlib\libnxpUSBlib.a(USBTask.o)
 .debug_loc     0x0000ce5b      0x1b4 C:\Users\Sami\git\STE-LPC1768-\nxpUSBlib\libnxpUSBlib.a(HAL_LPC17xx.o)
 .debug_loc     0x0000d00f       0xdf C:\Users\Sami\git\STE-LPC1768-\FreeRTOS_Library\Debug\libFreeRTOS_Library.a(port.o)
 .debug_loc     0x0000d0ee       0x9a C:\Users\Sami\git\STE-LPC1768-\FreeRTOS_Library\Debug\libFreeRTOS_Library.a(basic_io.o)
 .debug_loc     0x0000d188       0x13 C:\Users\Sami\git\STE-LPC1768-\FreeRTOS_Library\Debug\libFreeRTOS_Library.a(consoleprint.o)
 .debug_loc     0x0000d19b      0x7db C:\Users\Sami\git\STE-LPC1768-\FreeRTOS_Library\Debug\libFreeRTOS_Library.a(queue.o)
 .debug_loc     0x0000d976      0xb7c C:\Users\Sami\git\STE-LPC1768-\FreeRTOS_Library\Debug\libFreeRTOS_Library.a(tasks.o)
 .debug_loc     0x0000e4f2      0x1dd C:\Users\Sami\git\STE-LPC1768-\FreeRTOS_Library\Debug\libFreeRTOS_Library.a(heap_2.o)
 .debug_loc     0x0000e6cf      0x11f C:\Users\Sami\git\STE-LPC1768-\FreeRTOS_Library\Debug\libFreeRTOS_Library.a(list.o)
 .debug_loc     0x0000e7ee       0x20 C:\Users\Sami\git\STE-LPC1768-\CMSISv2p00_LPC17xx\Debug\libCMSISv2p00_LPC17xx.a(system_LPC17xx.o)

.debug_aranges  0x00000000     0x2470
 .debug_aranges
                0x00000000       0x78 ./webserver/emac.o
 .debug_aranges
                0x00000078       0x98 ./webserver/httpd-cgi.o
 .debug_aranges
                0x00000110       0x38 ./webserver/httpd-fs.o
 .debug_aranges
                0x00000148       0x78 ./webserver/httpd.o
 .debug_aranges
                0x000001c0       0x88 ./webserver/psock.o
 .debug_aranges
                0x00000248       0x38 ./webserver/timer.o
 .debug_aranges
                0x00000280       0x50 ./webserver/uIP_Task.o
 .debug_aranges
                0x000002d0       0x98 ./webserver/uip.o
 .debug_aranges
                0x00000368       0x48 ./webserver/uip_arp.o
 .debug_aranges
                0x000003b0      0x130 ./uip_ftp/Connections.o
 .debug_aranges
                0x000004e0       0x30 ./uip_ftp/FTPD.o
 .debug_aranges
                0x00000510       0x48 ./uip_ftp/ftp_main.o
 .debug_aranges
                0x00000558       0x80 ./driver_source/lpc17xx_adc.o
 .debug_aranges
                0x000005d8       0xa8 ./driver_source/lpc17xx_can.o
 .debug_aranges
                0x00000680       0x58 ./driver_source/lpc17xx_clkpwr.o
 .debug_aranges
                0x000006d8       0x40 ./driver_source/lpc17xx_dac.o
 .debug_aranges
                0x00000718       0xe8 ./driver_source/lpc17xx_emac.o
 .debug_aranges
                0x00000800       0x38 ./driver_source/lpc17xx_gpdma.o
 .debug_aranges
                0x00000838       0xc8 ./driver_source/lpc17xx_gpio.o
 .debug_aranges
                0x00000900       0xd0 ./driver_source/lpc17xx_i2c.o
 .debug_aranges
                0x000009d0       0xb8 ./driver_source/lpc17xx_i2s.o
 .debug_aranges
                0x00000a88       0x20 ./driver_source/lpc17xx_libcfg_default.o
 .debug_aranges
                0x00000aa8       0x90 ./driver_source/lpc17xx_mcpwm.o
 .debug_aranges
                0x00000b38       0x30 ./driver_source/lpc17xx_nvic.o
 .debug_aranges
                0x00000b68       0x48 ./driver_source/lpc17xx_pinsel.o
 .debug_aranges
                0x00000bb0       0x88 ./driver_source/lpc17xx_pwm.o
 .debug_aranges
                0x00000c38       0xc0 ./driver_source/lpc17xx_qei.o
 .debug_aranges
                0x00000cf8       0x50 ./driver_source/lpc17xx_rit.o
 .debug_aranges
                0x00000d48       0xb8 ./driver_source/lpc17xx_rtc.o
 .debug_aranges
                0x00000e00       0xa0 ./driver_source/lpc17xx_sd.o
 .debug_aranges
                0x00000ea0       0x88 ./driver_source/lpc17xx_spi.o
 .debug_aranges
                0x00000f28       0xb8 ./driver_source/lpc17xx_ssp.o
 .debug_aranges
                0x00000fe0       0x90 ./driver_source/lpc17xx_timer.o
 .debug_aranges
                0x00001070      0x130 ./driver_source/lpc17xx_uart.o
 .debug_aranges
                0x000011a0       0x58 ./driver_source/lpc17xx_wdt.o
 .debug_aranges
                0x000011f8       0xa0 ./board/app.o
 .debug_aranges
                0x00001298       0x70 ./board/board.o
 .debug_aranges
                0x00001308       0x38 ./board/half.o
 .debug_aranges
                0x00001340       0x50 ./board/lcd_i2c.o
 .debug_aranges
                0x00001390      0x190 ./board/sensor.o
 .debug_aranges
                0x00001520       0x20 ./Zigbee/Zigbee_task.o
 .debug_aranges
                0x00001540       0x70 ./Zigbee/uart.o
 .debug_aranges
                0x000015b0       0x78 ./UsbHost/Uart/usbhost_uart.o
 .debug_aranges
                0x00001628       0x68 ./UsbHost/MassStorage/usbhost_ms.o
 .debug_aranges
                0x00001690       0x38 ./UsbHost/Main/usbhost_main.o
 .debug_aranges
                0x000016c8       0x58 ./UsbHost/Host/usb_ms_diskio.o
 .debug_aranges
                0x00001720       0xd0 ./UsbHost/Host/usbhost_lpc17xx.o
 .debug_aranges
                0x000017f0       0x68 ./LPCUSB/USB_CDC.o
 .debug_aranges
                0x00001858       0x40 ./LPCUSB/usbcontrol.o
 .debug_aranges
                0x00001898       0xb8 ./LPCUSB/usbhw_lpc.o
 .debug_aranges
                0x00001950       0x28 ./LPCUSB/usbinit.o
 .debug_aranges
                0x00001978       0x58 ./LPCUSB/usbstdreq.o
 .debug_aranges
                0x000019d0       0x28 ./FatFs/option/cc932.o
 .debug_aranges
                0x000019f8       0x40 ./FatFs/diskio.o
 .debug_aranges
                0x00001a38      0x1c8 ./FatFs/ff.o
 .debug_aranges
                0x00001c00       0x20 ./AOA/AOA_task.o
 .debug_aranges
                0x00001c20       0x60 ./AOA/AndroidAccessoryHost.o
 .debug_aranges
                0x00001c80       0x38 ./LedBlinky.o
 .debug_aranges
                0x00001cb8       0x80 ./cr_startup_lpc17.o
 .debug_aranges
                0x00001d38       0x88 ./main.o
 .debug_aranges
                0x00001dc0       0x78 ./uart_fullmodem_test.o
 .debug_aranges
                0x00001e38       0x70 C:\Users\Sami\git\STE-LPC1768-\aes_lib\Debug\libaes_lib.a(cypher.o)
 .debug_aranges
                0x00001ea8       0x30 C:\Users\Sami\git\STE-LPC1768-\Lib_AOA\Debug\libLib_AOA.a(AndroidAccessoryCommands.o)
 .debug_aranges
                0x00001ed8       0x30 C:\Users\Sami\git\STE-LPC1768-\Lib_AOA\Debug\libLib_AOA.a(ConfigDescriptor.o)
 .debug_aranges
                0x00001f08       0x20 C:\Users\Sami\git\STE-LPC1768-\Lib_AOA\Debug\libLib_AOA.a(DeviceDescriptor.o)
 .debug_aranges
                0x00001f28      0x170 C:\Users\Sami\git\STE-LPC1768-\nxpUSBlib\libnxpUSBlib.a(OHCI.o)
 .debug_aranges
                0x00002098       0x30 C:\Users\Sami\git\STE-LPC1768-\nxpUSBlib\libnxpUSBlib.a(HCD.o)
 .debug_aranges
                0x000020c8       0x60 C:\Users\Sami\git\STE-LPC1768-\nxpUSBlib\libnxpUSBlib.a(Host_LPC.o)
 .debug_aranges
                0x00002128       0x78 C:\Users\Sami\git\STE-LPC1768-\nxpUSBlib\libnxpUSBlib.a(PipeStream_LPC.o)
 .debug_aranges
                0x000021a0       0x48 C:\Users\Sami\git\STE-LPC1768-\nxpUSBlib\libnxpUSBlib.a(Pipe_LPC.o)
 .debug_aranges
                0x000021e8       0x38 C:\Users\Sami\git\STE-LPC1768-\nxpUSBlib\libnxpUSBlib.a(USBController_LPC.o)
 .debug_aranges
                0x00002220       0x48 C:\Users\Sami\git\STE-LPC1768-\nxpUSBlib\libnxpUSBlib.a(ConfigDescriptor.o)
 .debug_aranges
                0x00002268       0x50 C:\Users\Sami\git\STE-LPC1768-\nxpUSBlib\libnxpUSBlib.a(HostStandardReq.o)
 .debug_aranges
                0x000022b8       0x30 C:\Users\Sami\git\STE-LPC1768-\nxpUSBlib\libnxpUSBlib.a(USBMemory.o)
 .debug_aranges
                0x000022e8       0x28 C:\Users\Sami\git\STE-LPC1768-\nxpUSBlib\libnxpUSBlib.a(USBTask.o)
 .debug_aranges
                0x00002310       0x58 C:\Users\Sami\git\STE-LPC1768-\nxpUSBlib\libnxpUSBlib.a(HAL_LPC17xx.o)
 .debug_aranges
                0x00002368       0x20 C:\Users\Sami\git\STE-LPC1768-\FreeRTOS_Library\Debug\libFreeRTOS_Library.a(port.o)
 .debug_aranges
                0x00002388       0x20 C:\Users\Sami\git\STE-LPC1768-\FreeRTOS_Library\Debug\libFreeRTOS_Library.a(basic_io.o)
 .debug_aranges
                0x000023a8       0x20 C:\Users\Sami\git\STE-LPC1768-\FreeRTOS_Library\Debug\libFreeRTOS_Library.a(consoleprint.o)
 .debug_aranges
                0x000023c8       0x20 C:\Users\Sami\git\STE-LPC1768-\FreeRTOS_Library\Debug\libFreeRTOS_Library.a(queue.o)
 .debug_aranges
                0x000023e8       0x20 C:\Users\Sami\git\STE-LPC1768-\FreeRTOS_Library\Debug\libFreeRTOS_Library.a(tasks.o)
 .debug_aranges
                0x00002408       0x20 C:\Users\Sami\git\STE-LPC1768-\FreeRTOS_Library\Debug\libFreeRTOS_Library.a(heap_2.o)
 .debug_aranges
                0x00002428       0x20 C:\Users\Sami\git\STE-LPC1768-\FreeRTOS_Library\Debug\libFreeRTOS_Library.a(list.o)
 .debug_aranges
                0x00002448       0x28 C:\Users\Sami\git\STE-LPC1768-\CMSISv2p00_LPC17xx\Debug\libCMSISv2p00_LPC17xx.a(system_LPC17xx.o)

.debug_ranges   0x00000000     0x3a60
 .debug_ranges  0x00000000       0x68 ./webserver/emac.o
 .debug_ranges  0x00000068       0x88 ./webserver/httpd-cgi.o
 .debug_ranges  0x000000f0       0x28 ./webserver/httpd-fs.o
 .debug_ranges  0x00000118       0x68 ./webserver/httpd.o
 .debug_ranges  0x00000180       0x78 ./webserver/psock.o
 .debug_ranges  0x000001f8       0x28 ./webserver/timer.o
 .debug_ranges  0x00000220       0x40 ./webserver/uIP_Task.o
 .debug_ranges  0x00000260       0xd8 ./webserver/uip.o
 .debug_ranges  0x00000338       0x38 ./webserver/uip_arp.o
 .debug_ranges  0x00000370      0x120 ./uip_ftp/Connections.o
 .debug_ranges  0x00000490       0x20 ./uip_ftp/FTPD.o
 .debug_ranges  0x000004b0       0x38 ./uip_ftp/ftp_main.o
 .debug_ranges  0x000004e8       0x70 ./driver_source/lpc17xx_adc.o
 .debug_ranges  0x00000558       0x98 ./driver_source/lpc17xx_can.o
 .debug_ranges  0x000005f0       0x48 ./driver_source/lpc17xx_clkpwr.o
 .debug_ranges  0x00000638       0x30 ./driver_source/lpc17xx_dac.o
 .debug_ranges  0x00000668       0xd8 ./driver_source/lpc17xx_emac.o
 .debug_ranges  0x00000740       0x28 ./driver_source/lpc17xx_gpdma.o
 .debug_ranges  0x00000768       0xb8 ./driver_source/lpc17xx_gpio.o
 .debug_ranges  0x00000820       0xc0 ./driver_source/lpc17xx_i2c.o
 .debug_ranges  0x000008e0       0xa8 ./driver_source/lpc17xx_i2s.o
 .debug_ranges  0x00000988       0x10 ./driver_source/lpc17xx_libcfg_default.o
 .debug_ranges  0x00000998       0x80 ./driver_source/lpc17xx_mcpwm.o
 .debug_ranges  0x00000a18       0x20 ./driver_source/lpc17xx_nvic.o
 .debug_ranges  0x00000a38       0x38 ./driver_source/lpc17xx_pinsel.o
 .debug_ranges  0x00000a70       0x78 ./driver_source/lpc17xx_pwm.o
 .debug_ranges  0x00000ae8       0xb0 ./driver_source/lpc17xx_qei.o
 .debug_ranges  0x00000b98       0x40 ./driver_source/lpc17xx_rit.o
 .debug_ranges  0x00000bd8       0xa8 ./driver_source/lpc17xx_rtc.o
 .debug_ranges  0x00000c80       0x90 ./driver_source/lpc17xx_sd.o
 .debug_ranges  0x00000d10       0x78 ./driver_source/lpc17xx_spi.o
 .debug_ranges  0x00000d88       0xa8 ./driver_source/lpc17xx_ssp.o
 .debug_ranges  0x00000e30       0x80 ./driver_source/lpc17xx_timer.o
 .debug_ranges  0x00000eb0      0x120 ./driver_source/lpc17xx_uart.o
 .debug_ranges  0x00000fd0       0x48 ./driver_source/lpc17xx_wdt.o
 .debug_ranges  0x00001018       0x90 ./board/app.o
 .debug_ranges  0x000010a8       0x60 ./board/board.o
 .debug_ranges  0x00001108       0x28 ./board/half.o
 .debug_ranges  0x00001130       0x40 ./board/lcd_i2c.o
 .debug_ranges  0x00001170      0x180 ./board/sensor.o
 .debug_ranges  0x000012f0       0x10 ./Zigbee/Zigbee_task.o
 .debug_ranges  0x00001300       0x60 ./Zigbee/uart.o
 .debug_ranges  0x00001360       0x68 ./UsbHost/Uart/usbhost_uart.o
 .debug_ranges  0x000013c8       0x58 ./UsbHost/MassStorage/usbhost_ms.o
 .debug_ranges  0x00001420       0x28 ./UsbHost/Main/usbhost_main.o
 .debug_ranges  0x00001448       0x48 ./UsbHost/Host/usb_ms_diskio.o
 .debug_ranges  0x00001490       0xc0 ./UsbHost/Host/usbhost_lpc17xx.o
 .debug_ranges  0x00001550       0x58 ./LPCUSB/USB_CDC.o
 .debug_ranges  0x000015a8       0x30 ./LPCUSB/usbcontrol.o
 .debug_ranges  0x000015d8       0xa8 ./LPCUSB/usbhw_lpc.o
 .debug_ranges  0x00001680       0x18 ./LPCUSB/usbinit.o
 .debug_ranges  0x00001698       0x48 ./LPCUSB/usbstdreq.o
 .debug_ranges  0x000016e0       0x18 ./FatFs/option/cc932.o
 .debug_ranges  0x000016f8       0x30 ./FatFs/diskio.o
 .debug_ranges  0x00001728      0x1b8 ./FatFs/ff.o
 .debug_ranges  0x000018e0       0x10 ./AOA/AOA_task.o
 .debug_ranges  0x000018f0       0x50 ./AOA/AndroidAccessoryHost.o
 .debug_ranges  0x00001940       0x28 ./LedBlinky.o
 .debug_ranges  0x00001968       0x70 ./cr_startup_lpc17.o
 .debug_ranges  0x000019d8       0x78 ./main.o
 .debug_ranges  0x00001a50       0x68 ./uart_fullmodem_test.o
 .debug_ranges  0x00001ab8     0x1980 C:\Users\Sami\git\STE-LPC1768-\aes_lib\Debug\libaes_lib.a(cypher.o)
 .debug_ranges  0x00003438       0x20 C:\Users\Sami\git\STE-LPC1768-\Lib_AOA\Debug\libLib_AOA.a(AndroidAccessoryCommands.o)
 .debug_ranges  0x00003458       0x20 C:\Users\Sami\git\STE-LPC1768-\Lib_AOA\Debug\libLib_AOA.a(ConfigDescriptor.o)
 .debug_ranges  0x00003478       0x10 C:\Users\Sami\git\STE-LPC1768-\Lib_AOA\Debug\libLib_AOA.a(DeviceDescriptor.o)
 .debug_ranges  0x00003488      0x160 C:\Users\Sami\git\STE-LPC1768-\nxpUSBlib\libnxpUSBlib.a(OHCI.o)
 .debug_ranges  0x000035e8       0x20 C:\Users\Sami\git\STE-LPC1768-\nxpUSBlib\libnxpUSBlib.a(HCD.o)
 .debug_ranges  0x00003608       0x50 C:\Users\Sami\git\STE-LPC1768-\nxpUSBlib\libnxpUSBlib.a(Host_LPC.o)
 .debug_ranges  0x00003658       0x68 C:\Users\Sami\git\STE-LPC1768-\nxpUSBlib\libnxpUSBlib.a(PipeStream_LPC.o)
 .debug_ranges  0x000036c0       0x38 C:\Users\Sami\git\STE-LPC1768-\nxpUSBlib\libnxpUSBlib.a(Pipe_LPC.o)
 .debug_ranges  0x000036f8       0x28 C:\Users\Sami\git\STE-LPC1768-\nxpUSBlib\libnxpUSBlib.a(USBController_LPC.o)
 .debug_ranges  0x00003720       0x38 C:\Users\Sami\git\STE-LPC1768-\nxpUSBlib\libnxpUSBlib.a(ConfigDescriptor.o)
 .debug_ranges  0x00003758       0x40 C:\Users\Sami\git\STE-LPC1768-\nxpUSBlib\libnxpUSBlib.a(HostStandardReq.o)
 .debug_ranges  0x00003798       0x20 C:\Users\Sami\git\STE-LPC1768-\nxpUSBlib\libnxpUSBlib.a(USBMemory.o)
 .debug_ranges  0x000037b8       0x18 C:\Users\Sami\git\STE-LPC1768-\nxpUSBlib\libnxpUSBlib.a(USBTask.o)
 .debug_ranges  0x000037d0       0x48 C:\Users\Sami\git\STE-LPC1768-\nxpUSBlib\libnxpUSBlib.a(HAL_LPC17xx.o)
 .debug_ranges  0x00003818       0x28 C:\Users\Sami\git\STE-LPC1768-\FreeRTOS_Library\Debug\libFreeRTOS_Library.a(port.o)
 .debug_ranges  0x00003840      0x1d0 C:\Users\Sami\git\STE-LPC1768-\FreeRTOS_Library\Debug\libFreeRTOS_Library.a(tasks.o)
 .debug_ranges  0x00003a10       0x38 C:\Users\Sami\git\STE-LPC1768-\FreeRTOS_Library\Debug\libFreeRTOS_Library.a(heap_2.o)
 .debug_ranges  0x00003a48       0x18 C:\Users\Sami\git\STE-LPC1768-\CMSISv2p00_LPC17xx\Debug\libCMSISv2p00_LPC17xx.a(system_LPC17xx.o)

.debug_line     0x00000000    0x2ccd7
 .debug_line    0x00000000      0x6d2 ./webserver/emac.o
 .debug_line    0x000006d2       0x3c ./webserver/http-strings.o
 .debug_line    0x0000070e      0x6b8 ./webserver/httpd-cgi.o
 .debug_line    0x00000dc6      0x42a ./webserver/httpd-fs.o
 .debug_line    0x000011f0      0x63b ./webserver/httpd.o
 .debug_line    0x0000182b      0x5b8 ./webserver/psock.o
 .debug_line    0x00001de3      0x4f0 ./webserver/timer.o
 .debug_line    0x000022d3      0x840 ./webserver/uIP_Task.o
 .debug_line    0x00002b13      0xb1a ./webserver/uip.o
 .debug_line    0x0000362d      0x50c ./webserver/uip_arp.o
 .debug_line    0x00003b39     0x1077 ./uip_ftp/Connections.o
 .debug_line    0x00004bb0      0x7fc ./uip_ftp/FTPD.o
 .debug_line    0x000053ac       0x39 ./uip_ftp/FTP_Strings.o
 .debug_line    0x000053e5      0x94f ./uip_ftp/ftp_main.o
 .debug_line    0x00005d34      0x620 ./driver_source/lpc17xx_adc.o
 .debug_line    0x00006354      0xc5c ./driver_source/lpc17xx_can.o
 .debug_line    0x00006fb0      0x4f7 ./driver_source/lpc17xx_clkpwr.o
 .debug_line    0x000074a7      0x4bd ./driver_source/lpc17xx_dac.o
 .debug_line    0x00007964      0x7e3 ./driver_source/lpc17xx_emac.o
 .debug_line    0x00008147      0x531 ./driver_source/lpc17xx_gpdma.o
 .debug_line    0x00008678      0x610 ./driver_source/lpc17xx_gpio.o
 .debug_line    0x00008c88      0x92b ./driver_source/lpc17xx_i2c.o
 .debug_line    0x000095b3      0x810 ./driver_source/lpc17xx_i2s.o
 .debug_line    0x00009dc3      0x39f ./driver_source/lpc17xx_libcfg_default.o
 .debug_line    0x0000a162      0x7da ./driver_source/lpc17xx_mcpwm.o
 .debug_line    0x0000a93c      0x463 ./driver_source/lpc17xx_nvic.o
 .debug_line    0x0000ad9f      0x48f ./driver_source/lpc17xx_pinsel.o
 .debug_line    0x0000b22e      0x7b0 ./driver_source/lpc17xx_pwm.o
 .debug_line    0x0000b9de      0x809 ./driver_source/lpc17xx_qei.o
 .debug_line    0x0000c1e7      0x52b ./driver_source/lpc17xx_rit.o
 .debug_line    0x0000c712      0x8b8 ./driver_source/lpc17xx_rtc.o
 .debug_line    0x0000cfca      0x83b ./driver_source/lpc17xx_sd.o
 .debug_line    0x0000d805      0x63c ./driver_source/lpc17xx_spi.o
 .debug_line    0x0000de41      0x85e ./driver_source/lpc17xx_ssp.o
 .debug_line    0x0000e69f      0x772 ./driver_source/lpc17xx_timer.o
 .debug_line    0x0000ee11      0xce4 ./driver_source/lpc17xx_uart.o
 .debug_line    0x0000faf5      0x53a ./driver_source/lpc17xx_wdt.o
 .debug_line    0x0001002f      0x8f0 ./board/app.o
 .debug_line    0x0001091f      0x56c ./board/board.o
 .debug_line    0x00010e8b      0x322 ./board/half.o
 .debug_line    0x000111ad      0x583 ./board/lcd_i2c.o
 .debug_line    0x00011730      0xb8b ./board/sensor.o
 .debug_line    0x000122bb       0x39 ./Zigbee/.kdbgrc.uart.o
 .debug_line    0x000122f4      0x58d ./Zigbee/Zigbee_task.o
 .debug_line    0x00012881      0x771 ./Zigbee/uart.o
 .debug_line    0x00012ff2      0x7aa ./UsbHost/Uart/usbhost_uart.o
 .debug_line    0x0001379c      0x72e ./UsbHost/MassStorage/usbhost_ms.o
 .debug_line    0x00013eca      0x759 ./UsbHost/Main/usbhost_main.o
 .debug_line    0x00014623      0x6fc ./UsbHost/Host/usb_ms_diskio.o
 .debug_line    0x00014d1f      0x843 ./UsbHost/Host/usbhost_lpc17xx.o
 .debug_line    0x00015562      0x68b ./LPCUSB/USB_CDC.o
 .debug_line    0x00015bed      0x4dd ./LPCUSB/usbcontrol.o
 .debug_line    0x000160ca      0x65b ./LPCUSB/usbhw_lpc.o
 .debug_line    0x00016725      0x464 ./LPCUSB/usbinit.o
 .debug_line    0x00016b89      0x551 ./LPCUSB/usbstdreq.o
 .debug_line    0x000170da       0xda ./FatFs/option/cc932.o
 .debug_line    0x000171b4       0x6e ./FatFs/option/syncobj.o
 .debug_line    0x00017222      0x2d8 ./FatFs/option/syscall.o
 .debug_line    0x000174fa      0x65c ./FatFs/diskio.o
 .debug_line    0x00017b56     0x126a ./FatFs/ff.o
 .debug_line    0x00018dc0     0x138a ./AOA/AOA_task.o
 .debug_line    0x0001a14a     0x15b6 ./AOA/AndroidAccessoryHost.o
 .debug_line    0x0001b700      0x4c4 ./LedBlinky.o
 .debug_line    0x0001bbc4      0x3f0 ./cr_startup_lpc17.o
 .debug_line    0x0001bfb4      0x751 ./main.o
 .debug_line    0x0001c705      0x610 ./uart_fullmodem_test.o
 .debug_line    0x0001cd15     0x1053 C:\Users\Sami\git\STE-LPC1768-\aes_lib\Debug\libaes_lib.a(cypher.o)
 .debug_line    0x0001dd68     0x1323 C:\Users\Sami\git\STE-LPC1768-\Lib_AOA\Debug\libLib_AOA.a(AndroidAccessoryCommands.o)
 .debug_line    0x0001f08b     0x1339 C:\Users\Sami\git\STE-LPC1768-\Lib_AOA\Debug\libLib_AOA.a(ConfigDescriptor.o)
 .debug_line    0x000203c4     0x12ee C:\Users\Sami\git\STE-LPC1768-\Lib_AOA\Debug\libLib_AOA.a(DeviceDescriptor.o)
 .debug_line    0x000216b2     0x1362 C:\Users\Sami\git\STE-LPC1768-\nxpUSBlib\libnxpUSBlib.a(OHCI.o)
 .debug_line    0x00022a14      0xc86 C:\Users\Sami\git\STE-LPC1768-\nxpUSBlib\libnxpUSBlib.a(HCD.o)
 .debug_line    0x0002369a      0xcd5 C:\Users\Sami\git\STE-LPC1768-\nxpUSBlib\libnxpUSBlib.a(Host_LPC.o)
 .debug_line    0x0002436f      0xddc C:\Users\Sami\git\STE-LPC1768-\nxpUSBlib\libnxpUSBlib.a(PipeStream_LPC.o)
 .debug_line    0x0002514b      0xbd8 C:\Users\Sami\git\STE-LPC1768-\nxpUSBlib\libnxpUSBlib.a(Pipe_LPC.o)
 .debug_line    0x00025d23      0xb25 C:\Users\Sami\git\STE-LPC1768-\nxpUSBlib\libnxpUSBlib.a(USBController_LPC.o)
 .debug_line    0x00026848      0xb3b C:\Users\Sami\git\STE-LPC1768-\nxpUSBlib\libnxpUSBlib.a(ConfigDescriptor.o)
 .debug_line    0x00027383      0xb5d C:\Users\Sami\git\STE-LPC1768-\nxpUSBlib\libnxpUSBlib.a(HostStandardReq.o)
 .debug_line    0x00027ee0      0xba4 C:\Users\Sami\git\STE-LPC1768-\nxpUSBlib\libnxpUSBlib.a(USBMemory.o)
 .debug_line    0x00028a84      0xac8 C:\Users\Sami\git\STE-LPC1768-\nxpUSBlib\libnxpUSBlib.a(USBTask.o)
 .debug_line    0x0002954c      0xd24 C:\Users\Sami\git\STE-LPC1768-\nxpUSBlib\libnxpUSBlib.a(HAL_LPC17xx.o)
 .debug_line    0x0002a270      0x4f9 C:\Users\Sami\git\STE-LPC1768-\FreeRTOS_Library\Debug\libFreeRTOS_Library.a(port.o)
 .debug_line    0x0002a769      0x4e0 C:\Users\Sami\git\STE-LPC1768-\FreeRTOS_Library\Debug\libFreeRTOS_Library.a(basic_io.o)
 .debug_line    0x0002ac49      0x2e1 C:\Users\Sami\git\STE-LPC1768-\FreeRTOS_Library\Debug\libFreeRTOS_Library.a(consoleprint.o)
 .debug_line    0x0002af2a      0x6d9 C:\Users\Sami\git\STE-LPC1768-\FreeRTOS_Library\Debug\libFreeRTOS_Library.a(queue.o)
 .debug_line    0x0002b603      0x8d8 C:\Users\Sami\git\STE-LPC1768-\FreeRTOS_Library\Debug\libFreeRTOS_Library.a(tasks.o)
 .debug_line    0x0002bedb      0x515 C:\Users\Sami\git\STE-LPC1768-\FreeRTOS_Library\Debug\libFreeRTOS_Library.a(heap_2.o)
 .debug_line    0x0002c3f0      0x4f1 C:\Users\Sami\git\STE-LPC1768-\FreeRTOS_Library\Debug\libFreeRTOS_Library.a(list.o)
 .debug_line    0x0002c8e1      0x3f6 C:\Users\Sami\git\STE-LPC1768-\CMSISv2p00_LPC17xx\Debug\libCMSISv2p00_LPC17xx.a(system_LPC17xx.o)

.debug_macinfo  0x00000000   0x37de67
 .debug_macinfo
                0x00000000     0xcf43 ./webserver/emac.o
 .debug_macinfo
                0x0000cf43     0x234b ./webserver/http-strings.o
 .debug_macinfo
                0x0000f28e     0xbe1d ./webserver/httpd-cgi.o
 .debug_macinfo
                0x0001b0ab     0x5b46 ./webserver/httpd-fs.o
 .debug_macinfo
                0x00020bf1     0x5c7e ./webserver/httpd.o
 .debug_macinfo
                0x0002686f     0x5e74 ./webserver/psock.o
 .debug_macinfo
                0x0002c6e3     0xa3dd ./webserver/timer.o
 .debug_macinfo
                0x00036ac0    0x1114c ./webserver/uIP_Task.o
 .debug_macinfo
                0x00047c0c     0xb1e2 ./webserver/uip.o
 .debug_macinfo
                0x00052dee     0x5d15 ./webserver/uip_arp.o
 .debug_macinfo
                0x00058b03     0xbfae ./uip_ftp/Connections.o
 .debug_macinfo
                0x00064ab1     0xc155 ./uip_ftp/FTPD.o
 .debug_macinfo
                0x00070c06     0x234b ./uip_ftp/FTP_Strings.o
 .debug_macinfo
                0x00072f51    0x106cd ./uip_ftp/ftp_main.o
 .debug_macinfo
                0x0008361e     0xa215 ./driver_source/lpc17xx_adc.o
 .debug_macinfo
                0x0008d833     0xb634 ./driver_source/lpc17xx_can.o
 .debug_macinfo
                0x00098e67     0x97e0 ./driver_source/lpc17xx_clkpwr.o
 .debug_macinfo
                0x000a2647     0x9b42 ./driver_source/lpc17xx_dac.o
 .debug_macinfo
                0x000ac189     0xb791 ./driver_source/lpc17xx_emac.o
 .debug_macinfo
                0x000b791a     0xae49 ./driver_source/lpc17xx_gpdma.o
 .debug_macinfo
                0x000c2763     0x889f ./driver_source/lpc17xx_gpio.o
 .debug_macinfo
                0x000cb002     0xa7bf ./driver_source/lpc17xx_i2c.o
 .debug_macinfo
                0x000d57c1     0xac63 ./driver_source/lpc17xx_i2s.o
 .debug_macinfo
                0x000e0424     0x40d0 ./driver_source/lpc17xx_libcfg_default.o
 .debug_macinfo
                0x000e44f4     0xa3c9 ./driver_source/lpc17xx_mcpwm.o
 .debug_macinfo
                0x000ee8bd     0x84d6 ./driver_source/lpc17xx_nvic.o
 .debug_macinfo
                0x000f6d93     0x89ba ./driver_source/lpc17xx_pinsel.o
 .debug_macinfo
                0x000ff74d     0xa26e ./driver_source/lpc17xx_pwm.o
 .debug_macinfo
                0x001099bb     0xb207 ./driver_source/lpc17xx_qei.o
 .debug_macinfo
                0x00114bc2     0x9a6b ./driver_source/lpc17xx_rit.o
 .debug_macinfo
                0x0011e62d     0xa25f ./driver_source/lpc17xx_rtc.o
 .debug_macinfo
                0x0012888c     0x93c1 ./driver_source/lpc17xx_sd.o
 .debug_macinfo
                0x00131c4d     0xa3f5 ./driver_source/lpc17xx_spi.o
 .debug_macinfo
                0x0013c042     0xaab7 ./driver_source/lpc17xx_ssp.o
 .debug_macinfo
                0x00146af9     0xa6b4 ./driver_source/lpc17xx_timer.o
 .debug_macinfo
                0x001511ad     0xd280 ./driver_source/lpc17xx_uart.o
 .debug_macinfo
                0x0015e42d     0xa1a5 ./driver_source/lpc17xx_wdt.o
 .debug_macinfo