Archive member included because of file (symbol)

C:\Users\Sami\git\STE-LPC1768-\CMSISv2p00_LPC17xx\Debug\libCMSISv2p00_LPC17xx.a(system_LPC17xx.o)
                              ./cr_startup_lpc17.o (SystemInit)
C:\Users\Sami\git\STE-LPC1768-\FreeRTOS_Library\Debug\libFreeRTOS_Library.a(port.o)
                              ./cr_startup_lpc17.o (vPortSVCHandler)
C:\Users\Sami\git\STE-LPC1768-\FreeRTOS_Library\Debug\libFreeRTOS_Library.a(queue.o)
                              ./webserver/uIP_Task.o (xQueueCreate)
C:\Users\Sami\git\STE-LPC1768-\FreeRTOS_Library\Debug\libFreeRTOS_Library.a(tasks.o)
                              ./main.o (xTaskGenericCreate)
C:\Users\Sami\git\STE-LPC1768-\FreeRTOS_Library\Debug\libFreeRTOS_Library.a(heap_2.o)
                              C:\Users\Sami\git\STE-LPC1768-\FreeRTOS_Library\Debug\libFreeRTOS_Library.a(queue.o) (pvPortMalloc)
C:\Users\Sami\git\STE-LPC1768-\FreeRTOS_Library\Debug\libFreeRTOS_Library.a(list.o)
                              C:\Users\Sami\git\STE-LPC1768-\FreeRTOS_Library\Debug\libFreeRTOS_Library.a(queue.o) (vListInitialise)
c:/nxp/lpcxpresso_5.1.2_2065/lpcxpresso/tools/bin/../lib/gcc/arm-none-eabi/4.6.2/armv7-m\libgcc.a(_aeabi_uldivmod.o)
                              ./driver_source/lpc17xx_i2s.o (__aeabi_uldivmod)
c:/nxp/lpcxpresso_5.1.2_2065/lpcxpresso/tools/bin/../lib/gcc/arm-none-eabi/4.6.2/armv7-m\libgcc.a(bpabi.o)
                              c:/nxp/lpcxpresso_5.1.2_2065/lpcxpresso/tools/bin/../lib/gcc/arm-none-eabi/4.6.2/armv7-m\libgcc.a(_aeabi_uldivmod.o) (__gnu_uldivmod_helper)
c:/nxp/lpcxpresso_5.1.2_2065/lpcxpresso/tools/bin/../lib/gcc/arm-none-eabi/4.6.2/armv7-m\libgcc.a(_dvmd_tls.o)
                              c:/nxp/lpcxpresso_5.1.2_2065/lpcxpresso/tools/bin/../lib/gcc/arm-none-eabi/4.6.2/armv7-m\libgcc.a(_aeabi_uldivmod.o) (__aeabi_ldiv0)
c:/nxp/lpcxpresso_5.1.2_2065/lpcxpresso/tools/bin/../lib/gcc/arm-none-eabi/4.6.2/armv7-m\libgcc.a(_divdi3.o)
                              c:/nxp/lpcxpresso_5.1.2_2065/lpcxpresso/tools/bin/../lib/gcc/arm-none-eabi/4.6.2/armv7-m\libgcc.a(bpabi.o) (__divdi3)
c:/nxp/lpcxpresso_5.1.2_2065/lpcxpresso/tools/bin/../lib/gcc/arm-none-eabi/4.6.2/armv7-m\libgcc.a(_udivdi3.o)
                              c:/nxp/lpcxpresso_5.1.2_2065/lpcxpresso/tools/bin/../lib/gcc/arm-none-eabi/4.6.2/armv7-m\libgcc.a(bpabi.o) (__udivdi3)
c:/nxp/lpcxpresso_5.1.2_2065/lpcxpresso/tools/bin/../lib/gcc/arm-none-eabi/4.6.2/../../../../arm-none-eabi/lib/armv7-m\libc.a(lib_a-memcmp.o)
                              C:\Users\Sami\git\STE-LPC1768-\FreeRTOS_Library\Debug\libFreeRTOS_Library.a(tasks.o) (memcmp)
c:/nxp/lpcxpresso_5.1.2_2065/lpcxpresso/tools/bin/../lib/gcc/arm-none-eabi/4.6.2/../../../../arm-none-eabi/lib/armv7-m\libc.a(lib_a-memcpy.o)
                              ./webserver/httpd.o (memcpy)
c:/nxp/lpcxpresso_5.1.2_2065/lpcxpresso/tools/bin/../lib/gcc/arm-none-eabi/4.6.2/../../../../arm-none-eabi/lib/armv7-m\libc.a(lib_a-memset.o)
                              ./webserver/uip_arp.o (memset)
c:/nxp/lpcxpresso_5.1.2_2065/lpcxpresso/tools/bin/../lib/gcc/arm-none-eabi/4.6.2/../../../../arm-none-eabi/lib/armv7-m\libc.a(lib_a-printf.o)
                              ./webserver/psock.o (printf)
c:/nxp/lpcxpresso_5.1.2_2065/lpcxpresso/tools/bin/../lib/gcc/arm-none-eabi/4.6.2/../../../../arm-none-eabi/lib/armv7-m\libc.a(lib_a-snprintf.o)
                              ./webserver/httpd-cgi.o (snprintf)
c:/nxp/lpcxpresso_5.1.2_2065/lpcxpresso/tools/bin/../lib/gcc/arm-none-eabi/4.6.2/../../../../arm-none-eabi/lib/armv7-m\libc.a(lib_a-sprintf.o)
                              ./webserver/httpd-cgi.o (sprintf)
c:/nxp/lpcxpresso_5.1.2_2065/lpcxpresso/tools/bin/../lib/gcc/arm-none-eabi/4.6.2/../../../../arm-none-eabi/lib/armv7-m\libc.a(lib_a-sscanf.o)
                              ./webserver/uIP_Task.o (sscanf)
c:/nxp/lpcxpresso_5.1.2_2065/lpcxpresso/tools/bin/../lib/gcc/arm-none-eabi/4.6.2/../../../../arm-none-eabi/lib/armv7-m\libc.a(lib_a-stdio.o)
                              c:/nxp/lpcxpresso_5.1.2_2065/lpcxpresso/tools/bin/../lib/gcc/arm-none-eabi/4.6.2/../../../../arm-none-eabi/lib/armv7-m\libc.a(lib_a-sscanf.o) (__seofread)
c:/nxp/lpcxpresso_5.1.2_2065/lpcxpresso/tools/bin/../lib/gcc/arm-none-eabi/4.6.2/../../../../arm-none-eabi/lib/armv7-m\libc.a(lib_a-strcat.o)
                              ./webserver/httpd-cgi.o (strcat)
c:/nxp/lpcxpresso_5.1.2_2065/lpcxpresso/tools/bin/../lib/gcc/arm-none-eabi/4.6.2/../../../../arm-none-eabi/lib/armv7-m\libc.a(lib_a-strchr.o)
                              ./webserver/httpd-cgi.o (strchr)
c:/nxp/lpcxpresso_5.1.2_2065/lpcxpresso/tools/bin/../lib/gcc/arm-none-eabi/4.6.2/../../../../arm-none-eabi/lib/armv7-m\libc.a(lib_a-strcmp.o)
                              ./uip_ftp/Connections.o (strcmp)
c:/nxp/lpcxpresso_5.1.2_2065/lpcxpresso/tools/bin/../lib/gcc/arm-none-eabi/4.6.2/../../../../arm-none-eabi/lib/armv7-m\libc.a(lib_a-strcpy.o)
[...]
Memory Configuration

Name             Origin             Length             Attributes
MFlash512        0x00000000         0x00002000         xr
RamLoc32         0x10000000         0x00008000         xrw
RamAHB32         0x2007c000         0x00008000         xrw
*default*        0x00000000         0xffffffff

Linker script and memory map

LOAD ./webserver/emac.o
LOAD ./webserver/http-strings.o
LOAD ./webserver/httpd-cgi.o
LOAD ./webserver/httpd-fs.o
LOAD ./webserver/httpd.o
LOAD ./webserver/psock.o
LOAD ./webserver/timer.o
LOAD ./webserver/uIP_Task.o
LOAD ./webserver/uip.o
LOAD ./webserver/uip_arp.o
LOAD ./uip_ftp/Connections.o
LOAD ./uip_ftp/FTPD.o
LOAD ./uip_ftp/FTP_Strings.o
LOAD ./uip_ftp/ftp_main.o
LOAD ./driver_source/lpc17xx_adc.o
LOAD ./driver_source/lpc17xx_can.o
LOAD ./driver_source/lpc17xx_clkpwr.o
LOAD ./driver_source/lpc17xx_dac.o
LOAD ./driver_source/lpc17xx_emac.o
LOAD ./driver_source/lpc17xx_gpdma.o
LOAD ./driver_source/lpc17xx_gpio.o
LOAD ./driver_source/lpc17xx_i2c.o
LOAD ./driver_source/lpc17xx_i2s.o
LOAD ./driver_source/lpc17xx_libcfg_default.o
LOAD ./driver_source/lpc17xx_mcpwm.o
LOAD ./driver_source/lpc17xx_nvic.o
LOAD ./driver_source/lpc17xx_pinsel.o
LOAD ./driver_source/lpc17xx_pwm.o
LOAD ./driver_source/lpc17xx_qei.o
LOAD ./driver_source/lpc17xx_rit.o
LOAD ./driver_source/lpc17xx_rtc.o
LOAD ./driver_source/lpc17xx_sd.o
LOAD ./driver_source/lpc17xx_spi.o
LOAD ./driver_source/lpc17xx_ssp.o
LOAD ./driver_source/lpc17xx_timer.o
LOAD ./driver_source/lpc17xx_uart.o
LOAD ./driver_source/lpc17xx_wdt.o
LOAD ./Zigbee/.kdbgrc.uart.o
LOAD ./Zigbee/Zigbee_task.o
LOAD ./Zigbee/uart.o
LOAD ./UsbHost/Uart/usbhost_uart.o
LOAD ./UsbHost/MassStorage/usbhost_ms.o
LOAD ./UsbHost/Main/usbhost_main.o
LOAD ./UsbHost/Host/usb_ms_diskio.o
LOAD ./UsbHost/Host/usbhost_lpc17xx.o
LOAD ./LPCUSB/USB_CDC.o
LOAD ./LPCUSB/usbcontrol.o
LOAD ./LPCUSB/usbhw_lpc.o
LOAD ./LPCUSB/usbinit.o
LOAD ./LPCUSB/usbstdreq.o
LOAD ./FatFs/option/cc932.o
LOAD ./FatFs/option/syncobj.o
LOAD ./FatFs/option/syscall.o
LOAD ./FatFs/diskio.o
LOAD ./FatFs/ff.o
LOAD ./LedBlinky.o
LOAD ./cr_startup_lpc17.o
LOAD ./lcd_i2c.o
LOAD ./main.o
LOAD ./uart_fullmodem_test.o
LOAD C:\Users\Sami\git\STE-LPC1768-\CMSISv2p00_LPC17xx\Debug\libCMSISv2p00_LPC17xx.a
LOAD C:\Users\Sami\git\STE-LPC1768-\FreeRTOS_Library\Debug\libFreeRTOS_Library.a
START GROUP
LOAD c:/nxp/lpcxpresso_5.1.2_2065/lpcxpresso/tools/bin/../lib/gcc/arm-none-eabi/4.6.2/armv7-m\libgcc.a
LOAD c:/nxp/lpcxpresso_5.1.2_2065/lpcxpresso/tools/bin/../lib/gcc/arm-none-eabi/4.6.2/../../../../arm-none-eabi/lib/armv7-m\libc.a
LOAD c:/nxp/lpcxpresso_5.1.2_2065/lpcxpresso/tools/bin/../lib/gcc/arm-none-eabi/4.6.2/../../../../arm-none-eabi/lib/armv7-m\libm.a
LOAD c:/nxp/lpcxpresso_5.1.2_2065/lpcxpresso/tools/bin/../lib/gcc/arm-none-eabi/4.6.2/../../../../arm-none-eabi/lib/armv7-m\libcr_newlib_nohost.a
END GROUP
                0x00080000                __top_MFlash512 = 0x80000
                0x10008000                __top_RamLoc32 = 0x10008000
                0x20084000                __top_RamAHB32 = 0x20084000

.text           0x00000000    0x2a664
 FILL mask 0xff
 *(.isr_vector)
 .isr_vector    0x00000000       0xc4 ./cr_startup_lpc17.o
                0x00000000                g_pfnVectors
                0x000000c4                . = ALIGN (0x4)
                0x000000c4                __section_table_start = .
                0x000000c4                __data_section_table = .
                0x000000c4        0x4 LONG 0x2a670 LOADADDR (.data)
                0x000000c8        0x4 LONG 0x10000000 ADDR (.data)
                0x000000cc        0x4 LONG 0x8f4 SIZEOF (.data)
                0x000000d0                __data_section_table_end = .
                0x000000d0                __bss_section_table = .
                0x000000d0        0x4 LONG 0x100008f8 ADDR (.bss)
                0x000000d4        0x4 LONG 0x5b90 SIZEOF (.bss)
                0x000000d8                __bss_section_table_end = .
                0x000000d8                __section_table_end = .
 *(.after_vectors*)
 *(.text*)
 .text.lEMACInit
                0x000000d8      0x880 ./webserver/emac.o
                0x000000d8                lEMACInit
 .text.ulGetEMACRxData
                0x00000958      0x1d8 ./webserver/emac.o
                0x00000958                ulGetEMACRxData
 .text.vSendEMACTxData
                0x00000b30      0x1c0 ./webserver/emac.o
                0x00000b30                vSendEMACTxData
 .text.vEMAC_ISR
                0x00000cf0       0xf8 ./webserver/emac.o
                0x00000cf0                vEMAC_ISR
 .text.nullfunction
                0x00000de8        0x8 ./webserver/httpd-cgi.o
 .text.lcd_io   0x00000df0       0x44 ./webserver/httpd-cgi.o
 .text.led_io   0x00000e34       0x44 ./webserver/httpd-cgi.o
 .text.run_time
                0x00000e78       0x44 ./webserver/httpd-cgi.o
 .text.rtos_stats
                0x00000ebc       0x40 ./webserver/httpd-cgi.o
 .text.net_stats
                0x00000efc       0x48 ./webserver/httpd-cgi.o
 .text.tcp_stats
                0x00000f44       0x58 ./webserver/httpd-cgi.o
 .text.generate_lcd_txt
                0x00000f9c       0x24 ./webserver/httpd-cgi.o
 .text.generate_io_state
                0x00000fc0       0x3c ./webserver/httpd-cgi.o
 .text.generate_runtime_stats
                0x00000ffc       0x3c ./webserver/httpd-cgi.o
 .text.generate_rtos_stats
                0x00001038       0x44 ./webserver/httpd-cgi.o
 .text.generate_net_stats
                0x0000107c       0x30 ./webserver/httpd-cgi.o
 .text.generate_tcp_stats
                0x000010ac       0xc8 ./webserver/httpd-cgi.o
 .text.file_stats
                0x00001174       0x4c ./webserver/httpd-cgi.o
 .text.generate_file_stats
                0x000011c0       0x28 ./webserver/httpd-cgi.o
 .text.httpd_cgi
                0x000011e8       0x40 ./webserver/httpd-cgi.o
                0x000011e8                httpd_cgi
 .text.httpd_fs_open
                0x00001228       0x6c ./webserver/httpd-fs.o
                0x00001228                httpd_fs_open
 .text.httpd_fs_count
                0x00001294       0x5c ./webserver/httpd-fs.o
                0x00001294                httpd_fs_count
 .text.handle_input
                0x000012f0      0x110 ./webserver/httpd.o
 .text.send_headers
                0x00001400      0x1d4 ./webserver/httpd.o
 .text.generate_part_of_file
                0x000015d4       0x38 ./webserver/httpd.o
 .text.handle_output
                0x0000160c      0x2e8 ./webserver/httpd.o
 .text.httpd_appcall
                0x000018f4       0x88 ./webserver/httpd.o
                0x000018f4                httpd_appcall
 .text.networkd_appcall
                0x0000197c       0x18 ./webserver/httpd.o
                0x0000197c                networkd_appcall
 .text.httpd_init
                0x00001994        0x8 ./webserver/httpd.o
                0x00001994                httpd_init
 .text.psock_send
                0x0000199c       0xb4 ./webserver/psock.o
                0x0000199c                psock_send
 .text.psock_generator_send
                0x00001a50       0xfc ./webserver/psock.o
                0x00001a50                psock_generator_send
 .text.psock_datalen
                0x00001b4c        0xc ./webserver/psock.o
                0x00001b4c                psock_datalen
 .text.psock_readto
                0x00001b58      0x130 ./webserver/psock.o
                0x00001b58                psock_readto
 .text.psock_init
                0x00001c88       0x18 ./webserver/psock.o
                0x00001c88                psock_init
 .text.psock_sink_receive
                0x00001ca0       0x90 ./webserver/psock.o
                0x00001ca0                psock_sink_receive
 .text.timer_set
                0x00001d30       0x10 ./webserver/timer.o
                0x00001d30                timer_set
 .text.timer_reset
                0x00001d40        0xc ./webserver/timer.o
                0x00001d40                timer_reset
 .text.timer_expired
                0x00001d4c       0x18 ./webserver/timer.o
                0x00001d4c                timer_expired
 .text.clock_time
                0x00001d64        0x4 ./webserver/uIP_Task.o
                0x00001d64                clock_time
 .text.vuIP_Task
                0x00001d68      0x428 ./webserver/uIP_Task.o
                0x00001d68                vuIP_Task
 .text.vApplicationProcessFormInput
                0x00002190      0x220 ./webserver/uIP_Task.o
                0x00002190                vApplicationProcessFormInput
 .text.uip_add32
                0x000023b0       0x58 ./webserver/uip.o
                0x000023b0                uip_add32
 .text.unlikely.uip_add_rcv_nxt
                0x00002408       0x30 ./webserver/uip.o
 .text.uip_tcpchksum
                0x00002438      0x13c ./webserver/uip.o
                0x00002438                uip_tcpchksum
 .text.uip_init
                0x00002574       0x5c ./webserver/uip.o
                0x00002574                uip_init
 .text.uip_connect
                0x000025d0      0x374 ./webserver/uip.o
                0x000025d0                uip_connect
 .text.uip_unlisten
                0x00002944       0x6c ./webserver/uip.o
                0x00002944                uip_unlisten
 .text.uip_listen
                0x000029b0       0x58 ./webserver/uip.o
                0x000029b0                uip_listen
 .text.uip_process
                0x00002a08     0x1128 ./webserver/uip.o
                0x00002a08                uip_process
 .text.htons    0x00003b30        0xc ./webserver/uip.o
                0x00003b30                htons
 .text.uip_send
                0x00003b3c       0x24 ./webserver/uip.o
                0x00003b3c                uip_send
 .text.uip_arp_update
                0x00003b60      0x2cc ./webserver/uip_arp.o
 .text.uip_arp_timer
                0x00003e2c       0x6c ./webserver/uip_arp.o
                0x00003e2c                uip_arp_timer
 .text.uip_arp_ipin
                0x00003e98       0x4c ./webserver/uip_arp.o
                0x00003e98                uip_arp_ipin
 .text.uip_arp_arpin
                0x00003ee4       0xd4 ./webserver/uip_arp.o
                0x00003ee4                uip_arp_arpin
 .text.uip_arp_out
                0x00003fb8      0x224 ./webserver/uip_arp.o
                0x00003fb8                uip_arp_out
 .text.Append_part_of_file
                0x000041dc       0x5c ./uip_ftp/Connections.o
 .text.Generate_part_of_file
                0x00004238       0x64 ./uip_ftp/Connections.o
 .text.Generate_list_data
                0x0000429c      0x11c ./uip_ftp/Connections.o
 .text.Generate_help_data
                0x000043b8       0x4c ./uip_ftp/Connections.o
 .text.Send_257_response
                0x00004404       0x20 ./uip_ftp/Connections.o
 .text.Cmd_syst
                0x00004424       0xc0 ./uip_ftp/Connections.o
                0x00004424                Cmd_syst
 .text.Cmd_help
                0x000044e4       0xc4 ./uip_ftp/Connections.o
                0x000044e4                Cmd_help
 .text.Cmd_stru
                0x000045a8       0x78 ./uip_ftp/Connections.o
                0x000045a8                Cmd_stru
 .text.Cmd_mode
                0x00004620       0x78 ./uip_ftp/Connections.o
                0x00004620                Cmd_mode
 .text.Cmd_abor
                0x00004698       0x6c ./uip_ftp/Connections.o
                0x00004698                Cmd_abor
 .text.Cmd_type
                0x00004704       0x80 ./uip_ftp/Connections.o
                0x00004704                Cmd_type
 .text.Cmd_noop
                0x00004784       0x58 ./uip_ftp/Connections.o
                0x00004784                Cmd_noop
 .text.Cmd_quit
                0x000047dc       0x68 ./uip_ftp/Connections.o
                0x000047dc                Cmd_quit
 .text.Cmd_user
                0x00004844       0x78 ./uip_ftp/Connections.o
                0x00004844                Cmd_user
 .text.Cmd_ukwn
                0x000048bc       0x54 ./uip_ftp/Connections.o
                0x000048bc                Cmd_ukwn
 .text.Cmd_cdup
                0x00004910       0xec ./uip_ftp/Connections.o
                0x00004910                Cmd_cdup
 .text.Cmd_pwd  0x000049fc       0x64 ./uip_ftp/Connections.o
                0x000049fc                Cmd_pwd
 .text.Cmd_cwd  0x00004a60      0x16c ./uip_ftp/Connections.o
                0x00004a60                Cmd_cwd
 .text.Cmd_rmd  0x00004bcc      0x270 ./uip_ftp/Connections.o
                0x00004bcc                Cmd_rmd
 .text.Cmd_dele
                0x00004e3c      0x288 ./uip_ftp/Connections.o
                0x00004e3c                Cmd_dele
 .text.Cmd_mkd  0x000050c4      0x1a4 ./uip_ftp/Connections.o
                0x000050c4                Cmd_mkd
 .text.Send_PASV_response
                0x00005268       0x8c ./uip_ftp/Connections.o
 .text.Cmd_stor
                0x000052f4      0x194 ./uip_ftp/Connections.o
                0x000052f4                Cmd_stor
 .text.Cmd_retr
                0x00005488      0x20c ./uip_ftp/Connections.o
                0x00005488                Cmd_retr
 .text.Cmd_list
                0x00005694      0x21c ./uip_ftp/Connections.o
                0x00005694                Cmd_list
 .text.Cmd_port
                0x000058b0      0x174 ./uip_ftp/Connections.o
                0x000058b0                Cmd_port
 .text.Cmd_pasv
                0x00005a24       0x78 ./uip_ftp/Connections.o
                0x00005a24                Cmd_pasv
 .text.handle_cmd_input
                0x00005a9c      0x104 ./uip_ftp/Connections.o
                0x00005a9c                handle_cmd_input
 .text.handle_cmd_output
                0x00005ba0      0x10c ./uip_ftp/Connections.o
                0x00005ba0                handle_cmd_output
 .text.CloseFile
                0x00005cac       0x20 ./uip_ftp/Connections.o
                0x00005cac                CloseFile
 .text.handle_data_connection
                0x00005ccc      0x1b0 ./uip_ftp/Connections.o
                0x00005ccc                handle_data_connection
 .text.ftpd_appcall
                0x00005e7c      0x41c ./uip_ftp/FTPD.o
                0x00005e7c                ftpd_appcall
 .text.ftpd_init
                0x00006298       0x28 ./uip_ftp/FTPD.o
                0x00006298                ftpd_init
 .text.appdata_init
                0x000062c0       0x78 ./uip_ftp/ftp_main.o
                0x000062c0                appdata_init
 .text.CLKPWR_SetPCLKDiv
                0x00006338       0x60 ./driver_source/lpc17xx_clkpwr.o
                0x00006338                CLKPWR_SetPCLKDiv
 .text.CLKPWR_GetPCLK
                0x00006398       0x40 ./driver_source/lpc17xx_clkpwr.o
                0x00006398                CLKPWR_GetPCLK
 .text.CLKPWR_ConfigPPWR
                0x000063d8       0x4c ./driver_source/lpc17xx_clkpwr.o
                0x000063d8                CLKPWR_ConfigPPWR
 .text.GPDMA_IntHandler
                0x00006424      0x220 ./driver_source/lpc17xx_gpdma.o
                0x00006424                GPDMA_IntHandler
 .text.GPIO_SetDir
                0x00006644       0x24 ./driver_source/lpc17xx_gpio.o
                0x00006644                GPIO_SetDir
 .text.GPIO_SetValue
                0x00006668       0x14 ./driver_source/lpc17xx_gpio.o
                0x00006668                GPIO_SetValue
 .text.GPIO_ClearValue
                0x0000667c       0x14 ./driver_source/lpc17xx_gpio.o
                0x0000667c                GPIO_ClearValue
 .text.GPIO_ReadValue
                0x00006690       0x18 ./driver_source/lpc17xx_gpio.o
                0x00006690                GPIO_ReadValue
 .text.I2C_MasterHandler
                0x000066a8      0x254 ./driver_source/lpc17xx_i2c.o
                0x000066a8                I2C_MasterHandler
 .text.I2C_Init
                0x000068fc       0x98 ./driver_source/lpc17xx_i2c.o
                0x000068fc                I2C_Init
 .text.I2C_Cmd  0x00006994       0x50 ./driver_source/lpc17xx_i2c.o
                0x00006994                I2C_Cmd
 .text.I2C_MasterTransferData
                0x000069e4      0x290 ./driver_source/lpc17xx_i2c.o
                0x000069e4                I2C_MasterTransferData
 .text.I2C0_StdIntHandler
                0x00006c74       0x18 ./driver_source/lpc17xx_i2c.o
                0x00006c74                I2C0_StdIntHandler
 .text.I2C1_StdIntHandler
                0x00006c8c       0x18 ./driver_source/lpc17xx_i2c.o
                0x00006c8c                I2C1_StdIntHandler
 .text.I2C2_StdIntHandler
                0x00006ca4       0x18 ./driver_source/lpc17xx_i2c.o
                0x00006ca4                I2C2_StdIntHandler
 .text.I2S_IntHandler
                0x00006cbc       0x4c ./driver_source/lpc17xx_i2s.o
                0x00006cbc                I2S_IntHandler
 .text.check_failed
                0x00006d08        0x4 ./driver_source/lpc17xx_libcfg_default.o
                0x00006d08                check_failed
 .text.PINSEL_ConfigPin
                0x00006d0c       0xac ./driver_source/lpc17xx_pinsel.o
                0x00006d0c                PINSEL_ConfigPin
 .text.RTC_Init
                0x00006db8       0x38 ./driver_source/lpc17xx_rtc.o
                0x00006db8                RTC_Init
 .text.RTC_ResetClockTickCounter
                0x00006df0       0x30 ./driver_source/lpc17xx_rtc.o
                0x00006df0                RTC_ResetClockTickCounter
 .text.RTC_Cmd  0x00006e20       0x44 ./driver_source/lpc17xx_rtc.o
                0x00006e20                RTC_Cmd
 .text.RTC_SetTime
                0x00006e64      0x10c ./driver_source/lpc17xx_rtc.o
                0x00006e64                RTC_SetTime
 .text.RTC_GetFullTime
                0x00006f70       0x70 ./driver_source/lpc17xx_rtc.o
                0x00006f70                RTC_GetFullTime
 .text.RTC_CalibCounterCmd
                0x00006fe0       0x48 ./driver_source/lpc17xx_rtc.o
                0x00006fe0                RTC_CalibCounterCmd
 .text.LPC17xx_SD_SendCmd
                0x00007028      0x198 ./driver_source/lpc17xx_sd.o
 .text.LPC17xx_SD_WirteDataBlock
                0x000071c0      0x108 ./driver_source/lpc17xx_sd.o
 .text.MMC_disk_initialize
                0x000072c8      0x198 ./driver_source/lpc17xx_sd.o
                0x000072c8                MMC_disk_initialize
 .text.MMC_disk_ioctl
                0x00007460      0x78c ./driver_source/lpc17xx_sd.o
                0x00007460                MMC_disk_ioctl
 .text.MMC_disk_read
                0x00007bec      0x298 ./driver_source/lpc17xx_sd.o
                0x00007bec                MMC_disk_read
 .text.MMC_disk_status
                0x00007e84       0x10 ./driver_source/lpc17xx_sd.o
                0x00007e84                MMC_disk_status
 .text.MMC_disk_write
                0x00007e94      0x13c ./driver_source/lpc17xx_sd.o
                0x00007e94                MMC_disk_write
 .text.SPI_IntHandler
                0x00007fd0       0xdc ./driver_source/lpc17xx_spi.o
                0x00007fd0                SPI_IntHandler
 .text.SPI_Init
                0x000080ac       0xa4 ./driver_source/lpc17xx_spi.o
                0x000080ac                SPI_Init
 .text.SPI_ConfigStructInit
                0x00008150       0x20 ./driver_source/lpc17xx_spi.o
                0x00008150                SPI_ConfigStructInit
 .text.SPI_SendData
                0x00008170       0x24 ./driver_source/lpc17xx_spi.o
                0x00008170                SPI_SendData
 .text.SPI_ReceiveData
                0x00008194       0x24 ./driver_source/lpc17xx_spi.o
                0x00008194                SPI_ReceiveData
 .text.SSP0_StdIntHandler
                0x000081b8       0x18 ./driver_source/lpc17xx_ssp.o
                0x000081b8                SSP0_StdIntHandler
 .text.SSP1_StdIntHandler
                0x000081d0       0x18 ./driver_source/lpc17xx_ssp.o
                0x000081d0                SSP1_StdIntHandler
 .text.uart_set_divisors
                0x000081e8      0x5f8 ./driver_source/lpc17xx_uart.o
                0x000081e8                uart_set_divisors
 .text.UART_GenIntHandler
                0x000087e0       0xec ./driver_source/lpc17xx_uart.o
                0x000087e0                UART_GenIntHandler
 .text.UART_Init
                0x000088cc      0x230 ./driver_source/lpc17xx_uart.o
                0x000088cc                UART_Init
 .text.UART_ConfigStructInit
                0x00008afc       0x14 ./driver_source/lpc17xx_uart.o
                0x00008afc                UART_ConfigStructInit
 .text.UART_IntConfig
                0x00008b10       0xf4 ./driver_source/lpc17xx_uart.o
                0x00008b10                UART_IntConfig
 .text.UART_CheckBusy
                0x00008c04       0x10 ./driver_source/lpc17xx_uart.o
                0x00008c04                UART_CheckBusy
 .text.UART_FIFOConfig
                0x00008c14       0xc0 ./driver_source/lpc17xx_uart.o
                0x00008c14                UART_FIFOConfig
 .text.UART_FIFOConfigStructInit
                0x00008cd4       0x10 ./driver_source/lpc17xx_uart.o
                0x00008cd4                UART_FIFOConfigStructInit
 .text.UART_TxCmd
                0x00008ce4       0x70 ./driver_source/lpc17xx_uart.o
                0x00008ce4                UART_TxCmd
 .text.UART_FullModemForcePinState
                0x00008d54       0x64 ./driver_source/lpc17xx_uart.o
                0x00008d54                UART_FullModemForcePinState
 .text.UART_Send
                0x00008db8      0x6f0 ./driver_source/lpc17xx_uart.o
                0x00008db8                UART_Send
 .text.UART_Receive
                0x000094a8      0x210 ./driver_source/lpc17xx_uart.o
                0x000094a8                UART_Receive
 .text.UART_SetupCbs
                0x000096b8       0x70 ./driver_source/lpc17xx_uart.o
                0x000096b8                UART_SetupCbs
 .text.UART0_StdIntHandler
                0x00009728        0xc ./driver_source/lpc17xx_uart.o
                0x00009728                UART0_StdIntHandler
 .text.UART1_StdIntHandler
                0x00009734       0x18 ./driver_source/lpc17xx_uart.o
                0x00009734                UART1_StdIntHandler
 .text.UART2_StdIntHandler
                0x0000974c        0xc ./driver_source/lpc17xx_uart.o
                0x0000974c                UART2_StdIntHandler
 .text.UART3_StdIntHandler
                0x00009758        0xc ./driver_source/lpc17xx_uart.o
                0x00009758                UART3_StdIntHandler
 .text.vZigbeeTask
                0x00009764      0x104 ./Zigbee/Zigbee_task.o
                0x00009764                vZigbeeTask
 .text.UART_IntReceive
                0x00009868       0x50 ./Zigbee/uart.o
                0x00009868                UART_IntReceive
 .text.UART_IntErr
                0x000098b8       0x24 ./Zigbee/uart.o
                0x000098b8                UART_IntErr
 .text.UART_IntTransmit
                0x000098dc       0xa8 ./Zigbee/uart.o
                0x000098dc                UART_IntTransmit
 .text.UARTReceive_Zigbee
                0x00009984       0xc8 ./Zigbee/uart.o
                0x00009984                UARTReceive_Zigbee
 .text.UART_Init_Zigbee
                0x00009a4c      0x100 ./Zigbee/uart.o
                0x00009a4c                UART_Init_Zigbee
 .text.UART_PrintChar_Zigbee
                0x00009b4c       0x64 ./Zigbee/uart.o
                0x00009b4c                UART_PrintChar_Zigbee
 .text.UART_Printf_Zigbee
                0x00009bb0      0x110 ./Zigbee/uart.o
                0x00009bb0                UART_Printf_Zigbee
 .text.UART1_IntReceive_usb
                0x00009cc0       0x9c ./UsbHost/Uart/usbhost_uart.o
                0x00009cc0                UART1_IntReceive_usb
 .text.UART1_IntErr_usb
                0x00009d5c       0x24 ./UsbHost/Uart/usbhost_uart.o
                0x00009d5c                UART1_IntErr_usb
 .text.UART1_IntTransmit_usb
                0x00009d80       0xc0 ./UsbHost/Uart/usbhost_uart.o
                0x00009d80                UART1_IntTransmit_usb
 .text.UART_Init_usb
                0x00009e40      0x11c ./UsbHost/Uart/usbhost_uart.o
                0x00009e40                UART_Init_usb
 .text.UART_Printf
                0x00009f5c       0x68 ./UsbHost/Uart/usbhost_uart.o
                0x00009f5c                UART_Printf
 .text.MS_ParseConfiguration
                0x00009fc4       0xec ./UsbHost/MassStorage/usbhost_ms.o
                0x00009fc4                MS_ParseConfiguration
 .text.Fill_MSCommand
                0x0000a0b0       0xd0 ./UsbHost/MassStorage/usbhost_ms.o
                0x0000a0b0                Fill_MSCommand
 .text.MS_BulkSend
                0x0000a180       0x84 ./UsbHost/MassStorage/usbhost_ms.o
                0x0000a180                MS_BulkSend
 .text.MS_BulkRecv
                0x0000a204       0x9c ./UsbHost/MassStorage/usbhost_ms.o
                0x0000a204                MS_BulkRecv
 .text.MS_Inquire
                0x0000a2a0       0x9c ./UsbHost/MassStorage/usbhost_ms.o
                0x0000a2a0                MS_Inquire
 .text.MS_ReadCapacity
                0x0000a33c       0x90 ./UsbHost/MassStorage/usbhost_ms.o
                0x0000a33c                MS_ReadCapacity
 .text.MS_TestUnitReady
                0x0000a3cc       0x60 ./UsbHost/MassStorage/usbhost_ms.o
                0x0000a3cc                MS_TestUnitReady
 .text.MS_GetSenseInfo
                0x0000a42c       0x74 ./UsbHost/MassStorage/usbhost_ms.o
                0x0000a42c                MS_GetSenseInfo
 .text.MS_Init  0x0000a4a0      0x128 ./UsbHost/MassStorage/usbhost_ms.o
                0x0000a4a0                MS_Init
 .text.usb_host_main
                0x0000a5c8      0x104 ./UsbHost/Main/usbhost_main.o
                0x0000a5c8                usb_host_main
 .text.get_fattime
                0x0000a6cc       0x3c ./UsbHost/Host/usb_ms_diskio.o
                0x0000a6cc                get_fattime
 .text.USB_disk_initialize
                0x0000a708       0xd8 ./UsbHost/Host/usb_ms_diskio.o
                0x0000a708                USB_disk_initialize
 .text.USB_disk_ioctl
                0x0000a7e0       0x34 ./UsbHost/Host/usb_ms_diskio.o
                0x0000a7e0                USB_disk_ioctl
 .text.USB_disk_read
                0x0000a814       0x14 ./UsbHost/Host/usb_ms_diskio.o
                0x0000a814                USB_disk_read
 .text.USB_disk_status
                0x0000a828        0x4 ./UsbHost/Host/usb_ms_diskio.o
                0x0000a828                USB_disk_status
 .text.USB_disk_write
                0x0000a82c       0x14 ./UsbHost/Host/usb_ms_diskio.o
                0x0000a82c                USB_disk_write
 .text.Host_Init
                0x0000a840      0x210 ./UsbHost/Host/usbhost_lpc17xx.o
                0x0000a840                Host_Init
 .text.USB_IRQHandler_host
                0x0000aa50       0xc0 ./UsbHost/Host/usbhost_lpc17xx.o
                0x0000aa50                USB_IRQHandler_host
 .text.Host_ProcessTD
                0x0000ab10       0xc4 ./UsbHost/Host/usbhost_lpc17xx.o
                0x0000ab10                Host_ProcessTD
 .text.Host_CtrlRecv.constprop.2
                0x0000abd4       0xa8 ./UsbHost/Host/usbhost_lpc17xx.o
 .text.Host_EnumDev
                0x0000ac7c      0x24c ./UsbHost/Host/usbhost_lpc17xx.o
                0x0000ac7c                Host_EnumDev
 .text.Host_CtrlRecv
                0x0000aec8       0xb8 ./UsbHost/Host/usbhost_lpc17xx.o
                0x0000aec8                Host_CtrlRecv
 .text.WriteLE32U
                0x0000af80       0x20 ./UsbHost/Host/usbhost_lpc17xx.o
                0x0000af80                WriteLE32U
 .text.ReadLE16U
                0x0000afa0       0x18 ./UsbHost/Host/usbhost_lpc17xx.o
                0x0000afa0                ReadLE16U
 .text.ReadBE32U
                0x0000afb8       0x24 ./UsbHost/Host/usbhost_lpc17xx.o
                0x0000afb8                ReadBE32U
 .text.WriteBE32U
                0x0000afdc       0x20 ./UsbHost/Host/usbhost_lpc17xx.o
                0x0000afdc                WriteBE32U
 .text.WriteBE16U
                0x0000affc       0x10 ./UsbHost/Host/usbhost_lpc17xx.o
                0x0000affc                WriteBE16U
 .text.ff_convert
                0x0000b00c      0x218 ./FatFs/option/cc932.o
                0x0000b00c                ff_convert
 .text.ff_wtoupper
                0x0000b224       0x30 ./FatFs/option/cc932.o
                0x0000b224                ff_wtoupper
 .text.disk_initialize
                0x0000b254       0x4c ./FatFs/diskio.o
                0x0000b254                disk_initialize
 .text.disk_status
                0x0000b2a0       0x20 ./FatFs/diskio.o
                0x0000b2a0                disk_status
 .text.disk_read
                0x0000b2c0       0x28 ./FatFs/diskio.o
                0x0000b2c0                disk_read
 .text.disk_write
                0x0000b2e8       0x28 ./FatFs/diskio.o
                0x0000b2e8                disk_write
 .text.disk_ioctl
                0x0000b310       0x2c ./FatFs/diskio.o
                0x0000b310                disk_ioctl
 .text.move_window
                0x0000b33c       0xb4 ./FatFs/ff.o
 .text.sync     0x0000b3f0       0xe0 ./FatFs/ff.o
 .text.get_fileinfo
                0x0000b4d0      0x334 ./FatFs/ff.o
 .text.check_fs
                0x0000b804       0x90 ./FatFs/ff.o
 .text.chk_mounted
                0x0000b894      0x344 ./FatFs/ff.o
 .text.get_fat.part.2
                0x0000bbd8       0xc4 ./FatFs/ff.o
 .text.put_fat.part.3
                0x0000bc9c       0xfc ./FatFs/ff.o
 .text.dir_sdi  0x0000bd98       0xb0 ./FatFs/ff.o
 .text.create_chain
                0x0000be48      0x154 ./FatFs/ff.o
 .text.dir_next
                0x0000bf9c      0x13c ./FatFs/ff.o
 .text.dir_find.part.4
                0x0000c0d8      0x570 ./FatFs/ff.o
 .text.follow_path
                0x0000c648      0x410 ./FatFs/ff.o
 .text.dir_read
                0x0000ca58      0x3c4 ./FatFs/ff.o
 .text.gen_numname
                0x0000ce1c      0x184 ./FatFs/ff.o
                0x0000ce1c                gen_numname
 .text.dir_register
                0x0000cfa0      0x61c ./FatFs/ff.o
 .text.f_mount  0x0000d5bc       0x3c ./FatFs/ff.o
                0x0000d5bc                f_mount
 .text.f_open   0x0000d5f8      0x288 ./FatFs/ff.o
                0x0000d5f8                f_open
 .text.f_read   0x0000d880      0x324 ./FatFs/ff.o
                0x0000d880                f_read
 .text.f_write  0x0000dba4      0x384 ./FatFs/ff.o
                0x0000dba4                f_write
 .text.f_sync   0x0000df28       0xc0 ./FatFs/ff.o
                0x0000df28                f_sync
 .text.f_close  0x0000dfe8       0x40 ./FatFs/ff.o
                0x0000dfe8                f_close
 .text.f_chdrive
                0x0000e028       0x18 ./FatFs/ff.o
                0x0000e028                f_chdrive
 .text.f_chdir  0x0000e040       0x6c ./FatFs/ff.o
                0x0000e040                f_chdir
 .text.f_getcwd
                0x0000e0ac      0x1e4 ./FatFs/ff.o
                0x0000e0ac                f_getcwd
 .text.f_lseek  0x0000e290      0x1a0 ./FatFs/ff.o
                0x0000e290                f_lseek
 .text.f_opendir
                0x0000e430       0x70 ./FatFs/ff.o
                0x0000e430                f_opendir
 .text.f_readdir
                0x0000e4a0       0x74 ./FatFs/ff.o
                0x0000e4a0                f_readdir
 .text.f_truncate
                0x0000e514      0x194 ./FatFs/ff.o
                0x0000e514                f_truncate
 .text.f_unlink
                0x0000e6a8      0x1ac ./FatFs/ff.o
                0x0000e6a8                f_unlink
 .text.f_mkdir  0x0000e854      0x2e8 ./FatFs/ff.o
                0x0000e854                f_mkdir
 .text.SysTick_Handler
                0x0000eb3c       0x10 ./LedBlinky.o
                0x0000eb3c                SysTick_Handler
 .text.entry_led
                0x0000eb4c       0xa4 ./LedBlinky.o
                0x0000eb4c                entry_led
 .text.vLEDTask
                0x0000ebf0        0x8 ./LedBlinky.o
                0x0000ebf0                vLEDTask
 .text.NMI_Handler
                0x0000ebf8        0x4 ./cr_startup_lpc17.o
                0x0000ebf8                NMI_Handler
 .text.HardFault_Handler
                0x0000ebfc       0x14 ./cr_startup_lpc17.o
                0x0000ebfc                HardFault_Handler
 .text.MemManage_Handler
                0x0000ec10        0x4 ./cr_startup_lpc17.o
                0x0000ec10                MemManage_Handler
 .text.BusFault_Handler
                0x0000ec14        0x4 ./cr_startup_lpc17.o
                0x0000ec14                BusFault_Handler
 .text.UsageFault_Handler
                0x0000ec18        0x4 ./cr_startup_lpc17.o
                0x0000ec18                UsageFault_Handler
 .text.DebugMon_Handler
                0x0000ec1c        0x4 ./cr_startup_lpc17.o
                0x0000ec1c                DebugMon_Handler
 .text.Reset_Handler
                0x0000ec20       0x8c ./cr_startup_lpc17.o
                0x0000ec20                ResetISR
                0x0000ec20                Reset_Handler
 .text.hard_fault_handler_c
                0x0000ecac       0x78 ./cr_startup_lpc17.o
                0x0000ecac                hard_fault_handler_c
 .text.IntDefaultHandler
                0x0000ed24       0x18 ./cr_startup_lpc17.o
                0x0000ed24                TIMER2_IRQHandler
                0x0000ed24                RIT_IRQHandler
                0x0000ed24                PWM1_IRQHandler
                0x0000ed24                EINT2_IRQHandler
                0x0000ed24                EINT3_IRQHandler
                0x0000ed24                TIMER3_IRQHandler
                0x0000ed24                PLL0_IRQHandler
                0x0000ed24                CAN_IRQHandler
                0x0000ed24                PLL1_IRQHandler
                0x0000ed24                RTC_IRQHandler
                0x0000ed24                TIMER0_IRQHandler
                0x0000ed24                EINT1_IRQHandler
                0x0000ed24                TIMER1_IRQHandler
                0x0000ed24                ADC_IRQHandler
                0x0000ed24                BOD_IRQHandler
                0x0000ed24                WDT_IRQHandler
                0x0000ed24                QEI_IRQHandler
                0x0000ed24                EINT0_IRQHandler
                0x0000ed24                MCPWM_IRQHandler
 .text.LCD_Init
                0x0000ed3c       0xc8 ./lcd_i2c.o
                0x0000ed3c                LCD_Init
 .text.LCD_ClearScreen
                0x0000ee04       0xc0 ./lcd_i2c.o
                0x0000ee04                LCD_ClearScreen
 .text.LCD_PrintText
                0x0000eec4       0xc8 ./lcd_i2c.o
                0x0000eec4                LCD_PrintText
 .text.startup.main
                0x0000ef8c       0xb0 ./main.o
                0x0000ef8c                main
 .text.vSoftwareInterruptHandler
                0x0000f03c       0x50 ./main.o
                0x0000f03c                vSoftwareInterruptHandler
 .text.vApplicationMallocFailedHook
                0x0000f08c        0x4 ./main.o
                0x0000f08c                vApplicationMallocFailedHook
 .text.vApplicationStackOverflowHook
                0x0000f090       0x10 ./main.o
                0x0000f090                vApplicationStackOverflowHook
 .text.vApplicationIdleHook
                0x0000f0a0        0x4 ./main.o
                0x0000f0a0                vApplicationIdleHook
 .text.vApplicationTickHook
                0x0000f0a4        0x4 ./main.o
                0x0000f0a4                vApplicationTickHook
 .text.SystemInit
                0x0000f0a8       0xe4 C:\Users\Sami\git\STE-LPC1768-\CMSISv2p00_LPC17xx\Debug\libCMSISv2p00_LPC17xx.a(system_LPC17xx.o)
                0x0000f0a8                SystemInit
 .text          0x0000f18c      0x150 C:\Users\Sami\git\STE-LPC1768-\FreeRTOS_Library\Debug\libFreeRTOS_Library.a(port.o)
                0x0000f18c                pxPortInitialiseStack
                0x0000f1ac                vPortSVCHandler
                0x0000f1cc                vPortStartFirstTask
                0x0000f1d8                xPortStartScheduler
                0x0000f22c                vPortEndScheduler
                0x0000f230                vPortYieldFromISR
                0x0000f240                vPortEnterCritical
                0x0000f258                vPortExitCritical
                0x0000f270                xPortPendSVHandler
                0x0000f2ac                xPortSysTickHandler
 .text          0x0000f2dc      0x50c C:\Users\Sami\git\STE-LPC1768-\FreeRTOS_Library\Debug\libFreeRTOS_Library.a(queue.o)
                0x0000f400                xQueueCreate
                0x0000f470                xQueueCreateCountingSemaphore
                0x0000f480                xQueueGenericSend
                0x0000f56c                xQueueCreateMutex
                0x0000f5b4                xQueueGenericSendFromISR
                0x0000f614                xQueueGenericReceive
                0x0000f744                xQueueReceiveFromISR
                0x0000f7a0                uxQueueMessagesWaiting
                0x0000f7b4                uxQueueMessagesWaitingFromISR
                0x0000f7b8                vQueueDelete
                0x0000f7cc                xQueueIsQueueEmptyFromISR
                0x0000f7d8                xQueueIsQueueFullFromISR
 .text          0x0000f7e8      0xac0 C:\Users\Sami\git\STE-LPC1768-\FreeRTOS_Library\Debug\libFreeRTOS_Library.a(tasks.o)
                0x0000f7e8                xTaskGenericCreate
                0x0000f99c                vTaskDelete
                0x0000fa04                uxTaskPriorityGet
                0x0000fa2c                vTaskPrioritySet
                0x0000fad4                xTaskIsTaskSuspended
                0x0000fafc                vTaskResume
                0x0000fb60                xTaskResumeFromISR
                0x0000fbcc                vTaskStartScheduler
                0x0000fc18                vTaskEndScheduler
                0x0000fc34                vTaskSuspendAll
                0x0000fc48                xTaskGetTickCount
                0x0000fc64                xTaskGetTickCountFromISR
                0x0000fc74                uxTaskGetNumberOfTasks
                0x0000fc80                vTaskIncrementTick
                0x0000fd3c                xTaskResumeAll
                0x0000fe88                vTaskDelay
                0x0000fed8                vTaskDelayUntil
                0x0000ff54                vTaskSwitchContext
                0x00010010                vTaskSuspend
                0x00010074                vTaskPlaceOnEventList
                0x000100d8                xTaskRemoveFromEventList
                0x00010140                vTaskSetTimeOutState
                0x00010158                xTaskCheckForTimeOut
                0x000101dc                vTaskMissedYield
                0x000101ec                xTaskGetCurrentTaskHandle
                0x000101f8                vTaskPriorityInherit
                0x0001025c                vTaskPriorityDisinherit
 .text          0x000102a8      0x11c C:\Users\Sami\git\STE-LPC1768-\FreeRTOS_Library\Debug\libFreeRTOS_Library.a(heap_2.o)
                0x000102a8                pvPortMalloc
                0x0001036c                vPortFree
                0x000103b0                xPortGetFreeHeapSize
                0x000103c0                vPortInitialiseBlocks
 .text          0x000103c4       0x98 C:\Users\Sami\git\STE-LPC1768-\FreeRTOS_Library\Debug\libFreeRTOS_Library.a(list.o)
                0x000103c4                vListInitialise
                0x000103dc                vListInitialiseItem
                0x000103e4                vListInsertEnd
                0x00010400                vListInsert
                0x00010438                vListRemove
 .text          0x0001045c       0x2c c:/nxp/lpcxpresso_5.1.2_2065/lpcxpresso/tools/bin/../lib/gcc/arm-none-eabi/4.6.2/armv7-m\libgcc.a(_aeabi_uldivmod.o)
                0x0001045c                __aeabi_uldivmod
 .text          0x00010488       0x5c c:/nxp/lpcxpresso_5.1.2_2065/lpcxpresso/tools/bin/../lib/gcc/arm-none-eabi/4.6.2/armv7-m\libgcc.a(bpabi.o)
                0x00010488                __gnu_ldivmod_helper
                0x000104b8                __gnu_uldivmod_helper
 .text          0x000104e4        0x4 c:/nxp/lpcxpresso_5.1.2_2065/lpcxpresso/tools/bin/../lib/gcc/arm-none-eabi/4.6.2/armv7-m\libgcc.a(_dvmd_tls.o)
                0x000104e4                __aeabi_idiv0
                0x000104e4                __aeabi_ldiv0
 .text          0x000104e8      0x2c8 c:/nxp/lpcxpresso_5.1.2_2065/lpcxpresso/tools/bin/../lib/gcc/arm-none-eabi/4.6.2/armv7-m\libgcc.a(_divdi3.o)
                0x000104e8                __divdi3
 .text          0x000107b0      0x298 c:/nxp/lpcxpresso_5.1.2_2065/lpcxpresso/tools/bin/../lib/gcc/arm-none-eabi/4.6.2/armv7-m\libgcc.a(_udivdi3.o)
                0x000107b0                __udivdi3
 .text.memcmp   0x00010a48       0x60 c:/nxp/lpcxpresso_5.1.2_2065/lpcxpresso/tools/bin/../lib/gcc/arm-none-eabi/4.6.2/../../../../arm-none-eabi/lib/armv7-m\libc.a(lib_a-memcmp.o)
                0x00010a48                memcmp
 .text.memcpy   0x00010aa8       0x84 c:/nxp/lpcxpresso_5.1.2_2065/lpcxpresso/tools/bin/../lib/gcc/arm-none-eabi/4.6.2/../../../../arm-none-eabi/lib/armv7-m\libc.a(lib_a-memcpy.o)
                0x00010aa8                memcpy
 .text.memset   0x00010b2c       0x90 c:/nxp/lpcxpresso_5.1.2_2065/lpcxpresso/tools/bin/../lib/gcc/arm-none-eabi/4.6.2/../../../../arm-none-eabi/lib/armv7-m\libc.a(lib_a-memset.o)
                0x00010b2c                memset
 .text.snprintf
                0x00010bbc       0x6c c:/nxp/lpcxpresso_5.1.2_2065/lpcxpresso/tools/bin/../lib/gcc/arm-none-eabi/4.6.2/../../../../arm-none-eabi/lib/armv7-m\libc.a(lib_a-snprintf.o)
                0x00010bbc                snprintf
 .text.sprintf  0x00010c28       0x50 c:/nxp/lpcxpresso_5.1.2_2065/lpcxpresso/tools/bin/../lib/gcc/arm-none-eabi/4.6.2/../../../../arm-none-eabi/lib/armv7-m\libc.a(lib_a-sprintf.o)
                0x00010c28                sprintf
 .text.sscanf   0x00010c78       0x5c c:/nxp/lpcxpresso_5.1.2_2065/lpcxpresso/tools/bin/../lib/gcc/arm-none-eabi/4.6.2/../../../../arm-none-eabi/lib/armv7-m\libc.a(lib_a-sscanf.o)
                0x00010c78                sscanf
 .text.__seofread
                0x00010cd4        0x4 c:/nxp/lpcxpresso_5.1.2_2065/lpcxpresso/tools/bin/../lib/gcc/arm-none-eabi/4.6.2/../../../../arm-none-eabi/lib/armv7-m\libc.a(lib_a-stdio.o)
                0x00010cd4                __seofread
 .text.strcat   0x00010cd8       0x4c c:/nxp/lpcxpresso_5.1.2_2065/lpcxpresso/tools/bin/../lib/gcc/arm-none-eabi/4.6.2/../../../../arm-none-eabi/lib/armv7-m\libc.a(lib_a-strcat.o)
                0x00010cd8                strcat
 .text.strchr   0x00010d24       0xf0 c:/nxp/lpcxpresso_5.1.2_2065/lpcxpresso/tools/bin/../lib/gcc/arm-none-eabi/4.6.2/../../../../arm-none-eabi/lib/armv7-m\libc.a(lib_a-strchr.o)
                0x00010d24                strchr
 .text.strcmp   0x00010e14       0x80 c:/nxp/lpcxpresso_5.1.2_2065/lpcxpresso/tools/bin/../lib/gcc/arm-none-eabi/4.6.2/../../../../arm-none-eabi/lib/armv7-m\libc.a(lib_a-strcmp.o)
                0x00010e14                strcmp
 .text.strcmp_unaligned
                0x00010e94      0x15c c:/nxp/lpcxpresso_5.1.2_2065/lpcxpresso/tools/bin/../lib/gcc/arm-none-eabi/4.6.2/../../../../arm-none-eabi/lib/armv7-m\libc.a(lib_a-strcmp.o)
 .text.strcpy   0x00010ff0       0xbc c:/nxp/lpcxpresso_5.1.2_2065/lpcxpresso/tools/bin/../lib/gcc/arm-none-eabi/4.6.2/../../../../arm-none-eabi/lib/armv7-m\libc.a(lib_a-strcpy.o)
                0x00010ff0                strcpy
 .text.strlen   0x000110ac       0x60 c:/nxp/lpcxpresso_5.1.2_2065/lpcxpresso/tools/bin/../lib/gcc/arm-none-eabi/4.6.2/../../../../arm-none-eabi/lib/armv7-m\libc.a(lib_a-strlen.o)
                0x000110ac                strlen
 .text.strncmp  0x0001110c       0xa4 c:/nxp/lpcxpresso_5.1.2_2065/lpcxpresso/tools/bin/../lib/gcc/arm-none-eabi/4.6.2/../../../../arm-none-eabi/lib/armv7-m\libc.a(lib_a-strncmp.o)
                0x0001110c                strncmp
 .text.strncpy  0x000111b0       0x68 c:/nxp/lpcxpresso_5.1.2_2065/lpcxpresso/tools/bin/../lib/gcc/arm-none-eabi/4.6.2/../../../../arm-none-eabi/lib/armv7-m\libc.a(lib_a-strncpy.o)
                0x000111b0                strncpy
 .text.strrchr  0x00011218       0x28 c:/nxp/lpcxpresso_5.1.2_2065/lpcxpresso/tools/bin/../lib/gcc/arm-none-eabi/4.6.2/../../../../arm-none-eabi/lib/armv7-m\libc.a(lib_a-strrchr.o)
                0x00011218                strrchr
 .text.critical_factorization
                0x00011240       0xbc c:/nxp/lpcxpresso_5.1.2_2065/lpcxpresso/tools/bin/../lib/gcc/arm-none-eabi/4.6.2/../../../../arm-none-eabi/lib/armv7-m\libc.a(lib_a-strstr.o)
 .text.two_way_long_needle
                0x000112fc      0x1e8 c:/nxp/lpcxpresso_5.1.2_2065/lpcxpresso/tools/bin/../lib/gcc/arm-none-eabi/4.6.2/../../../../arm-none-eabi/lib/armv7-m\libc.a(lib_a-strstr.o)
 .text.strstr   0x000114e4      0x210 c:/nxp/lpcxpresso_5.1.2_2065/lpcxpresso/tools/bin/../lib/gcc/arm-none-eabi/4.6.2/../../../../arm-none-eabi/lib/armv7-m\libc.a(lib_a-strstr.o)
                0x000114e4                strstr
 .text._svfprintf_r
                0x000116f4     0x1408 c:/nxp/lpcxpresso_5.1.2_2065/lpcxpresso/tools/bin/../lib/gcc/arm-none-eabi/4.6.2/../../../../arm-none-eabi/lib/armv7-m\libc.a(lib_a-svfprintf.o)
                0x000116f4                _svfprintf_r
 .text.__ssvfscanf_r
                0x00012afc      0xeac c:/nxp/lpcxpresso_5.1.2_2065/lpcxpresso/tools/bin/../lib/gcc/arm-none-eabi/4.6.2/../../../../arm-none-eabi/lib/armv7-m\libc.a(lib_a-svfscanf.o)
                0x00012afc                __ssvfscanf_r
 .text._vsprintf_r
                0x000139a8       0x34 c:/nxp/lpcxpresso_5.1.2_2065/lpcxpresso/tools/bin/../lib/gcc/arm-none-eabi/4.6.2/../../../../arm-none-eabi/lib/armv7-m\libc.a(lib_a-vsprintf.o)
                0x000139a8                _vsprintf_r
 .text.vsprintf
                0x000139dc       0x1c c:/nxp/lpcxpresso_5.1.2_2065/lpcxpresso/tools/bin/../lib/gcc/arm-none-eabi/4.6.2/../../../../arm-none-eabi/lib/armv7-m\libc.a(lib_a-vsprintf.o)
                0x000139dc                vsprintf
 .text.quorem   0x000139f8      0x150 c:/nxp/lpcxpresso_5.1.2_2065/lpcxpresso/tools/bin/../lib/gcc/arm-none-eabi/4.6.2/../../../../arm-none-eabi/lib/armv7-m\libc.a(lib_a-dtoa.o)
 .text._dtoa_r  0x00013b48      0xe60 c:/nxp/lpcxpresso_5.1.2_2065/lpcxpresso/tools/bin/../lib/gcc/arm-none-eabi/4.6.2/../../../../arm-none-eabi/lib/armv7-m\libc.a(lib_a-dtoa.o)
                0x00013b48                _dtoa_r
 .text.__sfp_lock_acquire
                0x000149a8        0x4 c:/nxp/lpcxpresso_5.1.2_2065/lpcxpresso/tools/bin/../lib/gcc/arm-none-eabi/4.6.2/../../../../arm-none-eabi/lib/armv7-m\libc.a(lib_a-findfp.o)
                0x000149a8                __sfp_lock_acquire
 .text.__sfp_lock_release
                0x000149ac        0x4 c:/nxp/lpcxpresso_5.1.2_2065/lpcxpresso/tools/bin/../lib/gcc/arm-none-eabi/4.6.2/../../../../arm-none-eabi/lib/armv7-m\libc.a(lib_a-findfp.o)
                0x000149ac                __sfp_lock_release
 .text._malloc_trim_r
                0x000149b0       0xa0 c:/nxp/lpcxpresso_5.1.2_2065/lpcxpresso/tools/bin/../lib/gcc/arm-none-eabi/4.6.2/../../../../arm-none-eabi/lib/armv7-m\libc.a(lib_a-freer.o)
                0x000149b0                _malloc_trim_r
 .text._free_r  0x00014a50      0x190 c:/nxp/lpcxpresso_5.1.2_2065/lpcxpresso/tools/bin/../lib/gcc/arm-none-eabi/4.6.2/../../../../arm-none-eabi/lib/armv7-m\libc.a(lib_a-freer.o)
                0x00014a50                _free_r
 .text.iswspace
                0x00014be0       0x1c c:/nxp/lpcxpresso_5.1.2_2065/lpcxpresso/tools/bin/../lib/gcc/arm-none-eabi/4.6.2/../../../../arm-none-eabi/lib/armv7-m\libc.a(lib_a-iswspace.o)
                0x00014be0                iswspace
 .text.__locale_charset
                0x00014bfc        0xc c:/nxp/lpcxpresso_5.1.2_2065/lpcxpresso/tools/bin/../lib/gcc/arm-none-eabi/4.6.2/../../../../arm-none-eabi/lib/armv7-m\libc.a(lib_a-locale.o)
                0x00014bfc                __locale_charset
 .text.__locale_mb_cur_max
                0x00014c08        0xc c:/nxp/lpcxpresso_5.1.2_2065/lpcxpresso/tools/bin/../lib/gcc/arm-none-eabi/4.6.2/../../../../arm-none-eabi/lib/armv7-m\libc.a(lib_a-locale.o)
                0x00014c08                __locale_mb_cur_max
 .text._localeconv_r
                0x00014c14        0xc c:/nxp/lpcxpresso_5.1.2_2065/lpcxpresso/tools/bin/../lib/gcc/arm-none-eabi/4.6.2/../../../../arm-none-eabi/lib/armv7-m\libc.a(lib_a-locale.o)
                0x00014c14                _localeconv_r
 .text._malloc_r
                0x00014c20      0x528 c:/nxp/lpcxpresso_5.1.2_2065/lpcxpresso/tools/bin/../lib/gcc/arm-none-eabi/4.6.2/../../../../arm-none-eabi/lib/armv7-m\libc.a(lib_a-mallocr.o)
                0x00014c20                _malloc_r
 .text._mbrtowc_r
                0x00015148       0x58 c:/nxp/lpcxpresso_5.1.2_2065/lpcxpresso/tools/bin/../lib/gcc/arm-none-eabi/4.6.2/../../../../arm-none-eabi/lib/armv7-m\libc.a(lib_a-mbrtowc.o)
                0x00015148                _mbrtowc_r
 .text.__ascii_mbtowc
                0x000151a0       0x28 c:/nxp/lpcxpresso_5.1.2_2065/lpcxpresso/tools/bin/../lib/gcc/arm-none-eabi/4.6.2/../../../../arm-none-eabi/lib/armv7-m\libc.a(lib_a-mbtowc_r.o)
                0x000151a0                __ascii_mbtowc
 .text.memchr   0x000151c8       0x84 c:/nxp/lpcxpresso_5.1.2_2065/lpcxpresso/tools/bin/../lib/gcc/arm-none-eabi/4.6.2/../../../../arm-none-eabi/lib/armv7-m\libc.a(lib_a-memchr.o)
                0x000151c8                memchr
 .text.__malloc_lock
                0x0001524c        0x4 c:/nxp/lpcxpresso_5.1.2_2065/lpcxpresso/tools/bin/../lib/gcc/arm-none-eabi/4.6.2/../../../../arm-none-eabi/lib/armv7-m\libc.a(lib_a-mlock.o)
                0x0001524c                __malloc_lock
 .text.__malloc_unlock
                0x00015250        0x4 c:/nxp/lpcxpresso_5.1.2_2065/lpcxpresso/tools/bin/../lib/gcc/arm-none-eabi/4.6.2/../../../../arm-none-eabi/lib/armv7-m\libc.a(lib_a-mlock.o)
                0x00015250                __malloc_unlock
 .text._Balloc  0x00015254       0x4c c:/nxp/lpcxpresso_5.1.2_2065/lpcxpresso/tools/bin/../lib/gcc/arm-none-eabi/4.6.2/../../../../arm-none-eabi/lib/armv7-m\libc.a(lib_a-mprec.o)
                0x00015254                _Balloc
 .text._Bfree   0x000152a0       0x14 c:/nxp/lpcxpresso_5.1.2_2065/lpcxpresso/tools/bin/../lib/gcc/arm-none-eabi/4.6.2/../../../../arm-none-eabi/lib/armv7-m\libc.a(lib_a-mprec.o)
                0x000152a0                _Bfree
 .text.__multadd
                0x000152b4       0x84 c:/nxp/lpcxpresso_5.1.2_2065/lpcxpresso/tools/bin/../lib/gcc/arm-none-eabi/4.6.2/../../../../arm-none-eabi/lib/armv7-m\libc.a(lib_a-mprec.o)
                0x000152b4                __multadd
 .text.__s2b    0x00015338       0x98 c:/nxp/lpcxpresso_5.1.2_2065/lpcxpresso/tools/bin/../lib/gcc/arm-none-eabi/4.6.2/../../../../arm-none-eabi/lib/armv7-m\libc.a(lib_a-mprec.o)
                0x00015338                __s2b
 .text.__hi0bits
                0x000153d0       0x3c c:/nxp/lpcxpresso_5.1.2_2065/lpcxpresso/tools/bin/../lib/gcc/arm-none-eabi/4.6.2/../../../../arm-none-eabi/lib/armv7-m\libc.a(lib_a-mprec.o)
                0x000153d0                __hi0bits
 .text.__lo0bits
                0x0001540c       0x5c c:/nxp/lpcxpresso_5.1.2_2065/lpcxpresso/tools/bin/../lib/gcc/arm-none-eabi/4.6.2/../../../../arm-none-eabi/lib/armv7-m\libc.a(lib_a-mprec.o)
                0x0001540c                __lo0bits
 .text.__i2b    0x00015468       0x14 c:/nxp/lpcxpresso_5.1.2_2065/lpcxpresso/tools/bin/../lib/gcc/arm-none-eabi/4.6.2/../../../../arm-none-eabi/lib/armv7-m\libc.a(lib_a-mprec.o)
                0x00015468                __i2b
 .text.__multiply
                0x0001547c      0x144 c:/nxp/lpcxpresso_5.1.2_2065/lpcxpresso/tools/bin/../lib/gcc/arm-none-eabi/4.6.2/../../../../arm-none-eabi/lib/armv7-m\libc.a(lib_a-mprec.o)
                0x0001547c                __multiply
 .text.__pow5mult
                0x000155c0       0x98 c:/nxp/lpcxpresso_5.1.2_2065/lpcxpresso/tools/bin/../lib/gcc/arm-none-eabi/4.6.2/../../../../arm-none-eabi/lib/armv7-m\libc.a(lib_a-mprec.o)
                0x000155c0                __pow5mult
 .text.__lshift
                0x00015658       0xc0 c:/nxp/lpcxpresso_5.1.2_2065/lpcxpresso/tools/bin/../lib/gcc/arm-none-eabi/4.6.2/../../../../arm-none-eabi/lib/armv7-m\libc.a(lib_a-mprec.o)
                0x00015658                __lshift
 .text.__mcmp   0x00015718       0x3c c:/nxp/lpcxpresso_5.1.2_2065/lpcxpresso/tools/bin/../lib/gcc/arm-none-eabi/4.6.2/../../../../arm-none-eabi/lib/armv7-m\libc.a(lib_a-mprec.o)
                0x00015718                __mcmp
 .text.__mdiff  0x00015754       0xd8 c:/nxp/lpcxpresso_5.1.2_2065/lpcxpresso/tools/bin/../lib/gcc/arm-none-eabi/4.6.2/../../../../arm-none-eabi/lib/armv7-m\libc.a(lib_a-mprec.o)
                0x00015754                __mdiff
 .text.__ulp    0x0001582c       0x44 c:/nxp/lpcxpresso_5.1.2_2065/lpcxpresso/tools/bin/../lib/gcc/arm-none-eabi/4.6.2/../../../../arm-none-eabi/lib/armv7-m\libc.a(lib_a-mprec.o)
                0x0001582c                __ulp
 .text.__b2d    0x00015870       0xb8 c:/nxp/lpcxpresso_5.1.2_2065/lpcxpresso/tools/bin/../lib/gcc/arm-none-eabi/4.6.2/../../../../arm-none-eabi/lib/armv7-m\libc.a(lib_a-mprec.o)
                0x00015870                __b2d
 .text.__d2b    0x00015928       0xcc c:/nxp/lpcxpresso_5.1.2_2065/lpcxpresso/tools/bin/../lib/gcc/arm-none-eabi/4.6.2/../../../../arm-none-eabi/lib/armv7-m\libc.a(lib_a-mprec.o)
                0x00015928                __d2b
 .text.__ratio  0x000159f4       0x54 c:/nxp/lpcxpresso_5.1.2_2065/lpcxpresso/tools/bin/../lib/gcc/arm-none-eabi/4.6.2/../../../../arm-none-eabi/lib/armv7-m\libc.a(lib_a-mprec.o)
                0x000159f4                __ratio
 .text.__copybits
                0x00015a48       0x48 c:/nxp/lpcxpresso_5.1.2_2065/lpcxpresso/tools/bin/../lib/gcc/arm-none-eabi/4.6.2/../../../../arm-none-eabi/lib/armv7-m\libc.a(lib_a-mprec.o)
                0x00015a48                __copybits
 .text.__any_on
                0x00015a90       0x60 c:/nxp/lpcxpresso_5.1.2_2065/lpcxpresso/tools/bin/../lib/gcc/arm-none-eabi/4.6.2/../../../../arm-none-eabi/lib/armv7-m\libc.a(lib_a-mprec.o)
                0x00015a90                __any_on
 .text.__fpclassifyd
                0x00015af0       0x68 c:/nxp/lpcxpresso_5.1.2_2065/lpcxpresso/tools/bin/../lib/gcc/arm-none-eabi/4.6.2/../../../../arm-none-eabi/lib/armv7-m\libc.a(lib_a-s_fpclassify.o)
                0x00015af0                __fpclassifyd
 .text._sbrk_r  0x00015b58       0x24 c:/nxp/lpcxpresso_5.1.2_2065/lpcxpresso/tools/bin/../lib/gcc/arm-none-eabi/4.6.2/../../../../arm-none-eabi/lib/armv7-m\libc.a(lib_a-sbrkr.o)
                0x00015b58                _sbrk_r
 .text.__sccl   0x00015b7c       0x68 c:/nxp/lpcxpresso_5.1.2_2065/lpcxpresso/tools/bin/../lib/gcc/arm-none-eabi/4.6.2/../../../../arm-none-eabi/lib/armv7-m\libc.a(lib_a-sccl.o)
                0x00015b7c                __sccl
 .text.nanf     0x00015be4        0x8 c:/nxp/lpcxpresso_5.1.2_2065/lpcxpresso/tools/bin/../lib/gcc/arm-none-eabi/4.6.2/../../../../arm-none-eabi/lib/armv7-m\libc.a(lib_a-sf_nan.o)
                0x00015be4                nanf
 .text.match    0x00015bec       0x30 c:/nxp/lpcxpresso_5.1.2_2065/lpcxpresso/tools/bin/../lib/gcc/arm-none-eabi/4.6.2/../../../../arm-none-eabi/lib/armv7-m\libc.a(lib_a-strtod.o)
 *fill*         0x00015c1c        0x4 00
 .text._strtod_r
                0x00015c20      0xe38 c:/nxp/lpcxpresso_5.1.2_2065/lpcxpresso/tools/bin/../lib/gcc/arm-none-eabi/4.6.2/../../../../arm-none-eabi/lib/armv7-m\libc.a(lib_a-strtod.o)
                0x00015c20                _strtod_r
 .text._strtol_r
                0x00016a58      0x120 c:/nxp/lpcxpresso_5.1.2_2065/lpcxpresso/tools/bin/../lib/gcc/arm-none-eabi/4.6.2/../../../../arm-none-eabi/lib/armv7-m\libc.a(lib_a-strtol.o)
                0x00016a58                _strtol_r
 .text._strtoll_r
                0x00016b78      0x1b4 c:/nxp/lpcxpresso_5.1.2_2065/lpcxpresso/tools/bin/../lib/gcc/arm-none-eabi/4.6.2/../../../../arm-none-eabi/lib/armv7-m\libc.a(lib_a-strtoll_r.o)
                0x00016b78                _strtoll_r
 .text._strtoul_r
                0x00016d2c      0x12c c:/nxp/lpcxpresso_5.1.2_2065/lpcxpresso/tools/bin/../lib/gcc/arm-none-eabi/4.6.2/../../../../arm-none-eabi/lib/armv7-m\libc.a(lib_a-strtoul.o)
                0x00016d2c                _strtoul_r
 .text._strtoull_r
                0x00016e58      0x1c8 c:/nxp/lpcxpresso_5.1.2_2065/lpcxpresso/tools/bin/../lib/gcc/arm-none-eabi/4.6.2/../../../../arm-none-eabi/lib/armv7-m\libc.a(lib_a-strtoull_r.o)
                0x00016e58                _strtoull_r
 .text.__ssprint_r
                0x00017020       0xf8 c:/nxp/lpcxpresso_5.1.2_2065/lpcxpresso/tools/bin/../lib/gcc/arm-none-eabi/4.6.2/../../../../arm-none-eabi/lib/armv7-m\libc.a(lib_a-svfiprintf.o)
                0x00017020                __ssprint_r
 .text._sungetc_r
                0x00017118       0x84 c:/nxp/lpcxpresso_5.1.2_2065/lpcxpresso/tools/bin/../lib/gcc/arm-none-eabi/4.6.2/../../../../arm-none-eabi/lib/armv7-m\libc.a(lib_a-svfiscanf.o)
                0x00017118                _sungetc_r
 .text.__ssrefill_r
                0x0001719c       0x3c c:/nxp/lpcxpresso_5.1.2_2065/lpcxpresso/tools/bin/../lib/gcc/arm-none-eabi/4.6.2/../../../../arm-none-eabi/lib/armv7-m\libc.a(lib_a-svfiscanf.o)
                0x0001719c                __ssrefill_r
 .text._sfread_r
                0x000171d8       0x74 c:/nxp/lpcxpresso_5.1.2_2065/lpcxpresso/tools/bin/../lib/gcc/arm-none-eabi/4.6.2/../../../../arm-none-eabi/lib/armv7-m\libc.a(lib_a-svfiscanf.o)
                0x000171d8                _sfread_r
 .text.__submore
                0x0001724c       0x84 c:/nxp/lpcxpresso_5.1.2_2065/lpcxpresso/tools/bin/../lib/gcc/arm-none-eabi/4.6.2/../../../../arm-none-eabi/lib/armv7-m\libc.a(lib_a-ungetc.o)
                0x0001724c                __submore
 .text._calloc_r
                0x000172d0       0x60 c:/nxp/lpcxpresso_5.1.2_2065/lpcxpresso/tools/bin/../lib/gcc/arm-none-eabi/4.6.2/../../../../arm-none-eabi/lib/armv7-m\libc.a(lib_a-callocr.o)
                0x000172d0                _calloc_r
 .text.rshift   0x00017330       0xa8 c:/nxp/lpcxpresso_5.1.2_2065/lpcxpresso/tools/bin/../lib/gcc/arm-none-eabi/4.6.2/../../../../arm-none-eabi/lib/armv7-m\libc.a(lib_a-gdtoa-gethex.o)
 .text.__hexdig_init
                0x000173d8       0x50 c:/nxp/lpcxpresso_5.1.2_2065/lpcxpresso/tools/bin/../lib/gcc/arm-none-eabi/4.6.2/../../../../arm-none-eabi/lib/armv7-m\libc.a(lib_a-gdtoa-gethex.o)
                0x000173d8                __hexdig_init
 .text.__gethex
                0x00017428      0x558 c:/nxp/lpcxpresso_5.1.2_2065/lpcxpresso/tools/bin/../lib/gcc/arm-none-eabi/4.6.2/../../../../arm-none-eabi/lib/armv7-m\libc.a(lib_a-gdtoa-gethex.o)
                0x00017428                __gethex
 .text.__hexnan
                0x00017980      0x1c0 c:/nxp/lpcxpresso_5.1.2_2065/lpcxpresso/tools/bin/../lib/gcc/arm-none-eabi/4.6.2/../../../../arm-none-eabi/lib/armv7-m\libc.a(lib_a-gdtoa-hexnan.o)
                0x00017980                __hexnan
 .text.memmove  0x00017b40       0xb0 c:/nxp/lpcxpresso_5.1.2_2065/lpcxpresso/tools/bin/../lib/gcc/arm-none-eabi/4.6.2/../../../../arm-none-eabi/lib/armv7-m\libc.a(lib_a-memmove.o)
                0x00017b40                memmove
 .text._realloc_r
                0x00017bf0      0x3f4 c:/nxp/lpcxpresso_5.1.2_2065/lpcxpresso/tools/bin/../lib/gcc/arm-none-eabi/4.6.2/../../../../arm-none-eabi/lib/armv7-m\libc.a(lib_a-reallocr.o)
                0x00017bf0                _realloc_r
 .text._sbrk    0x00017fe4       0x3c c:/nxp/lpcxpresso_5.1.2_2065/lpcxpresso/tools/bin/../lib/gcc/arm-none-eabi/4.6.2/../../../../arm-none-eabi/lib/armv7-m\libcr_newlib_nohost.a(_cr_sbrk.o)
                0x00017fe4                _sbrk
 .text.__check_heap_overflow
                0x00018020       0x2c c:/nxp/lpcxpresso_5.1.2_2065/lpcxpresso/tools/bin/../lib/gcc/arm-none-eabi/4.6.2/../../../../arm-none-eabi/lib/armv7-m\libcr_newlib_nohost.a(_cr_check_heap.o)
                0x00018020                __check_heap_overflow
 .text          0x0001804c      0x370 c:/nxp/lpcxpresso_5.1.2_2065/lpcxpresso/tools/bin/../lib/gcc/arm-none-eabi/4.6.2/armv7-m\libgcc.a(_arm_addsubdf3.o)
                0x0001804c                __aeabi_drsub
                0x00018054                __aeabi_dsub
                0x00018054                __subdf3
                0x00018058                __aeabi_dadd
                0x00018058                __adddf3
                0x000182d0                __floatunsidf
                0x000182d0                __aeabi_ui2d
                0x000182f0                __floatsidf
                0x000182f0                __aeabi_i2d
                0x00018314                __aeabi_f2d
                0x00018314                __extendsfdf2
                0x00018350                __floatundidf
                0x00018350                __aeabi_ul2d
                0x00018360                __floatdidf
                0x00018360                __aeabi_l2d
 .text          0x000183bc      0x424 c:/nxp/lpcxpresso_5.1.2_2065/lpcxpresso/tools/bin/../lib/gcc/arm-none-eabi/4.6.2/armv7-m\libgcc.a(_arm_muldivdf3.o)
                0x000183bc                __aeabi_dmul
                0x000183bc                __muldf3
                0x00018610                __divdf3
                0x00018610                __aeabi_ddiv
 .text          0x000187e0      0x110 c:/nxp/lpcxpresso_5.1.2_2065/lpcxpresso/tools/bin/../lib/gcc/arm-none-eabi/4.6.2/armv7-m\libgcc.a(_arm_cmpdf2.o)
                0x000187e0                __gtdf2
                0x000187e0                __gedf2
                0x000187e8                __ltdf2
                0x000187e8                __ledf2
                0x000187f0                __nedf2
                0x000187f0                __eqdf2
                0x000187f0                __cmpdf2
                0x0001886c                __aeabi_cdrcmple
                0x0001887c                __aeabi_cdcmpeq
                0x0001887c                __aeabi_cdcmple
                0x0001888c                __aeabi_dcmpeq
                0x000188a0                __aeabi_dcmplt
                0x000188b4                __aeabi_dcmple
                0x000188c8                __aeabi_dcmpge
                0x000188dc                __aeabi_dcmpgt
 .text          0x000188f0       0x50 c:/nxp/lpcxpresso_5.1.2_2065/lpcxpresso/tools/bin/../lib/gcc/arm-none-eabi/4.6.2/armv7-m\libgcc.a(_arm_fixdfsi.o)
                0x000188f0                __aeabi_d2iz
                0x000188f0                __fixdfsi
 .text          0x00018940       0x40 c:/nxp/lpcxpresso_5.1.2_2065/lpcxpresso/tools/bin/../lib/gcc/arm-none-eabi/4.6.2/armv7-m\libgcc.a(_arm_fixunsdfsi.o)
                0x00018940                __aeabi_d2uiz
                0x00018940                __fixunsdfsi
 .text          0x00018980       0xa0 c:/nxp/lpcxpresso_5.1.2_2065/lpcxpresso/tools/bin/../lib/gcc/arm-none-eabi/4.6.2/armv7-m\libgcc.a(_arm_truncdfsf2.o)
                0x00018980                __truncdfsf2
                0x00018980                __aeabi_d2f
 .text.__errno  0x00018a20        0xc c:/nxp/lpcxpresso_5.1.2_2065/lpcxpresso/tools/bin/../lib/gcc/arm-none-eabi/4.6.2/../../../../arm-none-eabi/lib/armv7-m\libc.a(lib_a-errno.o)
                0x00018a20                __errno
 *(.rodata .rodata.*)
 .rodata        0x00018a2c      0x288 ./webserver/http-strings.o
                0x00018a2c                http_txt
                0x00018a34                http_text
                0x00018a3c                http_jpg
                0x00018a44                http_gif
                0x00018a4c                http_png
                0x00018a54                http_css
                0x00018a5c                http_htm
                0x00018a64                http_shtml
                0x00018a6c                http_html
                0x00018a74                http_content_type_binary
                0x00018aa0                http_content_type_jpg
                0x00018ac0                http_content_type_gif
                0x00018adc                http_content_type_png
                0x00018af8                http_content_type_text
                0x00018b14                http_content_type_css
                0x00018b30                http_content_type_html
                0x00018b4c                http_content_type_plain
                0x00018b6c                http_header_404
                0x00018bc8                http_header_200
                0x00018c1c                http_referer
                0x00018c28                http_404_html
                0x00018c34                http_index_html
                0x00018c40                http_crnl
                0x00018c44                http_host
                0x00018c4c                http_location
                0x00018c58                http_texthtml
                0x00018c64                http_content_type
                0x00018c74                http_11
                0x00018c80                http_10
                0x00018c8c                http_get
                0x00018c94                http_302
                0x00018c9c                http_301
                0x00018ca4                http_200
                0x00018cac                http_http
 .rodata        0x00018cb4       0xc0 ./webserver/httpd-cgi.o
 .rodata.str1.4
                0x00018d74      0x183 ./webserver/httpd-cgi.o
                                0x184 (size before relaxing)
 *fill*         0x00018ef7        0x1 00
 .rodata        0x00018ef8     0x1578 ./webserver/httpd-fs.o
                0x00018ef8                file_tcp_shtml
                0x00018f0c                file_stats_shtml
                0x00018f20                file_runtime_shtml
                0x00018f34                file_io_shtml
                0x00018f48                file_index_shtml
                0x00018f5c                file_index_html
                0x00018f70                file_404_html
 .rodata.str1.4
                0x0001a470      0x131 ./webserver/uIP_Task.o
                                0x134 (size before relaxing)
 *fill*         0x0001a5a1        0x3 00
 .rodata        0x0001a5a4        0x8 ./webserver/uip_arp.o
 .rodata        0x0001a5ac       0xf0 ./uip_ftp/Connections.o
                0x0001a5dc                Cmd_dictionary
 .rodata.str1.4
                0x0001a69c      0xacc ./uip_ftp/Connections.o
 .rodata.str1.4
                0x0001b168      0x1cc ./uip_ftp/FTPD.o
                                0x1e0 (size before relaxing)
 .rodata        0x0001b334       0x3c ./driver_source/lpc17xx_gpio.o
 .rodata.str1.4
                0x0001b370       0x1f ./driver_source/lpc17xx_i2c.o
                                 0x20 (size before relaxing)
 *fill*         0x0001b38f        0x1 00
 .rodata.str1.4
                0x0001b390       0x1f ./driver_source/lpc17xx_rtc.o
                                 0x20 (size before relaxing)
 *fill*         0x0001b3af        0x1 00
 .rodata.str1.4
                0x0001b3b0       0x1f ./driver_source/lpc17xx_spi.o
                                 0x20 (size before relaxing)
 *fill*         0x0001b3cf        0x1 00
 .rodata        0x0001b3d0        0x8 ./driver_source/lpc17xx_uart.o
 .rodata.str1.4
                0x0001b3d8       0x20 ./driver_source/lpc17xx_uart.o
 .rodata.str1.4
                0x0001b3f8       0xc6 ./Zigbee/Zigbee_task.o
                                 0xc8 (size before relaxing)
 *fill*         0x0001b4be        0x2 00
 .rodata.str1.4
                0x0001b4c0       0x1a ./Zigbee/uart.o
                                 0x1c (size before relaxing)
 *fill*         0x0001b4da        0x2 00
 .rodata        0x0001b4dc        0x8 ./UsbHost/MassStorage/usbhost_ms.o
 .rodata.str1.4
                0x0001b4e4       0x5f ./UsbHost/MassStorage/usbhost_ms.o
                                 0x60 (size before relaxing)
 *fill*         0x0001b543        0x1 00
 .rodata.str1.4
                0x0001b544       0x9f ./UsbHost/Main/usbhost_main.o
                                 0xa4 (size before relaxing)
 *fill*         0x0001b5e3        0x1 00
 .rodata        0x0001b5e4       0x10 ./UsbHost/Host/usbhost_lpc17xx.o
 .rodata.str1.4
                0x0001b5f4       0x9f ./UsbHost/Host/usbhost_lpc17xx.o
                                 0xc4 (size before relaxing)
 *fill*         0x0001b693        0x1 00
 .rodata        0x0001b694     0xeab0 ./FatFs/option/cc932.o
 .rodata.str1.4
                0x0002a144       0x3f ./FatFs/diskio.o
                                 0x40 (size before relaxing)
 *fill*         0x0002a183        0x1 00
 .rodata        0x0002a184       0xb0 ./FatFs/ff.o
 .rodata.str1.4
                0x0002a234       0x48 ./FatFs/ff.o
 .rodata        0x0002a27c        0xc ./LedBlinky.o
                0x0002a27c                led_mask
 .rodata.str1.4
                0x0002a288       0x75 ./cr_startup_lpc17.o
                                 0x78 (size before relaxing)
 *fill*         0x0002a2fd        0x3 00
 .rodata.str1.4
                0x0002a300       0x3b ./main.o
                                 0x3c (size before relaxing)
 *fill*         0x0002a33b        0x1 00
 .rodata        0x0002a33c       0x14 C:\Users\Sami\git\STE-LPC1768-\FreeRTOS_Library\Debug\libFreeRTOS_Library.a(tasks.o)
 .rodata.str1.4
                0x0002a350        0x5 C:\Users\Sami\git\STE-LPC1768-\FreeRTOS_Library\Debug\libFreeRTOS_Library.a(tasks.o)
                                  0x8 (size before relaxing)
 *fill*         0x0002a355        0x3 00
 .rodata.zeroes.6590
                0x0002a358       0x10 c:/nxp/lpcxpresso_5.1.2_2065/lpcxpresso/tools/bin/../lib/gcc/arm-none-eabi/4.6.2/../../../../arm-none-eabi/lib/armv7-m\libc.a(lib_a-svfprintf.o)
 .rodata.str1.4
                0x0002a368       0x42 c:/nxp/lpcxpresso_5.1.2_2065/lpcxpresso/tools/bin/../lib/gcc/arm-none-eabi/4.6.2/../../../../arm-none-eabi/lib/armv7-m\libc.a(lib_a-svfprintf.o)
                                 0x44 (size before relaxing)
 *fill*         0x0002a3aa        0x2 00
 .rodata.blanks.6589
                0x0002a3ac       0x10 c:/nxp/lpcxpresso_5.1.2_2065/lpcxpresso/tools/bin/../lib/gcc/arm-none-eabi/4.6.2/../../../../arm-none-eabi/lib/armv7-m\libc.a(lib_a-svfprintf.o)
 .rodata.str1.4
                0x0002a3bc        0x5 c:/nxp/lpcxpresso_5.1.2_2065/lpcxpresso/tools/bin/../lib/gcc/arm-none-eabi/4.6.2/../../../../arm-none-eabi/lib/armv7-m\libc.a(lib_a-svfscanf.o)
                                  0x8 (size before relaxing)
 *fill*         0x0002a3c1        0x3 00
 .rodata.basefix.6510
                0x0002a3c4       0x24 c:/nxp/lpcxpresso_5.1.2_2065/lpcxpresso/tools/bin/../lib/gcc/arm-none-eabi/4.6.2/../../../../arm-none-eabi/lib/armv7-m\libc.a(lib_a-svfscanf.o)
 .rodata._ctype_
                0x0002a3e8      0x104 c:/nxp/lpcxpresso_5.1.2_2065/lpcxpresso/tools/bin/../lib/gcc/arm-none-eabi/4.6.2/../../../../arm-none-eabi/lib/armv7-m\libc.a(lib_a-ctype_.o)
                0x0002a3e8                _ctype_
 .rodata.str1.4
                0x0002a4ec       0x10 c:/nxp/lpcxpresso_5.1.2_2065/lpcxpresso/tools/bin/../lib/gcc/arm-none-eabi/4.6.2/../../../../arm-none-eabi/lib/armv7-m\libc.a(lib_a-dtoa.o)
                                 0x14 (size before relaxing)
 .rodata.str1.4
                0x0002a4fc        0x2 c:/nxp/lpcxpresso_5.1.2_2065/lpcxpresso/tools/bin/../lib/gcc/arm-none-eabi/4.6.2/../../../../arm-none-eabi/lib/armv7-m\libc.a(lib_a-impure.o)
                                  0x4 (size before relaxing)
 *fill*         0x0002a4fe        0x2 00
 .rodata.str1.4
                0x0002a500        0xa c:/nxp/lpcxpresso_5.1.2_2065/lpcxpresso/tools/bin/../lib/gcc/arm-none-eabi/4.6.2/../../../../arm-none-eabi/lib/armv7-m\libc.a(lib_a-locale.o)
                                 0x14 (size before relaxing)
 .rodata.str1.4
                0x00000000        0x4 c:/nxp/lpcxpresso_5.1.2_2065/lpcxpresso/tools/bin/../lib/gcc/arm-none-eabi/4.6.2/../../../../arm-none-eabi/lib/armv7-m\libc.a(lib_a-mbrtowc.o)
 *fill*         0x0002a50a        0x6 00
 .rodata.__mprec_tens
                0x0002a510       0xc8 c:/nxp/lpcxpresso_5.1.2_2065/lpcxpresso/tools/bin/../lib/gcc/arm-none-eabi/4.6.2/../../../../arm-none-eabi/lib/armv7-m\libc.a(lib_a-mprec.o)
                0x0002a510                __mprec_tens
 .rodata.__mprec_bigtens
                0x0002a5d8       0x28 c:/nxp/lpcxpresso_5.1.2_2065/lpcxpresso/tools/bin/../lib/gcc/arm-none-eabi/4.6.2/../../../../arm-none-eabi/lib/armv7-m\libc.a(lib_a-mprec.o)
                0x0002a5d8                __mprec_bigtens
 .rodata.p05.5111
                0x0002a600        0xc c:/nxp/lpcxpresso_5.1.2_2065/lpcxpresso/tools/bin/../lib/gcc/arm-none-eabi/4.6.2/../../../../arm-none-eabi/lib/armv7-m\libc.a(lib_a-mprec.o)
 .rodata.str1.4
                0x0002a60c        0xf c:/nxp/lpcxpresso_5.1.2_2065/lpcxpresso/tools/bin/../lib/gcc/arm-none-eabi/4.6.2/../../../../arm-none-eabi/lib/armv7-m\libc.a(lib_a-strtod.o)
                                 0x10 (size before relaxing)
 *fill*         0x0002a61b        0x5 00
 .rodata.tinytens
                0x0002a620       0x28 c:/nxp/lpcxpresso_5.1.2_2065/lpcxpresso/tools/bin/../lib/gcc/arm-none-eabi/4.6.2/../../../../arm-none-eabi/lib/armv7-m\libc.a(lib_a-strtod.o)
 .rodata.str1.4
                0x0002a648       0x1c c:/nxp/lpcxpresso_5.1.2_2065/lpcxpresso/tools/bin/../lib/gcc/arm-none-eabi/4.6.2/../../../../arm-none-eabi/lib/armv7-m\libc.a(lib_a-gdtoa-gethex.o)
                0x0002a664                . = ALIGN (0x4)

.glue_7         0x0002a664        0x0
 .glue_7        0x00000000        0x0 linker stubs

.glue_7t        0x0002a664        0x0
 .glue_7t       0x00000000        0x0 linker stubs

.vfp11_veneer   0x0002a664        0x0
 .vfp11_veneer  0x00000000        0x0 linker stubs

.v4_bx          0x0002a664        0x0
 .v4_bx         0x00000000        0x0 linker stubs

.ARM.extab
 *(.ARM.extab* .gnu.linkonce.armextab.*)
                0x0002a664                __exidx_start = .

.ARM.exidx      0x0002a664        0x8
 *(.ARM.exidx* .gnu.linkonce.armexidx.*)
 .ARM.exidx     0x0002a664        0x8 c:/nxp/lpcxpresso_5.1.2_2065/lpcxpresso/tools/bin/../lib/gcc/arm-none-eabi/4.6.2/armv7-m\libgcc.a(_divdi3.o)
 .ARM.exidx     0x0002a66c        0x0 c:/nxp/lpcxpresso_5.1.2_2065/lpcxpresso/tools/bin/../lib/gcc/arm-none-eabi/4.6.2/armv7-m\libgcc.a(_udivdi3.o)
                                  0x8 (size before relaxing)
                0x0002a66c                __exidx_end = .
                0x0002a66c                _etext = .

.uninit_RESERVED
                0x10000000        0x0
 *(.bss.$RESERVED*)
                0x10000000                . = ALIGN (0x4)
                0x10000000                _end_uninit_RESERVED = .

.data           0x10000000      0x8f4 load address 0x0002a670
 FILL mask 0xff
                0x10000000                _data = .
 *(vtable)
 *(.data*)
 .data          0x10000000       0x20 ./webserver/httpd-cgi.o
 .data          0x10000020        0x1 ./driver_source/lpc17xx_sd.o
 *fill*         0x10000021        0x3 00
 .data.SystemCoreClock
                0x10000024        0x4 C:\Users\Sami\git\STE-LPC1768-\CMSISv2p00_LPC17xx\Debug\libCMSISv2p00_LPC17xx.a(system_LPC17xx.o)
                0x10000024                SystemCoreClock
 .data          0x10000028        0x4 C:\Users\Sami\git\STE-LPC1768-\FreeRTOS_Library\Debug\libFreeRTOS_Library.a(port.o)
 .data.__ctype_ptr__
                0x1000002c        0x4 c:/nxp/lpcxpresso_5.1.2_2065/lpcxpresso/tools/bin/../lib/gcc/arm-none-eabi/4.6.2/../../../../arm-none-eabi/lib/armv7-m\libc.a(lib_a-ctype_.o)
                0x1000002c                __ctype_ptr__
 .data.impure_data
                0x10000030      0x428 c:/nxp/lpcxpresso_5.1.2_2065/lpcxpresso/tools/bin/../lib/gcc/arm-none-eabi/4.6.2/../../../../arm-none-eabi/lib/armv7-m\libc.a(lib_a-impure.o)
 .data._impure_ptr
                0x10000458        0x4 c:/nxp/lpcxpresso_5.1.2_2065/lpcxpresso/tools/bin/../lib/gcc/arm-none-eabi/4.6.2/../../../../arm-none-eabi/lib/armv7-m\libc.a(lib_a-impure.o)
                0x10000458                _impure_ptr
 .data.lconv    0x1000045c       0x38 c:/nxp/lpcxpresso_5.1.2_2065/lpcxpresso/tools/bin/../lib/gcc/arm-none-eabi/4.6.2/../../../../arm-none-eabi/lib/armv7-m\libc.a(lib_a-locale.o)
 .data.lc_ctype_charset
                0x10000494       0x20 c:/nxp/lpcxpresso_5.1.2_2065/lpcxpresso/tools/bin/../lib/gcc/arm-none-eabi/4.6.2/../../../../arm-none-eabi/lib/armv7-m\libc.a(lib_a-locale.o)
 .data.__mb_cur_max
                0x100004b4        0x4 c:/nxp/lpcxpresso_5.1.2_2065/lpcxpresso/tools/bin/../lib/gcc/arm-none-eabi/4.6.2/../../../../arm-none-eabi/lib/armv7-m\libc.a(lib_a-locale.o)
                0x100004b4                __mb_cur_max
 .data.__malloc_av_
                0x100004b8      0x408 c:/nxp/lpcxpresso_5.1.2_2065/lpcxpresso/tools/bin/../lib/gcc/arm-none-eabi/4.6.2/../../../../arm-none-eabi/lib/armv7-m\libc.a(lib_a-mallocr.o)
                0x100004b8                __malloc_av_
 .data.__malloc_trim_threshold
                0x100008c0        0x4 c:/nxp/lpcxpresso_5.1.2_2065/lpcxpresso/tools/bin/../lib/gcc/arm-none-eabi/4.6.2/../../../../arm-none-eabi/lib/armv7-m\libc.a(lib_a-mallocr.o)
                0x100008c0                __malloc_trim_threshold
 .data.__malloc_sbrk_base
                0x100008c4        0x4 c:/nxp/lpcxpresso_5.1.2_2065/lpcxpresso/tools/bin/../lib/gcc/arm-none-eabi/4.6.2/../../../../arm-none-eabi/lib/armv7-m\libc.a(lib_a-mallocr.o)
                0x100008c4                __malloc_sbrk_base
 .data.__mbtowc
                0x100008c8        0x4 c:/nxp/lpcxpresso_5.1.2_2065/lpcxpresso/tools/bin/../lib/gcc/arm-none-eabi/4.6.2/../../../../arm-none-eabi/lib/armv7-m\libc.a(lib_a-mbtowc_r.o)
                0x100008c8                __mbtowc
 .data.fpinan.5107
                0x100008cc       0x14 c:/nxp/lpcxpresso_5.1.2_2065/lpcxpresso/tools/bin/../lib/gcc/arm-none-eabi/4.6.2/../../../../arm-none-eabi/lib/armv7-m\libc.a(lib_a-strtod.o)
 .data.fpi.5071
                0x100008e0       0x14 c:/nxp/lpcxpresso_5.1.2_2065/lpcxpresso/tools/bin/../lib/gcc/arm-none-eabi/4.6.2/../../../../arm-none-eabi/lib/armv7-m\libc.a(lib_a-strtod.o)
                0x100008f4                . = ALIGN (0x4)
                0x100008f4                _edata = .

.bss            0x100008f8     0x5b90 load address 0x0002af68
                0x100008f8                _bss = .
 *(.bss*)
 .bss           0x100008f8        0x8 ./webserver/emac.o
 .bss           0x10000900       0x84 ./webserver/httpd-cgi.o
                0x10000900                lRefreshCount
 .bss           0x10000984       0x10 ./webserver/httpd-fs.o
 .bss           0x10000994        0x4 ./webserver/uIP_Task.o
                0x10000994                xEMACSemaphore
 .bss           0x10000998       0x18 ./webserver/uip.o
                0x100009a8                uip_ethaddr
 .bss           0x100009b0       0x6c ./webserver/uip_arp.o
 .bss           0x10000a1c      0x620 ./uip_ftp/Connections.o
 .bss           0x1000103c       0x20 ./driver_source/lpc17xx_gpdma.o
 .bss           0x1000105c       0x24 ./driver_source/lpc17xx_i2c.o
 .bss           0x10001080        0x8 ./driver_source/lpc17xx_i2s.o
 .bss           0x10001088       0x40 ./driver_source/lpc17xx_sd.o
 .bss           0x100010c8        0xc ./driver_source/lpc17xx_spi.o
 .bss           0x100010d4       0x18 ./driver_source/lpc17xx_ssp.o
 .bss           0x100010ec       0x44 ./driver_source/lpc17xx_uart.o
                0x100010ec                pfnModemCbs
                0x100010f0                uartCbsDat
 .bss           0x10001130       0x2c ./Zigbee/uart.o
 .bss           0x1000115c       0x2c ./UsbHost/Uart/usbhost_uart.o
 .bss           0x10001188      0x100 ./UsbHost/Main/usbhost_main.o
 .bss           0x10001288        0x3 ./UsbHost/Host/usb_ms_diskio.o
 *fill*         0x1000128b        0x1 00
 .bss           0x1000128c        0xc ./UsbHost/Host/usbhost_lpc17xx.o
                0x1000128c                HOST_RhscIntr
                0x10001290                HOST_TDControlStatus
                0x10001294                HOST_WdhIntr
 .bss           0x10001298      0x220 ./FatFs/ff.o
 .bss           0x100014b8      0x100 C:\Users\Sami\git\STE-LPC1768-\FreeRTOS_Library\Debug\libFreeRTOS_Library.a(tasks.o)
                0x100014bc                pxCurrentTCB
 .bss           0x100015b8     0x2820 C:\Users\Sami\git\STE-LPC1768-\FreeRTOS_Library\Debug\libFreeRTOS_Library.a(heap_2.o)
 .bss.__malloc_max_total_mem
                0x10003dd8        0x4 c:/nxp/lpcxpresso_5.1.2_2065/lpcxpresso/tools/bin/../lib/gcc/arm-none-eabi/4.6.2/../../../../arm-none-eabi/lib/armv7-m\libc.a(lib_a-mallocr.o)
                0x10003dd8                __malloc_max_total_mem
 .bss.__malloc_max_sbrked_mem
                0x10003ddc        0x4 c:/nxp/lpcxpresso_5.1.2_2065/lpcxpresso/tools/bin/../lib/gcc/arm-none-eabi/4.6.2/../../../../arm-none-eabi/lib/armv7-m\libc.a(lib_a-mallocr.o)
                0x10003ddc                __malloc_max_sbrked_mem
 .bss.__malloc_top_pad
                0x10003de0        0x4 c:/nxp/lpcxpresso_5.1.2_2065/lpcxpresso/tools/bin/../lib/gcc/arm-none-eabi/4.6.2/../../../../arm-none-eabi/lib/armv7-m\libc.a(lib_a-mallocr.o)
                0x10003de0                __malloc_top_pad
 .bss.__malloc_current_mallinfo
                0x10003de4       0x28 c:/nxp/lpcxpresso_5.1.2_2065/lpcxpresso/tools/bin/../lib/gcc/arm-none-eabi/4.6.2/../../../../arm-none-eabi/lib/armv7-m\libc.a(lib_a-mallocr.o)
                0x10003de4                __malloc_current_mallinfo
 *(COMMON)
 COMMON         0x10003e0c        0x4 ./webserver/emac.o
                0x10003e0c                uip_buf
 COMMON         0x10003e10        0x8 ./webserver/httpd-cgi.o
                0x10003e10                ulString
                0x10003e14                pcStatus
 COMMON         0x10003e18      0x8c2 ./webserver/uip.o
                0x10003e18                uip_len
                0x10003e1c                uip_sappdata
                0x10003e20                uip_acc32
                0x10003e24                uip_flags
                0x10003e28                uip_appdata
                0x10003e2c                uip_conn
                0x10003e30                uip_conns
                0x10004650                uip_listenports
                0x100046a0                uip_draddr
                0x100046a4                uip_stat
                0x100046d0                uip_netmask
                0x100046d4                uip_hostaddr
                0x100046d8                uip_slen
 *fill*         0x100046da        0x2 00
 COMMON         0x100046dc      0xb44 ./uip_ftp/FTPD.o
                0x100046dc                driveAttached
                0x100046e0                ftpd_state
 COMMON         0x10005220      0x1b8 ./uip_ftp/ftp_main.o
                0x10005220                tcp_appdata
 COMMON         0x100053d8      0x218 ./Zigbee/uart.o
                0x100053d8                TxIntStat_zigbee
                0x100053dc                rb_zigbee
                0x100055ec                RTS_State_zigbee
 COMMON         0x100055f0      0x218 ./UsbHost/Uart/usbhost_uart.o
                0x100055f0                RTS_State_usb
                0x100055f4                TxIntStat_usb
                0x100055f8                rb_usb
 COMMON         0x10005808        0x4 ./UsbHost/MassStorage/usbhost_ms.o
                0x10005808                MS_BlkSize
 COMMON         0x1000580c      0xaec ./UsbHost/Main/usbhost_main.o
                0x1000580c                File1
                0x10005a34                USBFs
                0x100060d0                File2
 COMMON         0x100062f8       0x2c ./UsbHost/Host/usbhost_lpc17xx.o
                0x100062f8                TDBufNonVol
                0x100062fc                FATBuffer
                0x10006300                Hcca
                0x10006304                TDTail
                0x10006308                EDBulkOut
                0x1000630c                UserBuffer
                0x10006310                gUSBConnected
                0x10006314                TDBuffer
                0x10006318                EDBulkIn
                0x1000631c                EDCtrl
                0x10006320                TDHead
 COMMON         0x10006324        0x4 ./LedBlinky.o
                0x10006324                SysTickCnt
 COMMON         0x10006328       0x51 ./lcd_i2c.o
                0x10006328                transferMCfg
                0x10006354                master_test
                0x10006358                Master_Buf
 *fill*         0x10006379        0x3 00
 COMMON         0x1000637c        0x4 ./main.o
                0x1000637c                xCountingSemaphore
 COMMON         0x10006380        0x4 c:/nxp/lpcxpresso_5.1.2_2065/lpcxpresso/tools/bin/../lib/gcc/arm-none-eabi/4.6.2/../../../../arm-none-eabi/lib/armv7-m\libc.a(lib_a-reent.o)
                0x10006380                errno
 COMMON         0x10006384      0x100 c:/nxp/lpcxpresso_5.1.2_2065/lpcxpresso/tools/bin/../lib/gcc/arm-none-eabi/4.6.2/../../../../arm-none-eabi/lib/armv7-m\libc.a(lib_a-gdtoa-gethex.o)
                0x10006384                __hexdig
 COMMON         0x10006484        0x4 c:/nxp/lpcxpresso_5.1.2_2065/lpcxpresso/tools/bin/../lib/gcc/arm-none-eabi/4.6.2/../../../../arm-none-eabi/lib/armv7-m\libcr_newlib_nohost.a(_cr_sbrk.o)
                0x10006484                __end_of_heap
                0x10006488                . = ALIGN (0x4)
                0x10006488                _ebss = .
                0x10006488                PROVIDE (end, .)

.noinit         0x10006488        0x0 load address 0x0002af64
                0x10006488                _noinit = .
 *(.noinit*)
                0x10006488                . = ALIGN (0x4)
                0x10006488                _end_noinit = .
                0x10006488                PROVIDE (_pvHeapStart, .)
                0x10008000                PROVIDE (_vStackTop, (__top_RamLoc32 - 0x0))
OUTPUT(My_Example_With_Drivers.axf elf32-littlearm)

.debug_info     0x00000000    0x2b52e
 .debug_info    0x00000000      0xf72 ./webserver/emac.o
 .debug_info    0x00000f72      0x446 ./webserver/http-strings.o
 .debug_info    0x000013b8      0xd83 ./webserver/httpd-cgi.o
 .debug_info    0x0000213b      0x586 ./webserver/httpd-fs.o
 .debug_info    0x000026c1      0xb66 ./webserver/httpd.o
 .debug_info    0x00003227      0xad4 ./webserver/psock.o
 .debug_info    0x00003cfb      0x186 ./webserver/timer.o
 .debug_info    0x00003e81     0x1455 ./webserver/uIP_Task.o
 .debug_info    0x000052d6     0x14c3 ./webserver/uip.o
 .debug_info    0x00006799      0x506 ./webserver/uip_arp.o
 .debug_info    0x00006c9f     0x1972 ./uip_ftp/Connections.o
 .debug_info    0x00008611      0xb53 ./uip_ftp/FTPD.o
 .debug_info    0x00009164      0x169 ./uip_ftp/FTP_Strings.o
 .debug_info    0x000092cd     0x193d ./uip_ftp/ftp_main.o
 .debug_info    0x0000ac0a      0x64e ./driver_source/lpc17xx_adc.o
 .debug_info    0x0000b258     0x12d4 ./driver_source/lpc17xx_can.o
 .debug_info    0x0000c52c      0x71d ./driver_source/lpc17xx_clkpwr.o
 .debug_info    0x0000cc49      0x2d8 ./driver_source/lpc17xx_dac.o
 .debug_info    0x0000cf21     0x11ae ./driver_source/lpc17xx_emac.o
 .debug_info    0x0000e0cf     0x10b8 ./driver_source/lpc17xx_gpdma.o
 .debug_info    0x0000f187      0xcfa ./driver_source/lpc17xx_gpio.o
 .debug_info    0x0000fe81     0x12bf ./driver_source/lpc17xx_i2c.o
 .debug_info    0x00011140      0xa52 ./driver_source/lpc17xx_i2s.o
 .debug_info    0x00011b92       0xca ./driver_source/lpc17xx_libcfg_default.o
 .debug_info    0x00011c5c      0x805 ./driver_source/lpc17xx_mcpwm.o
 .debug_info    0x00012461      0x411 ./driver_source/lpc17xx_nvic.o
 .debug_info    0x00012872      0x614 ./driver_source/lpc17xx_pinsel.o
 .debug_info    0x00012e86      0x845 ./driver_source/lpc17xx_pwm.o
 .debug_info    0x000136cb      0x86a ./driver_source/lpc17xx_qei.o
 .debug_info    0x00013f35      0x330 ./driver_source/lpc17xx_rit.o
 .debug_info    0x00014265      0xa65 ./driver_source/lpc17xx_rtc.o
 .debug_info    0x00014cca      0xdc2 ./driver_source/lpc17xx_sd.o
 .debug_info    0x00015a8c      0x973 ./driver_source/lpc17xx_spi.o
 .debug_info    0x000163ff      0xb3e ./driver_source/lpc17xx_ssp.o
 .debug_info    0x00016f3d      0x945 ./driver_source/lpc17xx_timer.o
 .debug_info    0x00017882     0x1de3 ./driver_source/lpc17xx_uart.o
 .debug_info    0x00019665      0x425 ./driver_source/lpc17xx_wdt.o
 .debug_info    0x00019a8a       0x29 ./Zigbee/.kdbgrc.uart.o
 .debug_info    0x00019ab3      0x2fa ./Zigbee/Zigbee_task.o
 .debug_info    0x00019dad     0x100e ./Zigbee/uart.o
 .debug_info    0x0001adbb     0x1102 ./UsbHost/Uart/usbhost_uart.o
 .debug_info    0x0001bebd      0x5a0 ./UsbHost/MassStorage/usbhost_ms.o
 .debug_info    0x0001c45d      0x666 ./UsbHost/Main/usbhost_main.o
 .debug_info    0x0001cac3      0xa2b ./UsbHost/Host/usb_ms_diskio.o
 .debug_info    0x0001d4ee     0x21c3 ./UsbHost/Host/usbhost_lpc17xx.o
 .debug_info    0x0001f6b1      0xd7f ./LPCUSB/USB_CDC.o
 .debug_info    0x00020430      0x43b ./LPCUSB/usbcontrol.o
 .debug_info    0x0002086b     0x151d ./LPCUSB/usbhw_lpc.o
 .debug_info    0x00021d88      0x13c ./LPCUSB/usbinit.o
 .debug_info    0x00021ec4      0x595 ./LPCUSB/usbstdreq.o
 .debug_info    0x00022459      0x1d4 ./FatFs/option/cc932.o
 .debug_info    0x0002262d       0x62 ./FatFs/option/syncobj.o
 .debug_info    0x0002268f       0x77 ./FatFs/option/syscall.o
 .debug_info    0x00022706      0x34d ./FatFs/diskio.o
 .debug_info    0x00022a53     0x346a ./FatFs/ff.o
 .debug_info    0x00025ebd      0x6cf ./LedBlinky.o
 .debug_info    0x0002658c      0x93e ./cr_startup_lpc17.o
 .debug_info    0x00026eca      0x552 ./lcd_i2c.o
 .debug_info    0x0002741c      0x4ce ./main.o
 .debug_info    0x000278ea     0x116b ./uart_fullmodem_test.o
 .debug_info    0x00028a55      0x38f C:\Users\Sami\git\STE-LPC1768-\CMSISv2p00_LPC17xx\Debug\libCMSISv2p00_LPC17xx.a(system_LPC17xx.o)
 .debug_info    0x00028de4      0x228 C:\Users\Sami\git\STE-LPC1768-\FreeRTOS_Library\Debug\libFreeRTOS_Library.a(port.o)
 .debug_info    0x0002900c      0x823 C:\Users\Sami\git\STE-LPC1768-\FreeRTOS_Library\Debug\libFreeRTOS_Library.a(queue.o)
 .debug_info    0x0002982f      0xf03 C:\Users\Sami\git\STE-LPC1768-\FreeRTOS_Library\Debug\libFreeRTOS_Library.a(tasks.o)
 .debug_info    0x0002a732      0x2f9 C:\Users\Sami\git\STE-LPC1768-\FreeRTOS_Library\Debug\libFreeRTOS_Library.a(heap_2.o)
 .debug_info    0x0002aa2b      0x2d9 C:\Users\Sami\git\STE-LPC1768-\FreeRTOS_Library\Debug\libFreeRTOS_Library.a(list.o)
 .debug_info    0x0002ad04      0x106 c:/nxp/lpcxpresso_5.1.2_2065/lpcxpresso/tools/bin/../lib/gcc/arm-none-eabi/4.6.2/../../../../arm-none-eabi/lib/armv7-m\libcr_newlib_nohost.a(_cr_sbrk.o)
 .debug_info    0x0002ae0a       0xbd c:/nxp/lpcxpresso_5.1.2_2065/lpcxpresso/tools/bin/../lib/gcc/arm-none-eabi/4.6.2/../../../../arm-none-eabi/lib/armv7-m\libcr_newlib_nohost.a(close.o)
 .debug_info    0x0002aec7      0x25e c:/nxp/lpcxpresso_5.1.2_2065/lpcxpresso/tools/bin/../lib/gcc/arm-none-eabi/4.6.2/../../../../arm-none-eabi/lib/armv7-m\libcr_newlib_nohost.a(fstat.o)
 .debug_info    0x0002b125       0xbd c:/nxp/lpcxpresso_5.1.2_2065/lpcxpresso/tools/bin/../lib/gcc/arm-none-eabi/4.6.2/../../../../arm-none-eabi/lib/armv7-m\libcr_newlib_nohost.a(isatty.o)
 .debug_info    0x0002b1e2       0xd9 c:/nxp/lpcxpresso_5.1.2_2065/lpcxpresso/tools/bin/../lib/gcc/arm-none-eabi/4.6.2/../../../../arm-none-eabi/lib/armv7-m\libcr_newlib_nohost.a(lseek.o)
 .debug_info    0x0002b2bb       0xdf c:/nxp/lpcxpresso_5.1.2_2065/lpcxpresso/tools/bin/../lib/gcc/arm-none-eabi/4.6.2/../../../../arm-none-eabi/lib/armv7-m\libcr_newlib_nohost.a(read.o)
 .debug_info    0x0002b39a       0xdf c:/nxp/lpcxpresso_5.1.2_2065/lpcxpresso/tools/bin/../lib/gcc/arm-none-eabi/4.6.2/../../../../arm-none-eabi/lib/armv7-m\libcr_newlib_nohost.a(write.o)
 .debug_info    0x0002b479       0xb5 c:/nxp/lpcxpresso_5.1.2_2065/lpcxpresso/tools/bin/../lib/gcc/arm-none-eabi/4.6.2/../../../../arm-none-eabi/lib/armv7-m\libcr_newlib_nohost.a(_cr_check_heap.o)
